"max"
"Time Step" "report-def-0 etc.."
("Time Step" "report-def-0" "flow-time")
0 298.1499999999998 0
1 298.1879946261553 1
2 298.2258360505286 2
3 298.2635240595382 3
4 298.3010577564228 4
5 298.3384357672452 5
6 298.3756565614996 6
7 298.4127184806234 7
8 298.44961992663 8
9 298.4863593599983 9
10 298.5229352247698 10
11 298.5593458069019 11
12 298.5955890000862 12
13 298.6316629278082 13
14 298.6675640076264 14
15 298.7032893894459 15
16 298.738834533532 16
17 298.7742391712256 17
18 298.8094789068375 18
19 298.8445232958236 19
20 298.8793410568299 20
21 298.9139423334884 21
22 298.9483335743769 22
23 298.9825243676319 23
24 299.0164969720897 24
25 299.0502214891946 25
26 299.0837164707446 26
27 299.1170111230148 27
28 299.1500472364074 28
29 299.1828395900229 29
30 299.2153943774071 30
31 299.2477127642094 31
32 299.279790761253 32
33 299.3116592341198 33
34 299.343279020167 34
35 299.3746322834527 35
36 299.4057698740617 36
37 299.436662747376 37
38 299.4673107049952 38
39 299.4976865729319 39
40 299.527819310692 40
41 299.5577095800049 41
42 299.5873793824699 42
43 299.6167835667819 43
44 299.6459540765528 44
45 299.6748811317731 45
46 299.7035917845388 46
47 299.7320489096487 47
48 299.7602903495828 48
49 299.7882687753445 49
50 299.8160134157593 50
51 299.8435518452554 51
52 299.8708339860192 52
53 299.8978857999351 53
54 299.9247067066661 54
55 299.9513005180778 55
56 299.9776707272607 56
57 300.003838858016 57
58 300.0297827988249 58
59 300.0554790650404 59
60 300.0809547162183 60
61 300.1062311053295 61
62 300.1312712480894 62
63 300.1560948644976 63
64 300.1807208269285 64
65 300.2051326654131 65
66 300.2293176911795 66
67 300.2533093394319 67
68 300.2770703602412 68
69 300.3006268258537 69
70 300.3239721528702 70
71 300.3471153510611 71
72 300.3700559969485 72
73 300.3927939329429 73
74 300.4153538758209 74
75 300.4376990451874 75
76 300.4598428839441 76
77 300.4818128402749 77
78 300.5035702039619 78
79 300.5251358437272 79
80 300.5465298035433 80
81 300.5677163390958 81
82 300.5887315303709 82
83 300.609557253931 83
84 300.6301898455983 84
85 300.6506503613754 85
86 300.6709319922163 86
87 300.6910281500202 87
88 300.7109571350843 88
89 300.730693365305 89
90 300.7502702516641 90
91 300.7696595066716 91
92 300.7888754023526 92
93 300.8079330462958 93
94 300.8268238089839 94
95 300.8455515910487 95
96 300.8640980210998 96
97 300.8824816464042 97
98 300.90070108079 98
99 300.9187595529725 99
100 300.9366694944969 100
101 300.9544119305066 101
102 300.971997393638 102
103 300.9894289763793 103
104 301.006705252777 104
105 301.0238305363322 105
106 301.0408047083902 106
107 301.0576278328196 107
108 301.074304010218 108
109 301.0908318291026 109
110 301.1072290703521 110
111 301.1234662222302 111
112 301.1395614458404 112
113 301.155514709557 113
114 301.1713273209464 114
115 301.1869993439173 115
116 301.2025366416083 116
117 301.2179455217476 117
118 301.2332184016569 118
119 301.2483564145296 119
120 301.2633491257682 120
121 301.2782197833134 121
122 301.2929627962089 122
123 301.3075643727794 123
124 301.3220378328732 124
125 301.3363857864792 125
126 301.350607217896 126
127 301.3647047066862 127
128 301.3786795903652 128
129 301.3925458060274 129
130 301.4062815384829 130
131 301.4198980245947 131
132 301.433393774082 132
133 301.4467833416264 133
134 301.4600480821289 134
135 301.473197595826 135
136 301.4862462680627 136
137 301.4991807705067 137
138 301.5119943051344 138
139 301.5246984546478 139
140 301.5372944631973 140
141 301.5497835302821 141
142 301.562167801545 142
143 301.574455690701 143
144 301.5866303149858 144
145 301.5987024359408 145
146 301.6106732033785 146
147 301.622543709289 147
148 301.6343150154997 148
149 301.6459881649725 149
150 301.6575665303633 150
151 301.6690548119597 151
152 301.6804411991931 152
153 301.6917307305954 153
154 301.7029269796721 154
155 301.7140309153522 155
156 301.7250434905691 156
157 301.7359656510708 157
158 301.746798324043 158
159 301.7575424260278 159
160 301.7681988570218 160
161 301.7787685071295 161
162 301.789252249057 162
163 301.7996586402155 163
164 301.8099735216439 164
165 301.8202040690268 165
166 301.8303540861572 166
167 301.8404291750817 167
168 301.8504146249862 168
169 301.8603190310902 169
170 301.8701441448159 170
171 301.8798908099118 171
172 301.8895598595699 172
173 301.8991521195373 173
174 301.9086684100938 174
175 301.9181095382216 175
176 301.9274763000524 176
177 301.9367694773386 177
178 301.9459898362774 178
179 301.9551381400468 179
180 301.9642151314777 180
181 301.9732215452736 181
182 301.9821587739133 182
183 301.9910326042522 183
184 301.9998389912335 184
185 302.0085693078157 185
186 302.0172388762196 186
187 302.0258416826205 187
188 302.0343776474503 188
189 302.0428434661965 189
190 302.0512453338263 190
191 302.0595889763137 191
192 302.0678631073974 192
193 302.0760766070065 193
194 302.0842267526618 194
195 302.0923160903702 195
196 302.1003525301683 196
197 302.1083220184909 197
198 302.1162327134514 198
199 302.1240853420604 199
200 302.1318811775728 200
201 302.1396196166916 201
202 302.1473025530488 202
203 302.154929377647 203
204 302.16250192007 204
205 302.1700195661149 205
206 302.1774840913844 206
207 302.1848954293043 207
208 302.1922541328311 208
209 302.1995607386374 209
210 302.2068216667162 210
211 302.2140312840438 211
212 302.2211889195302 212
213 302.228292280059 213
214 302.2353508341057 214
215 302.2423580204254 215
216 302.249317096108 216
217 302.2562254173973 217
218 302.2630849290278 218
219 302.2698972217206 219
220 302.2766637142718 220
221 302.2833831527453 221
222 302.2900564575971 222
223 302.2966852124821 223
224 302.3032693319246 224
225 302.309813656638 225
226 302.3163097133771 226
227 302.3227624396894 227
228 302.3291765972533 228
229 302.3355470131549 229
230 302.3418769396965 230
231 302.3481606158433 231
232 302.354403698101 232
233 302.3606049956564 233
234 302.3667665490365 234
235 302.3728879061458 235
236 302.3789694462044 236
237 302.385011537595 237
238 302.3910166931037 238
239 302.3969807590587 239
240 302.4029063748353 240
241 302.408794701193 241
242 302.4146473622192 242
243 302.42046317747 243
244 302.4262402204088 244
245 302.4319797150009 245
246 302.4376864741832 246
247 302.4433527834568 247
248 302.4489831944586 248
249 302.4545781127134 249
250 302.4601382665377 250
251 302.4656630744349 251
252 302.4711536940659 252
253 302.476609549472 253
254 302.4820317664494 254
255 302.4874197703339 255
256 302.4927742589684 256
257 302.4980958890471 257
258 302.5033844663689 258
259 302.5086436349825 259
260 302.5138701344858 260
261 302.5190640881135 261
262 302.5242247659463 262
263 302.5293520249793 263
264 302.5344473557403 264
265 302.5395104617887 265
266 302.5445422852582 266
267 302.5495430951204 267
268 302.5545127646087 268
269 302.5594519563338 269
270 302.5643652153934 270
271 302.5692444030365 271
272 302.5740936656526 272
273 302.5789129584257 273
274 302.5837029125015 274
275 302.5884637603024 275
276 302.5931957185111 276
277 302.5978989974616 277
278 302.602573801063 278
279 302.6072203271282 279
280 302.6118387670807 280
281 302.6164293034348 281
282 302.6209921126155 282
283 302.6255273681677 283
284 302.6300352352466 284
285 302.6345158741815 285
286 302.6389694436346 286
287 302.6433960956477 287
288 302.6477959786832 288
289 302.6521692426256 289
290 302.6565160300001 290
291 302.660836482585 291
292 302.6651307403565 292
293 302.6693989438253 293
294 302.673641533974 294
295 302.6778588076883 295
296 302.6820495562111 296
297 302.6862155723854 297
298 302.6903553482551 298
299 302.6944706568025 299
300 302.6985600092725 300
301 302.7026243851201 301
302 302.7066639388407 302
303 302.710679101982 303
304 302.7146722206973 304
305 302.7186380080326 305
306 302.7225794563952 306
307 302.7264967678072 307
308 302.7303900876038 308
309 302.734259838889 309
310 302.7381055717682 310
311 302.7419277309732 311
312 302.7457264536755 312
313 302.7495018730846 313
314 302.7532573043885 314
315 302.7569890267278 315
316 302.7606976343327 316
317 302.7643808666155 317
318 302.7680412909021 318
319 302.7716788320673 319
320 302.7752939220911 320
321 302.7788867021599 321
322 302.7824598378065 322
323 302.7860082938155 323
324 302.7895347572384 324
325 302.7930418954103 325
326 302.7965247575412 326
327 302.7999862309605 327
328 302.8034259592304 328
329 302.8068443308066 329
330 302.8102438703 330
331 302.8136204256814 331
332 302.8169775738535 332
333 302.820311274994 333
334 302.8236264382619 334
335 302.8269212440427 335
336 302.8301947361905 336
337 302.8334451078698 337
338 302.8366751633243 338
339 302.8398847970788 339
340 302.8430761741496 340
341 302.8462452097393 341
342 302.8493938268705 342
343 302.8525224271918 343
344 302.8556317119371 344
345 302.8587211120945 345
346 302.8617903267618 346
347 302.8648398355939 347
348 302.8678694942844 348
349 302.8708798409437 349
350 302.8738726138388 350
351 302.8768437679102 351
352 302.8797955118793 352
353 302.8827300406258 353
354 302.8856433663137 354
355 302.8885374080175 355
356 302.8914141011483 356
357 302.8942711087898 357
358 302.8971078502914 358
359 302.8999252357956 359
360 302.9027255938281 360
361 302.9055049154085 361
362 302.9082652650823 362
363 302.9110067344265 363
364 302.9137313051298 364
365 302.9164350814398 365
366 302.9191200555888 366
367 302.9217863104544 367
368 302.9244338878387 368
369 302.927064678075 369
370 302.929675129481 370
371 302.93226693547 371
372 302.9348401665512 372
373 302.9373946701517 373
374 302.9399306840885 374
375 302.9424482397715 375
376 302.9449473644044 376
377 302.947428084973 377
378 302.9498904274452 378
379 302.9523344125038 379
380 302.9547600615848 380
381 302.9571673937009 381
382 302.9595564257411 382
383 302.9619288101333 383
384 302.9642812274038 384
385 302.9666155122242 385
386 302.9689313692678 386
387 302.9712289976237 387
388 302.9735099902472 388
389 302.9757711605915 389
390 302.9780141180335 390
391 302.9802389186991 391
392 302.9824455861908 392
393 302.9846341454502 393
394 302.9868046204805 394
395 302.9889571847908 395
396 302.9910915455505 396
397 302.9932078899066 397
398 302.9953076745444 398
399 302.9973880010362 399
400 302.9994503416918 400
401 303.001496443191 401
402 303.0035230264914 402
403 303.0055315262445 403
404 303.0075221631609 404
405 303.0094949710341 405
406 303.0114513165355 406
407 303.0133885065175 407
408 303.0153092388794 408
409 303.0172108898132 409
410 303.0190948229532 410
411 303.0209611010502 411
412 303.0228097597993 412
413 303.0246408334743 413
414 303.0264543550747 414
415 303.0282503574824 415
416 303.0300289949608 416
417 303.0317900378784 417
418 303.0335336491138 418
419 303.0352598584723 419
420 303.036968692647 420
421 303.0386601775942 421
422 303.0403343383315 422
423 303.0419911992348 423
424 303.0436307844553 424
425 303.0452531173402 425
426 303.0468582210314 426
427 303.0484461185931 427
428 303.0500168330145 428
429 303.0515703869754 429
430 303.0531068047768 430
431 303.0546261095424 431
432 303.0561283251716 432
433 303.0576135753255 433
434 303.0590828404436 434
435 303.0605341381764 435
436 303.0619683902815 436
437 303.0633854894203 437
438 303.0647856387321 438
439 303.0661688751674 439
440 303.0675360410639 440
441 303.0688865246183 441
442 303.070220145571 442
443 303.0715358649162 443
444 303.0728358786387 444
445 303.074118990657 445
446 303.0753846369217 446
447 303.076633658118 447
448 303.0778661244611 448
449 303.0790820052844 449
450 303.0802815285529 450
451 303.0814645747802 451
452 303.0826312831432 452
453 303.083781704558 453
454 303.0849158869872 454
455 303.086033877069 455
456 303.0871364293023 456
457 303.0882221429051 457
458 303.0892918468732 458
459 303.0903462664798 459
460 303.0913839282373 460
461 303.0924062089538 461
462 303.0934125568969 462
463 303.0944029978248 463
464 303.0953770053816 464
465 303.0963357636957 465
466 303.0972782142804 466
467 303.0982054884663 467
468 303.0991171598883 468
469 303.1000133133528 469
470 303.1008934744208 470
471 303.1017580760538 471
472 303.10260710665 472
473 303.1034407248515 473
474 303.1042595306137 474
475 303.1050631226455 475
476 303.1058509773992 476
477 303.1066235387781 477
478 303.1073809922645 478
479 303.1081233450341 479
480 303.1088506528934 480
481 303.109562971081 481
482 303.1102603102097 482
483 303.1109432904116 483
484 303.111611526018 484
485 303.1122645616584 485
486 303.1129028966305 486
487 303.1135269387954 487
488 303.1141360364242 488
489 303.1147305326281 489
490 303.1153105037392 490
491 303.1158760129707 491
492 303.1164271216761 492
493 303.1169638910301 493
494 303.1174863828241 494
495 303.1179946597444 495
496 303.1184891488746 496
497 303.1189696224604 497
498 303.1194359691008 498
499 303.1198883777539 499
500 303.1203268823936 500
501 303.120751579043 501
502 303.1211625339884 502
503 303.1215598147932 503
504 303.1219434406523 504
505 303.1223135089539 505
506 303.1226701070914 506
507 303.1230133114651 507
508 303.1233431918072 508
509 303.1236598268832 509
510 303.1239632856374 510
511 303.1242536389175 511
512 303.124530964037 512
513 303.1247953460843 513
514 303.1250468828496 514
515 303.125285609122 515
516 303.1255116022515 516
517 303.12572494491 517
518 303.1259257271082 518
519 303.1261139709471 519
520 303.1262897984439 520
521 303.1264533010839 521
522 303.1266045103883 522
523 303.1267435562515 523
524 303.1268705053838 524
525 303.1269854287008 525
526 303.1270884361023 526
527 303.1271796009894 527
528 303.1272590197498 528
529 303.1273268159691 529
530 303.1273830614362 530
531 303.1274278288537 531
532 303.1274612161004 532
533 303.1274832871748 533
534 303.127494178523 534
535 303.1274939836466 535
536 303.127482747511 536
537 303.1274606568237 537
538 303.1274277224878 538
539 303.1273841444146 539
540 303.1273299851749 540
541 303.127265270388 541
542 303.1271902312056 542
543 303.1271049208046 543
544 303.1270094395372 544
545 303.1269036185345 545
546 303.1267878055573 546
547 303.1266621276521 547
548 303.1265267001129 548
549 303.1263816362183 549
550 303.1262270488182 550
551 303.126063050909 551
552 303.1258897558886 552
553 303.1257072776921 553
554 303.1255157308943 554
555 303.1253152307357 555
556 303.1251058931378 556
557 303.1248878347125 557
558 303.1246611727867 558
559 303.1244260254134 559
560 303.1241825113693 560
561 303.1239307501504 561
562 303.1236708619878 562
563 303.1234029678443 563
564 303.123127189421 564
565 303.1228436491646 565
566 303.122552470263 566
567 303.1222537766446 567
568 303.1219476929885 568
569 303.1216343446755 569
570 303.121313561127 570
571 303.1209861072904 571
572 303.1206517745437 572
573 303.1203106839311 573
574 303.1199629638573 574
575 303.1196087436296 575
576 303.1192481534358 576
577 303.1188813244319 577
578 303.1185083887819 578
579 303.1181294796815 579
580 303.1177447313631 580
581 303.1173542790874 581
582 303.1169582591324 582
583 303.1165568087713 583
584 303.1161500662496 584
585 303.1157381707578 585
586 303.1153212624081 586
587 303.1148994822014 587
588 303.1144729720028 588
589 303.1140418745118 589
590 303.1136063332397 590
591 303.1131664924875 591
592 303.1127224973217 592
593 303.1122744935585 593
594 303.1118226277455 594
595 303.1113670471494 595
596 303.1109078997416 596
597 303.1104453341919 597
598 303.1099794998562 598
599 303.1095105467718 599
600 303.1090386256536 600
601 303.1085638878875 601
602 303.1080864855302 602
603 303.107606571305 603
604 303.1071242986034 604
605 303.1066398214829 605
606 303.106153294667 606
607 303.1056648735469 607
608 303.1051747141825 608
609 303.1046825499027 609
610 303.1041889764049 610
611 303.1036941637342 611
612 303.1031982727203 612
613 303.1027014633641 613
614 303.1022038949275 614
615 303.101705725894 615
616 303.1012071140036 616
617 303.100708216345 617
618 303.1002091894765 618
619 303.0997101895812 619
620 303.0992113726286 620
621 303.0987128945486 621
622 303.0982149114042 622
623 303.0977175795588 623
624 303.0972210558394 624
625 303.0967254976827 625
626 303.0962310632751 626
627 303.0957379116701 627
628 303.0952462028944 628
629 303.0947560980411 629
630 303.09426775934 630
631 303.0937813502194 631
632 303.0932970353533 632
633 303.0928152547791 633
634 303.0923356019397 634
635 303.0918588104875 635
636 303.0913844884422 636
637 303.0909133640022 637
638 303.0904453184451 638
639 303.0899805205127 639
640 303.0895191489568 640
641 303.0890613779225 641
642 303.0886073903328 642
643 303.0881573634517 643
644 303.0877114846581 644
645 303.087269934288 645
646 303.0868329037079 646
647 303.0864005759195 647
648 303.0859731456691 648
649 303.0855507981407 649
650 303.0851337308426 650
651 303.0847221306733 651
652 303.0843163817747 652
653 303.0839164920512 653
654 303.0835224732318 654
655 303.0831348717825 655
656 303.0827537103565 656
657 303.0823791806229 657
658 303.0820113098845 658
659 303.0816506274298 659
660 303.0812971696931 660
661 303.0809511323161 661
662 303.0806127134506 662
663 303.0802819648608 663
664 303.0799593820597 664
665 303.0796450188408 665
666 303.0793390734487 666
667 303.0790417463888 667
668 303.0787531110518 668
669 303.0784736261283 669
670 303.0782033650344 670
671 303.0779425283405 671
672 303.0776913178519 672
673 303.0774498313166 673
674 303.0772184843534 674
675 303.0769973705434 675
676 303.076786691808 676
677 303.076586650979 677
678 303.0763973716517 678
679 303.0762192608815 679
680 303.076052395196 680
681 303.0758969904964 681
682 303.0757532363085 682
683 303.0756213229362 683
684 303.0755014845709 684
685 303.0753939047251 685
686 303.0752987877801 686
687 303.0752163381702 687
688 303.075146758413 688
689 303.0750902549168 689
690 303.0750470321856 690
691 303.0750172953523 691
692 303.0750012501555 692
693 303.0749991049564 693
694 303.075011067632 694
695 303.0750373474665 695
696 303.0750781516927 696
697 303.0751336961537 697
698 303.07520422412 698
699 303.0752898851102 699
700 303.0753909515681 700
701 303.0755075525109 701
702 303.0756399891691 702
703 303.0757883628151 703
704 303.07595292387 704
705 303.0761339677106 705
706 303.0763315565489 706
707 303.0765460586394 707
708 303.0767775091583 708
709 303.0770261917191 709
710 303.0772924395216 710
711 303.0775762476077 711
712 303.0778779186319 712
713 303.078197814344 713
714 303.0785358827289 714
715 303.0788926032827 715
716 303.0792679042351 716
717 303.0796621246577 717
718 303.0800756693395 718
719 303.0805084109142 719
720 303.0809607116681 720
721 303.0814329949567 721
722 303.0819250930705 722
723 303.0824373896708 723
724 303.0829703428827 724
725 303.083523728759 725
726 303.0840979566229 726
727 303.0846932502272 727
728 303.0853100894402 728
729 303.0859481897626 729
730 303.0866079907858 730
731 303.0872900156512 731
732 303.0879939200548 732
733 303.0887201711385 733
734 303.0894693118923 734
735 303.0902409529205 735
736 303.0910355848775 736
737 303.0918537908638 737
738 303.0926951164852 738
739 303.0935600816131 739
740 303.0944492886154 740
741 303.0953622370477 741
742 303.0962994709897 742
743 303.0972616366795 743
744 303.0982481633936 744
745 303.0992596264841 745
746 303.1002962565444 746
747 303.1013587192876 747
748 303.1024463746227 748
749 303.1035598322035 749
750 303.1046998143049 750
751 303.1058656063744 751
752 303.1070578513039 752
753 303.1082772901651 753
754 303.1095231586362 754
755 303.1107961257104 755
756 303.1120964258449 756
757 303.1134248488272 757
758 303.1147805278166 758
759 303.1161641755835 759
760 303.117576613649 760
761 303.1190169225009 761
762 303.1204858435886 762
763 303.1219842531818 763
764 303.1235111460465 764
765 303.1250673005792 765
766 303.1266529521539 766
767 303.1282689917712 767
768 303.1299143366059 768
769 303.1315898038787 769
770 303.1332963580882 770
771 303.1350328247927 771
772 303.1368000603749 772
773 303.1385983010917 773
774 303.1404285238388 774
775 303.1422894741701 775
776 303.144182048693 776
777 303.1461073042047 777
778 303.1480638883288 778
779 303.1500527389298 779
780 303.1520740929282 780
781 303.1541290165096 781
782 303.1562160755362 782
783 303.1583362496339 783
784 303.1604906923899 784
785 303.1626778647559 785
786 303.1648987897205 786
787 303.1671537047309 787
788 303.1694437686991 788
789 303.1717673599899 789
790 303.1741255447005 790
791 303.1765195774663 791
792 303.1789477239359 792
793 303.1814110958131 793
794 303.1839099307285 794
795 303.1864454837025 795
796 303.1890159375644 796
797 303.1916224481605 797
798 303.1942663757692 798
799 303.1969457816514 799
800 303.1996618697567 800
801 303.2024148775382 801
802 303.2052061592345 802
803 303.2080336943193 803
804 303.2108987316063 804
805 303.2138015119891 805
806 303.2167434901364 806
807 303.2197224874025 807
808 303.2227398134593 808
809 303.2257969495699 809
810 303.2288916647054 810
811 303.2320253038906 811
812 303.235198108145 812
813 303.2384116424731 813
814 303.2416635074937 814
815 303.2449551119461 815
816 303.2482880449866 816
817 303.2516598570853 817
818 303.2550719932458 818
819 303.2585246945315 819
820 303.2620196409493 820
821 303.2655542035947 821
822 303.269129893799 822
823 303.2727484116411 823
824 303.2764070811567 824
825 303.2801074503313 825
826 303.2838497597156 826
827 303.2876358078473 827
828 303.2914627274114 828
829 303.2953321354686 829
830 303.2992442639726 830
831 303.3032009173319 831
832 303.3071991424654 832
833 303.3112406095467 833
834 303.3153272776508 834
835 303.3194560266539 835
836 303.323628587145 836
837 303.3278451894047 837
838 303.3321077529977 838
839 303.336413082657 839
840 303.3407629575335 840
841 303.3451576137871 841
842 303.3495991107923 842
843 303.3540840451859 843
844 303.3586142702823 844
845 303.363191857541 845
846 303.3678133637983 846
847 303.3724806805825 847
848 303.3771940425639 848
849 303.3819556377666 849
850 303.3867618021611 850
851 303.3916145042205 851
852 303.3965159391811 852
853 303.4014624083718 853
854 303.4064559189257 854
855 303.4114967041055 855
856 303.4165870841315 856
857 303.421723126642 857
858 303.426906918276 858
859 303.4321407816386 859
860 303.4374207538739 860
861 303.4427489603382 861
862 303.4481256319297 862
863 303.4535532234789 863
864 303.4590275262823 864
865 303.464550747689 865
866 303.4701253403749 866
867 303.4757470693515 867
868 303.4814181806704 868
869 303.4871389020529 869
870 303.4929118254363 870
871 303.4987324587008 871
872 303.504603132377 872
873 303.5105264316317 873
874 303.5164978428082 874
875 303.5225197351322 875
876 303.5285923326515 876
877 303.534718366938 877
878 303.5408930561303 878
879 303.5471188563171 879
880 303.5533984875195 880
881 303.5597271515537 881
882 303.5661073432001 882
883 303.5725392824079 883
884 303.5790258429046 884
885 303.5855619470046 885
886 303.5921501787699 886
887 303.5987907414589 887
888 303.6054864722973 888
889 303.6122322258565 889
890 303.6190306447163 890
891 303.6258848103277 891
892 303.6327893311512 892
893 303.6397469290409 893
894 303.6467578033578 894
895 303.6538249272272 895
896 303.6609428616292 896
897 303.6681143783032 897
898 303.6753427086584 898
899 303.6826221549235 899
900 303.68995557165 900
901 303.6973431533341 901
902 303.7047880128063 902
903 303.7122844108284 903
904 303.7198352514489 904
905 303.7274439170116 905
906 303.7351043996322 906
907 303.7428196880957 907
908 303.7505899715425 908
909 303.7584185054602 909
910 303.7662992436181 910
911 303.7742352244107 911
912 303.7822266458007 912
913 303.790276983847 913
914 303.7983798851206 914
915 303.8065384834461 915
916 303.8147562309778 916
917 303.8230267747905 917
918 303.8313532884749 918
919 303.8397394586181 919
920 303.8481786425821 920
921 303.8566741024753 921
922 303.8652260153406 922
923 303.8738379285111 923
924 303.882503166913 924
925 303.891225043647 925
926 303.9000073983561 926
927 303.9088432678282 927
928 303.917736052494 928
929 303.9266859226382 929
930 303.9356965754499 930
931 303.9447610106141 931
932 303.9538826798633 932
933 303.9630655747376 933
934 303.9723024049788 934
935 303.9815967100698 935
936 303.990948652035 936
937 304.0003620784481 937
938 304.0098296599966 938
939 304.0193549879582 939
940 304.0289422061705 940
941 304.0385836957907 941
942 304.0482831360784 942
943 304.0580406809532 943
944 304.0678603295834 944
945 304.0777344220336 945
946 304.0876666901225 946
947 304.097661430514 947
948 304.107710694431 948
949 304.1178183017042 949
950 304.1279843980722 950
951 304.1382131354104 951
952 304.1484965208297 952
953 304.1588384272979 953
954 304.1692433044301 954
955 304.1797028718921 955
956 304.1902210906148 956
957 304.2007980977398 957
958 304.2114381984733 958
959 304.2221330645669 959
960 304.23288671055 960
961 304.2437037388864 961
962 304.2545755362024 962
963 304.2655062046923 963
964 304.276495872334 964
965 304.2875489976831 965
966 304.2986569153121 966
967 304.3098237815313 967
968 304.3210543518264 968
969 304.3323396781907 969
970 304.3436840040698 970
971 304.3550919878435 971
972 304.3665546943845 972
973 304.378076402933 973
974 304.3896572405261 974
975 304.4013020225628 975
976 304.413001479372 976
977 304.4247599852274 977
978 304.4365823528447 978
979 304.4484593067495 979
980 304.4603952678503 980
981 304.4723952850388 981
982 304.4844497813725 982
983 304.4965632650353 983
984 304.5087359068979 984
985 304.5209726292009 985
986 304.5332635495263 986
987 304.5456134596607 987
988 304.5580275656972 988
989 304.5704957122888 989
990 304.5830227803906 990
991 304.5956087838238 991
992 304.6082588494116 992
993 304.6209627608233 993
994 304.6337254561602 994
995 304.6465522887447 995
996 304.6594327578632 996
997 304.6723718903199 997
998 304.6853696841839 998
999 304.6984314191283 999
1000 304.7115465304592 1000
1001 304.7247201016769 1001
1002 304.7379576317522 1002
1003 304.7512482802329 1003
1004 304.7645972186147 1004
1005 304.7780044304579 1005
1006 304.7914753475015 1006
1007 304.8049990610588 1007
1008 304.8185807991351 1008
1009 304.8322262046321 1009
1010 304.8459241013837 1010
1011 304.8596798041149 1011
1012 304.8734932819607 1012
1013 304.8873701176612 1013
1014 304.9012990609258 1014
1015 304.9152854824493 1015
1016 304.9293351668437 1016
1017 304.9434366051203 1017
1018 304.957595253369 1018
1019 304.9718110658051 1019
1020 304.986089774103 1020
1021 305.0004197887675 1021
1022 305.0148066210945 1022
1023 305.0292561946818 1023
1024 305.0437566707856 1024
1025 305.0583136445057 1025
1026 305.0729270544675 1026
1027 305.0876027788549 1027
1028 305.1023288919861 1028
1029 305.1171110432953 1029
1030 305.131955292235 1030
1031 305.1468494741175 1031
1032 305.161799320357 1032
1033 305.1768047533456 1033
1034 305.1918717949927 1034
1035 305.2069881872391 1035
1036 305.2221597149615 1036
1037 305.2373925699407 1037
1038 305.2526742661519 1038
1039 305.268010668355 1039
1040 305.2834016820931 1040
1041 305.2988534698845 1041
1042 305.3143534459352 1042
1043 305.329907527436 1043
1044 305.3455156136497 1044
1045 305.3611840065346 1045
1046 305.3768998791003 1046
1047 305.392669229697 1047
1048 305.4084983568046 1048
1049 305.4243743650304 1049
1050 305.4403033024699 1050
1051 305.4562850500324 1051
1052 305.4723260404593 1052
1053 305.4884131324966 1053
1054 305.5045524515144 1054
1055 305.5207504227877 1055
1056 305.5369938458834 1056
1057 305.5532888944888 1057
1058 305.5696354324779 1058
1059 305.5860400158957 1059
1060 305.6024892027262 1060
1061 305.6189892412616 1061
1062 305.6355399747792 1062
1063 305.6521479670799 1063
1064 305.6687996518086 1064
1065 305.6855013347031 1065
1066 305.7022597249373 1066
1067 305.7190610558521 1067
1068 305.7359117063388 1068
1069 305.7528115029567 1069
1070 305.7697671303537 1070
1071 305.7867647278459 1071
1072 305.803810715741 1072
1073 305.8209119135835 1073
1074 305.8380542718631 1074
1075 305.8552442825261 1075
1076 305.8724817536208 1076
1077 305.8897734873858 1077
1078 305.9071053362418 1078
1079 305.9244838315717 1079
1080 305.9419087717907 1080
1081 305.9593870590445 1081
1082 305.9769043518391 1082
1083 305.9944672496969 1083
1084 306.0120826662697 1084
1085 306.0297361853647 1085
1086 306.0474344470827 1086
1087 306.0651772276839 1087
1088 306.0829715336224 1088
1089 306.1008027537875 1089
1090 306.1186775896493 1090
1091 306.1365957983423 1091
1092 306.1545643990087 1092
1093 306.1725686622617 1093
1094 306.1906153341107 1094
1095 306.2087115526147 1095
1096 306.2268424220066 1096
1097 306.2450147516516 1097
1098 306.263228280936 1098
1099 306.2814901230305 1099
1100 306.2997853023009 1100
1101 306.3181206556885 1101
1102 306.3365034073888 1102
1103 306.354918423063 1103
1104 306.3733726014159 1104
1105 306.3918656613574 1105
1106 306.4104048068606 1106
1107 306.4289748220825 1107
1108 306.4475826299525 1108
1109 306.4662279374518 1109
1110 306.4849180194175 1110
1111 306.5036375053628 1111
1112 306.5223933716285 1112
1113 306.5411853029051 1113
1114 306.5600205855786 1114
1115 306.5788837370655 1115
1116 306.597781764998 1116
1117 306.6167220572769 1117
1118 306.6356889905412 1118
1119 306.6546896267919 1119
1120 306.6737236306481 1120
1121 306.6927983525274 1121
1122 306.7118981150733 1122
1123 306.7310299939674 1123
1124 306.7502014416307 1124
1125 306.7693966403939 1125
1126 306.7886227189222 1126
1127 306.8078793207693 1127
1128 306.8271738611143 1128
1129 306.8464904716282 1129
1130 306.8658362900939 1130
1131 306.8852109479939 1131
1132 306.9046219192759 1132
1133 306.9240532056358 1133
1134 306.9435119846065 1134
1135 306.9630057245249 1135
1136 306.9825183852282 1136
1137 307.0020571612404 1137
1138 307.0216216566616 1138
1139 307.0412193926413 1139
1140 307.0608342020493 1140
1141 307.080473309514 1141
1142 307.1001362975019 1142
1143 307.1198306728436 1143
1144 307.1395402026477 1144
1145 307.1592721222419 1145
1146 307.1790340232226 1146
1147 307.1988095575481 1147
1148 307.2186059999034 1148
1149 307.2384229107571 1149
1150 307.2582678259846 1150
1151 307.2781243808429 1151
1152 307.2979998411612 1152
1153 307.3178937545166 1153
1154 307.3378136982811 1154
1155 307.3577432107588 1155
1156 307.3776895816977 1156
1157 307.397652333802 1157
1158 307.4176390168101 1158
1159 307.4376331242735 1159
1160 307.4576419430031 1160
1161 307.477673103126 1161
1162 307.4977099984511 1162
1163 307.517759947585 1163
1164 307.5378224499369 1164
1165 307.5579050551722 1165
1166 307.5779911790619 1166
1167 307.5980881164586 1167
1168 307.6181953562235 1168
1169 307.63832049041 1169
1170 307.6584468526647 1170
1171 307.6785817497926 1171
1172 307.6987327238784 1172
1173 307.7188831291672 1173
1174 307.7390402633907 1174
1175 307.7592035870139 1175
1176 307.7793806833603 1176
1177 307.7995548264996 1177
1178 307.8197333149473 1178
1179 307.8399155839195 1179
1180 307.8601091478973 1180
1181 307.8802972970441 1181
1182 307.9004873054866 1182
1183 307.9206785990832 1183
1184 307.9408787273608 1184
1185 307.9610709182246 1185
1186 307.981262441985 1186
1187 308.0014607725283 1187
1188 308.0216491915045 1188
1189 308.0418349464066 1189
1190 308.0620174330394 1190
1191 308.0822041634751 1191
1192 308.1023783591199 1192
1193 308.1225472555016 1193
1194 308.1427102217203 1194
1195 308.1628746723678 1195
1196 308.1830238888132 1196
1197 308.2031650650228 1197
1198 308.2232975620944 1198
1199 308.2434288239335 1199
1200 308.1975719869664 1200
