"report-def-1-rfile"
"Time Step" "report-def-1 etc.."
("Time Step" "report-def-1" "flow-time")
0 298.1499999999982 0
1 298.1863295811124 1
2 298.2217134353687 2
3 298.2563889073812 3
4 298.2904749375542 4
5 298.324043299365 5
6 298.3571425320235 6
7 298.3898074261831 7
8 298.4220637331644 8
9 298.4539314553443 9
10 298.4854279734471 10
11 298.516566712152 11
12 298.5473574052666 12
13 298.5778083243125 13
14 298.6079284039506 14
15 298.6377253597931 15
16 298.6672072127439 16
17 298.6963281507947 17
18 298.7251793435947 18
19 298.7537534715373 19
20 298.7820415379651 20
21 298.810057611416 21
22 298.8378040156916 22
23 298.8652827834547 23
24 298.8924951569178 24
25 298.9194434615116 25
26 298.9461407261517 26
27 298.9725777014762 27
28 298.9987566552726 28
29 299.0246858137824 29
30 299.0503515243479 30
31 299.0757755813349 31
32 299.1009561784103 32
33 299.1258914913377 33
34 299.1505844226205 34
35 299.1750418434603 35
36 299.199263664125 36
37 299.2232390040414 37
38 299.246989952937 38
39 299.2705115577205 39
40 299.293805670438 40
41 299.3168745204235 41
42 299.3397204845479 42
43 299.3623359655119 43
44 299.3847477000949 44
45 299.4069323537505 45
46 299.4289171913102 46
47 299.450688486276 47
48 299.4722493548048 48
49 299.493592262642 49
50 299.5147311488559 50
51 299.5356677780859 51
52 299.5564033956001 52
53 299.5769396680083 53
54 299.5972889252907 54
55 299.6174449592785 55
56 299.63740889981 56
57 299.6571795462269 57
58 299.676759661668 58
59 299.6961515383406 59
60 299.7153572350273 60
61 299.7343686173726 61
62 299.7531988203498 62
63 299.7718587945407 63
64 299.7903398723513 64
65 299.808644045982 65
66 299.8267637357272 66
67 299.8447111844928 67
68 299.8624879724179 68
69 299.8801044080525 69
70 299.8975436638106 70
71 299.9148167003557 71
72 299.9319258992222 72
73 299.948873317934 73
74 299.9656600620184 74
75 299.9822876440601 75
76 299.9987577414099 76
77 300.0150723677141 77
78 300.0312326402296 78
79 300.0472402999643 79
80 300.0630967481856 80
81 300.078803716353 81
82 300.0943626893953 82
83 300.1097752973919 83
84 300.125051784512 84
85 300.1401758649432 85
86 300.1551579988242 86
87 300.1699996638262 87
88 300.1847022127431 88
89 300.1992670386153 89
90 300.2137050531447 90
91 300.2280072560283 91
92 300.2421766588487 92
93 300.256205670946 93
94 300.2701149789628 94
95 300.2838946169576 95
96 300.2975451011301 96
97 300.3110694506002 97
98 300.3244686615647 98
99 300.3377459723058 99
100 300.3509004425511 100
101 300.3639334554654 101
102 300.3768377738631 102
103 300.3896315678168 103
104 300.4023077764486 104
105 300.4148596187169 105
106 300.4272963358941 106
107 300.4396263556572 107
108 300.4518432248403 108
109 300.4639481894977 109
110 300.4759449374077 110
111 300.4878247568407 111
112 300.4995966953065 112
113 300.5112685536678 113
114 300.5228367002485 114
115 300.5342927602134 115
116 300.5456456210257 116
117 300.5568963988785 117
118 300.5680535463492 118
119 300.5791110399071 119
120 300.5900711047807 120
121 300.6009344756193 121
122 300.6117000842399 122
123 300.6223702083622 123
124 300.6329457780142 124
125 300.6434277680972 125
126 300.6538187668234 126
127 300.6641195114827 127
128 300.6743294403234 128
129 300.6844431066738 129
130 300.6944752696142 130
131 300.7044200871764 131
132 300.7142719597077 132
133 300.724038914882 133
134 300.7337214118212 134
135 300.7433201130261 135
136 300.7528425330545 136
137 300.7622832310634 137
138 300.7716430483517 138
139 300.7809167102022 139
140 300.7901115309915 140
141 300.7992282041513 141
142 300.8082676566808 142
143 300.8172307023345 143
144 300.8261179922026 144
145 300.8349303121371 145
146 300.8436684101318 146
147 300.8523331251974 147
148 300.8609252079323 148
149 300.869451025038 149
150 300.8778999201135 150
151 300.8862784447616 151
152 300.8945873431183 152
153 300.9028273350912 153
154 300.9109991147933 154
155 300.9191033581229 155
156 300.927145734608 156
157 300.9351166508344 157
158 300.9430222658041 158
159 300.9508634251522 159
160 300.9586408137187 160
161 300.9663550099722 161
162 300.9740118271754 162
163 300.9816062527943 163
164 300.9891343110176 164
165 300.996601951801 165
166 301.0040099215445 166
167 301.0113587792059 167
168 301.0186491231651 168
169 301.0258816617865 169
170 301.0330569574826 170
171 301.0401756093566 171
172 301.0472382805624 172
173 301.0542455721747 173
174 301.0611980793781 174
175 301.0680964961829 175
176 301.0749413872159 176
177 301.0817377523511 177
178 301.0884768732727 178
179 301.0951640746971 179
180 301.1018000583217 180
181 301.1083854721143 181
182 301.1149208150605 182
183 301.1214063935425 183
184 301.1278472838353 184
185 301.1342352022727 185
186 301.1405751912461 186
187 301.1468677466193 187
188 301.1531175247317 188
189 301.1593166060848 189
190 301.1654740564221 190
191 301.1715859774806 191
192 301.1776486676291 192
193 301.183666910619 193
194 301.1896411321106 194
195 301.1955717915014 195
196 301.2014593564178 196
197 301.2073079919862 197
198 301.2131141326563 198
199 301.218874567621 199
200 301.2245936194585 200
201 301.230271739723 201
202 301.2359093873594 202
203 301.2415069285358 203
204 301.2470647557649 204
205 301.2525831659003 205
206 301.2580624726051 206
207 301.2635031322895 207
208 301.2689054053756 208
209 301.2742696063407 209
210 301.2795962462914 210
211 301.2848856554385 211
212 301.2901381267358 212
213 301.2953539633529 213
214 301.3005335993669 214
215 301.3056771745038 215
216 301.3107850242109 216
217 301.315857542584 217
218 301.3208950059711 218
219 301.3258978045319 219
220 301.3308662042072 220
221 301.3358005647384 221
222 301.3407011587092 222
223 301.3455684829201 223
224 301.3504027023458 224
225 301.3552040834838 225
226 301.359973118086 226
227 301.3647099924532 227
228 301.3694150223437 228
229 301.3740885926156 229
230 301.3787308221384 230
231 301.3833419617621 231
232 301.3879225341565 232
233 301.3924726586337 233
234 301.3969926617705 234
235 301.4014827904526 235
236 301.4059435041653 236
237 301.4103749139891 237
238 301.4147774238492 238
239 301.4191513358152 239
240 301.4234969795847 240
241 301.4278144627925 241
242 301.4321040121199 242
243 301.4363660549395 243
244 301.4406008295413 244
245 301.4448086345347 245
246 301.44898957575 246
247 301.4531439132912 247
248 301.4572719037926 248
249 301.4613737854081 249
250 301.4654497944514 250
251 301.4695001540996 251
252 301.4735250915626 252
253 301.4775248363945 253
254 301.4814996254545 254
255 301.485449640344 255
256 301.4893750939042 256
257 301.4932761917883 257
258 301.4971531378226 258
259 301.5010061576294 259
260 301.5048353729219 260
261 301.5086409484199 261
262 301.5124230937437 262
263 301.5161820680663 263
264 301.5199180831752 264
265 301.5236312402866 265
266 301.5273216783733 266
267 301.5309895875805 267
268 301.5346352232153 268
269 301.5382587312784 269
270 301.5418626845254 270
271 301.5454423684274 271
272 301.5490027761742 272
273 301.5525392521308 273
274 301.5560543593589 274
275 301.5595506160466 275
276 301.563025755897 276
277 301.5664799279789 277
278 301.5699109277871 278
279 301.5733213182014 279
280 301.5767112514335 280
281 301.5800808471301 281
282 301.5834302113931 282
283 301.5867594711215 283
284 301.5900687473793 284
285 301.5933582055226 285
286 301.5966279324998 286
287 301.5998780673204 287
288 301.6031086807589 288
289 301.6063200128623 289
290 301.6095144061026 290
291 301.6126874618897 291
292 301.6158415738579 292
293 301.6189769151417 293
294 301.6220935374499 294
295 301.6251914883292 295
296 301.6282710143749 296
297 301.6313322670242 297
298 301.6343751672014 298
299 301.6373999494751 299
300 301.640406727702 300
301 301.6433956033243 301
302 301.6463666921447 302
303 301.6493200804744 303
304 301.6522558546607 304
305 301.6551741560377 305
306 301.6580750748886 306
307 301.6609607317794 307
308 301.6638290223325 308
309 301.6666800905819 309
310 301.6695121673309 310
311 301.6723273599148 311
312 301.6751257971134 312
313 301.6779075633487 313
314 301.6806745821503 314
315 301.6834231719392 315
316 301.6861553644445 316
317 301.6888712470722 317
318 301.6915726734954 318
319 301.6942578451902 319
320 301.6969251431176 320
321 301.6995764862295 321
322 301.7022119412404 322
323 301.7048315822778 323
324 301.7074370879714 324
325 301.7100267673512 325
326 301.7126007247829 326
327 301.7151590420993 327
328 301.7177018020836 328
329 301.72022758234 329
330 301.7227380880341 330
331 301.7252333623832 331
332 301.7277134570669 332
333 301.7301784284353 333
334 301.732628327857 334
335 301.7350631998867 335
336 301.7374830988981 336
337 301.7398880684315 337
338 301.7422781638998 338
339 301.7446534472788 339
340 301.7470139482193 340
341 301.7493610657113 341
342 301.7516933844279 342
343 301.7540096484129 343
344 301.7563113634356 344
345 301.7585997555183 345
346 301.760873523386 346
347 301.7631327468842 347
348 301.7653774619712 348
349 301.76760771636 349
350 301.7698235643672 350
351 301.7720250546546 351
352 301.7742122123421 352
353 301.7763839497415 353
354 301.7785426402235 354
355 301.7806870767201 355
356 301.7828172961507 356
357 301.7849333324835 357
358 301.7870341494933 358
359 301.7891219921148 359
360 301.7911956985651 360
361 301.7932542937471 361
362 301.7952989346898 362
363 301.7973296312576 363
364 301.7993474171939 364
365 301.8013511397803 365
366 301.8033398076443 366
367 301.8053156250107 367
368 301.8072773716648 368
369 301.809225103091 369
370 301.8111589198793 370
371 301.813077795189 371
372 301.8149828067399 372
373 301.8168739498823 373
374 301.8187512311952 374
375 301.820614671274 375
376 301.8224652655636 376
377 301.8243019518313 377
378 301.8261237944303 378
379 301.8279318582782 379
380 301.8297261329438 380
381 301.8315066222021 381
382 301.8332733354967 382
383 301.8350271647862 383
384 301.8367671183568 384
385 301.8384932230244 385
386 301.8402045858855 386
387 301.8419031359794 387
388 301.8435878634735 388
389 301.8452578955204 389
390 301.8469151140334 390
391 301.8485585575577 391
392 301.8501882185133 392
393 301.8518041326341 393
394 301.8534054312362 394
395 301.8549939416475 395
396 301.8565687191452 396
397 301.8581297814342 397
398 301.8596771333795 398
399 301.8612107781974 399
400 301.8627307241593 400
401 301.864236982766 401
402 301.8657295691467 402
403 301.8672084675255 403
404 301.8686737369103 404
405 301.870125380007 405
406 301.8715636171517 406
407 301.8729881529012 407
408 301.874399056699 408
409 301.875796347864 409
410 301.8771800533436 410
411 301.8785501888098 411
412 301.8799067699973 412
413 301.8812498069387 413
414 301.8825793181461 414
415 301.8838953124373 415
416 301.8851978263522 416
417 301.8864868706044 417
418 301.8877624543208 418
419 301.8890246018232 419
420 301.8902733315973 420
421 301.8915086456047 421
422 301.8927305813147 422
423 301.8939391524909 423
424 301.8951343868979 424
425 301.8963163103193 425
426 301.8974849440444 426
427 301.8986402938956 427
428 301.8997823926937 428
429 301.9009112707097 429
430 301.9020269538495 430
431 301.9031294646276 431
432 301.9042188284139 432
433 301.9052950699463 433
434 301.9063582161833 434
435 301.9074082941746 435
436 301.908445331857 436
437 301.9094693917327 437
438 301.9104804870008 438
439 301.9114786127043 439
440 301.912463806401 440
441 301.9134360992563 441
442 301.9143955240013 442
443 301.9153421145188 443
444 301.9162759001072 444
445 301.9171962892499 445
446 301.9181045846031 446
447 301.9190001735378 447
448 301.9198830887771 448
449 301.9207527696651 449
450 301.9216098693209 450
451 301.9224544212203 451
452 301.9232864583871 452
453 301.9241060109303 453
454 301.9249131134434 454
455 301.9257078000307 455
456 301.9264901051874 456
457 301.927260064291 457
458 301.9280182369909 458
459 301.928764116273 459
460 301.9294977309012 460
461 301.930219124326 461
462 301.9309283345654 462
463 301.9316254082867 463
464 301.9323103860167 464
465 301.9329833097177 465
466 301.9336442188366 466
467 301.9342931596503 467
468 301.9349301724973 468
469 301.9355552882876 469
470 301.9361685490454 470
471 301.9367700008103 471
472 301.9373596854139 472
473 301.9379376440203 473
474 301.9385039202938 474
475 301.9390585588423 475
476 301.9396016030094 476
477 301.9401330961208 477
478 301.9406530828044 478
479 301.9411616074568 479
480 301.9416587204272 480
481 301.9421444653649 481
482 301.9426188873716 482
483 301.9430820322715 483
484 301.9435339468018 484
485 301.9439746726241 485
486 301.9444042641584 486
487 301.944822768918 487
488 301.9452302339313 488
489 301.945626708682 489
490 301.9460122437495 490
491 301.9463868865568 491
492 301.9467506904582 492
493 301.9471037065497 493
494 301.9474459851603 494
495 301.9477775783539 495
496 301.9480985362689 496
497 301.9484089119444 497
498 301.9487087620987 498
499 301.9489981397255 499
500 301.9492771032585 500
501 301.9495457071356 501
502 301.9498040067151 502
503 301.9500520562685 503
504 301.9502899152954 504
505 301.950517637587 505
506 301.9507352831774 506
507 301.9509429088153 507
508 301.9511405756223 508
509 301.9513283420808 509
510 301.9515062688964 510
511 301.9516744166825 511
512 301.9518328469144 512
513 301.9519816210943 513
514 301.952120802052 514
515 301.9522504514511 515
516 301.9523706335649 516
517 301.9524814118229 517
518 301.9525828516079 518
519 301.9526750184898 519
520 301.9527579782762 520
521 301.952831797233 521
522 301.9528965424629 522
523 301.9529522810244 523
524 301.9529990816986 524
525 301.9530370163306 525
526 301.9530661488209 526
527 301.9530865511146 527
528 301.9530982941858 528
529 301.9531014495424 529
530 301.9530960885679 530
531 301.9530822845733 531
532 301.9530601107977 532
533 301.9530296411547 533
534 301.9529909502613 534
535 301.9529441132461 535
536 301.9528892110312 536
537 301.9528263176711 537
538 301.9527555096763 538
539 301.9526768589828 539
540 301.9525904464518 540
541 301.9524963519592 541
542 301.9523946553292 542
543 301.95228543705 543
544 301.952168785013 544
545 301.9520447783939 545
546 301.95191349814 546
547 301.9517750272711 547
548 301.9516294492913 548
549 301.9514768481159 549
550 301.9513173089912 550
551 301.9511509174244 551
552 301.9509777595504 552
553 301.950797922689 553
554 301.9506114943413 554
555 301.9504185629401 555
556 301.9502192177017 556
557 301.9500135480565 557
558 301.9498016446701 558
559 301.9495835987614 559
560 301.9493595020382 560
561 301.9491294468789 561
562 301.9488935265626 562
563 301.9486518344596 563
564 301.9484044651179 564
565 301.9481515137912 565
566 301.9478930760595 566
567 301.9476292485201 567
568 301.9473601283527 568
569 301.9470858132114 569
570 301.9468064012981 570
571 301.9465219917402 571
572 301.9462326843586 572
573 301.9459385795254 573
574 301.9456397782348 574
575 301.9453363820504 575
576 301.945028493357 576
577 301.9447162151629 577
578 301.9443996511058 578
579 301.9440789054261 579
580 301.9437540830857 580
581 301.9434252896291 581
582 301.9430926311216 582
583 301.9427562144931 583
584 301.9424161471957 584
585 301.9420725372146 585
586 301.9417254933104 586
587 301.9413751248709 587
588 301.9410215418572 588
589 301.9406648548483 589
590 301.9403051751631 590
591 301.939942614576 591
592 301.9395772855071 592
593 301.9392093011439 593
594 301.9388387751233 594
595 301.9384658216426 595
596 301.9380905451947 596
597 301.9377130649183 597
598 301.9373334995001 598
599 301.9369519668451 599
600 301.9365685852152 600
601 301.9361834732109 601
602 301.9357967498406 602
603 301.935408534711 603
604 301.9350189579311 604
605 301.9346281367968 605
606 301.9342361899318 606
607 301.933843237671 607
608 301.9334494012824 608
609 301.933054802795 609
610 301.9326595649774 610
611 301.9322638112674 611
612 301.9318676657556 612
613 301.9314712531394 613
614 301.931074698741 614
615 301.9306781284421 615
616 301.9302816687704 616
617 301.9298854467734 617
618 301.9294895901295 618
619 301.9290942160219 619
620 301.928699457133 620
621 301.9283054453854 621
622 301.9279123119923 622
623 301.927520188358 623
624 301.9271292061482 624
625 301.9267394973948 625
626 301.9263511945518 626
627 301.9259644305099 627
628 301.9255793386207 628
629 301.925196052707 629
630 301.9248147070372 630
631 301.9244354363864 631
632 301.9240583760225 632
633 301.9236836616764 633
634 301.9233114295763 634
635 301.9229418164528 635
636 301.9225749595041 636
637 301.9222109964354 637
638 301.9218500654091 638
639 301.9214923051124 639
640 301.9211378546692 640
641 301.9207868537078 641
642 301.920439442341 642
643 301.9200957611249 643
644 301.9197559511042 644
645 301.9194201538054 645
646 301.9190885111803 646
647 301.9187611656907 647
648 301.9184382601963 648
649 301.9181199380685 649
650 301.9178063430764 650
651 301.9174976194953 651
652 301.9171939119894 652
653 301.9168953656913 653
654 301.9166021261594 654
655 301.9163143393999 655
656 301.9160321518143 656
657 301.9157557102703 657
658 301.915485162022 658
659 301.9152206547596 659
660 301.9149623365889 660
661 301.9147103559984 661
662 301.914464861926 662
663 301.9142260036784 663
664 301.9139939309515 664
665 301.9137687938744 665
666 301.9135507429373 666
667 301.9133399290139 667
668 301.9131365033742 668
669 301.9129406176517 669
670 301.9127524238623 670
671 301.9125720743901 671
672 301.9123997219658 672
673 301.9122355197175 673
674 301.9120796211074 674
675 301.9119321799338 675
676 301.9117933503769 676
677 301.9116632869258 677
678 301.9115421444474 678
679 301.9114300781229 679
680 301.911327243447 680
681 301.9112337962688 681
682 301.91114989275 682
683 301.9110756893567 683
684 301.9110113428904 684
685 301.9109570104415 685
686 301.9109128494237 686
687 301.9108790175364 687
688 301.9108556727747 688
689 301.9108432421513 689
690 301.9108415725002 690
691 301.9108508275469 691
692 301.9108711716484 692
693 301.9109027667528 693
694 301.9109457743838 694
695 301.9110000460615 695
696 301.9110661133831 696
697 301.9111441353221 697
698 301.9112342669012 698
699 301.9113366642142 699
700 301.9114514844798 700
701 301.9115788859442 701
702 301.911719027701 702
703 301.9118720695727 703
704 301.9120381719625 704
705 301.9122174958009 705
706 301.9124102024792 706
707 301.9126164537826 707
708 301.9128364118348 708
709 301.9130702391121 709
710 301.9133180983607 710
711 301.9135801525895 711
712 301.9138565650839 712
713 301.9141474993283 713
714 301.9144531190484 714
715 301.9147735881758 715
716 301.9151090708149 716
717 301.9154597312907 717
718 301.9158257340614 718
719 301.916207243774 719
720 301.9166044252187 720
721 301.9170174433791 721
722 301.9174464633148 722
723 301.9178916502601 723
724 301.9183531695754 724
725 301.9188311867421 725
726 301.9193258673765 726
727 301.919837377138 727
728 301.9203658818686 728
729 301.9209115474757 729
730 301.9214745399448 730
731 301.9220550253577 731
732 301.9226531699148 732
733 301.9232691398053 733
734 301.9239031013784 734
735 301.9245552209715 735
736 301.925225665049 736
737 301.9259146000704 737
738 301.9266221925542 738
739 301.9273486090741 739
740 301.9280940162446 740
741 301.9288585806789 741
742 301.9296424690318 742
743 301.9304458479733 743
744 301.9312688841935 744
745 301.932111744374 745
746 301.9329745952077 746
747 301.9338576033687 747
748 301.9347609355483 748
749 301.9356847583957 749
750 301.9366292385325 750
751 301.93759454258 751
752 301.9385808371294 752
753 301.9395882886674 753
754 301.9406170637179 754
755 301.9416673287137 755
756 301.9427392500277 756
757 301.9438329939952 757
758 301.9449487268536 758
759 301.9460866147856 759
760 301.9472468238798 760
761 301.9484295201669 761
762 301.9496348695502 762
763 301.9508630378608 763
764 301.952114190812 764
765 301.9533884940269 765
766 301.9546861129774 766
767 301.9560072130778 767
768 301.9573519595483 768
769 301.9587205175077 769
770 301.9601130519375 770
771 301.9615297276695 771
772 301.9629707094006 772
773 301.964436161629 773
774 301.9659262487487 774
775 301.9674411349259 775
776 301.968980984199 776
777 301.9705459604053 777
778 301.9721362271963 778
779 301.9737519480382 779
780 301.9753932861845 780
781 301.9770604047027 781
782 301.9787534664378 782
783 301.9804726340159 783
784 301.9822180698435 784
785 301.9839899360933 785
786 301.9857883947184 786
787 301.9876136074233 787
788 301.9894657356489 788
789 301.9913449406004 789
790 301.993251383222 790
791 301.9951852241667 791
792 301.9971466238713 792
793 301.9991357424255 793
794 302.00115273968 794
795 302.0031977751744 795
796 302.0052710081782 796
797 302.0073725976128 797
798 302.0095027021442 798
799 302.0116614800562 799
800 302.0138490893655 800
801 302.0160656877311 801
802 302.0183114324989 802
803 302.0205864806658 803
804 302.0228909888465 804
805 302.0252251133651 805
806 302.0275890101112 806
807 302.029982834693 807
808 302.0324067422728 808
809 302.0348608876682 809
810 302.0373454252887 810
811 302.0398605091835 811
812 302.0424062929792 812
813 302.0449829298944 813
814 302.0475905727585 814
815 302.0502293739485 815
816 302.0528994854512 816
817 302.0556010588033 817
818 302.0583342450976 818
819 302.061099195002 819
820 302.0638960587158 820
821 302.0667249860027 821
822 302.0695861261484 822
823 302.0724796279475 823
824 302.0754056397577 824
825 302.0783643094172 825
826 302.0813557843194 826
827 302.0843802112948 827
828 302.0874377367419 828
829 302.0905285065016 829
830 302.0936526659099 830
831 302.09681035979 831
832 302.1000017324166 832
833 302.1032269275582 833
834 302.1064860883961 834
835 302.1097793576068 835
836 302.1131068772715 836
837 302.1164687889459 837
838 302.1198652335885 838
839 302.1232963515773 839
840 302.1267622827413 840
841 302.1302631662851 841
842 302.1337991408217 842
843 302.1373703443929 843
844 302.1409769143775 844
845 302.1446189875923 845
846 302.1482967001864 846
847 302.1520101876918 847
848 302.1557595850242 848
849 302.1595450264257 849
850 302.1633666455077 850
851 302.1672245752087 851
852 302.1711189478112 852
853 302.1750498949419 853
854 302.1790175475145 854
855 302.1830220357755 855
856 302.1870634893001 856
857 302.1911420369285 857
858 302.1952578068211 858
859 302.1994109264197 859
860 302.2036015224249 860
861 302.2078297208548 861
862 302.2120956469671 862
863 302.2163994252755 863
864 302.2207411795484 864
865 302.2251210328276 865
866 302.2295391073494 866
867 302.2339955246215 867
868 302.238490405361 868
869 302.2430238695028 869
870 302.2475960361935 870
871 302.2522070237852 871
872 302.2568569498271 872
873 302.2615459310659 873
874 302.2662740834231 874
875 302.2710415219894 875
876 302.2758483610577 876
877 302.2806947140401 877
878 302.285580693536 878
879 302.290506411283 879
880 302.2954719781526 880
881 302.3004775041682 881
882 302.3055230984643 882
883 302.3106088693133 883
884 302.3157349240728 884
885 302.3209013692256 885
886 302.3261083103651 886
887 302.3313558521615 887
888 302.336644098365 888
889 302.3419731518051 889
890 302.3473431143972 890
891 302.3527540871112 891
892 302.3582061699745 892
893 302.3636994620672 893
894 302.3692340614821 894
895 302.3748100654082 895
896 302.3804275700032 896
897 302.3860866704786 897
898 302.3917874610492 898
899 302.3975300349338 899
900 302.4033144843576 900
901 302.409140900545 901
902 302.4150093736672 902
903 302.4209199929409 903
904 302.4268728464906 904
905 302.4328680214176 905
906 302.438905603822 906
907 302.4449856786882 907
908 302.451108330007 908
909 302.4572736406419 909
910 302.4634816924327 910
911 302.4697325661151 911
912 302.4760263413466 912
913 302.4823630966821 913
914 302.4887429095862 914
915 302.4951658564043 915
916 302.5016320123668 916
917 302.5081414515931 917
918 302.5146942470504 918
919 302.5212904706029 919
920 302.5279301929169 920
921 302.5346134835614 921
922 302.541340410902 922
923 302.5481110421561 923
924 302.5549254433845 924
925 302.5617836794325 925
926 302.5686858139709 926
927 302.5756319094912 927
928 302.5826220272515 928
929 302.589656227311 929
930 302.5967345685136 930
931 302.6038571084777 931
932 302.6110239035842 932
933 302.6182350089865 933
934 302.6254904785655 934
935 302.6327903649643 935
936 302.640134719566 936
937 302.6475235924682 937
938 302.6549570324965 938
939 302.662435087217 939
940 302.6699578028621 940
941 302.6775252243813 941
942 302.685137395441 942
943 302.6927943583703 943
944 302.7004961541538 944
945 302.7082428224922 945
946 302.7160344017399 946
947 302.7238709288637 947
948 302.7317524395401 948
949 302.739678968038 949
950 302.7476505473086 950
951 302.7556672088691 951
952 302.7637289829057 952
953 302.7718358981896 953
954 302.7799879821048 954
955 302.7881852606304 955
956 302.7964277583374 956
957 302.8047154983748 957
958 302.8130485024568 958
959 302.8214267908861 959
960 302.829850382486 960
961 302.8383192946789 961
962 302.846833543403 962
963 302.8553931431271 963
964 302.8639981068702 964
965 302.8726484461588 965
966 302.8813441710334 966
967 302.8900852900421 967
968 302.8988718102359 968
969 302.9077037371524 969
970 302.9165810748228 970
971 302.9255038257265 971
972 302.9344719908389 972
973 302.9434855696061 973
974 302.9525445598916 974
975 302.9616489580181 975
976 302.970798758771 976
977 302.9799939553377 977
978 302.9892345393308 978
979 302.9985205007945 979
980 303.0078518281721 980
981 303.0172285083045 981
982 303.0266505264229 982
983 303.0361178661683 983
984 303.0456305095151 984
985 303.0551884368434 985
986 303.0647916268939 986
987 303.0744400567435 987
988 303.0841337018372 988
989 303.0938725359352 989
990 303.1036565311477 990
991 303.1134856579106 991
992 303.1233598849602 992
993 303.1332791793728 993
994 303.1432435064655 994
995 303.1532528299342 995
996 303.1633071117022 996
997 303.1734063119726 997
998 303.183550389242 998
999 303.1937393002606 999
1000 303.2039730000322 1000
1001 303.2142514418052 1001
1002 303.2245745770876 1002
1003 303.2349423555913 1003
1004 303.2453547252682 1004
1005 303.255811632294 1005
1006 303.2663130210452 1006
1007 303.2768588341036 1007
1008 303.2874490122425 1008
1009 303.2980834944198 1009
1010 303.3087622177684 1010
1011 303.3194851176116 1011
1012 303.330252127416 1012
1013 303.3410631788078 1013
1014 303.3519182015887 1014
1015 303.3628171236504 1015
1016 303.3737598710431 1016
1017 303.3847463679489 1017
1018 303.3957765366744 1018
1019 303.4068502975985 1019
1020 303.4179675692359 1020
1021 303.4291282681824 1021
1022 303.4403323091362 1022
1023 303.4515796048347 1023
1024 303.4628700661193 1024
1025 303.4742036019018 1025
1026 303.4855801191183 1026
1027 303.4969995227556 1027
1028 303.5084617158851 1028
1029 303.5199665995592 1029
1030 303.5315140728768 1030
1031 303.5431040329358 1031
1032 303.5547363748672 1032
1033 303.566410991786 1033
1034 303.5781277748247 1034
1035 303.5898866130618 1035
1036 303.6016873935946 1036
1037 303.6135300014521 1037
1038 303.6254143196528 1038
1039 303.637340229156 1039
1040 303.6493076088826 1040
1041 303.6613163356622 1041
1042 303.6733662842985 1042
1043 303.6854573274711 1043
1044 303.697589335816 1044
1045 303.70976217785 1045
1046 303.7219757200075 1046
1047 303.7342298265907 1047
1048 303.7465243598193 1048
1049 303.7588591797578 1049
1050 303.7712341443606 1050
1051 303.7836491094228 1051
1052 303.7961039286351 1052
1053 303.808598453463 1053
1054 303.8211325332668 1054
1055 303.8337060152222 1055
1056 303.8463187443289 1056
1057 303.8589705633786 1057
1058 303.8716613129877 1058
1059 303.8843908315695 1059
1060 303.8971589553237 1060
1061 303.9099655182314 1061
1062 303.9228103520571 1062
1063 303.9356932863284 1063
1064 303.9486141483142 1064
1065 303.9615727630584 1065
1066 303.9745689533522 1066
1067 303.9876025396783 1067
1068 304.0006733402847 1068
1069 304.0137811711535 1069
1070 304.0269258459389 1070
1071 304.0401071760089 1071
1072 304.0533249704593 1072
1073 304.0665790360176 1073
1074 304.0798691771508 1074
1075 304.0931951959566 1075
1076 304.1065568922076 1076
1077 304.1199540633408 1077
1078 304.1333865044393 1078
1079 304.1468540082263 1079
1080 304.1603563650524 1080
1081 304.1738933628936 1081
1082 304.1874647873518 1082
1083 304.20107042164 1083
1084 304.214710046545 1084
1085 304.2283834404905 1085
1086 304.2420903794464 1086
1087 304.2558306369856 1087
1088 304.2696039842304 1088
1089 304.2834101898881 1089
1090 304.2972490202034 1090
1091 304.3111202389555 1091
1092 304.3250236075017 1092
1093 304.3389588846826 1093
1094 304.3529258269047 1094
1095 304.366924188061 1095
1096 304.380953719538 1096
1097 304.3950141702599 1097
1098 304.4091052866156 1098
1099 304.4232268124805 1099
1100 304.4373784891995 1100
1101 304.4515600556114 1101
1102 304.4657712479659 1102
1103 304.4800118000087 1103
1104 304.494281442904 1104
1105 304.5085799052583 1105
1106 304.5229069131044 1106
1107 304.5372621898867 1107
1108 304.5516454564891 1108
1109 304.5660564311519 1109
1110 304.5804948295402 1110
1111 304.5949603647178 1111
1112 304.6094527470859 1112
1113 304.6239716844627 1113
1114 304.6385168820109 1114
1115 304.6530880422362 1115
1116 304.6676848650031 1116
1117 304.6823070475243 1117
1118 304.6969542843303 1118
1119 304.7116262672798 1119
1120 304.7263226855504 1120
1121 304.7410432256216 1121
1122 304.7557875712668 1122
1123 304.770555403574 1123
1124 304.7853464008849 1124
1125 304.8001602388393 1125
1126 304.814996590345 1126
1127 304.8298551255388 1127
1128 304.8447355118591 1128
1129 304.8596374139324 1129
1130 304.8745604936749 1130
1131 304.8895044101845 1131
1132 304.9044688198144 1132
1133 304.9194533761141 1133
1134 304.9344577298235 1134
1135 304.9494815289073 1135
1136 304.9645244184837 1136
1137 304.9795860408922 1137
1138 304.9946660356101 1138
1139 305.0097640392829 1139
1140 305.024879685718 1140
1141 305.040012605894 1141
1142 305.055162427884 1142
1143 305.0703287769106 1143
1144 305.0855112753426 1144
1145 305.1007095426403 1145
1146 305.1159231953645 1146
1147 305.1311518472029 1147
1148 305.1463951089275 1148
1149 305.1616525883728 1149
1150 305.1769238904542 1150
1151 305.1922086171892 1151
1152 305.2075063676224 1152
1153 305.2228167378269 1153
1154 305.2381393209936 1154
1155 305.2534737072776 1155
1156 305.2688194838937 1156
1157 305.2841762350668 1157
1158 305.2995435420459 1158
1159 305.3149209830592 1159
1160 305.3303081333673 1160
1161 305.3457045651633 1161
1162 305.3611098476973 1162
1163 305.3765235471038 1163
1164 305.3919452265552 1164
1165 305.4073744461135 1165
1166 305.4228107628321 1166
1167 305.4382537307062 1167
1168 305.4537029006254 1168
1169 305.4691578204346 1169
1170 305.4846180348783 1170
1171 305.5000830856289 1171
1172 305.5155525112096 1172
1173 305.5310258470919 1173
1174 305.5465026255847 1174
1175 305.5619823759126 1175
1176 305.5774646241205 1176
1177 305.5929488931508 1177
1178 305.608434702777 1178
1179 305.6239215696216 1179
1180 305.6394090071273 1180
1181 305.6548965255855 1181
1182 305.6703836320824 1182
1183 305.6858698305456 1183
1184 305.7013546216739 1184
1185 305.7168375029694 1185
1186 305.7323179687182 1186
1187 305.74779551 1187
1188 305.7632696146571 1188
1189 305.7787397672664 1189
1190 305.7942054491983 1190
1191 305.8096661385501 1191
1192 305.8251213101478 1192
1193 305.8405704355621 1193
1194 305.8560129830715 1194
1195 305.8714484176936 1195
1196 305.8868762011232 1196
1197 305.9022957917432 1197
1198 305.917706644671 1198
1199 305.9331082116567 1199
1200 305.8858996626882 1200
