"min"
"Time Step" "min etc.."
("Time Step" "min" "flow-time")
0 298.1499999999998 0
1 298.1584369480834 1
2 298.1669904311299 2
3 298.1761395766537 3
4 298.1857668651206 4
5 298.1957417031845 5
6 298.2058387318369 6
7 298.2160106961446 7
8 298.2262554107197 8
9 298.2365349731534 9
10 298.2468453452543 10
11 298.2571498996027 11
12 298.2674248513376 12
13 298.2776457299593 13
14 298.2878011415929 14
15 298.2978914014319 15
16 298.307917876779 16
17 298.3195112823842 17
18 298.3333962219644 18
19 298.3468914111509 19
20 298.3581773674167 20
21 298.3683186317856 21
22 298.3790777257792 22
23 298.3913707021487 23
24 298.4033944206475 24
25 298.4126644447064 25
26 298.4217330223482 26
27 298.4336320745319 27
28 298.4431681214384 28
29 298.4511540146475 29
30 298.4590202671505 30
31 298.4673773511744 31
32 298.4756474852621 32
33 298.4865892113871 33
34 298.4968166952414 34
35 298.5046216532472 35
36 298.5149430842933 36
37 298.5250520843815 37
38 298.5349215227441 38
39 298.5420529084693 39
40 298.5490721815188 40
41 298.5560152475711 41
42 298.5648602370704 42
43 298.5711300584566 43
44 298.5784525946134 44
45 298.5850612924159 45
46 298.593478174684 46
47 298.6005211871457 47
48 298.6091138350575 48
49 298.6148471085087 49
50 298.6205054974415 50
51 298.6287761585967 51
52 298.6347428411618 52
53 298.6406300670839 53
54 298.6460267035234 54
55 298.6513858260481 55
56 298.6571401652581 56
57 298.6649206210018 57
58 298.6725569043108 58
59 298.6776124347425 59
60 298.6826072746465 60
61 298.6895514218841 61
62 298.6948332059864 62
63 298.7000489866064 63
64 298.7067473537409 64
65 298.7133302129282 65
66 298.7188115078308 66
67 298.7255365311366 67
68 298.7303460468654 68
69 298.735572543541 69
70 298.7399050575053 70
71 298.7445670157956 71
72 298.7491995235166 72
73 298.7534431358644 73
74 298.7597155578617 74
75 298.7646668964559 75
76 298.7687504218354 76
77 298.7747827445506 77
78 298.7791003411381 78
79 298.783361515292 79
80 298.7891709912182 80
81 298.7933233044042 81
82 298.7986514448787 82
83 298.8027140276913 83
84 298.8067499121282 84
85 298.8107883179707 85
86 298.8148423802076 86
87 298.819220500881 87
88 298.824281539981 88
89 298.8278136270562 89
90 298.8327191559104 90
91 298.836441288803 91
92 298.8398288043279 92
93 298.8435232927438 93
94 298.8472466843917 94
95 298.8519794472209 95
96 298.8552831624054 96
97 298.8588158939036 97
98 298.8620447066994 98
99 298.8652512862711 99
100 298.868777222546 100
101 298.8719779934171 101
102 298.8751417890614 102
103 298.8785415312663 103
104 298.8816554732897 104
105 298.8850034855845 105
106 298.8883231021061 106
107 298.891362497874 107
108 298.8946272521762 108
109 298.8976181122213 109
110 298.9020193860073 110
111 298.9049333836724 111
112 298.9080511322463 112
113 298.911143009345 113
114 298.9142064946328 114
115 298.9170100900791 115
116 298.9203315844602 116
117 298.9242040488303 117
118 298.9280030833274 118
119 298.9317271326011 119
120 298.9343170033069 120
121 298.9371289314503 121
122 298.9407549906693 122
123 298.9432790138464 123
124 298.945773845674 124
125 298.9484672171154 125
126 298.9509332277356 126
127 298.9533843979956 127
128 298.955827103994 128
129 298.9594528598634 129
130 298.9623127398233 130
131 298.9651314307849 131
132 298.9674573922808 132
133 298.9707188470283 133
134 298.9731899337502 134
135 298.9754391558866 135
136 298.9787899253105 136
137 298.9819013739336 137
138 298.9840581099342 138
139 298.9861972700341 139
140 298.9883279131515 140
141 298.9904526866721 141
142 298.9927550269594 142
143 298.9957376926839 143
144 298.9978162808537 144
145 298.9998762239967 145
146 299.0019285758892 146
147 299.0039739496762 147
148 299.0060126432948 148
149 299.0080440407741 149
150 299.0104623418213 150
151 299.0132897527179 151
152 299.0156472315379 152
153 299.0175885478245 153
154 299.0195160687712 154
155 299.0214353084583 155
156 299.023346958084 156
157 299.0252517799926 157
158 299.0271491404049 158
159 299.0290389727869 159
160 299.0309210330952 160
161 299.03279450775 161
162 299.0346594045188 162
163 299.0372696961592 163
164 299.039249715981 164
165 299.0410541842232 165
166 299.0431930731664 166
167 299.0458348093671 167
168 299.0477217307154 168
169 299.0494384611503 169
170 299.0511456431224 170
171 299.0528456000176 171
172 299.0545397400401 172
173 299.0562277596956 173
174 299.0579094118631 174
175 299.0595844327055 175
176 299.0612527710939 176
177 299.0629137769578 177
178 299.064566940276 178
179 299.0662129398663 179
180 299.0678511451605 180
181 299.0694807435082 181
182 299.0712358218965 182
183 299.0734952300459 183
184 299.0758440242993 184
185 299.0773909280613 185
186 299.0795439761756 186
187 299.0816639300948 187
188 299.0832977025217 188
189 299.0847720693035 189
190 299.0863575217811 190
191 299.0884029693407 191
192 299.0898315946927 192
193 299.0915269824246 193
194 299.0929323108888 194
195 299.094330256132 195
196 299.0964141797858 196
197 299.0977879747962 197
198 299.0991498743794 198
199 299.100507844874 199
200 299.1019781098949 200
201 299.1033269842064 201
202 299.1047856777725 202
203 299.1061242591648 203
204 299.1075697260756 204
205 299.108896103256 205
206 299.1103276200191 206
207 299.1117511353398 207
208 299.1131653094001 208
209 299.1145696911744 209
210 299.1164848817384 210
211 299.1183690536079 211
212 299.1201120812191 212
213 299.1215630018689 213
214 299.1233546571808 214
215 299.1246377544343 215
216 299.1259280939636 216
217 299.1273366785109 217
218 299.1285972137394 218
219 299.1298465780697 219
220 299.1312165980007 220
221 299.1324485723829 221
222 299.1335755043753 222
223 299.1347955090941 223
224 299.1360111515229 224
225 299.1375842680699 225
226 299.1387784725798 226
227 299.1399618091598 227
228 299.1414934579648 228
229 299.1426701839684 229
230 299.1441816966676 230
231 299.1453261665453 231
232 299.1465755800634 232
233 299.1476982243452 233
234 299.1489294237419 234
235 299.1501521295807 235
236 299.1513649273049 236
237 299.1525675912656 237
238 299.1536580894162 238
239 299.1547443425087 239
240 299.1558221770878 240
241 299.1570040571369 241
242 299.1580818465278 242
243 299.1591668557659 243
244 299.1603425011135 244
245 299.1613951545471 245
246 299.1627486254578 246
247 299.1636954608982 247
248 299.1646351030423 248
249 299.1655731615879 249
250 299.166589794628 250
251 299.1675239140254 251
252 299.1685350520826 252
253 299.1694637053509 253
254 299.1704684025538 254
255 299.1713912637711 255
256 299.1723114803336 256
257 299.1733074185319 257
258 299.1742987508696 258
259 299.1755787818406 259
260 299.1768412160574 260
261 299.1780824445194 261
262 299.1790338719053 262
263 299.1800702431628 263
264 299.1810949825786 264
265 299.1820145382118 265
266 299.1829281511411 266
267 299.1838374267485 267
268 299.1846712379654 268
269 299.1855037789196 269
270 299.1867467332349 270
271 299.1876383237889 271
272 299.1885215176557 272
273 299.1893316290627 273
274 299.1901398622296 274
275 299.1909478239549 275
276 299.191755206135 276
277 299.1925619430032 277
278 299.1933676300279 278
279 299.1941722153589 279
280 299.1949756473871 280
281 299.1957775930282 281
282 299.1965774952282 282
283 299.1973757037804 283
284 299.1981718832675 284
285 299.1989657026249 285
286 299.1997574670015 286
287 299.2005468679516 287
288 299.2013333736967 288
289 299.2021176756301 289
290 299.2028992120855 290
291 299.2036779964577 291
292 299.2044538141145 292
293 299.2052268768616 293
294 299.2060600177507 294
295 299.2069694957752 295
296 299.20772755475 296
297 299.2086228092027 297
298 299.209369260089 298
299 299.2102513277331 299
300 299.2109869466844 300
301 299.211717915975 301
302 299.2124463878402 302
303 299.2132323496513 303
304 299.2142460508089 304
305 299.2149578289187 305
306 299.2156633668631 306
307 299.2163663322321 307
308 299.2170669698554 308
309 299.21782340371 309
310 299.2185184795611 310
311 299.2192108738255 311
312 299.2199008419419 312
313 299.220588489382 313
314 299.2216033573825 314
315 299.2225497925486 315
316 299.2234786032614 316
317 299.2241811163028 317
318 299.2248761576659 318
319 299.2255135799361 319
320 299.226148943813 320
321 299.2267833000071 321
322 299.2276756236952 322
323 299.2283013822139 323
324 299.228922538789 324
325 299.2297959920944 325
326 299.2304080100754 326
327 299.2310665057825 327
328 299.231671455445 328
329 299.2322743218656 329
330 299.2331225042594 330
331 299.2338317507787 331
332 299.2346593050016 332
333 299.23523722069 333
334 299.2360476147989 334
335 299.2368949594284 335
336 299.2376804249059 336
337 299.2382255194008 337
338 299.2388141397874 338
339 299.2394012286433 339
340 299.240164430968 340
341 299.2407428827626 341
342 299.2412707467084 342
343 299.2417979109148 343
344 299.2424296624616 344
345 299.2430580043748 345
346 299.2436227757633 346
347 299.244184595186 347
348 299.2446994072897 348
349 299.2452572943018 349
350 299.2459819652636 350
351 299.246487451681 351
352 299.2469890104869 352
353 299.247698051856 353
354 299.2482352251014 354
355 299.248767523166 355
356 299.2494580001396 356
357 299.2499944245315 357
358 299.2505169394575 358
359 299.2509935200148 359
360 299.251664358558 360
361 299.2521319461469 361
362 299.2525957011366 362
363 299.2530584258143 363
364 299.2537120433093 364
365 299.2541678475113 365
366 299.2546200347538 366
367 299.2550710842526 367
368 299.2555208963941 368
369 299.2561557249343 369
370 299.2566363343104 370
371 299.2571118142316 371
372 299.257584080049 372
373 299.2580161372991 373
374 299.2584462784467 374
375 299.2588749928016 375
376 299.2593021871908 376
377 299.2597277537577 377
378 299.2601518380814 378
379 299.2605739523083 379
380 299.2609942023906 380
381 299.2614124249893 381
382 299.2618283287241 382
383 299.2624118621628 383
384 299.2628189192388 384
385 299.2632553137386 385
386 299.2636544208324 386
387 299.264050651495 387
388 299.2646070108994 388
389 299.2649945737875 389
390 299.2653776953446 390
391 299.2657586252364 391
392 299.2661370835983 392
393 299.2665133315584 393
394 299.2668872962698 394
395 299.2672901926343 395
396 299.2676586461919 396
397 299.2680241203952 397
398 299.2685365102872 398
399 299.2688930358445 399
400 299.2692449176698 400
401 299.2697668014701 401
402 299.2701381880202 402
403 299.270474931065 403
404 299.2708088163465 404
405 299.2711402611314 405
406 299.2716065147121 406
407 299.271929914764 407
408 299.2723826391975 408
409 299.2726960691844 409
410 299.2730053557728 410
411 299.2733123364204 411
412 299.2736170592906 412
413 299.2739195693802 413
414 299.2742197724451 414
415 299.2745176325433 415
416 299.2748383580519 416
417 299.2751306257335 417
418 299.2754199331914 418
419 299.2757065873735 419
420 299.2759905412822 420
421 299.2762717515223 421
422 299.2765501704491 422
423 299.2768257630683 423
424 299.2770984737212 424
425 299.2773682606336 425
426 299.2776350889906 426
427 299.2778989219263 427
428 299.2781597360549 428
429 299.2784174162251 429
430 299.2786720983686 430
431 299.2789236644782 431
432 299.2791721070028 432
433 299.2794382837575 433
434 299.2798005753083 434
435 299.2800820120511 435
436 299.2803567908276 436
437 299.2806006988972 437
438 299.2808401980267 438
439 299.2810758279105 439
440 299.2813802590658 440
441 299.2816951284328 441
442 299.282000966403 442
443 299.2821953542089 443
444 299.2824867369778 444
445 299.2827539891182 445
446 299.2829505127022 446
447 299.2831430881338 447
448 299.2833325947403 448
449 299.2835031015798 449
450 299.2836871922468 450
451 299.2838529846425 451
452 299.2840164190277 452
453 299.2841776906286 453
454 299.2843367050343 454
455 299.2844934067293 455
456 299.2847171584701 456
457 299.2848672625359 457
458 299.2850278401243 458
459 299.2852502601321 459
460 299.2854026767115 460
461 299.2856001700645 461
462 299.2857917249872 462
463 299.2859768280824 463
464 299.2861105466729 464
465 299.2862848569634 465
466 299.2864108134746 466
467 299.2865754581299 467
468 299.2866916677896 468
469 299.2868065391508 469
470 299.2869347948452 470
471 299.287058911433 471
472 299.2871659847697 472
473 299.2872698455439 473
474 299.2873691597998 474
475 299.2874670121934 475
476 299.2875638691175 476
477 299.2876482952233 477
478 299.2877387470051 478
479 299.2878261972489 479
480 299.2879105947657 480
481 299.287991977009 481
482 299.2880624990443 482
483 299.2881371928872 483
484 299.2882098477771 484
485 299.2882808330863 485
486 299.2883573454871 486
487 299.2884200265341 487
488 299.2884898148255 488
489 299.288555866024 489
490 299.288618158922 490
491 299.288676810251 491
492 299.288731887888 492
493 299.2887834639436 493
494 299.2888315938907 494
495 299.2888763309721 495
496 299.2889083204629 496
497 299.288938013253 497
498 299.2889598465516 498
499 299.2889798685576 499
500 299.2889952665374 500
501 299.289008945086 501
502 299.2890208291723 502
503 299.2890308308407 503
504 299.2890331876138 504
505 299.2890307479518 505
506 299.2890253518427 506
507 299.2890180177777 507
508 299.2890086164058 508
509 299.2889994634862 509
510 299.2889885227808 510
511 299.2889760136708 511
512 299.2889628219871 512
513 299.2889499930844 513
514 299.2889379803763 514
515 299.2889238239729 515
516 299.2889073660861 516
517 299.2888880369217 517
518 299.2888683358869 518
519 299.288845078424 519
520 299.2888193453595 520
521 299.2887904020812 521
522 299.2887588794936 522
523 299.2887265359916 523
524 299.288689334145 524
525 299.2886507845392 525
526 299.2886097391344 526
527 299.2885646413685 527
528 299.2885195375291 528
529 299.2884747036102 529
530 299.2884267515805 530
531 299.2883767575833 531
532 299.2883246005445 532
533 299.288267936998 533
534 299.2882087493899 534
535 299.2881473708009 535
536 299.2880791208209 536
537 299.2880144724125 537
538 299.2879419114551 538
539 299.287873556312 539
540 299.2878027472438 540
541 299.2877233043114 541
542 299.2876493836021 542
543 299.287573080207 543
544 299.2874945794743 544
545 299.2874118200798 545
546 299.2873279744627 546
547 299.2872426411748 547
548 299.2871556594892 548
549 299.2870669478813 549
550 299.2869764678404 550
551 299.2868842086466 551
552 299.2867901723063 552
553 299.2866943733026 553
554 299.2865968293989 554
555 299.286497563866 555
556 299.2863966011604 556
557 299.2862939667357 557
558 299.2861896886558 558
559 299.2860837949781 559
560 299.2859763142219 560
561 299.2858672753378 561
562 299.2857567077871 562
563 299.2856446413288 563
564 299.2855311060773 564
565 299.2854161324577 565
566 299.2852997511386 566
567 299.2851819929197 567
568 299.285062888932 568
569 299.2849424715443 569
570 299.284790250122 570
571 299.284675538923 571
572 299.2845599198262 572
573 299.2844429053035 573
574 299.2843245121064 574
575 299.2842047349091 575
576 299.2840836223999 576
577 299.2839612157927 577
578 299.2838375639139 578
579 299.2837127133383 579
580 299.2835867107704 580
581 299.2834596014621 581
582 299.2833314297588 582
583 299.2832022389039 583
584 299.283072071321 584
585 299.2829409686852 585
586 299.2828089720805 586
587 299.2826761219594 587
588 299.2825424584562 588
589 299.2824080213483 589
590 299.2822728501405 590
591 299.2821369840002 591
592 299.2820004619589 592
593 299.2818633228806 593
594 299.2817256055347 594
595 299.2815873486109 595
596 299.2814485906346 596
597 299.2813093701612 597
598 299.2811697258406 598
599 299.2810296962866 599
600 299.2808893198577 600
601 299.2807486351151 601
602 299.2806076807307 602
603 299.2804664952704 603
604 299.2803251174591 604
605 299.2801835862821 605
606 299.2800419405297 606
607 299.2799002189892 607
608 299.2797584607845 608
609 299.2795667773379 609
610 299.279376874184 610
611 299.2791894197431 611
612 299.2790044007797 612
613 299.2788217752189 613
614 299.278641437544 614
615 299.2784632954682 615
616 299.278287259626 616
617 299.2781132545424 617
618 299.2779412156208 618
619 299.2777710896129 619
620 299.2776028329552 620
621 299.2774364107769 621
622 299.2772717958037 622
623 299.2771089673398 623
624 299.2769479105643 624
625 299.2767886157835 625
626 299.2766310778612 626
627 299.2764752957261 627
628 299.2763212719572 628
629 299.2761690124078 629
630 299.2760185259529 630
631 299.2758698241324 631
632 299.2757229209508 632
633 299.2756158144364 633
634 299.2754697323626 634
635 299.2753625758099 635
636 299.2752181098882 636
637 299.2751119792815 637
638 299.2750047814955 638
639 299.2748969030143 639
640 299.2747887700427 640
641 299.2746807073888 641
642 299.2745729336174 642
643 299.2744656930057 643
644 299.2743591150382 644
645 299.2742533969944 645
646 299.274148625089 646
647 299.2740449685181 647
648 299.2739424890349 648
649 299.2738413374182 649
650 299.2737415591724 650
651 299.273643293925 651
652 299.2735630878779 652
653 299.2734821508005 653
654 299.2733858043928 654
655 299.2733067496782 655
656 299.2732279055298 656
657 299.2731496465317 657
658 299.2730587523184 658
659 299.2729842694395 659
660 299.2729107255421 660
661 299.2728383332862 661
662 299.2727673226534 662
663 299.2726859434614 663
664 299.272619521622 664
665 299.2725546101203 665
666 299.2724914115911 666
667 299.2724301154003 667
668 299.2723607655743 668
669 299.2723048553611 669
670 299.2722509257081 670
671 299.2721991329163 671
672 299.2721496198781 672
673 299.2720942064099 673
674 299.2720505380995 674
675 299.2720092499912 675
676 299.2719704534425 676
677 299.2719342859223 677
678 299.2718944966476 678
679 299.2718683435604 679
680 299.2718441133778 680
681 299.2718240877137 681
682 299.2718059750093 682
683 299.2717885493355 683
684 299.2717774050474 684
685 299.2717681047336 685
686 299.27176129652 686
687 299.2717570256032 687
688 299.2717554538795 688
689 299.2717564577338 689
690 299.2717603148237 690
691 299.2717672100003 691
692 299.2717773082797 692
693 299.2717907643981 693
694 299.2718084020733 694
695 299.2718296114327 695
696 299.2718558343993 696
697 299.2718859713412 697
698 299.2719230602472 698
699 299.2719607372898 699
700 299.2720067758678 700
701 299.2720524662399 701
702 299.272107762802 702
703 299.272161455208 703
704 299.2722197438118 704
705 299.2722894661909 705
706 299.2723560354545 706
707 299.2724354293217 707
708 299.2725102697772 708
709 299.2725901064929 709
710 299.2726847221016 710
711 299.2727732158932 711
712 299.272866969614 712
713 299.2729773233517 713
714 299.2730793389235 714
715 299.2731998739919 715
716 299.2733111785815 716
717 299.2734282542634 717
718 299.2735655899728 718
719 299.273691187083 719
720 299.2738226624136 720
721 299.2739769264494 721
722 299.2741178606157 722
723 299.2742649982602 723
724 299.2744368382586 724
725 299.2745926585081 725
726 299.2747548396425 726
727 299.2749232307189 727
728 299.275119611655 728
729 299.2752975222944 729
730 299.275482101685 730
731 299.2756969380148 731
732 299.2758904301974 732
733 299.2760908670067 733
734 299.2763246012544 734
735 299.276535259315 735
736 299.2767532645776 736
737 299.2770066836491 737
738 299.2772338574429 738
739 299.2774685294539 739
740 299.2777418755711 740
741 299.2779872282678 741
742 299.2782405250313 742
743 299.2785346129789 743
744 299.27879725061 744
745 299.2790679419481 745
746 299.2793464084211 746
747 299.2796695571764 747
748 299.279958545578 748
749 299.2802559077969 749
750 299.2806005449468 750
751 299.2809073432989 751
752 299.2812228135512 752
753 299.2815893422638 753
754 299.281916290306 754
755 299.2822524442786 755
756 299.2825968656776 756
757 299.2829949399808 757
758 299.28334850383 758
759 299.283711342403 759
760 299.2841322410479 760
761 299.2845067506109 761
762 299.2848911121364 762
763 299.2853359472277 763
764 299.285730003042 764
765 299.2861339917883 765
766 299.2865474774894 766
767 299.2870260490146 767
768 299.287450986605 768
769 299.2878862166027 769
770 299.2883893776956 770
771 299.2888342248853 771
772 299.2892896417013 772
773 299.2897551605409 773
774 299.2902935549712 774
775 299.2907707808948 775
776 299.2912589838209 776
777 299.2918229784622 777
778 299.2923207516363 778
779 299.2928297656821 779
780 299.293349512743 780
781 299.2939503133074 781
782 299.2944820591143 782
783 299.2950255013538 783
784 299.2956529433355 784
785 299.2962058502322 785
786 299.2967706818419 786
787 299.2973468970418 787
788 299.2980127196262 788
789 299.2986012482273 789
790 299.2992022126139 790
791 299.2998957196951 791
792 299.300505975787 792
793 299.3011288405789 793
794 299.3017637546281 794
795 299.3024971945848 795
796 299.3031447654822 796
797 299.3038055389827 797
798 299.3045677164955 798
799 299.3052375049282 799
800 299.3059205906783 800
801 299.3066163985405 801
802 299.3074200233972 802
803 299.3081288703754 803
804 299.3088517105716 804
805 299.3095867215123 805
806 299.3104322485687 806
807 299.3111749539532 807
808 299.311931612011 808
809 299.3128065301426 809
810 299.3135774887667 810
811 299.3143637488353 811
812 299.3151628975883 812
813 299.3160822027611 813
814 299.3168888112904 814
815 299.3177101115397 815
816 299.3186597737702 816
817 299.3194958488216 817
818 299.3203481343411 818
819 299.321213962117 819
820 299.322209737183 820
821 299.3230825440262 821
822 299.3239707453924 822
823 299.3249977001115 823
824 299.3259011297536 824
825 299.3268216739777 825
826 299.3277563989664 826
827 299.3288311330399 827
828 299.3297722662277 828
829 299.3307294813868 829
830 299.331701963766 830
831 299.3328236791554 831
832 299.3338097018524 832
833 299.334812934634 833
834 299.3359681882557 834
835 299.3369785109243 835
836 299.3380057362901 836
837 299.3390490544543 837
838 299.3402528917847 838
839 299.341310414231 839
840 299.3423861519801 840
841 299.3434771582964 841
842 299.3447303896514 842
843 299.3458264018324 843
844 299.3469398980608 844
845 299.3482263193408 845
846 299.3493556327895 846
847 299.3505047115469 847
848 299.3516699392042 848
849 299.3530086746771 849
850 299.3541784687362 850
851 299.3553665266493 851
852 299.356739255289 852
853 299.3579435932362 853
854 299.3591686744635 854
855 299.3604106176986 855
856 299.3618373577012 856
857 299.3630831556337 857
858 299.3643479370654 858
859 299.3658092998414 859
860 299.3670906800007 860
861 299.3683937421872 861
862 299.3697143509789 862
863 299.3712312770633 863
864 299.3725549719729 864
865 299.3738983574006 865
866 299.3754504583829 866
867 299.376810675451 867
868 299.3781935007433 868
869 299.3795945440541 869
870 299.3812036707428 870
871 299.3826069882731 871
872 299.3840306950634 872
873 299.3856754873856 873
874 299.3871161905166 874
875 299.3885804329568 875
876 299.3900635494367 876
877 299.3917667700886 877
878 299.3932513133184 878
879 299.394756940268 879
880 299.3964962555986 880
881 299.3980189923046 881
882 299.3995662058257 882
883 299.4011329353841 883
884 299.4029320331732 884
885 299.4044993021138 885
886 299.4060883474775 886
887 299.407698034451 887
888 299.4095534137891 888
889 299.4111770292284 889
890 299.4128248119095 890
891 299.4147200977532 891
892 299.416369628034 892
893 299.4180418959414 893
894 299.4197356209723 894
895 299.4216885293983 895
896 299.423396711224 896
897 299.4251301018143 897
898 299.4271239452881 898
899 299.4288583615158 899
900 299.4306162710166 900
901 299.4323963470149 901
902 299.434448832222 902
903 299.4362433273981 903
904 299.4380639231568 904
905 299.4401580198523 905
906 299.4419788794713 906
907 299.4438239304203 907
908 299.4456917901956 908
909 299.4478453464 909
910 299.4497273908062 910
911 299.4516363865081 911
912 299.4535668404189 912
913 299.4557819695178 913
914 299.4577087624342 914
915 299.459659989142 915
916 299.4619121657972 916
917 299.4638793685548 917
918 299.4658754146452 918
919 299.4681723019683 919
920 299.4701679481755 920
921 299.4721894211906 921
922 299.4742351279552 922
923 299.4765936714252 923
924 299.4786529608251 924
925 299.4807408887426 925
926 299.4831426203018 926
927 299.4852287655074 927
928 299.4873412798558 928
929 299.4894784724692 929
930 299.4919418877029 930
931 299.4940918926808 931
932 299.4962712338397 932
933 299.4987779903029 933
934 299.5009548078194 934
935 299.5031586813942 935
936 299.505387774882 936
937 299.5079566403949 937
938 299.5101977260867 938
939 299.5124688589838 939
940 299.5150812036524 940
941 299.5173491365915 941
942 299.5196448311494 942
943 299.5219662862679 943
944 299.5246411594042 944
945 299.5269737426462 945
946 299.5293370722327 946
947 299.5320555184696 947
948 299.5344149694198 948
949 299.5368028861362 949
950 299.5392170967484 950
951 299.5419984313943 951
952 299.5444228444821 952
953 299.5468786829319 953
954 299.5497036206911 954
955 299.55215489127 955
956 299.5546353222349 956
957 299.5571425643727 957
958 299.5600306698139 958
959 299.5625471272064 959
960 299.5650956676545 960
961 299.5680273380111 961
962 299.5705705967371 962
963 299.573143689764 963
964 299.5757440915118 964
965 299.5787391181805 965
966 299.581347712202 966
967 299.5839890313072 967
968 299.5870275149711 968
969 299.5896627743891 969
970 299.5923285140925 970
971 299.5954053315435 971
972 299.5980836413145 972
973 299.6007975065383 973
974 299.6035386221533 974
975 299.6066865702421 975
976 299.609416692141 976
977 299.612177461841 977
978 299.6153625358769 978
979 299.6181341947021 979
980 299.6209416649788 980
981 299.6241735205874 981
982 299.6269743154412 982
983 299.6298071843611 983
984 299.6326691755476 984
985 299.635965908604 985
986 299.6388340438403 986
987 299.641736953611 987
988 299.6450772946789 988
989 299.6479718352384 989
990 299.650898715937 990
991 299.6538548577925 991
992 299.6572588414253 992
993 299.6602194467166 993
994 299.6632151490797 994
995 299.6666618629326 995
996 299.669648066547 996
997 299.6726671079093 997
998 299.6757157455959 998
999 299.6792254975483 999
1000 299.6822770105672 1000
1001 299.6853640439519 1001
1002 299.6889158167253 1002
1003 299.6919924819635 1003
1004 299.695102516581 1004
1005 299.6982424671548 1005
1006 299.7018567312692 1006
1007 299.7049980026244 1007
1008 299.7081752088304 1008
1009 299.7118308049542 1009
1010 299.7149967894031 1010
1011 299.7181966711162 1011
1012 299.7214267818715 1012
1013 299.7251442695656 1013
1014 299.7283740953768 1014
1015 299.7316402440161 1015
1016 299.7353983112206 1016
1017 299.7386523956772 1017
1018 299.7419408907554 1018
1019 299.7452599005797 1019
1020 299.7490791697003 1020
1021 299.7523962436542 1021
1022 299.7557499913413 1022
1023 299.7596090080407 1023
1024 299.7629498342416 1024
1025 299.7663255551126 1025
1026 299.7697320481479 1026
1027 299.7736514666107 1027
1028 299.7770543072872 1028
1029 299.780494130545 1029
1030 299.7844523700836 1030
1031 299.7878784044345 1031
1032 299.7913397896415 1032
1033 299.7948321716513 1033
1034 299.7988498979841 1034
1035 299.8023368560025 1035
1036 299.8058610597682 1036
1037 299.8099165819406 1037
1038 299.8134261035182 1038
1039 299.8169713978851 1039
1040 299.8205478796698 1040
1041 299.8246618447151 1041
1042 299.8282310700235 1042
1043 299.8318377528741 1043
1044 299.8354736647854 1044
1045 299.8396482084747 1045
1046 299.8432617606883 1046
1047 299.8469099562143 1047
1048 299.851112043263 1048
1049 299.8547561488583 1049
1050 299.8584397858955 1050
1051 299.8621534073284 1051
1052 299.8664183351838 1052
1053 299.8701086575252 1053
1054 299.8738341726749 1054
1055 299.8781259960455 1055
1056 299.8818466478909 1056
1057 299.8856072398264 1057
1058 299.8893980027876 1058
1059 299.8937519383058 1059
1060 299.8975181800938 1060
1061 299.9013198899692 1061
1062 299.9051521513479 1062
1063 299.9095568492252 1063
1064 299.9133751455594 1064
1065 299.9172308861206 1065
1066 299.9216666224165 1066
1067 299.9255017308259 1067
1068 299.9293733904673 1068
1069 299.9332763825108 1069
1070 299.9377638303912 1070
1071 299.9416523085723 1071
1072 299.9455786733292 1072
1073 299.9500965788787 1073
1074 299.9540015396312 1074
1075 299.9579433894393 1075
1076 299.961916688878 1076
1077 299.9664849636691 1077
1078 299.9704420021272 1078
1079 299.9744369902145 1079
1080 299.9784612301928 1080
1081 299.9830815046937 1081
1082 299.987075962335 1082
1083 299.9911057118284 1083
1084 299.995745380668 1084
1085 299.9997624044994 1085
1086 300.0038193013177 1086
1087 300.0079060937602 1087
1088 300.0125996303546 1088
1089 300.0166557250515 1089
1090 300.0207474701944 1090
1091 300.0248692829956 1091
1092 300.029604966115 1092
1093 300.0337049493173 1093
1094 300.0378421581161 1094
1095 300.0426013139047 1095
1096 300.0467117118002 1096
1097 300.0508587310777 1097
1098 300.0550365685797 1098
1099 300.0598386036361 1099
1100 300.0639943866104 1100
1101 300.0681876928979 1101
1102 300.0730123934513 1102
1103 300.0771779140467 1103
1104 300.081380168829 1104
1105 300.0856131890864 1105
1106 300.0904788226953 1106
1107 300.094688043257 1107
1108 300.0989346393312 1108
1109 300.1032095601656 1109
1110 300.10811729132 1110
1111 300.1123554854593 1111
1112 300.1166283708217 1112
1113 300.1209300558721 1113
1114 300.1258705103687 1114
1115 300.1301438143003 1115
1116 300.1344534205968 1116
1117 300.1394099628959 1117
1118 300.1436871258772 1118
1119 300.1480000805486 1119
1120 300.152342735546 1120
1121 300.1573331856106 1121
1122 300.1616480030647 1122
1123 300.1659993967935 1123
1124 300.1710051636742 1124
1125 300.1753229303175 1125
1126 300.1796764097143 1126
1127 300.1840594315237 1127
1128 300.189096758028 1128
1129 300.1934503847365 1129
1130 300.1978402920579 1130
1131 300.2022571031261 1131
1132 300.2073269220323 1132
1133 300.2117007654956 1133
1134 300.2161079597358 1134
1135 300.2211803857857 1135
1136 300.2255621411169 1136
1137 300.2299818200862 1137
1138 300.2344287362574 1138
1139 300.2395347442963 1139
1140 300.2439376399319 1140
1141 300.2483737989693 1141
1142 300.2528370977432 1142
1143 300.2579633216334 1143
1144 300.2623912430067 1144
1145 300.2668536852395 1145
1146 300.2719857853512 1146
1147 300.2764081813826 1147
1148 300.2808643835 1148
1149 300.2853481377217 1149
1150 300.2905001436153 1150
1151 300.2949484023037 1151
1152 300.2994310190667 1152
1153 300.3039384118719 1153
1154 300.3091112150856 1154
1155 300.3135691381598 1155
1156 300.318058309457 1156
1157 300.3225726473838 1157
1158 300.3277558989388 1158
1159 300.3322301577676 1159
1160 300.3367372142253 1160
1161 300.3419191877703 1161
1162 300.3463811870061 1162
1163 300.3508751116994 1163
1164 300.3553947731669 1164
1165 300.3605874176539 1165
1166 300.3650677156832 1166
1167 300.3695806892044 1167
1168 300.3741165278717 1168
1169 300.3793206741926 1169
1170 300.3838018167031 1170
1171 300.3883121587353 1171
1172 300.3935022085902 1172
1173 300.3979776649395 1173
1174 300.4024872887119 1174
1175 300.4070198764535 1175
1176 300.4122221379233 1176
1177 300.4166988529948 1177
1178 300.4212042673951 1178
1179 300.425732471405 1179
1180 300.4309324586726 1180
1181 300.4354158377837 1181
1182 300.4399293800965 1182
1183 300.4444633096397 1183
1184 300.4496635623424 1184
1185 300.4541374129961 1185
1186 300.4586379344711 1186
1187 300.4638159539781 1187
1188 300.4682774702451 1188
1189 300.4727708490778 1189
1190 300.4772847785235 1190
1191 300.4824643365839 1191
1192 300.4869172057672 1192
1193 300.4913961562729 1193
1194 300.4958954990914 1194
1195 300.5010619533201 1195
1196 300.5055125839973 1196
1197 300.5099908528669 1197
1198 300.5144868910658 1198
1199 300.5196424632177 1199
1200 300.5035955073029 1200
