"report-def-0-rfile"
"Time Step" "report-def-0 etc.."
("Time Step" "report-def-0" "flow-time")
0 298.1499999999998 0
1 298.1863186343875 1
2 298.2216758424167 2
3 298.2563046116322 3
4 298.2903198346309 4
5 298.3237904642328 5
6 298.3567628669954 6
7 298.3892706529862 7
8 298.4213394080353 8
9 298.4529898072587 9
10 298.4842389661084 10
11 298.5151018182916 11
12 298.5455911313743 12
13 298.5757173499131 13
14 298.6054890978333 14
15 298.634914225441 15
16 298.6640003309114 16
17 298.6927567429079 17
18 298.7212247194464 18
19 298.7493912758601 19
20 298.7772439345227 20
21 298.8047992069955 21
22 298.8320597539484 22
23 298.8590303614966 23
24 298.8857129141065 24
25 298.9121099383411 25
26 298.9382404928576 26
27 298.9640937095377 27
28 298.989672395626 28
29 299.014981084653 29
30 299.0400084603893 30
31 299.0647838939443 31
32 299.0892989423714 32
33 299.1135561028586 33
34 299.137557194716 34
35 299.1613075268013 35
36 299.1848114585768 36
37 299.2080545112518 37
38 299.2310662997087 38
39 299.2538365314726 39
40 299.2763689221674 40
41 299.2986662870022 41
42 299.3207314532497 42
43 299.3425531348042 43
44 299.3641634732219 44
45 299.3855367345054 45
46 299.4067038281593 46
47 299.4276522916974 47
48 299.4483832707303 48
49 299.4688859026005 49
50 299.489177202874 50
51 299.5092597554433 51
52 299.5291355000055 52
53 299.5488061639932 53
54 299.5682874879869 54
55 299.5875702803137 55
56 299.606657444226 56
57 299.6255489978742 57
58 299.6442461250227 58
59 299.6627513112089 59
60 299.6810668183174 60
61 299.6991818489698 61
62 299.7171116329671 62
63 299.7348706903755 63
64 299.7524489354794 64
65 299.7698482208919 65
66 299.7870578542988 66
67 299.8040918956457 67
68 299.8209523606406 68
69 299.8376535414801 69
70 299.8541737193971 70
71 299.8705255665969 71
72 299.8867110696773 72
73 299.9027331628999 73
74 299.91859343685 74
75 299.9342934585707 75
76 299.9498349420559 76
77 299.9652199831309 77
78 299.9804500116363 78
79 299.9955268396338 79
80 300.0104519606917 80
81 300.0252271719846 81
82 300.0398540661258 82
83 300.0543344006102 83
84 300.068680386482 84
85 300.0828729196929 85
86 300.0969231069066 86
87 300.110832855345 87
88 300.1246037875865 88
89 300.1382368079773 89
90 300.1517449819147 90
91 300.1651191177768 91
92 300.1783605160842 92
93 300.1914610392867 93
94 300.2044421588978 94
95 300.2172956002722 95
96 300.2300216033282 96
97 300.2426216239214 97
98 300.2550976134446 98
99 300.2674514406481 99
100 300.2796842607711 100
101 300.2917965097483 101
102 300.3037802504222 102
103 300.3156547979118 103
104 300.3274133072284 104
105 300.3390476545314 105
106 300.3505675624222 106
107 300.3619834567986 107
108 300.3732880640416 108
109 300.3844825403131 109
110 300.3955691899055 110
111 300.4065401302869 111
112 300.4174042997298 112
113 300.4281708448129 113
114 300.4388343789894 114
115 300.4493872535243 115
116 300.4598379728138 116
117 300.4701877465046 117
118 300.4804459941155 118
119 300.4906064632372 119
120 300.5006708104284 120
121 300.5106404197946 121
122 300.5205148192786 122
123 300.5302947278171 123
124 300.5399818259022 124
125 300.5495770445479 125
126 300.5590818798287 126
127 300.5684979095837 127
128 300.5778253029958 128
129 300.5870568785614 129
130 300.596208644621 130
131 300.6052746362525 131
132 300.6142483734957 132
133 300.623138172502 133
134 300.6319450261983 134
135 300.6406696462798 135
136 300.6493201241872 136
137 300.6578909306947 137
138 300.6663828375361 138
139 300.674789734332 139
140 300.6831192174408 140
141 300.6913721396453 141
142 300.6995495266052 142
143 300.7076523513307 143
144 300.7156813791904 144
145 300.7236374679289 145
146 300.7315214161989 146
147 300.7393341085236 147
148 300.7470763610921 148
149 300.7547552725459 149
150 300.7623593165344 150
151 300.7698951973422 151
152 300.7773637479204 152
153 300.7847657516824 153
154 300.7921019406677 154
155 300.7993732216913 155
156 300.8065859980541 156
157 300.8137295651972 157
158 300.8208100718795 158
159 300.8278284644491 159
160 300.8347854979911 160
161 300.8416817996012 161
162 300.8485237230192 162
163 300.8553065110447 163
164 300.8620251717623 164
165 300.8686856197203 165
166 300.8752887429094 166
167 300.8818351712495 167
168 300.8883255338465 168
169 300.8947605506665 169
170 300.9011408182125 170
171 300.9074669301835 171
172 300.913739546451 172
173 300.9199592796938 173
174 300.9261267065679 174
175 300.9322424578274 175
176 300.938307198961 176
177 300.9443263614384 177
178 300.950290815111 178
179 300.9562058070048 179
180 300.9620718873859 180
181 300.9678897649234 181
182 300.9736599506174 182
183 300.9793828909965 183
184 300.9850639438326 184
185 300.9906943655997 185
186 300.9962791592288 186
187 301.0018188739502 187
188 301.0073185943839 188
189 301.0127698420201 189
190 301.0181820106073 190
191 301.0235512366248 191
192 301.0288734575238 192
193 301.0341535151975 193
194 301.0393918580981 194
195 301.0445889877836 195
196 301.0497454194156 196
197 301.0548657811569 197
198 301.0599464139777 198
199 301.0649835466797 199
200 301.0699816072241 200
201 301.0749410807177 201
202 301.0798624904934 202
203 301.0847462634885 203
204 301.0895928449141 204
205 301.0944025888795 205
206 301.0991759767907 206
207 301.1039133000729 207
208 301.1086149652905 208
209 301.1132813413056 209
210 301.1179128962776 210
211 301.1225100204572 211
212 301.1270730487979 212
213 301.1316023168554 213
214 301.1360982617537 214
215 301.1405611200894 215
216 301.1449912361148 216
217 301.1493890116334 217
218 301.153754737815 218
219 301.1580888044584 219
220 301.1623914921233 220
221 301.166663154316 221
222 301.170904111869 222
223 301.1751147289436 223
224 301.1792952596925 224
225 301.1834459934278 225
226 301.1875673547064 226
227 301.1916595507461 227
228 301.1957228722797 228
229 301.1997576634777 229
230 301.2037641379011 230
231 301.2077425637958 231
232 301.2116933186426 232
233 301.2156166016595 233
234 301.2195126937809 234
235 301.2233818668918 235
236 301.2272244338832 236
237 301.2310406020639 237
238 301.2348306571155 238
239 301.2385948702659 239
240 301.2423335103377 240
241 301.2460467571005 241
242 301.2497348425943 242
243 301.2533980760135 243
244 301.2570366878224 244
245 301.260650931399 245
246 301.2642409702171 246
247 301.2678070405741 247
248 301.2713493713337 248
249 301.274868186689 249
250 301.2783637063438 250
251 301.2818361459202 251
252 301.285285717565 252
253 301.2887126295316 253
254 301.2921171062274 254
255 301.295499327912 255
256 301.2988594927573 256
257 301.3021977977873 257
258 301.3055144105376 258
259 301.3088095485655 259
260 301.3120834302105 260
261 301.3153361786503 261
262 301.318567980376 262
263 301.3217789853406 263
264 301.324969428922 264
265 301.3281395091356 265
266 301.3312893366502 266
267 301.3344190799966 267
268 301.3375288930599 268
269 301.340618956882 269
270 301.3436920417532 270
271 301.346743231276 271
272 301.3497776771798 272
273 301.3527905268661 273
274 301.3557843038702 274
275 301.358761730224 275
276 301.3617205466485 276
277 301.3646608378032 277
278 301.3675802669869 278
279 301.3704812671867 279
280 301.3733640544208 280
281 301.3762287941183 281
282 301.3790756047939 282
283 301.381904623826 283
284 301.3847159644064 284
285 301.3875097875097 285
286 301.3902861973436 286
287 301.3930453245557 287
288 301.3957872371536 288
289 301.3985121046526 289
290 301.4012223203957 290
291 301.4039135268788 291
292 301.406587978045 292
293 301.4092457945173 293
294 301.4118870731371 294
295 301.4145118942693 295
296 301.41712042262 296
297 301.4197127801642 297
298 301.4222889773224 298
299 301.4248491450953 299
300 301.4273933918622 300
301 301.4299218051541 301
302 301.4324344864402 302
303 301.4349315047384 303
304 301.4374129181436 304
305 301.4398788546491 305
306 301.4423293778894 306
307 301.4447666703668 307
308 301.447188742351 308
309 301.4495956282251 309
310 301.4519853801995 310
311 301.4543600168312 311
312 301.4567196598372 312
313 301.459064395203 313
314 301.4613962743798 314
315 301.4637114810279 315
316 301.4660119767829 316
317 301.4682978479832 317
318 301.4705710780463 318
319 301.4728298692793 319
320 301.4750723672657 320
321 301.4773004701215 321
322 301.4795142604902 322
323 301.4817138072782 323
324 301.4839010456329 324
325 301.4860742143259 325
326 301.4882333390957 326
327 301.4903784709082 327
328 301.492509643087 328
329 301.4946250841868 329
330 301.4967266117113 330
331 301.4988142924455 331
332 301.5008882036901 332
333 301.502948401984 333
334 301.5049949407886 334
335 301.5070278708664 335
336 301.509047239992 336
337 301.5110530942109 337
338 301.5130454781193 338
339 301.5150244463084 339
340 301.5169900277536 340
341 301.5189438816001 341
342 301.5208844579452 342
343 301.5228101593474 343
344 301.5247226073265 344
345 301.5266234260803 345
346 301.5285111147778 346
347 301.5303856921976 347
348 301.5322471718196 348
349 301.5340955694895 349
350 301.5359309219675 350
351 301.5377532574042 351
352 301.5395626048808 352
353 301.5413574675538 353
354 301.5431408605709 354
355 301.544911381687 355
356 301.5466690442276 356
357 301.5484138704292 357
358 301.5501444125983 358
359 301.5518635854058 359
360 301.5535700157494 360
361 301.5552622832486 361
362 301.5569418078022 362
363 301.5586086552919 363
364 301.560264222835 364
365 301.5619071834794 365
366 301.5635361773445 366
367 301.5651539606186 367
368 301.5667592120735 368
369 301.5683519206351 369
370 301.5699321022057 370
371 301.5714984550275 371
372 301.573052269054 372
373 301.5745935907587 373
374 301.5761224516269 374
375 301.577638869149 375
376 301.5791441719294 376
377 301.5806371374315 377
378 301.582116485937 378
379 301.5835834815909 379
380 301.5850381295156 380
381 301.5864804539981 381
382 301.5879104843988 382
383 301.5893294169312 383
384 301.5907361000206 384
385 301.5921305325897 385
386 301.5935115608377 386
387 301.594881488698 387
388 301.5962392134154 388
389 301.5975836045564 389
390 301.5989169040805 390
391 301.6002380428653 391
392 301.6015470254181 392
393 301.6028438614842 393
394 301.6041274739459 394
395 301.6054000255041 395
396 301.606660481429 396
397 301.6079088530273 397
398 301.6091451543444 398
399 301.6103693967653 399
400 301.6115815863028 400
401 301.6127817363377 401
402 301.6139698606003 402
403 301.6151459915133 403
404 301.616310110952 404
405 301.6174622450802 405
406 301.6186024886756 406
407 301.6197308163632 407
408 301.6208471710281 408
409 301.6219515804847 409
410 301.6230440651728 410
411 301.6241246439383 411
412 301.6251933345578 412
413 301.6262501539674 413
414 301.6272951186755 414
415 301.6283282451811 415
416 301.6293495493726 416
417 301.6303590480636 417
418 301.6313567577083 418
419 301.6323426947361 419
420 301.6333168757752 420
421 301.6342793178858 421
422 301.6352300375648 422
423 301.6361690522197 423
424 301.6370963749065 424
425 301.6380120290343 425
426 301.6389160324389 426
427 301.639808418462 427
428 301.6406891794306 428
429 301.641558343042 429
430 301.6424159286497 430
431 301.643261955748 431
432 301.6440964439338 432
433 301.6449194130137 433
434 301.6457308830934 434
435 301.6465308745653 435
436 301.6473194081506 436
437 301.6480965048602 437
438 301.6488621934689 438
439 301.6496164939638 439
440 301.6503594201908 440
441 301.6510909953927 441
442 301.6518112427567 442
443 301.6525201857276 443
444 301.6532178478964 444
445 301.6539036187853 445
446 301.6545787611851 446
447 301.655242709543 447
448 301.6558954825607 448
449 301.6565365054041 449
450 301.6571663806104 450
451 301.657785146648 451
452 301.6583928365633 452
453 301.6589894814022 453
454 301.6595751114256 454
455 301.6601497565867 455
456 301.6607134466549 456
457 301.6612662114013 457
458 301.6618085933672 458
459 301.6623401390052 459
460 301.6628608601325 460
461 301.6633707802779 461
462 301.6638699258053 462
463 301.6643583248681 463
464 301.6648360070481 464
465 301.6653030029826 465
466 301.6657593353118 466
467 301.6662050424644 467
468 301.666640167178 468
469 301.6670647380099 469
470 301.6674787885471 470
471 301.6678823535105 471
472 301.6682754682273 472
473 301.6686581685824 473
474 301.6690304911091 474
475 301.6693924728948 475
476 301.6697441516225 476
477 301.6700855654664 477
478 301.6704167531698 478
479 301.6707377470562 479
480 301.6710485915805 480
481 301.6713493279499 481
482 301.6716399975336 482
483 301.6719206420865 483
484 301.6721913099871 484
485 301.6724520337411 485
486 301.6727028597005 486
487 301.6729438318881 487
488 301.6731749945764 488
489 301.6733963925175 489
490 301.6736080710853 490
491 301.6738100760634 491
492 301.6740024538186 492
493 301.6741852512795 493
494 301.6743585158736 494
495 301.674522300074 495
496 301.6746766495557 496
497 301.6748216128195 497
498 301.674957239168 498
499 301.6750835747029 499
500 301.675200672517 500
501 301.6753085844499 501
502 301.675407362703 502
503 301.675497059952 503
504 301.6755777326799 504
505 301.6756494326819 505
506 301.6757122138236 506
507 301.6757661279187 507
508 301.6758112319163 508
509 301.6758475821864 509
510 301.6758752355618 510
511 301.6758942494029 511
512 301.6759046816305 512
513 301.6759065907493 513
514 301.6759000358272 514
515 301.6758850765468 515
516 301.6758617731577 516
517 301.6758301865177 517
518 301.6757903780883 518
519 301.6757424098691 519
520 301.6756863446162 520
521 301.6756222455905 521
522 301.6755501767041 522
523 301.6754702024488 523
524 301.6753823879383 524
525 301.6752867995011 525
526 301.6751835029589 526
527 301.6750725650092 527
528 301.6749540533077 528
529 301.6748280360665 529
530 301.6746945821307 530
531 301.6745537609329 531
532 301.6744056425414 532
533 301.6742502976455 533
534 301.6740877975479 534
535 301.6739182141751 535
536 301.673741619482 536
537 301.6735580874959 537
538 301.6733676919361 538
539 301.6731705080694 539
540 301.6729666098129 540
541 301.6727560728753 541
542 301.6725389735747 542
543 301.6723153888555 543
544 301.6720853948871 544
545 301.671849071314 545
546 301.6716064969557 546
547 301.6713577512454 547
548 301.6711029142363 548
549 301.6708420666235 549
550 301.6705752897142 550
551 301.6703026654585 551
552 301.6700242764266 552
553 301.6697402058118 553
554 301.6694505374423 554
555 301.6691553557814 555
556 301.668854745895 556
557 301.6685487934876 557
558 301.6682375849011 558
559 301.6679212070863 559
560 301.6675997476243 560
561 301.667273294721 561
562 301.666941937192 562
563 301.6666057644953 563
564 301.6662648667026 564
565 301.6659193345045 565
566 301.6655692592082 566
567 301.6652147327424 567
568 301.6648558476518 568
569 301.6644926971062 569
570 301.6641253748733 570
571 301.6637539753425 571
572 301.663378593529 572
573 301.6629993250399 573
574 301.6626162660991 574
575 301.6622295135533 575
576 301.6618391648373 576
577 301.6614453180068 577
578 301.6610480717129 578
579 301.6606475252194 579
580 301.6602437783912 580
581 301.6598369316789 581
582 301.6594270861593 582
583 301.6590143434855 583
584 301.6585988059123 584
585 301.658180576295 585
586 301.6577597580777 586
587 301.6573364552808 587
588 301.6569107725393 588
589 301.6564828150597 589
590 301.6560526886318 590
591 301.655620499646 591
592 301.655186355052 592
593 301.6547503624008 593
594 301.6543126297988 594
595 301.6538732659427 595
596 301.6534323847012 596
597 301.652990092086 597
598 301.6525464981664 598
599 301.6521017137222 599
600 301.6516558501944 600
601 301.6512090195945 601
602 301.6507613345366 602
603 301.6503129082097 603
604 301.6498638495968 604
605 301.6494142769645 605
606 301.6489643055392 606
607 301.6485140509317 607
608 301.6480636292575 608
609 301.6476131571144 609
610 301.6471627516157 610
611 301.6467125303945 611
612 301.6462626116228 612
613 301.6458131139706 613
614 301.6453641566584 614
615 301.644915859419 615
616 301.6444683425083 616
617 301.644021726702 617
618 301.6435761332922 618
619 301.643131688921 619
620 301.6426885119147 620
621 301.6422467247194 621
622 301.6418064504944 622
623 301.6413678129305 623
624 301.6409309363162 624
625 301.6404959454284 625
626 301.6400629655744 626
627 301.6396321225862 627
628 301.6392035427629 628
629 301.6387773529295 629
630 301.6383536803701 630
631 301.63793265288 631
632 301.63751439872 632
633 301.6370990466307 633
634 301.6366867258245 634
635 301.6362775659903 635
636 301.6358716972669 636
637 301.6354692502732 637
638 301.6350703560716 638
639 301.6346751461995 639
640 301.6342837526198 640
641 301.6338963077646 641
642 301.6335129445021 642
643 301.6331337961486 643
644 301.6327589964562 644
645 301.6323886796031 645
646 301.6320229802103 646
647 301.6316620333239 647
648 301.6313059744037 648
649 301.6309549393457 649
650 301.6306090644557 650
651 301.6302684864574 651
652 301.629933342469 652
653 301.6296037700336 653
654 301.6292799070882 654
655 301.6289618919662 655
656 301.6286498634014 656
657 301.6283439605189 657
658 301.628044322828 658
659 301.6277510902154 659
660 301.6274644029607 660
661 301.6271844017183 661
662 301.6269112275047 662
663 301.6266450217102 663
664 301.6263859260901 664
665 301.6261340827527 665
666 301.625889634178 666
667 301.6256527231917 667
668 301.6254234929503 668
669 301.6252020869832 669
670 301.6249886491412 670
671 301.6247833236171 671
672 301.6245862549427 672
673 301.6243975879634 673
674 301.6242174678518 674
675 301.6240460401086 675
676 301.6238834505571 676
677 301.6237298453083 677
678 301.6235853707926 678
679 301.6234501737441 679
680 301.623324401199 680
681 301.6232082004839 681
682 301.623101719207 682
683 301.6230051052736 683
684 301.6229185068706 684
685 301.6228420724563 685
686 301.6227759507683 686
687 301.6227202908016 687
688 301.6226752418142 688
689 301.6226411778545 689
690 301.6226179957184 690
691 301.6226058438365 691
692 301.6226048718186 692
693 301.6226152293852 693
694 301.6226370666615 694
695 301.6226703361587 695
696 301.622715448094 696
697 301.6227725470565 697
698 301.6228417796136 698
699 301.6229232941161 699
700 301.6230172401662 700
701 301.6231237681768 701
702 301.6232430292214 702
703 301.6233751748777 703
704 301.6235203571387 704
705 301.6236787283445 705
706 301.6238504411511 706
707 301.6240356484967 707
708 301.6242345035487 708
709 301.6244471597259 709
710 301.6246737706505 710
711 301.6249144901357 711
712 301.6251694721921 712
713 301.6254388710021 713
714 301.6257228409057 714
715 301.6260215364185 715
716 301.6263351121847 716
717 301.6266637229929 717
718 301.6270075237928 718
719 301.6273666696291 719
720 301.6277413156881 720
721 301.6281316172639 721
722 301.6285377297588 722
723 301.628959808691 723
724 301.6293980096643 724
725 301.6298524883906 725
726 301.6303234006472 726
727 301.6308109023089 727
728 301.6313151493252 728
729 301.6318362977061 729
730 301.6323745035368 730
731 301.6329299229581 731
732 301.6335027121709 732
733 301.6340930274152 733
734 301.6347010249769 734
735 301.6353268611828 735
736 301.6359706924025 736
737 301.636632675001 737
738 301.6373129654031 738
739 301.6380117200321 739
740 301.6387290953115 740
741 301.639465247693 741
742 301.6402203336198 742
743 301.6409945095245 743
744 301.641787931832 744
745 301.6426007569519 745
746 301.6434331412744 746
747 301.6442852411647 747
748 301.6451572129561 748
749 301.6460492129331 749
750 301.6469613973441 750
751 301.6478939223982 751
752 301.6488469442309 752
753 301.6498206189431 753
754 301.6508151025508 754
755 301.6518305510039 755
756 301.6528671201821 756
757 301.6539249658755 757
758 301.6550042437868 758
759 301.656105109548 759
760 301.6572277186615 760
761 301.6583722265397 761
762 301.6595387884882 762
763 301.6607275596955 763
764 301.6619386952249 764
765 301.6631723500215 765
766 301.6644286788941 766
767 301.6657078365107 767
768 301.6670099774049 768
769 301.668335255955 769
770 301.6696838263849 770
771 301.6710558427559 771
772 301.6724514589702 772
773 301.6738708287571 773
774 301.6753141056661 774
775 301.6767814430606 775
776 301.6782729941191 776
777 301.6797889118322 777
778 301.681329348971 778
779 301.6828944581254 779
780 301.6844843916498 780
781 301.6860993016982 781
782 301.6877393401904 782
783 301.6894046588274 783
784 301.6910954090611 784
785 301.6928117421103 785
786 301.6945538089529 786
787 301.6963217603001 787
788 301.6981157466229 788
789 301.6999359181052 789
790 301.7017824246812 790
791 301.7036554159939 791
792 301.705555041411 792
793 301.7074814500115 793
794 301.7094347905886 794
795 301.7114152116145 795
796 301.7134228612776 796
797 301.7154578874341 797
798 301.7175204376444 798
799 301.7196106591238 799
800 301.7217286987823 800
801 301.723874703169 801
802 301.7260488185001 802
803 301.7282511906496 803
804 301.7304819651269 804
805 301.7327412870917 805
806 301.7350293013393 806
807 301.7373461522824 807
808 301.7396919839607 808
809 301.7420669400351 809
810 301.7444711637588 810
811 301.7469047980159 811
812 301.7493679852565 812
813 301.7518608675488 813
814 301.7543835865384 814
815 301.7569362834275 815
816 301.7595190990359 816
817 301.7621321737097 817
818 301.764775647376 818
819 301.767449659518 819
820 301.770154349144 820
821 301.7728898548343 821
822 301.775656314693 822
823 301.7784538663465 823
824 301.7812826469524 824
825 301.7841427931857 825
826 301.7870344412376 826
827 301.7899577267898 827
828 301.7929127850256 828
829 301.7958997506302 829
830 301.7989187577737 830
831 301.801969940103 831
832 301.8050534307348 832
833 301.8081693622541 833
834 301.8113178667113 834
835 301.8144990756077 835
836 301.8177131198905 836
837 301.8209601299582 837
838 301.8242402356412 838
839 301.82755356619 839
840 301.8309002502876 840
841 301.8342804160356 841
842 301.8376941909314 842
843 301.8411417019003 843
844 301.844623075243 844
845 301.848138436661 845
846 301.851687911232 846
847 301.8552716234354 847
848 301.8588896970933 848
849 301.8625422554084 849
850 301.8662294209493 850
851 301.8699513156159 851
852 301.873708060677 852
853 301.8774997767213 853
854 301.8813265836932 854
855 301.8851886008472 855
856 301.8890859467558 856
857 301.8930187393188 857
858 301.8969870957383 858
859 301.90099113251 859
860 301.9050309654406 860
861 301.9091067096047 861
862 301.9132184793693 862
863 301.9173663883856 863
864 301.9215505495513 864
865 301.9257710750456 865
866 301.9300280762951 866
867 301.9343216639728 867
868 301.9386519480001 868
869 301.9430190375363 869
870 301.9474230409555 870
871 301.9518640658751 871
872 301.9563422191005 872
873 301.9608576066856 873
874 301.9654103338468 874
875 301.9700005050287 875
876 301.9746282238502 876
877 301.9792935931124 877
878 301.9839967148009 878
879 301.9887376900604 879
880 301.9935166192157 880
881 301.9983336017281 881
882 302.003188736229 882
883 302.0080821204821 883
884 302.01301385138 884
885 302.0179840249624 885
886 302.022992736382 886
887 302.0280400799188 887
888 302.0331261489471 888
889 302.0382510359562 889
890 302.0434148325332 890
891 302.0486176293443 891
892 302.0538595161443 892
893 302.0591405817719 893
894 302.0644609141346 894
895 302.0698206001919 895
896 302.0752197259758 896
897 302.0806583765548 897
898 302.0861366360451 898
899 302.0916545876036 899
900 302.0972123134121 900
901 302.1028098946794 901
902 302.1084474116272 902
903 302.1141249434903 903
904 302.1198425684978 904
905 302.1256003638865 905
906 302.1313984058789 906
907 302.1372367696779 907
908 302.1431155294612 908
909 302.1490347583692 909
910 302.154994528522 910
911 302.160994910982 911
912 302.1670359757642 912
913 302.1731177918237 913
914 302.17924042705 914
915 302.1854039482676 915
916 302.1916084212064 916
917 302.1978539105341 917
918 302.2041404798035 918
919 302.2104681914871 919
920 302.2168371069319 920
921 302.2232472863893 921
922 302.2296987889811 922
923 302.236191672704 923
924 302.2427259944316 924
925 302.24930180988 925
926 302.2559191736357 926
927 302.2625781391166 927
928 302.2692787585866 928
929 302.2760210831419 929
930 302.282805162696 930
931 302.2896310460016 931
932 302.296498780606 932
933 302.3034084128614 933
934 302.3103599879174 934
935 302.3173535497235 935
936 302.3243891410129 936
937 302.3314668032818 937
938 302.3385865768157 938
939 302.3457485006433 939
940 302.3529526125687 940
941 302.3601989491404 941
942 302.3674875456319 942
943 302.3748184360765 943
944 302.3821916532215 944
945 302.3896072285468 945
946 302.3970651922291 946
947 302.404565573175 947
948 302.412108398972 948
949 302.4196936959202 949
950 302.4273214889829 950
951 302.4349918018373 951
952 302.4427046567952 952
953 302.4504600748626 953
954 302.4582580756907 954
955 302.4660986775887 955
956 302.4739818975038 956
957 302.4819077510281 957
958 302.4898762523824 958
959 302.4978874144139 959
960 302.505941248586 960
961 302.5140377649705 961
962 302.5221769722313 962
963 302.5303588776493 963
964 302.5385834870821 964
965 302.5468508049678 965
966 302.5551608343284 966
967 302.56351357674 967
968 302.5719090323582 968
969 302.5803471998773 969
970 302.5888280765371 970
971 302.5973516581237 971
972 302.6059179389595 972
973 302.6145269118893 973
974 302.6231785682691 974
975 302.6318728979791 975
976 302.6406098893838 976
977 302.6493895293671 977
978 302.6582118032936 978
979 302.6670766950181 979
980 302.6759841868497 980
981 302.6849342595954 981
982 302.6939268924971 982
983 302.702962063285 983
984 302.7120397480904 984
985 302.72115992153 985
986 302.7303225566313 986
987 302.7395276248556 987
988 302.7487750960709 988
989 302.7580649385774 989
990 302.7673971190694 990
991 302.7767716026324 991
992 302.7861883527557 992
993 302.7956473313085 993
994 302.8051484985328 994
995 302.8146918130382 995
996 302.8242772318054 996
997 302.8339047101736 997
998 302.8435742018054 998
999 302.8532856587373 999
1000 302.863039031313 1000
1001 302.8728342682231 1001
1002 302.8826713164598 1002
1003 302.8925501213423 1003
1004 302.9024706264831 1004
1005 302.9124327738032 1005
1006 302.9224365035077 1006
1007 302.9324817540925 1007
1008 302.9425684623214 1008
1009 302.9526965632264 1009
1010 302.9628659901155 1010
1011 302.9730766745462 1011
1012 302.9833285463089 1012
1013 302.9936215334532 1013
1014 303.00395556226 1014
1015 303.0143305572331 1015
1016 303.0247464410843 1016
1017 303.0352031347509 1017
1018 303.0457005573824 1018
1019 303.0562386263041 1019
1020 303.0668172570546 1020
1021 303.0774363633386 1021
1022 303.0880958570382 1022
1023 303.0987956482168 1023
1024 303.1095356450786 1024
1025 303.1203157540129 1025
1026 303.131135879526 1026
1027 303.1419959242816 1027
1028 303.1528957890681 1028
1029 303.1638353728011 1029
1030 303.1748145725256 1030
1031 303.1858332833747 1031
1032 303.1968913986036 1032
1033 303.2079888095606 1033
1034 303.2191254056779 1034
1035 303.2303010744786 1035
1036 303.2415157015498 1036
1037 303.2527691705642 1037
1038 303.264061363227 1038
1039 303.2753921593213 1039
1040 303.2867614366684 1040
1041 303.2981690711271 1041
1042 303.309614936581 1042
1043 303.321098904955 1043
1044 303.3326208461701 1044
1045 303.3441806281805 1045
1046 303.3557781169155 1046
1047 303.367413176325 1047
1048 303.3790856683304 1048
1049 303.3907954528349 1049
1050 303.4025423877329 1050
1051 303.4143263288558 1051
1052 303.4261471300197 1052
1053 303.4380046429739 1053
1054 303.4498987174225 1054
1055 303.4618292010119 1055
1056 303.4737959392952 1056
1057 303.4857987757662 1057
1058 303.4978375518353 1058
1059 303.5099121068203 1059
1060 303.5220222779203 1060
1061 303.5341679002591 1061
1062 303.5463488068074 1062
1063 303.5585648284663 1063
1064 303.5708157939499 1064
1065 303.5831015298776 1065
1066 303.5954218607182 1066
1067 303.6077766087722 1067
1068 303.6201655942044 1068
1069 303.6325886350045 1069
1070 303.6450455469819 1070
1071 303.6575361437792 1071
1072 303.6700602368448 1072
1073 303.6826176354422 1073
1074 303.6952081466113 1074
1075 303.7078315752088 1075
1076 303.7204877238568 1076
1077 303.7331763929628 1077
1078 303.7458973807059 1078
1079 303.7586504830083 1079
1080 303.771435493569 1080
1081 303.7842522038227 1081
1082 303.7971004029425 1082
1083 303.8099798778508 1083
1084 303.8228904131578 1084
1085 303.8358317912277 1085
1086 303.8488037921175 1086
1087 303.8618061935945 1087
1088 303.8748387711232 1088
1089 303.887901297835 1089
1090 303.900993544576 1090
1091 303.9141152798358 1091
1092 303.9272662697892 1092
1093 303.9404462782622 1093
1094 303.9536550667303 1094
1095 303.9668923943161 1095
1096 303.9801580177815 1096
1097 303.9934516915174 1097
1098 304.006773167528 1098
1099 304.020122195437 1099
1100 304.0334985224818 1100
1101 304.0469018935017 1101
1102 304.0603320509075 1102
1103 304.0737887347158 1103
1104 304.0872716825147 1104
1105 304.1007806294594 1105
1106 304.1143153082772 1106
1107 304.1278754492328 1107
1108 304.1414607801693 1108
1109 304.1550710264358 1109
1110 304.1687059109387 1110
1111 304.1823651541088 1111
1112 304.196048473884 1112
1113 304.2097555857142 1113
1114 304.2234862025713 1114
1115 304.2372400349107 1115
1116 304.2510167906644 1116
1117 304.2648161752734 1117
1118 304.2786378916338 1118
1119 304.2924816401149 1119
1120 304.3063471185479 1120
1121 304.3202340222072 1121
1122 304.3341420438211 1122
1123 304.3480708735555 1123
1124 304.3620201989992 1124
1125 304.3759897051661 1125
1126 304.3899790744916 1126
1127 304.4039879868083 1127
1128 304.4180161193622 1128
1129 304.4320631467776 1129
1130 304.4461287410687 1130
1131 304.460212571648 1131
1132 304.4743143052629 1132
1133 304.4884336060521 1133
1134 304.5025701355052 1134
1135 304.5167235524433 1135
1136 304.5308935130475 1136
1137 304.5450796708287 1137
1138 304.559281676608 1138
1139 304.5734991785646 1139
1140 304.5877318221389 1140
1141 304.6019792501081 1141
1142 304.6162411025412 1142
1143 304.6305170167881 1143
1144 304.6448066274925 1144
1145 304.6591095665542 1145
1146 304.6734254631531 1146
1147 304.6877539437296 1147
1148 304.7020946319689 1148
1149 304.7164471487971 1149
1150 304.7308111123971 1150
1151 304.745186138165 1151
1152 304.7595718387152 1152
1153 304.773967823888 1153
1154 304.7883737007273 1154
1155 304.8027890734826 1155
1156 304.8172135435731 1156
1157 304.8316467096347 1157
1158 304.8460881674625 1158
1159 304.8605375100231 1159
1160 304.8749943274465 1160
1161 304.8894582070238 1161
1162 304.9039287331769 1162
1163 304.9184054874979 1163
1164 304.9328880486715 1164
1165 304.9473759925556 1165
1166 304.9618688920748 1166
1167 304.9763663173158 1167
1168 304.9908678354163 1168
1169 305.0053730106529 1169
1170 305.0198814043608 1170
1171 305.0343925749776 1171
1172 305.0489060780033 1172
1173 305.0634214659992 1173
1174 305.0779382885906 1174
1175 305.0924560924536 1175
1176 305.1069744213107 1176
1177 305.1214928159117 1177
1178 305.1360108140389 1178
1179 305.1505279505016 1179
1180 305.1650437571091 1180
1181 305.1795577626889 1181
1182 305.1940694930692 1182
1183 305.2085784710449 1183
1184 305.2230842164267 1184
1185 305.2375862459818 1185
1186 305.2520840734546 1186
1187 305.2665772095367 1187
1188 305.2810651618894 1188
1189 305.2955474351161 1189
1190 305.3100235307484 1190
1191 305.3244929472713 1191
1192 305.3389551800622 1192
1193 305.3534097214413 1193
1194 305.3678560606294 1194
1195 305.3822936837472 1195
1196 305.3967220737988 1196
1197 305.4111407106995 1197
1198 305.4255490712158 1198
1199 305.4399466290054 1199
1200 305.3913576586748 1200
