"bat13-rfile"
"Time Step" "bat13 etc.."
("Time Step" "bat13" "flow-time")
0 298.1499999999996 0
1 298.1863297054168 1
2 298.2217090462174 2
3 298.2563676029748 3
4 298.2904194825936 4
5 298.3239335639125 5
6 298.3569560651848 6
7 298.3895204924303 7
8 298.421652515171 8
9 298.4533726300801 9
10 298.4846978805573 10
11 298.5156425295567 11
12 298.5462187295034 12
13 298.5764373533768 13
14 298.6063077251873 14
15 298.6358381734089 15
16 298.6650362863239 16
17 298.6940903251994 17
18 298.7228428232794 18
19 298.7513935395689 19
20 298.7796755088131 20
21 298.807634432004 21
22 298.8353752612045 22
23 298.8627977759462 23
24 298.8899153290328 24
25 298.9167374607026 25
26 298.9433516875571 26
27 298.9697077026811 27
28 298.9957932942334 28
29 299.0215462965171 29
30 299.0470606965623 30
31 299.07229047754 31
32 299.0972458372682 32
33 299.1219679333987 33
34 299.1464502493895 34
35 299.1706911607994 35
36 299.1946307009497 36
37 299.2183515446567 37
38 299.2418437359361 38
39 299.2651374625602 39
40 299.2882032874807 40
41 299.3110003723942 41
42 299.3335431072849 42
43 299.3558401712907 43
44 299.3778929991286 44
45 299.3997136182348 45
46 299.4212665041569 46
47 299.4426698882442 47
48 299.4638663658498 48
49 299.4848552730095 49
50 299.5056369399727 50
51 299.5261862460742 51
52 299.5465125129946 52
53 299.5666220666066 53
54 299.5865149281993 54
55 299.6061612468004 55
56 299.6256301281996 56
57 299.6449027971865 57
58 299.6639381466682 58
59 299.6828500980091 59
60 299.7015833829415 60
61 299.7201366421955 61
62 299.7384679126374 62
63 299.7566105020231 63
64 299.7745880034225 64
65 299.7923706721035 65
66 299.8099905734906 66
67 299.8274226567063 67
68 299.8446717047501 68
69 299.8617420129412 69
70 299.8786189038938 70
71 299.8953496660596 71
72 299.9118896441223 72
73 299.9282261320954 73
74 299.9444256430879 74
75 299.9604861024033 75
76 299.9763473747678 76
77 299.9920434202616 77
78 300.0075876534982 78
79 300.022978637818 79
80 300.0381815471426 80
81 300.0532960318453 81
82 300.0682521489143 82
83 300.0830545819269 83
84 300.0977276073218 84
85 300.1122467971274 85
86 300.1265838491221 86
87 300.1408135285948 87
88 300.1548638517175 88
89 300.16877628247 89
90 300.1825482504062 90
91 300.1961880785771 91
92 300.2097258651108 92
93 300.2230932991461 93
94 300.2363814140483 94
95 300.2495304520307 95
96 300.2625128633807 96
97 300.2754145262326 97
98 300.2881819477482 98
99 300.300785882356 99
100 300.3132980637286 100
101 300.3256864949697 101
102 300.3379226235366 102
103 300.3500372202071 103
104 300.3620409434599 104
105 300.373912257032 105
106 300.3856772931438 106
107 300.3973145065569 107
108 300.4088463655112 108
109 300.4202958860029 109
110 300.4316043991112 110
111 300.4427745505407 111
112 300.4538459089638 112
113 300.4648022022987 113
114 300.4756327032687 114
115 300.48637308807 115
116 300.4969736458875 116
117 300.5074671972695 117
118 300.5178613024408 118
119 300.5281389305927 119
120 300.5383071473478 120
121 300.5483867160042 121
122 300.5583706148778 122
123 300.5682755590451 123
124 300.5780799255728 124
125 300.58778426521 125
126 300.5974124208361 126
127 300.6069228646101 127
128 300.6163332077224 128
129 300.62565652879 129
130 300.6348787462431 130
131 300.6439926987316 131
132 300.6530300413917 132
133 300.6619836180802 133
134 300.6708398876896 134
135 300.6796240227879 135
136 300.6883155108318 136
137 300.696932293564 137
138 300.7054725359745 138
139 300.71394857316 139
140 300.7223489220439 140
141 300.7306805860667 141
142 300.7389416360797 142
143 300.7471578984581 143
144 300.7553150210154 144
145 300.7634091001097 145
146 300.7714295325956 146
147 300.7793793022593 147
148 300.7872596128531 148
149 300.7950712284108 149
150 300.8028237667191 150
151 300.8105055658919 151
152 300.8181193034094 152
153 300.825666195826 153
154 300.8331471000049 154
155 300.8405713270624 155
156 300.8479362458692 156
157 300.8552329598165 157
158 300.8624645563253 158
159 300.8696405559798 159
160 300.8767508035547 160
161 300.8838059510735 161
162 300.8908027260795 162
163 300.8977430729956 163
164 300.9046189311725 164
165 300.9114394423736 165
166 300.91819799574 166
167 300.9248967502672 167
168 300.9315370479799 168
169 300.9381199216368 169
170 300.9446462508245 170
171 300.9511240345055 171
172 300.957544211083 172
173 300.9639089732039 173
174 300.9702194664619 174
175 300.9764765513198 175
176 300.9826878724404 176
177 300.9888515280656 177
178 300.9949603225296 178
179 301.0010234737019 179
180 301.0070329781663 180
181 301.0129912358985 181
182 301.0188993942448 182
183 301.0247583663588 183
184 301.0305689323911 184
185 301.0363317343781 185
186 301.0420404704192 186
187 301.0477164883509 187
188 301.0533511486433 188
189 301.0589371827552 189
190 301.0644700964031 190
191 301.0699769507146 191
192 301.0754354282058 192
193 301.0808482023638 193
194 301.0862165526757 194
195 301.0915414615845 195
196 301.0968236641938 196
197 301.1020638400819 197
198 301.107275349603 198
199 301.1124419769806 199
200 301.1175718431364 200
201 301.1226586024521 201
202 301.1276975973912 202
203 301.1327087478168 203
204 301.1376792241018 204
205 301.1426157854117 205
206 301.1475117591798 206
207 301.1523743686313 207
208 301.1572087972419 208
209 301.1620130195153 209
210 301.1667747217448 210
211 301.1714908110781 211
212 301.1761803665362 212
213 301.1808319730446 213
214 301.1854469495555 214
215 301.1900262218605 215
216 301.1945639366364 216
217 301.1990893735482 217
218 301.2035869481695 218
219 301.20805020533 219
220 301.2124793558444 220
221 301.2168719564505 221
222 301.2212400356263 222
223 301.2255655520681 223
224 301.2298603245637 224
225 301.2341257915012 225
226 301.2383711107518 226
227 301.2425913182929 227
228 301.2467801217084 228
229 301.2509374638917 229
230 301.2550541128878 230
231 301.2591490106367 231
232 301.2632120451212 232
233 301.2672479120286 233
234 301.2712570781375 234
235 301.2752441776316 235
236 301.2792030558015 236
237 301.2831342178836 237
238 301.2870341609171 238
239 301.290908749939 239
240 301.2947534749471 240
241 301.2985738259679 241
242 301.3023739055176 242
243 301.3061523563765 243
244 301.309899909493 244
245 301.3136187246682 245
246 301.3173139944336 246
247 301.3209813345225 247
248 301.3246220794349 248
249 301.3282369976975 249
250 301.3318266306388 250
251 301.3353861119342 251
252 301.3389302906602 252
253 301.3424575485371 253
254 301.3459580161186 254
255 301.349433191527 255
256 301.3528783818259 256
257 301.3563038917253 257
258 301.3597165645405 258
259 301.3631117898622 259
260 301.3664750647157 260
261 301.3698297777235 261
262 301.3731579175391 262
263 301.3764648745075 263
264 301.3797506079786 264
265 301.3830152723348 265
266 301.3862630441721 266
267 301.3894857422616 267
268 301.3926922695947 268
269 301.3958775680201 269
270 301.3990419388698 270
271 301.4021777200595 271
272 301.4053022152761 272
273 301.4083978569079 273
274 301.4114863050865 274
275 301.414557669972 275
276 301.4176078320021 276
277 301.420634414627 277
278 301.4236458435834 278
279 301.4266373778145 279
280 301.4296015940917 280
281 301.4325550804689 281
282 301.435489454678 282
283 301.4383966518911 283
284 301.4412865218495 284
285 301.4441577830796 285
286 301.4470118479667 286
287 301.449847398493 287
288 301.4526698694559 288
289 301.455472291933 289
290 301.4582554916443 290
291 301.4610199545217 291
292 301.4637660551164 292
293 301.4664970129987 293
294 301.4692091802865 294
295 301.4719061732303 295
296 301.4745906928655 296
297 301.4772555186106 297
298 301.4799018035223 298
299 301.4825263039805 299
300 301.4851460596655 300
301 301.4877419403657 301
302 301.4903258436596 302
303 301.492891538875 303
304 301.4954424038671 304
305 301.4979752319389 305
306 301.5004935176916 306
307 301.5029902917155 307
308 301.5054763878897 308
309 301.5079452933081 309
310 301.5103975181967 310
311 301.5128333961163 311
312 301.5152531875153 312
313 301.5176570672044 313
314 301.5200478267829 314
315 301.5224276928367 315
316 301.5247899927629 316
317 301.5271357551167 317
318 301.5294655477552 318
319 301.5317851465377 319
320 301.5340896254306 320
321 301.5363772729403 321
322 301.5386489153149 322
323 301.5409049783144 323
324 301.543145731985 324
325 301.5453713832657 325
326 301.5475840161229 326
327 301.5497864694403 327
328 301.5519774574176 328
329 301.5541535370402 329
330 301.5563150677052 330
331 301.5584568961417 331
332 301.5605850549443 332
333 301.562704915357 333
334 301.5648081907411 334
335 301.5668958617744 335
336 301.5689684092588 336
337 301.5710261330065 337
338 301.5730692640815 338
339 301.5750951858069 339
340 301.577114151915 340
341 301.5791144836556 341
342 301.5811097647662 342
343 301.5830904007746 343
344 301.5850525847551 344
345 301.5870044282145 345
346 301.5889411350091 346
347 301.5908631683262 347
348 301.5927708296161 348
349 301.5946688875725 349
350 301.5965560309623 350
351 301.5984287884715 351
352 301.6002904254461 352
353 301.6021360093164 353
354 301.6039708436627 354
355 301.605789852156 355
356 301.6075909212636 356
357 301.6093840858268 357
358 301.6111635844402 358
359 301.6129296625485 359
360 301.6146808702891 360
361 301.6164193299436 361
362 301.6181474465073 362
363 301.6198643552745 363
364 301.6215695749991 364
365 301.623260709939 365
366 301.6249377857941 366
367 301.6266012477793 367
368 301.6282516543675 368
369 301.6298886023816 369
370 301.6315083160883 370
371 301.633119537977 371
372 301.6347175108925 372
373 301.6363046950564 373
374 301.637880467722 374
375 301.6394380802074 375
376 301.6409827186293 376
377 301.6425205108429 377
378 301.6440465358862 378
379 301.645558671963 379
380 301.6470556801605 380
381 301.6485418423921 381
382 301.6500131328734 382
383 301.6514702241474 383
384 301.6529135602398 384
385 301.65434675355 385
386 301.6557671685375 386
387 301.6571745087012 387
388 301.6585689955594 388
389 301.6599507391936 389
390 301.6613218023641 390
391 301.6626816223246 391
392 301.6640298592473 392
393 301.6653632561879 393
394 301.6666840061 394
395 301.6679918208725 395
396 301.6692868633632 396
397 301.6705692197928 397
398 301.6718407974882 398
399 301.6730992751463 399
400 301.6743466958552 400
401 301.6755809385158 401
402 301.676802506546 402
403 301.6780114820075 403
404 301.6792076816837 404
405 301.6803912895564 405
406 301.6815590674076 406
407 301.6827180485343 407
408 301.6838645354204 408
409 301.6849953763175 409
410 301.6861173892365 410
411 301.6872238402871 411
412 301.6883183127171 412
413 301.6894038115315 413
414 301.6904769264313 414
415 301.6915347177717 415
416 301.6925836010358 416
417 301.6936202104592 417
418 301.6946460938009 418
419 301.6956594144324 419
420 301.6966603500983 420
421 301.6976490456269 421
422 301.6986269891019 422
423 301.6995938209049 423
424 301.7005451470105 424
425 301.7014872308872 425
426 301.7024182452208 426
427 301.7033368815003 427
428 301.7042432568717 428
429 301.705137512327 429
430 301.706019739208 430
431 301.7068899918778 431
432 301.707747416057 432
433 301.708592359769 433
434 301.7094257200147 434
435 301.7102485925411 435
436 301.7110568274824 436
437 301.7118534340161 437
438 301.71264195823 438
439 301.7134183631077 439
440 301.7141829432831 440
441 301.714935772607 441
442 301.7156778027707 442
443 301.7164053583369 443
444 301.7171235836177 444
445 301.7178300602167 445
446 301.7185248760016 446
447 301.7192080974339 447
448 301.7198778215473 448
449 301.7205377768759 449
450 301.7211841473049 450
451 301.7218207749183 451
452 301.7224461685574 452
453 301.7230597985714 453
454 301.7236606469201 454
455 301.7242497095972 455
456 301.7248275559202 456
457 301.7253932782201 457
458 301.7259479645752 458
459 301.7264902756447 459
460 301.7270209970811 460
461 301.7275403106197 461
462 301.7280487906275 462
463 301.7285469702113 463
464 301.7290333772514 464
465 301.7295075693056 465
466 301.7299701907432 466
467 301.7304214845444 467
468 301.7308623052758 468
469 301.7312926478874 469
470 301.7317123985287 470
471 301.7321219799415 471
472 301.7325200385527 472
473 301.7329072348497 473
474 301.7332842565492 474
475 301.733649530179 475
476 301.7340042877913 476
477 301.7343486422412 477
478 301.7346836697316 478
479 301.7350083038053 479
480 301.7353219465649 480
481 301.7356260740856 481
482 301.73591987357 482
483 301.7362035287764 483
484 301.7364769078409 484
485 301.736741025863 485
486 301.736994531702 486
487 301.7372386840125 487
488 301.7374724442316 488
489 301.7376969996963 489
490 301.7379118690947 490
491 301.7381165844408 491
492 301.7383116611555 492
493 301.7384971378222 493
494 301.7386734233439 494
495 301.7388404772726 495
496 301.7389982775837 496
497 301.7391474398375 497
498 301.7392867265137 498
499 301.7394168924068 499
500 301.7395374186412 500
501 301.7396486581738 501
502 301.7397506447306 502
503 301.7398436614437 503
504 301.7399277032819 504
505 301.7400028249787 505
506 301.7400690372954 506
507 301.7401267128028 507
508 301.7401753972686 508
509 301.7402149992872 509
510 301.7402457328841 510
511 301.7402677830281 511
512 301.7402808985624 512
513 301.7402853882676 513
514 301.7402813283918 514
515 301.7402689294889 515
516 301.7402480097156 516
517 301.7402188487143 517
518 301.7401813847487 518
519 301.7401356983912 519
520 301.7400818696985 520
521 301.740019924852 521
522 301.7399498935045 522
523 301.7398719119841 523
524 301.7397861858357 524
525 301.7396925155892 525
526 301.7395910378322 526
527 301.7394818279677 527
528 301.7393650213198 528
529 301.7392404345014 529
530 301.7391083116848 530
531 301.7389689019132 531
532 301.7388219583441 532
533 301.7386677418484 533
534 301.7385063333009 534
535 301.7383378997075 535
536 301.7381621471713 536
537 301.7379795509894 537
538 301.7377897505912 538
539 301.7375931490615 539
540 301.7373898056684 540
541 301.7371798912988 541
542 301.7369630181535 542
543 301.7367396615738 543
544 301.736509874029 544
545 301.7362738331931 545
546 301.7360310852952 546
547 301.7357821947978 547
548 301.7355271325992 548
549 301.7352659266382 549
550 301.7349986559222 550
551 301.7347254207059 551
552 301.7344458484427 552
553 301.7341606182133 553
554 301.7338697788803 554
555 301.7335733922234 555
556 301.7332714702341 556
557 301.7329641438913 557
558 301.7326509631423 558
559 301.7323326961034 559
560 301.7320094540739 560
561 301.731681313478 561
562 301.7313480297662 562
563 301.7310095196318 563
564 301.7306661258972 564
565 301.7303180482892 565
566 301.7299646962868 566
567 301.7296069204526 567
568 301.7292448508737 568
569 301.728878516999 569
570 301.7285076671188 570
571 301.7281326916253 571
572 301.7277537815634 572
573 301.7273702921694 573
574 301.7269824801841 574
575 301.7265915219738 575
576 301.7261968247319 576
577 301.7257991228819 577
578 301.7253976632633 578
579 301.72499335074 579
580 301.7245860841327 580
581 301.7241758668409 581
582 301.723762754643 582
583 301.7233466968623 583
584 301.7229283035132 584
585 301.7225077341429 585
586 301.7220843201476 586
587 301.7216586725776 587
588 301.7212307290949 588
589 301.7208002624197 589
590 301.7203673601599 590
591 301.7199322650848 591
592 301.7194951072312 592
593 301.7190553686362 593
594 301.7186140583261 594
595 301.7181716936033 595
596 301.7177279296392 596
597 301.717282861753 597
598 301.7168362076438 598
599 301.7163875005714 599
600 301.7159378259486 600
601 301.7154871616856 601
602 301.7150356110386 602
603 301.7145832030654 603
604 301.7141301356135 604
605 301.7136765215301 605
606 301.7132218085823 606
607 301.7127670470394 607
608 301.712312725583 608
609 301.7118585049398 609
610 301.7114044833547 610
611 301.7109497222929 611
612 301.7104957260367 612
613 301.710042568279 613
614 301.7095896822617 614
615 301.7091376906592 615
616 301.7086869128166 616
617 301.7082370200491 617
618 301.7077878611236 618
619 301.707340346987 619
620 301.7068936874653 620
621 301.7064484164018 621
622 301.7060045599051 622
623 301.7055619575681 623
624 301.7051206394497 624
625 301.7046810334161 625
626 301.7042432956599 626
627 301.7038070590526 627
628 301.7033736631104 628
629 301.7029424544453 629
630 301.7025141469235 630
631 301.7020881486352 631
632 301.7016652824718 632
633 301.7012449388445 633
634 301.7008278766209 634
635 301.7004140815376 635
636 301.7000033327855 636
637 301.6995956377332 637
638 301.6991914070343 638
639 301.698791236925 639
640 301.6983946036221 640
641 301.698002226002 641
642 301.697613618397 642
643 301.6972295008626 643
644 301.6968494303812 644
645 301.6964740642261 645
646 301.6961034106183 646
647 301.6957372789045 647
648 301.6953756145276 648
649 301.6950190199335 649
650 301.6946678021038 650
651 301.6943217633485 651
652 301.6939813618729 652
653 301.6936466204581 653
654 301.6933173781211 654
655 301.6929935865801 655
656 301.6926758612303 656
657 301.6923644567042 657
658 301.692059212175 658
659 301.6917605370415 659
660 301.6914684181922 660
661 301.6911830370858 661
662 301.6909042925436 662
663 301.6906320716847 663
664 301.6903673003953 664
665 301.6901099236738 665
666 301.6898598194765 666
667 301.6896170210126 667
668 301.6893819537419 668
669 301.6891549207365 669
670 301.6889359625766 670
671 301.6887250093127 671
672 301.6885220975683 672
673 301.6883276620002 673
674 301.6881419501944 674
675 301.6879650218387 675
676 301.6877968455483 676
677 301.6876374592119 677
678 301.6874873752054 678
679 301.6873466435883 679
680 301.6872152725089 680
681 301.6870934530065 681
682 301.6869812219384 682
683 301.6868790971139 683
684 301.6867870523591 684
685 301.6867052602825 685
686 301.6866338089387 686
687 301.686572870815 687
688 301.6865225527902 688
689 301.686482995872 689
690 301.686454373589 690
691 301.6864368136059 691
692 301.6864304687007 692
693 301.6864354889267 693
694 301.6864520230911 694
695 301.6864802468654 695
696 301.6865203230964 696
697 301.6865724848343 697
698 301.6866368439914 698
699 301.686713589452 699
700 301.6868028361208 700
701 301.6869046677862 701
702 301.6870194456849 702
703 301.6871473135603 703
704 301.6872884160582 704
705 301.6874429034942 705
706 301.6876109282712 706
707 301.6877926434116 707
708 301.6879882032206 708
709 301.6881977625528 709
710 301.688421476483 710
711 301.6886595016284 711
712 301.6889119934062 712
713 301.6891791091673 713
714 301.6894610052786 714
715 301.6897578391055 715
716 301.6900697678172 716
717 301.6903969489154 717
718 301.6907395400156 718
719 301.6910976989012 719
720 301.691471583501 720
721 301.6918613518669 721
722 301.692267162179 722
723 301.692689172736 723
724 301.6931275419375 724
725 301.6935824282717 725
726 301.6940539903393 726
727 301.6945423867961 727
728 301.6950477763987 728
729 301.6955703179615 729
730 301.6961101703853 730
731 301.6966674926101 731
732 301.6972424436398 732
733 301.6978351825304 733
734 301.6984458683815 734
735 301.6990746603274 735
736 301.6997217175378 736
737 301.7003871992242 737
738 301.7010712645895 738
739 301.7017740728853 739
740 301.7024957833547 740
741 301.7032365552587 741
742 301.7039965478488 742
743 301.7047759203845 743
744 301.7055748321056 744
745 301.7063934422398 745
746 301.7072319100013 746
747 301.7080903945595 747
748 301.7089690550818 748
749 301.7098680506642 749
750 301.7107875403915 750
751 301.7117276832764 751
752 301.7126886382935 752
753 301.7136705643553 753
754 301.7146736203039 754
755 301.7156979649184 755
756 301.7167437568986 756
757 301.7178111548712 757
758 301.7189003173552 758
759 301.7200114028024 759
760 301.7211445695539 760
761 301.7222999758484 761
762 301.7234777798062 762
763 301.7246781394547 763
764 301.7259012126834 764
765 301.7271471572546 765
766 301.7284161308127 766
767 301.7297082908552 767
768 301.7310237947295 768
769 301.7323627996385 769
770 301.7337254626465 770
771 301.7351119406283 771
772 301.7365223903113 772
773 301.7379569682439 773
774 301.739415830803 774
775 301.7408991341781 775
776 301.7424070343525 776
777 301.7439396871383 777
778 301.7454972481363 778
779 301.747079872741 779
780 301.7486877161292 780
781 301.7503209332522 781
782 301.75197967886 782
783 301.7536641074512 783
784 301.7553743732918 784
785 301.7571106304035 785
786 301.7588730325577 786
787 301.7606617332837 787
788 301.7624768858344 788
789 301.7643186432058 789
790 301.7661871581111 790
791 301.7680825829974 791
792 301.7700050700156 792
793 301.7719547710299 793
794 301.7739318376147 794
795 301.7759364210249 795
796 301.7779686722212 796
797 301.7800287418398 797
798 301.7821167802047 798
799 301.7842329373133 799
800 301.7863773628063 800
801 301.7885502060128 801
802 301.7907516159108 802
803 301.7929817411189 803
804 301.7952407298952 804
805 301.7975287301403 805
806 301.7998458893877 806
807 301.8021923547919 807
808 301.8045682731134 808
809 301.8069737907422 809
810 301.809409053663 810
811 301.8118742074643 811
812 301.8143693973199 812
813 301.8168947679919 813
814 301.8194504638315 814
815 301.822036628755 815
816 301.8246534062505 816
817 301.8273009393615 817
818 301.8299793706967 818
819 301.832688842404 819
820 301.8354294961795 820
821 301.838201473255 821
822 301.8410049143911 822
823 301.8438399598704 823
824 301.8467067494977 824
825 301.8496054225812 825
826 301.8525361179409 826
827 301.8554989738963 827
828 301.8584941282529 828
829 301.8615217183015 829
830 301.8645818808177 830
831 301.8676747520543 831
832 301.8708004677121 832
833 301.8739591629703 833
834 301.8771509724513 834
835 301.8803760302292 835
836 301.8836344698201 836
837 301.8869264241721 837
838 301.8902520256675 838
839 301.8936114060928 839
840 301.8970046966641 840
841 301.9004320280085 841
842 301.9038935301493 842
843 301.9073893325064 843
844 301.9109195638798 844
845 301.9144843524732 845
846 301.9180838258481 846
847 301.921718110949 847
848 301.9253873340671 848
849 301.9290916208616 849
850 301.9328310963422 850
851 301.9366058848576 851
852 301.9404161101024 852
853 301.9442618950937 853
854 301.9481433621646 854
855 301.9520606329846 855
856 301.9560138285175 856
857 301.9600030690451 857
858 301.964028474134 858
859 301.9680901626474 859
860 301.9721882527382 860
861 301.9763228618278 861
862 301.9804941066171 862
863 301.9847021030599 863
864 301.9889469663829 864
865 301.9932288110484 865
866 301.9975477507751 866
867 302.0019038985245 867
868 302.0062973664662 868
869 302.0107282660235 869
870 302.0151967078079 870
871 302.0197028016697 871
872 302.0242466566496 872
873 302.028828380983 873
874 302.0334480821109 874
875 302.038105866642 875
876 302.0428018403668 876
877 302.0475361082687 877
878 302.0523087744571 878
879 302.0571199422262 879
880 302.0619697140214 880
881 302.066858191416 881
882 302.0717854751341 882
883 302.0767516650245 883
884 302.0817568600604 884
885 302.0868011583345 885
886 302.0918846570495 886
887 302.0970074525122 887
888 302.1021696401268 888
889 302.1073713143716 889
890 302.1126125688365 890
891 302.1178934961624 891
892 302.1232141880841 892
893 302.1285747353703 893
894 302.1339752278731 894
895 302.1394157544727 895
896 302.1448964031069 896
897 302.1504172607343 897
898 302.1559784133578 898
899 302.1615799459909 899
900 302.167221942666 900
901 302.1729044864221 901
902 302.1786276593137 902
903 302.1843915423532 903
904 302.1901962155767 904
905 302.1960417579816 905
906 302.2019282475538 906
907 302.2078557612288 907
908 302.2138243749113 908
909 302.2198341634609 909
910 302.2258852006828 910
911 302.2319775593101 911
912 302.2381113110223 912
913 302.2442865264152 913
914 302.2505032750079 914
915 302.2567616252275 915
916 302.2630616444105 916
917 302.2694033987842 917
918 302.2757869534702 918
919 302.2822123724744 919
920 302.288679718678 920
921 302.2951890538343 921
922 302.3017404385553 922
923 302.3083339323168 923
924 302.3149695934279 924
925 302.3216474790499 925
926 302.3283676451868 926
927 302.3351301466502 927
928 302.3419350370991 928
929 302.3487823689854 929
930 302.3556721935668 930
931 302.3626045609149 931
932 302.3695795198835 932
933 302.3765971181183 933
934 302.383657402039 934
935 302.390760416846 935
936 302.3979062064867 936
937 302.4050948136814 937
938 302.4123262799 938
939 302.4196006453412 939
940 302.4269179489683 940
941 302.434278228445 941
942 302.4416815201722 942
943 302.4491278592649 943
944 302.4566172795451 944
945 302.4641498135269 945
946 302.4717254924408 946
947 302.4793443461841 947
948 302.4870064033415 948
949 302.4947116911673 949
950 302.5024602355821 950
951 302.510252061177 951
952 302.5180871911748 952
953 302.5259656474525 953
954 302.5338874505318 954
955 302.5418526195548 955
956 302.549861172285 956
957 302.5579131251091 957
958 302.5660084930179 958
959 302.5741472896042 959
960 302.5823295270555 960
961 302.5905552161577 961
962 302.5988243662583 962
963 302.6071369852846 963
964 302.615493079739 964
965 302.6238926546725 965
966 302.632335713696 966
967 302.6408222589442 967
968 302.6493522911251 968
969 302.6579258094449 969
970 302.6665428116407 970
971 302.6752032939834 971
972 302.6839072512307 972
973 302.6926546766491 973
974 302.7014455619946 974
975 302.7102798975279 975
976 302.7191576719686 976
977 302.7280788725171 977
978 302.7370434848452 978
979 302.7460514930729 979
980 302.7551028797801 980
981 302.7641976259826 981
982 302.7733357111391 982
983 302.7825171131345 983
984 302.7917418082805 984
985 302.8010097712906 985
986 302.8103209753042 986
987 302.8196753918537 987
988 302.8290729908601 988
989 302.8385137406366 989
990 302.8479976078719 990
991 302.8575245576203 991
992 302.8670945533221 992
993 302.8767075567524 993
994 302.8863635280399 994
995 302.8960624256562 995
996 302.9058042064289 996
997 302.915588825478 997
998 302.9254162362736 998
999 302.9352863905841 999
1000 302.9451992384912 1000
1001 302.9551547283739 1001
1002 302.9651528068925 1002
1003 302.97519341901 1003
1004 302.9852765079592 1004
1005 302.9954020152322 1005
1006 303.0055698806029 1006
1007 303.0157800420802 1007
1008 303.0260324359369 1008
1009 303.0363269966779 1009
1010 303.0466636570544 1010
1011 303.0570423480116 1011
1012 303.0674629987574 1012
1013 303.0779255366754 1013
1014 303.0884298873696 1014
1015 303.0989759746427 1015
1016 303.1095637204788 1016
1017 303.1201930450483 1017
1018 303.1308638666945 1018
1019 303.1415761019275 1019
1020 303.1523296654259 1020
1021 303.1631244700051 1021
1022 303.1739604266489 1022
1023 303.1848374444573 1023
1024 303.1957554306742 1024
1025 303.2067142906537 1025
1026 303.2177139278937 1026
1027 303.228754243963 1027
1028 303.2398351385598 1028
1029 303.2509565094703 1029
1030 303.2621182525579 1030
1031 303.2733202617778 1031
1032 303.284562429153 1032
1033 303.295844644767 1033
1034 303.3071667967645 1034
1035 303.3185287713383 1035
1036 303.3299304527274 1036
1037 303.3413717232001 1037
1038 303.352852463061 1038
1039 303.364372550628 1039
1040 303.3759318622247 1040
1041 303.3875302722029 1041
1042 303.3991676528942 1042
1043 303.4108438746269 1043
1044 303.4225588057124 1044
1045 303.4343123124389 1045
1046 303.4461042590615 1046
1047 303.4579345077963 1047
1048 303.4698029188124 1048
1049 303.4817093502448 1049
1050 303.4936536581217 1050
1051 303.5056356964586 1051
1052 303.517655317151 1052
1053 303.5297123700366 1053
1054 303.5418067028554 1054
1055 303.5539381612468 1055
1056 303.5661065887483 1056
1057 303.5783118267765 1057
1058 303.5905537146442 1058
1059 303.6028320895304 1059
1060 303.6151467864657 1060
1061 303.6274976383482 1061
1062 303.6398844759296 1062
1063 303.6523071278005 1063
1064 303.6647654203886 1064
1065 303.6772591779477 1065
1066 303.6897882225503 1066
1067 303.7023523740823 1067
1068 303.7149514502378 1068
1069 303.7275852665081 1069
1070 303.7402536361752 1070
1071 303.7529563703092 1071
1072 303.7656932777376 1072
1073 303.7784641650809 1073
1074 303.7912688366974 1074
1075 303.8041070947199 1075
1076 303.8169787390099 1076
1077 303.8298835671703 1077
1078 303.8428213745552 1078
1079 303.8557919542127 1079
1080 303.8687950969269 1080
1081 303.881830591169 1081
1082 303.8948982231454 1082
1083 303.907997776725 1083
1084 303.9211290334762 1084
1085 303.934291772654 1085
1086 303.947485771158 1086
1087 303.9607108035781 1087
1088 303.9739666421509 1088
1089 303.9872530567645 1089
1090 304.0005698149376 1090
1091 304.0139166818371 1091
1092 304.0272934202439 1092
1093 304.0406997905657 1093
1094 304.0541355508236 1094
1095 304.0676004566311 1095
1096 304.081094261208 1096
1097 304.0946167153599 1097
1098 304.1081675674732 1098
1099 304.1217465635111 1099
1100 304.1353534469994 1100
1101 304.1489879590191 1101
1102 304.162649838213 1102
1103 304.1763388207605 1103
1104 304.1900546403813 1104
1105 304.2037970283155 1105
1106 304.2175657133293 1106
1107 304.2313604217208 1107
1108 304.2451808772575 1108
1109 304.2590268012295 1109
1110 304.2728979124283 1110
1111 304.2867939270943 1111
1112 304.30071455898 1112
1113 304.3146595192863 1113
1114 304.3286285166727 1114
1115 304.3426212572795 1115
1116 304.3566374446514 1116
1117 304.3706767798044 1117
1118 304.3847389611727 1118
1119 304.3988236846128 1119
1120 304.4129306434089 1120
1121 304.4270595282385 1121
1122 304.4412100271912 1122
1123 304.4553818257386 1123
1124 304.4695746067499 1124
1125 304.4837880504682 1125
1126 304.4980218344984 1126
1127 304.5122756338294 1127
1128 304.5265491207828 1128
1129 304.5408419650412 1129
1130 304.5551538336258 1130
1131 304.5694843908987 1131
1132 304.5838332985221 1132
1133 304.5982002155057 1133
1134 304.6125847981477 1134
1135 304.6269867000655 1135
1136 304.6414055721632 1136
1137 304.6558410626318 1137
1138 304.6702928169422 1138
1139 304.6847604778433 1139
1140 304.699243685345 1140
1141 304.7137420767114 1141
1142 304.7282552864691 1142
1143 304.74278294637 1143
1144 304.7573246854138 1144
1145 304.7718801298178 1145
1146 304.7864489030282 1146
1147 304.8010306256933 1147
1148 304.8156249156806 1148
1149 304.8302313880337 1149
1150 304.8448496550078 1150
1151 304.8594793260176 1151
1152 304.874120007673 1152
1153 304.8887713037353 1153
1154 304.9034328151274 1154
1155 304.9181041399349 1155
1156 304.9327848733739 1156
1157 304.9474746078025 1157
1158 304.9621729327066 1158
1159 304.9768794346923 1159
1160 304.9915936974828 1160
1161 305.006315301898 1161
1162 305.0210438258667 1162
1163 305.0357788444129 1163
1164 305.0505199296219 1164
1165 305.0652666506726 1165
1166 305.0800185738089 1166
1167 305.0947752623262 1167
1168 305.1095362765968 1168
1169 305.1243011739991 1169
1170 305.1390695089914 1170
1171 305.1538408330308 1171
1172 305.1686146945993 1172
1173 305.1833906392237 1173
1174 305.1981682093987 1174
1175 305.2129469446383 1175
1176 305.2277263814551 1176
1177 305.2425060533317 1177
1178 305.2572854907327 1178
1179 305.2720642210944 1179
1180 305.2868417688128 1180
1181 305.3016176552309 1181
1182 305.3163913986522 1182
1183 305.3311625143081 1183
1184 305.3459305143689 1184
1185 305.3606949079135 1185
1186 305.3754552009556 1186
1187 305.3902108964068 1187
1188 305.4049614940846 1188
1189 305.4197064906829 1189
1190 305.4344453798172 1190
1191 305.449177651928 1191
1192 305.4639027943817 1192
1193 305.4786202913646 1193
1194 305.4933296239435 1194
1195 305.508030270022 1195
1196 305.5227217043461 1196
1197 305.5374033984842 1197
1198 305.5520748208427 1198
1199 305.5667354366504 1199
1200 305.5181549236398 1200
