"bat15-rfile"
"Time Step" "bat15 etc.."
("Time Step" "bat15" "flow-time")
0 298.1500000000025 0
1 298.1863270318343 1
2 298.2216988148514 2
3 298.2563520074662 3
4 298.2904044389423 4
5 298.3239261695742 5
6 298.3569633787827 6
7 298.3895487937677 7
8 298.4217072482741 8
9 298.4534582893749 9
10 298.4848200888688 10
11 298.515804934052 11
12 298.5464267280029 12
13 298.5766979844009 13
14 298.6066279505405 14
15 298.6362218379883 15
16 298.6654900231034 16
17 298.6946096623954 17
18 298.7234346045316 18
19 298.7520566673235 19
20 298.7804166221434 20
21 298.808460188327 21
22 298.8362857333324 22
23 298.8638014499203 23
24 298.8910172652684 24
25 298.9179422281647 25
26 298.9446599924934 26
27 298.97112590544 27
28 298.9973258665841 28
29 299.0232005007136 29
30 299.0488381382655 30
31 299.0741963971892 31
32 299.0992841091822 32
33 299.1241408749109 33
34 299.1487611817083 34
35 299.1731434727496 35
36 299.197230405388 36
37 299.221099343798 37
38 299.2447423794425 38
39 299.2681879828118 39
40 299.2914105262602 40
41 299.3143683950834 41
42 299.3370746127976 42
43 299.3595376383319 43
44 299.381758779524 44
45 299.4037496445686 45
46 299.4254788146667 46
47 299.4470561366875 47
48 299.4684280037805 48
49 299.4895936970606 49
50 299.510553538935 50
51 299.5312836606846 51
52 299.5517919954135 52
53 299.5720847559996 53
54 299.592162205963 54
55 299.6119982038159 55
56 299.6316554853335 56
57 299.6511163755681 57
58 299.6703445979869 58
59 299.689445947707 59
60 299.7083688107627 60
61 299.7271119510172 61
62 299.745635265062 62
63 299.7639695153426 63
64 299.7821378678406 64
65 299.8001127911278 65
66 299.8179241097399 66
67 299.8355488439861 67
68 299.8529907513584 68
69 299.870253966633 69
70 299.8873245817148 70
71 299.9042472981673 71
72 299.920980764101 72
73 299.9375126072507 73
74 299.9539058153229 74
75 299.9701579594442 75
76 299.9862126541889 76
77 300.0021011998204 77
78 300.0178368009805 78
79 300.0334187523825 79
80 300.0488156446045 80
81 300.0641209260411 81
82 300.0792682583947 82
83 300.0942617433213 83
84 300.1091246252494 84
85 300.12383406996 85
86 300.1383627943903 86
87 300.1527822313617 87
88 300.1670250843918 88
89 300.1811288816775 89
90 300.1950934426959 90
91 300.2089239936246 91
92 300.2226504788882 92
93 300.2362091356629 93
94 300.2496847917708 94
95 300.2630214278495 95
96 300.2761916931483 96
97 300.2892783600649 97
98 300.3022306599189 98
99 300.3150229947488 99
100 300.3277209222953 100
101 300.340294589248 101
102 300.3527147569875 102
103 300.3650166380456 103
104 300.377204026253 104
105 300.3892617744797 105
106 300.4012095875572 106
107 300.4130319111221 107
108 300.4247448227999 108
109 300.4363738478409 109
110 300.4478652284348 110
111 300.4592181561723 111
112 300.4704683813848 112
113 300.4816062511143 113
114 300.4926173523426 114
115 300.5035336623733 115
116 300.5143153741247 116
117 300.5249844193517 117
118 300.5355574930932 118
119 300.5460082155614 119
120 300.5563537871909 120
121 300.566608222142 121
122 300.576766753604 122
123 300.5868395393899 123
124 300.596818170139 124
125 300.6066947401789 125
126 300.6164877805782 126
127 300.6261732182631 127
128 300.6357575078054 128
129 300.6452457831041 129
130 300.6546351565525 130
131 300.6639264785114 131
132 300.6731286509085 132
133 300.6822490288752 133
134 300.6912814159872 134
135 300.7002311541298 135
136 300.7090988998748 136
137 300.7178896072839 137
138 300.7266046701504 138
139 300.735247987581 139
140 300.743816867584 140
141 300.7523159310411 141
142 300.760743469167 142
143 300.7691243634869 143
144 300.7774455326356 144
145 300.7857036020725 145
146 300.7938884186004 146
147 300.8020026524321 147
148 300.8100475170477 148
149 300.8180237863938 149
150 300.8259406603818 150
151 300.8337871638805 151
152 300.8415655807436 152
153 300.8492771439276 153
154 300.8569226506079 154
155 300.8645110099256 155
156 300.8720398619008 156
157 300.8795001105852 157
158 300.8868952859145 158
159 300.8942343979528 159
160 300.901507258743 160
161 300.9087246329868 161
162 300.9158832830709 162
163 300.9229846624015 163
164 300.9300216044623 164
165 300.9370025095632 165
166 300.943921185651 166
167 300.9507794651098 167
168 300.9575786209713 168
169 300.964319618174 169
170 300.9710032872123 170
171 300.9776374130373 171
172 300.9842133418314 172
173 300.9907330460912 173
174 300.9971975605971 174
175 301.0036077635933 175
176 301.009970966936 176
177 301.016285611816 177
178 301.0225447626615 178
179 301.0287570341499 179
180 301.0349150398514 180
181 301.0410208667255 181
182 301.0470757320172 182
183 301.053080535941 183
184 301.059036113592 184
185 301.0649431585914 185
186 301.0707965006545 186
187 301.0766158787057 187
188 301.082392683105 188
189 301.0881210646831 189
190 301.0937957247453 190
191 301.0994438726518 191
192 301.1050429881278 192
193 301.1105964312043 193
194 301.1161044666914 194
195 301.1215693273083 195
196 301.1269906847909 196
197 301.1323695820531 197
198 301.1377196527044 198
199 301.1430246308831 199
200 301.1482923134748 200
201 301.1535170033565 201
202 301.1586947619507 202
203 301.1638441129306 203
204 301.1689526846824 204
205 301.1740269523439 205
206 301.1790607897453 206
207 301.1840610162374 207
208 301.1890328019771 208
209 301.1939744091862 209
210 301.1988741240826 210
211 301.2037290530607 211
212 301.2085568789727 212
213 301.2133466611207 213
214 301.2180997334431 214
215 301.222817038827 215
216 301.2274940050571 216
217 301.2321574047735 217
218 301.236792830867 218
219 301.2413940414472 219
220 301.2459611475168 220
221 301.2504917423925 221
222 301.2549972592902 222
223 301.2594612401695 223
224 301.2638952920149 224
225 301.2682995477443 225
226 301.2726823662627 226
227 301.2770393840891 227
228 301.281364895589 228
229 301.285658679622 229
230 301.289913474875 230
231 301.2941454540612 231
232 301.2983452901971 232
233 301.3025173507094 233
234 301.3066622333984 234
235 301.3107843692193 235
236 301.3148780260233 236
237 301.3189435355861 237
238 301.3229775525523 238
239 301.3269856412702 239
240 301.330963590969 240
241 301.3349165773954 241
242 301.3388486895757 242
243 301.3427587116987 243
244 301.3466377521706 244
245 301.3504876402971 245
246 301.3543132939715 246
247 301.3581106452207 247
248 301.3618809047113 248
249 301.3656247810545 249
250 301.3693427599223 250
251 301.3730304820149 251
252 301.3767017997141 252
253 301.3803551932067 253
254 301.3839814303946 254
255 301.3875817519355 255
256 301.3911524168217 256
257 301.3947025749002 257
258 301.3982387127832 258
259 301.4017564883088 259
260 301.405242972121 260
261 301.4087193629339 261
262 301.4121688924582 262
263 301.4155964266234 263
264 301.4190020359748 264
265 301.4223858855122 265
266 301.4257520768705 266
267 301.4290929032347 267
268 301.432416637055 268
269 301.4357186580628 269
270 301.4389991445953 270
271 301.4422508293596 271
272 301.4454902558971 272
273 301.4487011571013 273
274 301.451903577886 274
275 301.4550883054315 275
276 301.4582513559062 276
277 301.4613904082837 277
278 301.4645134847788 278
279 301.4676162251359 279
280 301.4706913426517 280
281 301.4737548327983 281
282 301.4767986378151 282
283 301.4798156870759 283
284 301.4828144558972 284
285 301.4857948172065 285
286 301.4887568898419 286
287 301.4917006803448 287
288 301.4946303777035 288
289 301.4975394507273 289
290 301.5004287198793 290
291 301.5032986464724 291
292 301.5061496623951 292
293 301.5089848644004 293
294 301.5118008610883 294
295 301.5146010716918 295
296 301.5173881630692 296
297 301.5201553506329 297
298 301.5229035634934 298
299 301.5256297869132 299
300 301.5283503304046 300
301 301.5310473586572 301
302 301.5337316986828 302
303 301.5363973911673 303
304 301.5390476996618 304
305 301.5416796136007 305
306 301.5442964367591 306
307 301.5468917633781 307
308 301.5494757543366 308
309 301.5520421513245 309
310 301.5545914667573 310
311 301.5571240307803 311
312 301.5596400797786 312
313 301.5621398104052 313
314 301.5646259279916 314
315 301.5671006472046 315
316 301.5695576420088 316
317 301.5719977732068 317
318 301.5744215893347 318
319 301.5768346024232 319
320 301.5792322617288 320
321 301.5816128238642 321
322 301.5839770584048 322
323 301.5863253469527 323
324 301.5886579512561 324
325 301.5909751088515 325
326 301.5932788117832 326
327 301.5955718302225 327
328 301.5978530083916 328
329 301.6001190839103 329
330 301.6023702919939 330
331 301.6046018919473 331
332 301.6068198101154 332
333 301.6090286428937 333
334 301.6112206053912 334
335 301.6133965909407 335
336 301.6155570690699 336
337 301.6177023481841 337
338 301.6198326618835 338
339 301.6219456553683 339
340 301.6240509796298 340
341 301.6261379577972 341
342 301.628219007265 342
343 301.6302851084976 343
344 301.6323325646503 344
345 301.6343691172752 345
346 301.6363901378715 346
347 301.6383960888832 347
348 301.6403872720902 348
349 301.6423682680695 349
350 301.6443379919444 350
351 301.6462931080138 351
352 301.6482366563823 352
353 301.6501639976051 353
354 301.6520800899598 354
355 301.6539801813641 355
356 301.6558626090192 356
357 301.6577364255352 357
358 301.6595961983455 358
359 301.6614421441095 359
360 301.6632729405096 360
361 301.6650905545041 361
362 301.6668973355368 362
363 301.6686925318247 363
364 301.6704756645595 364
365 301.6722444449475 365
366 301.673998823626 366
367 301.6757392326239 367
368 301.6774662353035 368
369 301.6791794295096 369
370 301.6808753323579 370
371 301.6825621067701 371
372 301.6842352462051 372
373 301.6858971463056 373
374 301.6875472668077 374
375 301.6891794527946 375
376 301.6907982957243 376
377 301.6924095608969 377
378 301.6940086461546 378
379 301.6955935477552 379
380 301.6971630390249 380
381 301.6987211461437 381
382 301.7002641869852 382
383 301.7017926855385 383
384 301.7033070677292 384
385 301.7048107769817 385
386 301.7063014006063 386
387 301.7077786106069 387
388 301.7092426322518 388
389 301.7106935361237 389
390 301.7121333167617 390
391 301.7135614993193 391
392 301.7149777588397 392
393 301.7163789844286 393
394 301.7177671725343 394
395 301.7191420796696 395
396 301.7205038598148 396
397 301.7218526019541 397
398 301.723190153249 398
399 301.7245143351481 399
400 301.7258270512525 400
401 301.7271263008367 401
402 301.7284125481403 402
403 301.7296858645237 403
404 301.7309460721588 404
405 301.7321933516279 405
406 301.7334247355072 406
407 301.7346467599979 407
408 301.735855920026 408
409 301.7370493543445 409
410 301.7382334029045 410
411 301.7394017880824 411
412 301.7405578941107 412
413 301.7417044487002 413
414 301.7428382396776 414
415 301.7439565993029 415
416 301.7450654942592 416
417 301.7461617396272 417
418 301.7472468383671 418
419 301.7483190864222 419
420 301.749378618425 420
421 301.7504255712007 421
422 301.7514613787213 422
423 301.7524857489609 423
424 301.7534945621065 424
425 301.7544936340176 425
426 301.7554812454068 426
427 301.7564561927236 427
428 301.7574185530888 428
429 301.7583684652611 429
430 301.7593060131577 430
431 301.7602312566245 431
432 301.7611433931886 432
433 301.7620427355245 433
434 301.7629301305228 434
435 301.7638066588104 435
436 301.7646685462369 436
437 301.7655184702053 437
438 301.7663597832359 438
439 301.7671886832935 439
440 301.768005435094 440
441 301.7688101143879 441
442 301.7696036360478 442
443 301.7703826898431 443
444 301.7711519413739 444
445 301.7719091244236 445
446 301.7726543279285 446
447 301.773387621685 447
448 301.7741072229057 448
449 301.77481659737 449
450 301.7755124178947 450
451 301.7761979930821 451
452 301.7768720086665 452
453 301.7775339694737 453
454 301.7781828079039 454
455 301.7788198843681 455
456 301.7794451337737 456
457 301.7800583566038 457
458 301.7806598012139 458
459 301.7812487161299 459
460 301.7818257527383 460
461 301.7823910913078 461
462 301.7829456081139 462
463 301.7834889612365 463
464 301.7840203837485 464
465 301.7845399165418 465
466 301.785047567713 466
467 301.7855436378632 467
468 301.7860288422693 468
469 301.7865032105126 469
470 301.7869662183708 470
471 301.7874187624673 471
472 301.7878600451743 472
473 301.7882901005787 473
474 301.7887090675681 474
475 301.7891168455807 475
476 301.7895136624288 476
477 301.7898997631399 477
478 301.7902755991224 478
479 301.7906408498699 479
480 301.790995385727 480
481 301.791339394007 481
482 301.7916729049102 482
483 301.791995998484 483
484 301.7923089728707 484
485 301.7926118219775 485
486 301.7929044113058 486
487 301.7931867931302 487
488 301.7934590746296 488
489 301.7937213395679 489
490 301.7939737200122 490
491 301.7942160890861 491
492 301.7944484879242 492
493 301.7946710168148 493
494 301.7948840283144 494
495 301.795087501224 495
496 301.7952814215484 496
497 301.7954661765614 497
498 301.7956410842402 498
499 301.795806325761 499
500 301.795961959049 500
501 301.796108009734 501
502 301.7962445560137 502
503 301.7963718453652 503
504 301.7964898824478 504
505 301.796598727488 505
506 301.796698395798 506
507 301.7967891333212 507
508 301.7968706507418 508
509 301.7969429700867 509
510 301.7970061675818 510
511 301.7970603150438 511
512 301.7971054556538 512
513 301.7971416990135 513
514 301.7971691439054 514
515 301.7971878923593 515
516 301.7971979902166 516
517 301.7971994823712 517
518 301.7971924397486 518
519 301.7971769260244 519
520 301.7971530214377 520
521 301.7971208123972 521
522 301.7970802757762 522
523 301.7970315513407 523
524 301.7969747662505 524
525 301.7969098927032 525
526 301.7968369665083 526
527 301.7967560757239 527
528 301.7966672664394 528
529 301.7965705525258 529
530 301.7964660546347 530
531 301.7963539237296 531
532 301.7962341729604 532
533 301.7961068974278 533
534 301.795972201943 534
535 301.795830125573 535
536 301.795680672475 536
537 301.7955239551646 537
538 301.7953600142588 538
539 301.7951890087746 539
540 301.7950110387046 540
541 301.7948261085465 541
542 301.7946342283437 542
543 301.7944355965614 543
544 301.7942303114432 544
545 301.7940183576089 545
546 301.7937997491641 546
547 301.7935747212187 547
548 301.7933433081143 548
549 301.7931055251946 549
550 301.7928612801648 550
551 301.7926108747326 551
552 301.7923541493201 552
553 301.7920914905616 553
554 301.7918230095917 554
555 301.791548764378 555
556 301.7912685842862 556
557 301.7909828109729 557
558 301.7906912232463 558
559 301.790394268719 559
560 301.7900921230839 560
561 301.789784885865 561
562 301.789472302909 562
563 301.7891541322888 563
564 301.7888308802806 564
565 301.7885027211647 565
566 301.7881692921443 566
567 301.7878311722578 567
568 301.787488560769 568
569 301.787141487922 569
570 301.7867895763544 570
571 301.7864333479885 571
572 301.7860729697084 572
573 301.7857080056904 573
574 301.7853384935909 574
575 301.7849654291305 575
576 301.784588736659 576
577 301.7842085047079 577
578 301.7838246950107 578
579 301.7834377227827 579
580 301.7830476111292 580
581 301.7826541218243 581
582 301.7822576093077 582
583 301.7818582208907 583
584 301.78145618159 584
585 301.7810514810873 585
586 301.7806441963228 586
587 301.7802343869734 587
588 301.7798221238781 588
589 301.7794072039083 589
590 301.7789894818311 590
591 301.7785694521743 591
592 301.7781471587205 592
593 301.777722379495 593
594 301.7772957501782 594
595 301.7768675906434 595
596 301.776437951951 596
597 301.7760068176477 597
598 301.7755739468389 598
599 301.7751391586711 599
600 301.7747031585002 600
601 301.7742660535337 601
602 301.7738279345914 602
603 301.7733886036846 603
604 301.7729485102974 604
605 301.7725076704084 605
606 301.7720658288795 606
607 301.7716236612106 607
608 301.7711814956641 608
609 301.7707393706615 609
610 301.7702972641566 610
611 301.7698545667906 611
612 301.7694123256213 612
613 301.7689705572377 613
614 301.7685293079284 614
615 301.7680886724066 615
616 301.7676488771291 616
617 301.7672099382459 617
618 301.7667717771646 618
619 301.7663347509553 619
620 301.7658987831759 620
621 301.765463974319 621
622 301.765030500601 622
623 301.764598220166 623
624 301.7641670303509 624
625 301.7637374821023 625
626 301.7633096271226 626
627 301.7628832711665 627
628 301.7624593257702 628
629 301.7620376942233 629
630 301.7616185666283 630
631 301.761201914164 631
632 301.7607879806179 632
633 301.7603767499972 633
634 301.7599685399405 634
635 301.7595635048334 635
636 301.7591614622432 636
637 301.7587622995349 637
638 301.7583666543724 638
639 301.7579746768805 639
640 301.7575863379969 640
641 301.7572018901449 641
642 301.756821335627 642
643 301.7564449357052 643
644 301.7560726958856 644
645 301.7557049281967 645
646 301.7553417898913 646
647 301.7549831369192 647
648 301.7546288836296 648
649 301.7542796501862 649
650 301.7539355590108 650
651 301.753596627866 651
652 301.7532631312502 652
653 301.7529352171649 653
654 301.752612774736 654
655 301.7522957441506 655
656 301.7519847233852 656
657 301.751679820777 657
658 301.7513810728541 658
659 301.7510886911226 659
660 301.7508028343055 660
661 301.7505236016416 661
662 301.7502509359171 662
663 301.7499848072528 663
664 301.7497259671377 664
665 301.7494744747856 665
666 301.7492302479407 666
667 301.7489932647915 667
668 301.7487640072166 668
669 301.7485426235768 669
670 301.7483292446816 670
671 301.7481238450682 671
672 301.7479264421877 672
673 301.7477374834879 673
674 301.747557107675 674
675 301.7473854517017 675
676 301.7472225274845 676
677 301.7470683799367 677
678 301.7469234674572 678
679 301.7467878213483 679
680 301.7466614855089 680
681 301.7465446506066 681
682 301.7464373787957 682
683 301.746340125869 683
684 301.7462529156819 684
685 301.7461759053118 685
686 301.7461092087024 686
687 301.7460529770983 687
688 301.746007344005 688
689 301.7459724437326 689
690 301.7459484384917 690
691 301.7459354805668 691
692 301.7459337295708 692
693 301.7459433300959 693
694 301.7459644252037 694
695 301.7459972001531 695
696 301.7460418302431 696
697 301.7460985270026 697
698 301.7461674256434 698
699 301.7462486902764 699
700 301.7463424600784 700
701 301.7464488225017 701
702 301.7465681306363 702
703 301.7467005260594 703
704 301.7468461547635 704
705 301.747005166801 705
706 301.7471777149938 706
707 301.7473639539959 707
708 301.7475640396351 708
709 301.7477781285917 709
710 301.7480063781759 710
711 301.7482489461837 711
712 301.7485059908267 712
713 301.7487776706491 713
714 301.7490641444661 714
715 301.7493655713544 715
716 301.7496821105951 716
717 301.7500139216767 717
718 301.750361164267 718
719 301.7507239981991 719
720 301.751102583451 720
721 301.7514970801407 721
722 301.751907648516 722
723 301.75233444893 723
724 301.7527776418553 724
725 301.7532373878554 725
726 301.7537138476013 726
727 301.7542071818461 727
728 301.7547175514139 728
729 301.7552451172166 729
730 301.7557900402425 730
731 301.7563524815222 731
732 301.7569326021651 732
733 301.7575305633276 733
734 301.7581465262083 734
735 301.7587806520549 735
736 301.7594331021423 736
737 301.7601040377941 737
738 301.760793620338 738
739 301.7615020111468 739
740 301.7622293715864 740
741 301.7629758630421 741
742 301.763741646903 742
743 301.7645268845627 743
744 301.7653317373971 744
745 301.766156366788 745
746 301.7670009340779 746
747 301.7678656006065 747
748 301.7687505276662 748
749 301.7696558765481 749
750 301.7705818084616 750
751 301.7715284846039 751
752 301.7724960661146 752
753 301.7734847140719 753
754 301.7744945894974 754
755 301.7755258533465 755
756 301.7765786665041 756
757 301.7776531897674 757
758 301.778749583865 758
759 301.7798680094249 759
760 301.7810086269864 760
761 301.7821715969901 761
762 301.7833570797563 762
763 301.7845652355133 763
764 301.7857962243607 764
765 301.7870502062817 765
766 301.7883273411175 766
767 301.7896277885907 767
768 301.7909517082663 768
769 301.79229925958 769
770 301.7936706018095 770
771 301.7950658940661 771
772 301.7964852953102 772
773 301.7979289643206 773
774 301.7993970597094 774
775 301.8008897399072 775
776 301.8024071631559 776
777 301.8039494875013 777
778 301.805516870789 778
779 301.8071094706672 779
780 301.8087274445671 780
781 301.8103709497034 781
782 301.8120401430704 782
783 301.8137351814431 783
784 301.8154562213347 784
785 301.8172034190389 785
786 301.818976930614 786
787 301.8207769118307 787
788 301.822603518225 788
789 301.8244569050727 789
790 301.8263372273585 790
791 301.8282446398081 791
792 301.8301792968504 792
793 301.8321413526402 793
794 301.8341309610307 794
795 301.8361482755633 795
796 301.8381934494911 796
797 301.8402666357384 797
798 301.8423679869198 798
799 301.8444976553115 799
800 301.8466557928765 800
801 301.8488425512176 801
802 301.851058081626 802
803 301.8533025350019 803
804 301.8555760619195 804
805 301.8578788125736 805
806 301.8602109368017 806
807 301.862572584057 807
808 301.8649639034174 808
809 301.8673850435643 809
810 301.8698361527964 810
811 301.8723173790044 811
812 301.8748288696764 812
813 301.8773707718896 813
814 301.879943232291 814
815 301.8825463971202 815
816 301.885180412165 816
817 301.8878454227868 817
818 301.8905415739084 818
819 301.8932690099863 819
820 301.8960278750302 820
821 301.8988183125834 821
822 301.9016404657237 822
823 301.9044944770446 823
824 301.9073804886634 824
825 301.9102986422046 825
826 301.913249078797 826
827 301.9162319390742 827
828 301.9192473631591 828
829 301.9222954906563 829
830 301.9253764606474 830
831 301.9284904116955 831
832 301.9316374818219 832
833 301.9348178085046 833
834 301.9380315286856 834
835 301.9412787787509 835
836 301.9445596945068 836
837 301.9478744112224 837
838 301.9512230635767 838
839 301.9546057856677 839
840 301.958022711022 840
841 301.9614739725624 841
842 301.9649597026189 842
843 301.9684800329063 843
844 301.9720350945287 844
845 301.9756250179896 845
846 301.9792499331482 846
847 301.9829099692309 847
848 301.9866052548429 848
849 301.990335917924 849
850 301.9941020857741 850
851 301.9979038850396 851
852 302.0017414416847 852
853 302.0056148810112 853
854 302.0095243276531 854
855 302.0134699055474 855
856 302.0174517379332 856
857 302.0214699473723 857
858 302.0255246557005 858
859 302.0296159840593 859
860 302.0337440528548 860
861 302.0379089817899 861
862 302.0421108898101 862
863 302.0463498951476 863
864 302.0506261152702 864
865 302.0549396669068 865
866 302.0592906660131 866
867 302.0636792277993 867
868 302.0681054666928 868
869 302.0725694963381 869
870 302.0770714296083 870
871 302.0816113785567 871
872 302.0861894544777 872
873 302.0908057678297 873
874 302.0954604282631 874
875 302.1001535446089 875
876 302.1048852248919 876
877 302.1096555762774 877
878 302.1144647051087 878
879 302.1193127168619 879
880 302.1241997161935 880
881 302.1291258068623 881
882 302.1340910917853 882
883 302.139095672997 883
884 302.1441396516532 884
885 302.1492231280205 885
886 302.1543462014712 886
887 302.1595089704771 887
888 302.1647115325983 888
889 302.169953984492 889
890 302.1752364218797 890
891 302.1805589395549 891
892 302.1859216313903 892
893 302.1913245902971 893
894 302.1967679082424 894
895 302.2022516762498 895
896 302.2077759843625 896
897 302.2133409216699 897
898 302.2189465762571 898
899 302.2245930352595 899
900 302.230280384797 900
901 302.2360087100003 901
902 302.2417780949949 902
903 302.2475886228974 903
904 302.2534403757952 904
905 302.2593334347599 905
906 302.2652678798214 906
907 302.2712437899863 907
908 302.27726124319 908
909 302.2833203163298 909
910 302.2894210852448 910
911 302.2955636246952 911
912 302.3017480083716 912
913 302.3079743088812 913
914 302.3142425977535 914
915 302.3205529453963 915
916 302.3269054211447 916
917 302.3333000932074 917
918 302.3397370286717 918
919 302.3462162935084 919
920 302.3527379525642 920
921 302.3593020695316 921
922 302.3659087069668 922
923 302.372557926278 923
924 302.3792497877091 924
925 302.3859843503245 925
926 302.3927616720457 926
927 302.3995818095827 927
928 302.4064448184683 928
929 302.4133507530557 929
930 302.4202996664766 930
931 302.4272916106621 931
932 302.4343266363186 932
933 302.4414047929417 933
934 302.4485261287904 934
935 302.4556906908841 935
936 302.4628985250077 936
937 302.4701496756819 937
938 302.4774441861667 938
939 302.4847820984759 939
940 302.4921634533222 940
941 302.4995882901646 941
942 302.5070566471596 942
943 302.5145685611698 943
944 302.5221240677516 944
945 302.52972320117 945
946 302.5373659943644 946
947 302.5450524789336 947
948 302.5527826851783 948
949 302.5605566420402 949
950 302.5683743771119 950
951 302.5762359166444 951
952 302.5841412855421 952
953 302.5920905073061 953
954 302.6000836041061 954
955 302.6081205966951 955
956 302.6162015044579 956
957 302.6243263453807 957
958 302.6324951360441 958
959 302.6407078916228 959
960 302.6489646258675 960
961 302.657265351112 961
962 302.6656100782528 962
963 302.6739988167539 963
964 302.6824315746285 964
965 302.6909083584372 965
966 302.6994291732709 966
967 302.707994022776 967
968 302.716602909097 968
969 302.725255832923 969
970 302.733952793425 970
971 302.7426937882942 971
972 302.7514788137224 972
973 302.760307864377 973
974 302.7691809334034 974
975 302.7780980124422 975
976 302.7870590915832 976
977 302.7960641593735 977
978 302.8051132028245 978
979 302.8142062073859 979
980 302.8233431569456 980
981 302.8325240338106 981
982 302.8417488187339 982
983 302.8510174908694 983
984 302.8603300277789 984
985 302.8696864054195 985
986 302.8790865981564 986
987 302.8885305787329 987
988 302.8980183182765 988
989 302.9075497862684 989
990 302.9171249505787 990
991 302.9267437774187 991
992 302.9364062313484 992
993 302.9461122752793 993
994 302.9558618704527 994
995 302.9656549764324 995
996 302.9754915511048 996
997 302.985371550688 997
998 302.9952949296643 998
999 303.005261640859 999
1000 303.0152716353429 1000
1001 303.0253248625148 1001
1002 303.0354212700166 1002
1003 303.0455608037744 1003
1004 303.0557434079644 1004
1005 303.0659690250303 1005
1006 303.0762375956523 1006
1007 303.0865490587427 1007
1008 303.0969033514632 1008
1009 303.1073004091809 1009
1010 303.1177401654954 1010
1011 303.1282225522077 1011
1012 303.1387474993122 1012
1013 303.1493149350148 1013
1014 303.1599247856979 1014
1015 303.1705769759238 1015
1016 303.1812714284279 1016
1017 303.1920080641104 1017
1018 303.2027868020278 1018
1019 303.2136075593873 1019
1020 303.2244702515384 1020
1021 303.2353747919616 1021
1022 303.2463210922734 1022
1023 303.2573090622016 1023
1024 303.2683386095823 1024
1025 303.2794096403809 1025
1026 303.2905220586313 1026
1027 303.3016757664693 1027
1028 303.3128706641126 1028
1029 303.3241066498643 1029
1030 303.3353836200765 1030
1031 303.3467014691752 1031
1032 303.3580600896346 1032
1033 303.3694593719757 1033
1034 303.3808992047533 1034
1035 303.3923794745561 1035
1036 303.4039000659934 1036
1037 303.4154608616935 1037
1038 303.4270617422897 1038
1039 303.4387025864143 1039
1040 303.4503832707024 1040
1041 303.4621036697536 1041
1042 303.4738636561707 1042
1043 303.4856631005084 1043
1044 303.4975018712933 1044
1045 303.5093798349992 1045
1046 303.5212968560606 1046
1047 303.5332527968409 1047
1048 303.5452475176388 1048
1049 303.557280876685 1049
1050 303.5693527301157 1050
1051 303.5814629319966 1051
1052 303.5936113342746 1052
1053 303.6057977868037 1053
1054 303.6180221373232 1054
1055 303.6302842314539 1055
1056 303.642583912693 1056
1057 303.6549210223964 1057
1058 303.66729539977 1058
1059 303.6797068818929 1059
1060 303.6921553036615 1060
1061 303.7046404978328 1061
1062 303.7171622949671 1062
1063 303.7297205234502 1063
1064 303.7423150094972 1064
1065 303.7549455771111 1065
1066 303.7676120481021 1066
1067 303.7803142420459 1067
1068 303.7930519763426 1068
1069 303.8058250661355 1069
1070 303.8186333243376 1070
1071 303.8314765616323 1071
1072 303.8443545864505 1072
1073 303.8572672049627 1073
1074 303.8702142210803 1074
1075 303.8831954364444 1075
1076 303.8962106504237 1076
1077 303.9092596600809 1077
1078 303.9223422602132 1078
1079 303.935458243287 1079
1080 303.9486073994904 1080
1081 303.9617895166689 1081
1082 303.9750043803552 1082
1083 303.9882517737595 1083
1084 304.0015314777389 1084
1085 304.0148432708081 1085
1086 304.0281869291217 1086
1087 304.0415622264975 1087
1088 304.0549689343483 1088
1089 304.0684068217402 1089
1090 304.0818756553311 1090
1091 304.0953751994009 1091
1092 304.1089052158273 1092
1093 304.1224654640832 1093
1094 304.1360557012197 1094
1095 304.1496756818692 1095
1096 304.1633251582304 1096
1097 304.1770038800672 1097
1098 304.1907115946995 1098
1099 304.2044480469972 1099
1100 304.2182129793548 1100
1101 304.232006131717 1101
1102 304.2458272415384 1102
1103 304.2596760437933 1103
1104 304.2735522709776 1104
1105 304.2874556530672 1105
1106 304.3013859175518 1106
1107 304.3153427893923 1107
1108 304.3293259910267 1108
1109 304.3433352423797 1109
1110 304.3573702608264 1110
1111 304.3714307611989 1111
1112 304.3855164557814 1112
1113 304.399627054292 1113
1114 304.413762263892 1114
1115 304.427921789149 1115
1116 304.4421053320647 1116
1117 304.4563125920409 1117
1118 304.4705432658942 1118
1119 304.4847970478135 1119
1120 304.4990736293919 1120
1121 304.5133726996054 1121
1122 304.5276939447828 1122
1123 304.5420370486221 1123
1124 304.556401692187 1124
1125 304.5707875538878 1125
1126 304.5851943094643 1126
1127 304.5996216320012 1127
1128 304.6140691918994 1128
1129 304.6285366568858 1129
1130 304.6430236919854 1130
1131 304.657529959549 1131
1132 304.6720551191895 1132
1133 304.6865988278359 1133
1134 304.7011607396724 1134
1135 304.7157405061768 1135
1136 304.7303377760807 1136
1137 304.7449521953622 1137
1138 304.7595834072666 1138
1139 304.7742310522712 1139
1140 304.7888947680803 1140
1141 304.8035741896375 1141
1142 304.8182689490926 1142
1143 304.8329786758097 1143
1144 304.8477029963576 1144
1145 304.8624415344973 1145
1146 304.8771939111806 1146
1147 304.8919597445277 1147
1148 304.9067386498466 1148
1149 304.9215302395997 1149
1150 304.9363341234031 1150
1151 304.9511499080305 1151
1152 304.9659771973888 1152
1153 304.9808155925231 1153
1154 304.9956646916017 1154
1155 305.0105240899127 1155
1156 305.0253933798489 1156
1157 305.0402721509143 1157
1158 305.0551599896979 1158
1159 305.0700564798911 1159
1160 305.084961202238 1160
1161 305.0998737345839 1161
1162 305.1147936518227 1162
1163 305.1297205259011 1163
1164 305.1446539258261 1164
1165 305.159593417631 1165
1166 305.1745385644001 1166
1167 305.1894889262239 1167
1168 305.2044440602318 1168
1169 305.2194035205407 1169
1170 305.2343668582851 1170
1171 305.2493336215913 1171
1172 305.2643033555545 1172
1173 305.2792756022879 1173
1174 305.2942499008419 1174
1175 305.3092257872351 1175
1176 305.3242027944597 1176
1177 305.3391804524369 1177
1178 305.3541582880377 1178
1179 305.3691358250693 1179
1180 305.3841125842515 1180
1181 305.3990880832321 1181
1182 305.4140618365618 1182
1183 305.429033355698 1183
1184 305.4440021489922 1184
1185 305.4589677216794 1185
1186 305.4739295758674 1186
1187 305.4888872105443 1187
1188 305.503840121568 1188
1189 305.5187878016316 1189
1190 305.5337297402814 1190
1191 305.5486654239231 1191
1192 305.5635943357674 1192
1193 305.5785159558685 1193
1194 305.5934297610862 1194
1195 305.6083352250972 1195
1196 305.6232318183723 1196
1197 305.6381190081767 1197
1198 305.6529962585706 1198
1199 305.6678630303779 1199
1200 305.6194898631546 1200
