"bat11-rfile"
"Time Step" "bat11 etc.."
("Time Step" "bat11" "flow-time")
0 298.1499999999924 0
1 298.1863138553676 1
2 298.2216648188934 2
3 298.2562863788254 3
4 298.290297347369 4
5 298.3237702150997 5
6 298.3567541285045 6
7 298.3892843316402 7
8 298.4213883716868 8
9 298.4530880275864 9
10 298.4844006429925 10
11 298.5153406353656 11
12 298.5459190854439 12
13 298.5761466093556 13
14 298.6060336382024 14
15 298.6355892835732 15
16 298.6648206080365 16
17 298.6939213467537 17
18 298.722672627431 18
19 298.7512703210937 19
20 298.779578222366 20
21 298.8075547732054 21
22 298.8353595730439 22
23 298.8628102150192 23
24 298.8899674139136 24
25 298.9168374124819 25
26 298.9435416420139 26
27 298.9699686840567 27
28 298.9961311900851 28
29 299.0219423309725 29
30 299.0475480191347 30
31 299.0728597367491 31
32 299.0979028284048 32
33 299.1227311598761 33
34 299.1473230504463 34
35 299.1716771142443 35
36 299.1957110537251 36
37 299.2195554522515 37
38 299.2431742697464 38
39 299.2666146650023 39
40 299.2898113709499 40
41 299.3127321445774 41
42 299.3354045836621 42
43 299.3578361915925 43
44 299.3800259155622 44
45 299.4019887517039 45
46 299.4237071325038 46
47 299.44527301189 47
48 299.4666326846271 48
49 299.4877861954515 49
50 299.5087342666747 50
51 299.5294415452576 51
52 299.5499290657075 52
53 299.5702027589542 53
54 299.5902607920923 54
55 299.6100933576055 55
56 299.6297280873079 56
57 299.6491764062843 57
58 299.6684049903475 58
59 299.6875071029003 59
60 299.7064299333709 60
61 299.7251727433816 61
62 299.7436775989315 62
63 299.7620038121756 63
64 299.7801751862418 64
65 299.7981416538158 65
66 299.8159568142244 66
67 299.8335757924272 67
68 299.8510133250012 68
69 299.868273438547 69
70 299.885334491588 70
71 299.9022658850681 71
72 299.9189913668866 72
73 299.9355339700901 73
74 299.9519234092355 74
75 299.9681886135277 75
76 299.9842330412155 76
77 300.0001201568081 77
78 300.0158611351272 78
79 300.0314486942849 79
80 300.0468615534396 80
81 300.0621842455503 81
82 300.0773389084331 82
83 300.0923401058703 83
84 300.1072203275231 84
85 300.1219376367436 85
86 300.1364841103733 86
87 300.1509141186104 87
88 300.1651769491328 88
89 300.1793015895856 89
90 300.1932888599179 90
91 300.2071428697392 91
92 300.2208846876205 92
93 300.234466503467 93
94 300.2479664189914 94
95 300.261318032244 95
96 300.2745096601498 96
97 300.2876194434121 97
98 300.3005858347552 98
99 300.3133998356728 99
100 300.3261140360513 100
101 300.3387048255394 101
102 300.3511475778075 102
103 300.3634732454809 103
104 300.3756854308513 104
105 300.3877678621627 105
106 300.399741024218 106
107 300.4115884846357 107
108 300.4233268603686 108
109 300.4349752162859 109
110 300.446492278679 110
111 300.4578696445045 111
112 300.469146388198 112
113 300.4803113231393 113
114 300.4913473814948 114
115 300.5022906861467 115
116 300.513098492079 116
117 300.523797564899 117
118 300.5343968773813 118
119 300.5448738543606 119
120 300.5552469463722 120
121 300.5655321069178 121
122 300.5757213868761 122
123 300.5858228430832 123
124 300.5958266998874 124
125 300.6057312702335 125
126 300.6155500838937 126
127 300.6252637620768 127
128 300.6348780527797 128
129 300.6443968334243 129
130 300.6538151789348 130
131 300.6631335119502 131
132 300.6723634590406 132
133 300.681508990519 133
134 300.6905676921738 134
135 300.6995441234778 135
136 300.7084365161037 136
137 300.7172513257593 137
138 300.7259906023297 138
139 300.7346548768366 139
140 300.7432437467358 140
141 300.7517613580283 141
142 300.7602051133723 142
143 300.7685979224642 143
144 300.7769340323599 144
145 300.7852059857625 145
146 300.7934001094578 146
147 300.8015235230208 147
148 300.8095774916801 148
149 300.8175627345315 149
150 300.8254921763987 150
151 300.8333472233567 151
152 300.8411343093038 152
153 300.8488546469011 153
154 300.8565090453075 154
155 300.8641099148559 155
156 300.8716510876427 156
157 300.8791206735547 157
158 300.8865253582896 158
159 300.8938776045882 159
160 300.9011607348944 160
161 300.9083918292669 161
162 300.9155637086387 162
163 300.922679432431 163
164 300.9297275928352 164
165 300.9367228498576 165
166 300.9436535936601 166
167 300.9505245373166 167
168 300.9573369171267 168
169 300.9640917205194 169
170 300.9707897633584 170
171 300.9774417408371 171
172 300.984032824925 172
173 300.9905683129863 173
174 300.9970493397107 174
175 301.0034767083048 175
176 301.0098606390475 176
177 301.0161963223298 177
178 301.0224741092575 178
179 301.0287086437427 179
180 301.0348866026105 180
181 301.0410131592726 181
182 301.0470894367177 182
183 301.0531162726193 183
184 301.0590944052992 184
185 301.0650244719993 185
186 301.0709074506478 186
187 301.0767509818953 187
188 301.0825551198048 188
189 301.0883076958343 189
190 301.094013664977 190
191 301.0996892951274 191
192 301.1053135071754 192
193 301.110891671793 193
194 301.1164250191247 194
195 301.1219145761334 195
196 301.1273609761995 196
197 301.1327649552836 197
198 301.1381447956266 198
199 301.14347394304 199
200 301.148768303643 200
201 301.1540170605508 201
202 301.1592246031387 202
203 301.1643983589533 203
204 301.1695310804976 204
205 301.1746315030932 205
206 301.1796886212754 206
207 301.1847139785359 207
208 301.1897130099311 208
209 301.1946809299965 209
210 301.1996012153211 210
211 301.2044816066923 211
212 301.2093298618072 212
213 301.2141396576307 213
214 301.2189123075814 214
215 301.2236486701145 215
216 301.2283489236226 216
217 301.2330354133801 217
218 301.237692887142 218
219 301.2423128015553 219
220 301.2468977394176 220
221 301.2514440909565 221
222 301.2559694738259 222
223 301.2604522285083 223
224 301.2649048954231 224
225 301.2693274679255 225
226 301.2737258199846 226
227 301.2781004379583 227
228 301.2824403607868 228
229 301.2867477447737 229
230 301.29101789054 230
231 301.2952613360479 231
232 301.2994722902754 232
233 301.3036566355006 233
234 301.30781362112 234
235 301.3119496012938 235
236 301.3160542757707 236
237 301.3201305342666 237
238 301.3241733367691 238
239 301.3281918339338 239
240 301.3321781798562 240
241 301.3361411241704 241
242 301.3400849403707 242
243 301.3440061678915 243
244 301.3478923189504 244
245 301.3517494087524 245
246 301.3555840189743 246
247 301.3593885360356 247
248 301.3631659431331 248
249 301.3669169847435 249
250 301.3706421502525 250
251 301.3743403008575 251
252 301.3780189198699 252
253 301.3816831478579 253
254 301.3853163932791 254
255 301.3889238598864 255
256 301.3925050998414 256
257 301.3960661135269 257
258 301.3996112480941 258
259 301.4031400152963 259
260 301.4066371296951 260
261 301.4101247732427 261
262 301.4135819655494 262
263 301.4170188358914 263
264 301.4204338135348 264
265 301.423827037558 265
266 301.4272043440101 266
267 301.4305528605116 267
268 301.4338876920499 268
269 301.4371989480849 269
270 301.4404887909842 270
271 301.4437515281024 271
272 301.4470007038819 272
273 301.4502230696549 273
274 301.4534374117308 274
275 301.4566338473431 275
276 301.4598068164156 276
277 301.4629545216517 277
278 301.466089393542 278
279 301.4692021281805 279
280 301.472288826062 280
281 301.4753626343464 281
282 301.4784167086477 282
283 301.4814455760356 283
284 301.4844564889741 284
285 301.4874491936471 285
286 301.4904237244274 286
287 301.493380040765 287
288 301.4963196067933 288
289 301.499238495916 289
290 301.5021374758863 290
291 301.5050170336658 291
292 301.5078775685373 292
293 301.5107234196375 293
294 301.5135486488136 294
295 301.5163592535025 295
296 301.5191580970957 296
297 301.5219340738784 297
298 301.524691154851 298
299 301.5274288515384 299
300 301.5301611102553 300
301 301.5328695114523 301
302 301.535562901873 302
303 301.538237659147 303
304 301.5408981502043 304
305 301.5435389516782 305
306 301.5461657673964 306
307 301.5487722493519 307
308 301.5513650612619 308
309 301.5539402011542 309
310 301.5564981771689 310
311 301.5590393142308 311
312 301.5615638737419 312
313 301.5640720454064 313
314 301.5665676142368 314
315 301.5690529501699 315
316 301.5715178806583 316
317 301.5739659717054 317
318 301.5763977642026 318
319 301.5788211393869 319
320 301.5812274166195 320
321 301.5836156837694 321
322 301.5859876544761 322
323 301.5883437047564 323
324 301.5906840640787 324
325 301.593008923054 325
326 301.5953211201026 326
327 301.5976239403448 327
328 301.5999146834706 328
329 301.6021888825199 329
330 301.604448218565 330
331 301.6066891307266 331
332 301.6089165559617 332
333 301.6111338255005 333
334 301.613333130196 334
335 301.6155164186162 335
336 301.6176841527953 336
337 301.6198366133592 337
338 301.6219740298771 338
339 301.6240960485591 339
340 301.6262093363325 340
341 301.6283052305166 341
342 301.6303953649055 342
343 301.632469036583 343
344 301.6345251846266 344
345 301.636568492277 345
346 301.6385962255233 346
347 301.6406088650911 347
348 301.6426067034548 348
349 301.6445962757235 349
350 301.6465743115156 350
351 301.6485363394704 351
352 301.6504880136433 352
353 301.6524214617914 353
354 301.6543456271727 354
355 301.656251808706 355
356 301.6581422129144 356
357 301.6600232335501 357
358 301.661890007405 358
359 301.6637429122653 359
360 301.66557991793 360
361 301.6674044080176 361
362 301.6692191264665 362
363 301.6710220817939 363
364 301.6728128585112 364
365 301.674588261029 365
366 301.6763492037653 366
367 301.6780962284462 367
368 301.679829991464 368
369 301.6815498119559 369
370 301.6832533234607 370
371 301.6849468852008 371
372 301.6866267576457 372
373 301.6882963602424 373
374 301.6899540424121 374
375 301.6915936490483 375
376 301.6932201435218 376
377 301.6948392191281 377
378 301.6964459521432 378
379 301.6980375280799 379
380 301.6996130213052 380
381 301.7011787335144 381
382 301.7027277461019 382
383 301.7042622669503 383
384 301.7057827173643 384
385 301.7072939918864 385
386 301.7087912409604 386
387 301.7102749407653 387
388 301.711745455081 388
389 301.7132028696599 389
390 301.7146500441891 390
391 301.716085519149 391
392 301.7175089967154 392
393 301.7189160480687 393
394 301.7203107783706 394
395 301.7216921541343 395
396 301.7230604213321 396
397 301.7244156622447 397
398 301.7257605226519 398
399 301.727091124613 399
400 301.7284110778102 400
401 301.7297167292149 401
402 301.7310095010239 402
403 301.7322893649281 403
404 301.7335560387606 404
405 301.7348097936679 405
406 301.7360483183184 406
407 301.7372769876513 407
408 301.7384927620794 408
409 301.7396934016001 409
410 301.7408841454996 410
411 301.7420597813674 411
412 301.7432232249432 412
413 301.7443765656488 413
414 301.7455170622254 414
415 301.7466426189614 415
416 301.7477582224856 416
417 301.748861112759 417
418 301.7499534588241 418
419 301.7510321838625 419
420 301.7520981651859 420
421 301.7531515557732 421
422 301.7541944040089 422
423 301.7552257182979 423
424 301.7562412714056 424
425 301.7572468123579 425
426 301.7582413868708 426
427 301.7592226955339 427
428 301.7601914063578 428
429 301.7611476632462 429
430 301.7620915466883 430
431 301.7630231123802 431
432 301.7639411650973 432
433 301.7648464411531 433
434 301.7657400976966 434
435 301.7666233836993 435
436 301.7674917858995 436
437 301.7683483455441 437
438 301.7691964893576 438
439 301.7700316191044 439
440 301.770854627517 440
441 301.7716655374152 441
442 301.7724656755871 442
443 301.7732511209398 443
444 301.7740265734387 444
445 301.7747899333587 445
446 301.7755412778076 446
447 301.776280675628 447
448 301.7770066301399 448
449 301.7777221355942 449
450 301.778424252174 450
451 301.7791159223225 451
452 301.7797959814721 452
453 301.7804637030293 453
454 301.7811187297945 454
455 301.7817620013554 455
456 301.7823933644203 456
457 301.7830126752213 457
458 301.7836201748237 458
459 301.784215067532 459
460 301.7847980891617 460
461 301.7853694148162 461
462 301.7859299765573 462
463 301.786479310631 463
464 301.7870165848407 464
465 301.7875420369211 465
466 301.7880557410679 466
467 301.7885578947813 467
468 301.7890490498243 468
469 301.7895292635101 469
470 301.7899978484197 470
471 301.7904560469219 471
472 301.7909029595097 472
473 301.7913387288158 473
474 301.7917633519956 474
475 301.7921767493403 475
476 301.7925791666231 476
477 301.7929708855356 477
478 301.7933521737956 478
479 301.7937227964451 479
480 301.7940826671966 480
481 301.7944320555233 481
482 301.7947708246762 482
483 301.7950991226013 483
484 301.7954173120804 484
485 301.795725422355 485
486 301.7960232861643 486
487 301.7963108497889 487
488 301.7965883241521 488
489 301.7968557596206 489
490 301.7971132508253 490
491 301.79736073408 491
492 301.7975983020509 492
493 301.7978260044495 493
494 301.7980441486386 494
495 301.7982526848778 495
496 301.7984516119762 496
497 301.7986413964279 497
498 301.7988211717681 498
499 301.7989912755302 499
500 301.7991517652644 500
501 301.7993026881418 501
502 301.7994441070852 502
503 301.7995762899614 503
504 301.7996991701858 504
505 301.7998128287714 505
506 301.7999172851507 506
507 301.8000128471849 507
508 301.8000990548837 508
509 301.8001760310571 509
510 301.8002438999284 510
511 301.8003026934227 511
512 301.8003524557845 512
513 301.8003933174023 513
514 301.800425372233 514
515 301.8004487128517 515
516 301.8004633607145 516
517 301.8004693829078 517
518 301.8004668461886 518
519 301.8004558125266 519
520 301.8004364212004 520
521 301.8004087740885 521
522 301.8003727165228 522
523 301.800328463429 523
524 301.8002762030972 524
525 301.8002158233449 525
526 301.8001472894885 526
527 301.800070780506 527
528 301.7999863941101 528
529 301.7998940736178 529
530 301.7997938783409 530
531 301.7996861187981 531
532 301.7995707157921 532
533 301.799447685738 533
534 301.7993172349068 534
535 301.7991794664279 535
536 301.7990342951194 536
537 301.798881829323 537
538 301.798722121361 538
539 301.7985552502494 539
540 301.7983814181786 540
541 301.7982006885477 541
542 301.7980129824049 542
543 301.7978184182558 543
544 301.7976171991341 544
545 301.7974093698314 545
546 301.7971948594386 546
547 301.7969738236592 547
548 301.7967463961161 548
549 301.7965125737982 549
550 301.7962722912249 550
551 301.7960257041472 551
552 301.7957728623591 552
553 301.7955140460975 553
554 301.7952494120033 554
555 301.794979000379 555
556 301.7947026560547 556
557 301.7944205733664 557
558 301.7941327439486 558
559 301.7938395169441 559
560 301.7935411105614 560
561 301.7932376543367 561
562 301.7929287899711 562
563 301.792614240189 563
564 301.7922945279258 564
565 301.7919698404493 565
566 301.791639896799 566
567 301.7913053039773 567
568 301.7909662128329 568
569 301.7906226410539 569
570 301.7902741577259 570
571 301.7899213041837 571
572 301.7895642483162 572
573 301.7892026208754 573
574 301.7888368779605 574
575 301.7884672522707 575
576 301.788093997843 576
577 301.7877171867842 577
578 301.7873368108158 578
579 301.7869531928764 579
580 301.7865664580664 580
581 301.7861763861665 581
582 301.785783064169 582
583 301.7853868149026 583
584 301.7849879520313 584
585 301.7845864318367 585
586 301.7841822250049 586
587 301.7837755964644 587
588 301.7833665292015 588
589 301.7829548874216 589
590 301.7825404309649 590
591 301.7821234318982 591
592 301.7817040954471 592
593 301.7812824583066 593
594 301.7808589420346 594
595 301.7804337391977 595
596 301.7800068842639 596
597 301.7795784816689 597
598 301.7791484588461 598
599 301.7787167287987 599
600 301.778283774466 600
601 301.7778497295102 601
602 301.7774146415774 602
603 301.7769783222116 603
604 301.7765409972117 604
605 301.7761028577984 605
606 301.7756639123666 606
607 301.7752246195655 607
608 301.7747851593172 608
609 301.7743455581537 609
610 301.7739059227401 610
611 301.7734660154758 611
612 301.773026459621 612
613 301.7725873322237 613
614 301.7721486254263 614
615 301.7717106347966 615
616 301.7712733322411 616
617 301.7708367064149 617
618 301.7704009445086 618
619 301.7699662525798 619
620 301.7695327109129 620
621 301.7691004317089 621
622 301.7686695043446 622
623 301.7682398289718 623
624 301.7678111994396 624
625 301.7673839985928 625
626 301.7669584153765 626
627 301.7665345055856 627
628 301.76611282216 628
629 301.7656934859537 629
630 301.7652766063716 630
631 301.7648622274835 631
632 301.7644505067574 632
633 301.7640415126145 633
634 301.7636355606037 634
635 301.7632327910589 635
636 301.7628330587238 636
637 301.7624361426037 637
638 301.7620426014963 638
639 301.7616526497131 639
640 301.7612663596158 640
641 301.7608839111047 641
642 301.760505384674 642
643 301.7601309596635 643
644 301.7597607201595 644
645 301.7593949730245 645
646 301.7590338566641 646
647 301.7586772527955 647
648 301.7583249856164 648
649 301.7579776281867 649
650 301.7576353375613 650
651 301.7572982240392 651
652 301.7569665572233 652
653 301.7566404787261 653
654 301.7563198996124 654
655 301.7560046816158 655
656 301.7556953893281 656
657 301.7553921467309 657
658 301.7550950710717 658
659 301.7548043154447 659
660 301.7545199971364 660
661 301.7542422715853 661
662 301.7539711497575 662
663 301.7537066654421 663
664 301.7534494595937 664
665 301.7531995931222 665
666 301.752956983509 666
667 301.7527215437585 667
668 301.7524937832503 668
669 301.7522738803096 669
670 301.7520619660902 670
671 301.7518580187409 671
672 301.7516620044561 672
673 301.7514744169071 673
674 301.7512954028126 674
675 301.7511250942 675
676 301.7509634955658 676
677 301.7508106100277 677
678 301.7506669217754 678
679 301.7505324586596 679
680 301.7504072856491 680
681 301.7502916151209 681
682 301.7501855055821 682
683 301.7500894455814 683
684 301.7500034056061 684
685 301.7499275275291 685
686 301.7498619395792 686
687 301.7498067819456 687
688 301.7497621878541 688
689 301.7497283133707 689
690 301.7497053242109 690
691 301.7496933628725 691
692 301.7496925432924 692
693 301.7497030926972 693
694 301.7497250918355 694
695 301.7497587047604 695
696 301.7498041136002 696
697 301.7498615828652 697
698 301.7499312504358 698
699 301.7500132683952 699
700 301.7501077812182 700
701 301.7502147107884 701
702 301.7503345634897 702
703 301.7504674853691 703
704 301.750613621689 704
705 301.7507731214016 705
706 301.7509461364476 706
707 301.751132820634 707
708 301.7513333291456 708
709 301.7515478180045 709
710 301.7517764439772 710
711 301.7520193644171 711
712 301.7522767371864 712
713 301.7525487204458 713
714 301.7528354728084 714
715 301.7531371531118 715
716 301.7534539205145 716
717 301.753785934376 717
718 301.7541333542883 718
719 301.7544963400283 719
720 301.7548750515639 720
721 301.7552696489723 721
722 301.7556802925353 722
723 301.7561071426284 723
724 301.7565503597529 724
725 301.7570101045354 725
726 301.757486537684 726
727 301.7579798200249 727
728 301.7584901124632 728
729 301.7590175759889 729
730 301.7595623716562 730
731 301.7601246606209 731
732 301.7607046040737 732
733 301.7613023632611 733
734 301.7619180994884 734
735 301.7625519741119 735
736 301.7632041485085 736
737 301.7638747841058 737
738 301.7645640423484 738
739 301.7652720846849 739
740 301.7659990726125 740
741 301.766745167608 741
742 301.7675105311865 742
743 301.7682953248354 743
744 301.7690997100177 744
745 301.7699238482387 745
746 301.7707679009679 746
747 301.7716320296108 747
748 301.7725163955828 748
749 301.7734211602826 749
750 301.7743464850203 750
751 301.7752925311041 751
752 301.7762594597689 752
753 301.7772474321945 753
754 301.7782566095138 754
755 301.7792871527856 755
756 301.7803392229898 756
757 301.7814129810352 757
758 301.7825085877559 758
759 301.7836262038782 759
760 301.7847659900256 760
761 301.7859281067769 761
762 301.7871127145289 762
763 301.7883199736322 763
764 301.7895500442786 764
765 301.7908030865518 765
766 301.7920792603936 766
767 301.7933787256364 767
768 301.794701641963 768
769 301.7960481688864 769
770 301.7974184658078 770
771 301.7988126919391 771
772 301.800231006345 772
773 301.8016735679076 773
774 301.8031405353526 774
775 301.8046320671965 775
776 301.8061483218056 776
777 301.8076894573273 777
778 301.809255631716 778
779 301.8108470027223 779
780 301.8124637278924 780
781 301.8141059645575 781
782 301.815773869805 782
783 301.8174676005232 783
784 301.8191873133347 784
785 301.8209331646703 785
786 301.8227053106602 786
787 301.82450390722 787
788 301.8263291099794 788
789 301.8281810743377 789
790 301.8300599553879 790
791 301.8319659079866 791
792 301.8338990866625 792
793 301.8358596456883 793
794 301.8378477390406 794
795 301.8398635203712 795
796 301.841907143064 796
797 301.84397876015 797
798 301.8460785243691 798
799 301.8482065881308 799
800 301.8503631034972 800
801 301.8525482222271 801
802 301.8547620956866 802
803 301.8570048749418 803
804 301.859276710682 804
805 301.8615777532086 805
806 301.8639081525174 806
807 301.8662680581647 807
808 301.8686576193676 808
809 301.8710769849326 809
810 301.873526303293 810
811 301.8760057224712 811
812 301.8785153900733 812
813 301.8810554533406 813
814 301.8836260590283 814
815 301.8862273534981 815
816 301.8888594827056 816
817 301.8915225921324 817
818 301.8942168268313 818
819 301.8969423314192 819
820 301.8996992500138 820
821 301.90248772634 821
822 301.9053079035742 822
823 301.9081599244783 823
824 301.9110439312934 824
825 301.9139600658021 825
826 301.9169084692809 826
827 301.9198892824924 827
828 301.9229026457195 828
829 301.9259486987031 829
830 301.9290275806848 830
831 301.9321394303564 831
832 301.9352843859066 832
833 301.9384625849617 833
834 301.9416741646056 834
835 301.9449192613914 835
836 301.9481980112802 836
837 301.951510549681 837
838 301.9548570114341 838
839 301.9582375308116 839
840 301.9616522414671 840
841 301.9651012765071 841
842 301.9685847683962 842
843 301.9721028490254 843
844 301.975655649666 844
845 301.9792433009648 845
846 301.9828659329548 846
847 301.986523675025 847
848 301.9902166559302 848
849 301.9939450037982 849
850 301.9977088460734 850
851 302.0015083095792 851
852 302.0053435204599 852
853 302.0092146041565 853
854 302.0131216854995 854
855 302.0170648885789 855
856 302.0210443368198 856
857 302.0250601529414 857
858 302.0291124589725 858
859 302.0332013761969 859
860 302.0373270252153 860
861 302.0414895259076 861
862 302.0456889973862 862
863 302.0499255580801 863
864 302.0541993256179 864
865 302.0585104168931 865
866 302.0628589480781 866
867 302.0672450345491 867
868 302.0716687909072 868
869 302.0761303309812 869
870 302.0806297678224 870
871 302.0851672136922 871
872 302.0897427800464 872
873 302.0943565775389 873
874 302.0990087160073 874
875 302.1036993044765 875
876 302.1084284511429 876
877 302.1131962633781 877
878 302.118002847705 878
879 302.1228483098089 879
880 302.1277327545122 880
881 302.132656285787 881
882 302.1376190067402 882
883 302.1426210195901 883
884 302.1476624257141 884
885 302.1527433255396 885
886 302.1578638186639 886
887 302.1630240037488 887
888 302.1682239785563 888
889 302.1734638399302 889
890 302.178743683793 890
891 302.1840636051659 891
892 302.189423698103 892
893 302.1948240557204 893
894 302.2002647701917 894
895 302.2057459327383 895
896 302.2112676336188 896
897 302.2168299621105 897
898 302.2224330065419 898
899 302.2280768542183 899
900 302.2337615914876 900
901 302.2394873036945 901
902 302.2452540751472 902
903 302.2510619891909 903
904 302.2569111281426 904
905 302.2628015732528 905
906 302.2687334047914 906
907 302.2747067019681 907
908 302.2807215429304 908
909 302.2867780047935 909
910 302.2928761636182 910
911 302.2990160943795 911
912 302.3051978709867 912
913 302.3114215662673 913
914 302.3176872519633 914
915 302.3239949987217 915
916 302.3303448760697 916
917 302.3367369524526 917
918 302.3431712951913 918
919 302.3496479704723 919
920 302.3561670433547 920
921 302.3627285777645 921
922 302.3693326365027 922
923 302.3759792811812 923
924 302.3826685722603 924
925 302.3894005690661 925
926 302.3961753297358 926
927 302.4029929111905 927
928 302.4098533692191 928
929 302.4167567583972 929
930 302.4237031320695 930
931 302.4306925424246 931
932 302.437725040394 932
933 302.44480067571 933
934 302.4519194968569 934
935 302.4590815510982 935
936 302.4662868844424 936
937 302.4735355416576 937
938 302.4808275662493 938
939 302.4881630004464 939
940 302.4955418852091 940
941 302.5029642602567 941
942 302.5104301639442 942
943 302.5179396334102 943
944 302.5254927044516 944
945 302.5330894115517 945
946 302.54072978791 946
947 302.5484138653642 947
948 302.5561416744555 948
949 302.5639132443598 949
950 302.5717286029404 950
951 302.579587776696 951
952 302.5874907907329 952
953 302.5954376688545 953
954 302.6034284334384 954
955 302.6114631054924 955
956 302.6195417046706 956
957 302.6276642492027 957
958 302.6358307558991 958
959 302.6440412402117 959
960 302.6522957161252 960
961 302.6605941962215 961
962 302.668936691664 962
963 302.6773232121625 963
964 302.6857537659831 964
965 302.6942283599349 965
966 302.7027469993931 966
967 302.7113096882202 967
968 302.7199164288413 968
969 302.7285672221964 969
970 302.73726206771 970
971 302.7460009633444 971
972 302.7547839055213 972
973 302.763610889185 973
974 302.7724819077541 974
975 302.7813969531072 975
976 302.7903560155929 976
977 302.7993590840417 977
978 302.808406145707 978
979 302.8174971863099 979
980 302.8266321899849 980
981 302.8358111393321 981
982 302.8450340153399 982
983 302.8543007974339 983
984 302.8636114634461 984
985 302.8729659895945 985
986 302.8823643505061 986
987 302.8918065192108 987
988 302.9012924670674 988
989 302.9108221638446 989
990 302.9203955776971 990
991 302.9300126750671 991
992 302.9396734208135 992
993 302.9493777780942 993
994 302.9591257084372 994
995 302.9689171716681 995
996 302.9787521259422 996
997 302.9886305277483 997
998 302.9985523318408 998
999 303.0085174913122 999
1000 303.0185259575229 1000
1001 303.0285776801155 1001
1002 303.038672607031 1002
1003 303.0488106844447 1003
1004 303.058991856835 1004
1005 303.0692160668865 1005
1006 303.0794832555723 1006
1007 303.0897933620862 1007
1008 303.1001463238464 1008
1009 303.1105420765016 1009
1010 303.1209805539373 1010
1011 303.1314616882271 1011
1012 303.1419854096356 1012
1013 303.1525516466517 1013
1014 303.1631603259269 1014
1015 303.1738113723014 1015
1016 303.1845047087858 1016
1017 303.1952402565838 1017
1018 303.2060179349988 1018
1019 303.2168376615326 1019
1020 303.2276993518083 1020
1021 303.2386029195923 1021
1022 303.249548276768 1022
1023 303.2605353333574 1023
1024 303.2715639974837 1024
1025 303.2826341753637 1025
1026 303.2937457713377 1026
1027 303.304898687816 1027
1028 303.3160928252876 1028
1029 303.3273280823541 1029
1030 303.3386043556419 1030
1031 303.3499215398552 1031
1032 303.3612795277658 1032
1033 303.3726782101553 1033
1034 303.384117475867 1034
1035 303.395597211788 1035
1036 303.4071173028055 1036
1037 303.4186776318282 1037
1038 303.4302780797642 1038
1039 303.4419185255521 1039
1040 303.4535988460917 1040
1041 303.4653189162715 1041
1042 303.4770786089835 1042
1043 303.4888777950662 1043
1044 303.5007163433335 1044
1045 303.5125941205338 1045
1046 303.5245109914149 1046
1047 303.5364668185892 1047
1048 303.5484614626695 1048
1049 303.5604947821524 1049
1050 303.5725666334863 1050
1051 303.5846768709943 1051
1052 303.5968253469261 1052
1053 303.6090119114197 1053
1054 303.6212364125015 1054
1055 303.6334986960854 1055
1056 303.6457986059476 1056
1057 303.6581359837209 1057
1058 303.6705106689294 1058
1059 303.6829224989061 1059
1060 303.6953713088624 1060
1061 303.7078569318278 1061
1062 303.7203791986471 1062
1063 303.7329379380046 1063
1064 303.7455329764073 1064
1065 303.7581641381188 1065
1066 303.7708312452646 1066
1067 303.7835341177164 1067
1068 303.7962725731297 1068
1069 303.8090464269622 1069
1070 303.8218554923977 1070
1071 303.834699580425 1071
1072 303.8475784997513 1072
1073 303.8604920568479 1073
1074 303.8734400558967 1074
1075 303.8864222988444 1075
1076 303.8994385853346 1076
1077 303.9124887127268 1077
1078 303.9255724761003 1078
1079 303.9386896682227 1079
1080 303.9518400795592 1080
1081 303.9650234982457 1081
1082 303.9782397101073 1082
1083 303.991488498635 1083
1084 304.0047696449774 1084
1085 304.0180829279417 1085
1086 304.0314281239654 1086
1087 304.0448050071624 1087
1088 304.0582133492351 1088
1089 304.0716529195143 1089
1090 304.0851234849713 1090
1091 304.0986248101613 1091
1092 304.1121566572652 1092
1093 304.1257187860195 1093
1094 304.1393109537797 1094
1095 304.1529329154624 1095
1096 304.1665844235582 1096
1097 304.1802652281024 1097
1098 304.1939750767279 1098
1099 304.2077137145585 1099
1100 304.221480884309 1100
1101 304.2352763261879 1101
1102 304.2490997779446 1102
1103 304.2629509748508 1103
1104 304.2768296496577 1104
1105 304.2907355326617 1105
1106 304.3046683516075 1106
1107 304.3186278317681 1107
1108 304.3326136958609 1108
1109 304.3466256640933 1109
1110 304.3606634541146 1110
1111 304.3747267810645 1111
1112 304.3888153574893 1112
1113 304.4029288934015 1113
1114 304.4170670962429 1114
1115 304.4312296708808 1115
1116 304.4454163195791 1116
1117 304.4596267420425 1117
1118 304.4738606353451 1118
1119 304.4881176939949 1119
1120 304.5023976098394 1120
1121 304.5167000721462 1121
1122 304.5310247675192 1122
1123 304.545371379951 1123
1124 304.5597395907912 1124
1125 304.5741290787149 1125
1126 304.5885395197441 1126
1127 304.6029705872626 1127
1128 304.617421951928 1128
1129 304.6318932817604 1129
1130 304.6463842420693 1130
1131 304.6608944954758 1131
1132 304.6754237018748 1132
1133 304.6899715184668 1133
1134 304.7045375997425 1134
1135 304.719121597415 1135
1136 304.7337231605243 1136
1137 304.7483419353281 1137
1138 304.7629775653259 1138
1139 304.7776296912815 1139
1140 304.7922979511904 1140
1141 304.8069819802518 1141
1142 304.8216814108898 1142
1143 304.8363958727705 1143
1144 304.8511249927091 1144
1145 304.8658683947476 1145
1146 304.8806257001181 1146
1147 304.8953965272157 1147
1148 304.9101804916102 1148
1149 304.9249772060386 1149
1150 304.9397862803951 1150
1151 304.9546073217152 1151
1152 304.9694399341922 1152
1153 304.9842837191391 1153
1154 304.9991382749799 1154
1155 305.0140031972758 1155
1156 305.0288780786958 1156
1157 305.0437625090152 1157
1158 305.0586560750763 1158
1159 305.0735583608504 1159
1160 305.0884689473518 1160
1161 305.1033874126862 1161
1162 305.1183133319904 1162
1163 305.133246277518 1163
1164 305.1481858185185 1164
1165 305.163131521294 1165
1166 305.178082949177 1166
1167 305.1930396625436 1167
1168 305.2080012187847 1168
1169 305.2229671722645 1169
1170 305.2379370743741 1170
1171 305.2529104735206 1171
1172 305.2678869150536 1172
1173 305.2828659413384 1173
1174 305.2978470916869 1174
1175 305.3128299023731 1175
1176 305.3278139066578 1176
1177 305.3427986347095 1177
1178 305.3577836136542 1178
1179 305.3727683675673 1179
1180 305.3877524173975 1180
1181 305.4027352810773 1181
1182 305.4177164733859 1182
1183 305.4326955060549 1183
1184 305.44767188766 1184
1185 305.4626451237189 1185
1186 305.4776147165782 1186
1187 305.492580165478 1187
1188 305.5075409665096 1188
1189 305.5224966126266 1189
1190 305.5374465936325 1190
1191 305.5523903961605 1191
1192 305.5673275036765 1192
1193 305.582257396485 1193
1194 305.5971795516934 1194
1195 305.6120934432064 1195
1196 305.6269985417402 1196
1197 305.6418943148223 1197
1198 305.6567802267368 1198
1199 305.6716557385515 1199
1200 305.6235280966836 1200
