"bat1-rfile"
"Time Step" "bat1 etc.."
("Time Step" "bat1" "flow-time")
0 298.1499999999991 0
1 298.1863182659505 1
2 298.2216751879945 2
3 298.2563037357033 3
4 298.2903188302867 4
5 298.3237896809202 5
6 298.3567626660644 6
7 298.3892713976006 7
8 298.4213413759068 8
9 298.4529931515353 9
10 298.4842435588271 10
11 298.5151070733608 11
12 298.545596585207 12
13 298.5757227615898 13
14 298.6054944833541 14
15 298.6349195710254 15
16 298.6640055417845 16
17 298.6928735677542 17
18 298.7214220331084 18
19 298.7497574528182 19
20 298.7778159415765 20
21 298.8055532515273 21
22 298.8330652824435 22
23 298.8602572754694 23
24 298.8871525390426 24
25 298.9137569305342 25
26 298.94014367607 26
27 298.966265489191 27
28 298.9921161312994 28
29 299.0176363639683 29
30 299.0429241410278 30
31 299.0679258213138 31
32 299.0926555207046 32
33 299.1171506928779 33
34 299.1414008613578 34
35 299.1654056766869 35
36 299.1891091633702 36
37 299.212598278149 37
38 299.2358536119149 38
39 299.2588986121307 39
40 299.2817122170289 40
41 299.304260744992 41
42 299.3265603656563 42
43 299.3486180696679 43
44 299.3704333725915 44
45 299.3920187394376 45
46 299.4133336366727 46
47 299.4344969898266 47
48 299.4554497257873 48
49 299.4761919487287 49
50 299.4967251454563 50
51 299.5170271844451 51
52 299.5371098042517 52
53 299.5569781020948 53
54 299.5766317487411 54
55 299.5960364818549 55
56 299.615266070839 56
57 299.6343035489764 57
58 299.6530996317742 58
59 299.6717719934249 59
60 299.6902622562136 60
61 299.7085701767276 61
62 299.7266570447544 62
63 299.7445610386447 63
64 299.7622992523855 64
65 299.779841944437 65
66 299.7972220907074 66
67 299.8144141072878 67
68 299.8314254057153 68
69 299.8482595665948 69
70 299.8649019534941 70
71 299.8813992163253 71
72 299.8977046431871 72
73 299.9138050760557 73
74 299.9297719336173 74
75 299.945600630627 75
76 299.9612278445403 76
77 299.9766963583185 77
78 299.9920149556413 78
79 300.0071799303887 79
80 300.0221529739326 80
81 300.0370383857159 81
82 300.0517644969398 82
83 300.0663386383084 83
84 300.0807828129009 84
85 300.0950724008788 85
86 300.1091770161221 86
87 300.1231784277253 87
88 300.1369992682096 88
89 300.1506837489547 89
90 300.1642270387768 90
91 300.1776362024243 91
92 300.1909478123013 92
93 300.2040884512347 93
94 300.2171512262697 94
95 300.2300752534619 95
96 300.2428327760853 96
97 300.2555099438895 97
98 300.2680529706643 98
99 300.2804338029865 99
100 300.2927264344447 100
101 300.3048972388368 101
102 300.3169106923402 102
103 300.3288067037195 103
104 300.3405970454803 104
105 300.3522524523523 105
106 300.363806303679 106
107 300.3752292925272 107
108 300.3865430620211 108
109 300.3977792030962 109
110 300.4088836500634 110
111 300.4198506503492 111
112 300.4307235358146 112
113 300.4414826995931 113
114 300.4521140088565 114
115 300.4626587143116 115
116 300.4730722149784 116
117 300.4833802307931 117
118 300.4935918511051 118
119 300.5036797624105 119
120 300.5136652145999 120
121 300.5235621455732 121
122 300.5333673550147 122
123 300.543084314357 123
124 300.5527099627999 124
125 300.5622334315233 125
126 300.571675453625 126
127 300.5810169425289 127
128 300.5902592136075 128
129 300.5994082628367 129
130 300.608462636006 130
131 300.6174182911291 131
132 300.626282988946 132
133 300.635063390456 133
134 300.6437618067721 134
135 300.6523767630841 135
136 300.6609099171993 136
137 300.6693634144815 137
138 300.6777424861023 138
139 300.6860420882566 139
140 300.6942702139594 140
141 300.7024285088182 141
142 300.7105073908776 142
143 300.7185438790395 143
144 300.7265215184096 144
145 300.7344353783465 145
146 300.7422753729991 146
147 300.7500460907465 147
148 300.7577485102617 148
149 300.7653832441111 149
150 300.772959841463 150
151 300.7804654115709 151
152 300.7879041091608 152
153 300.7952769944815 153
154 300.8025848093195 154
155 300.809836641277 155
156 300.8170287599908 156
157 300.82415260294 157
158 300.8312126064607 158
159 300.8382180391693 159
160 300.8451576056454 160
161 300.8520431339506 161
162 300.8588701459496 162
163 300.8656410363809 163
164 300.8723476665896 164
165 300.8790002622478 165
166 300.8855912347749 166
167 300.8921236358524 167
168 300.8985986519007 168
169 300.9050171651916 169
170 300.9113799797979 170
171 300.9176949914303 171
172 300.9239521873906 172
173 300.9301549802729 173
174 300.9363044457411 174
175 300.9424013263817 175
176 300.9484532035132 176
177 300.9544571775869 177
178 300.960406419731 178
179 300.9663111314318 179
180 300.9721624739179 180
181 300.9779637357317 181
182 300.9837160012556 182
183 300.9894200060184 183
184 300.9950764635251 184
185 301.0006860110804 185
186 301.0062398405837 186
187 301.0117626004367 187
188 301.0172451645128 188
189 301.0226793840318 189
190 301.0280591185895 190
191 301.0334145606291 191
192 301.038722261474 192
193 301.0439856434992 193
194 301.0492058157162 194
195 301.0543835811719 195
196 301.0595195885217 196
197 301.0646144585252 197
198 301.0696806927403 198
199 301.0747015123708 199
200 301.07968689361 200
201 301.084629646903 201
202 301.0895241476298 202
203 301.0943925083903 203
204 301.0992215551497 204
205 301.1040176464024 205
206 301.108773421207 206
207 301.1134968424597 207
208 301.1181916692838 208
209 301.1228554750454 209
210 301.1274770661387 210
211 301.1320528599999 211
212 301.1366040533593 212
213 301.1411188142886 213
214 301.1455981644898 214
215 301.1500428442401 215
216 301.1544455020837 216
217 301.1588365271804 217
218 301.1631990753334 218
219 301.1675275851748 219
220 301.1718230137825 220
221 301.1760829244269 221
222 301.1803190641641 222
223 301.1845108500494 223
224 301.1886729405351 224
225 301.1928054635308 225
226 301.1969197252114 226
227 301.2010092823662 227
228 301.2050677484593 228
229 301.2090957549329 229
230 301.2130835480938 230
231 301.2170511577266 231
232 301.2209883273146 232
233 301.2248993137487 233
234 301.2287840488883 234
235 301.2326465106453 235
236 301.2364807594043 236
237 301.2402880515655 237
238 301.2440648582108 238
239 301.2478174358294 239
240 301.251540700825 240
241 301.2552405369773 241
242 301.2589198838876 242
243 301.2625770886696 243
244 301.2662038012768 244
245 301.2698032379698 245
246 301.2733802071353 246
247 301.2769297363978 247
248 301.280453637976 248
249 301.2839525562351 249
250 301.2874269456993 250
251 301.2908701616049 251
252 301.2942992244 252
253 301.2977117163156 253
254 301.3010973960996 254
255 301.3044588721608 255
256 301.307790306499 256
257 301.3111015123563 257
258 301.3144012768562 258
259 301.3176837548538 259
260 301.3209338491247 260
261 301.3241764160891 261
262 301.3273928909327 262
263 301.3305894830044 263
264 301.3337654462641 264
265 301.3369208959462 265
266 301.3400595504676 266
267 301.3431734313535 267
268 301.3462718474505 268
269 301.349349234948 269
270 301.3524064054886 270
271 301.3554344329438 271
272 301.3584525177081 272
273 301.3614418667215 273
274 301.3644248155948 274
275 301.3673906096566 275
276 301.3703356738751 276
277 301.3732581279808 277
278 301.3761661618688 278
279 301.3790545444273 279
280 301.3819151550713 280
281 301.3847663496539 281
282 301.3875991204478 282
283 301.3904049227997 283
284 301.3931931386952 284
285 301.3959637832726 285
286 301.3987169411732 286
287 301.4014527234253 287
288 301.4041766347806 288
289 301.4068816070721 289
290 301.4095681926468 290
291 301.4122367842805 291
292 301.4148876804726 292
293 301.4175239618986 293
294 301.4201416617347 294
295 301.4227447827612 295
296 301.4253352697751 296
297 301.4279061296297 297
298 301.4304593678023 298
299 301.4329904841436 299
300 301.4355174499343 300
301 301.4380199967704 301
302 301.4405118199068 302
303 301.4429864272379 303
304 301.4454469410497 304
305 301.44788975702 305
306 301.4503186951836 306
307 301.452725465471 307
308 301.4551225767052 308
309 301.4575033175708 309
310 301.459868064978 310
311 301.4622170688667 311
312 301.4645505286691 312
313 301.4668686189061 313
314 301.4691740285254 314
315 301.4714683305887 315
316 301.4737450653105 316
317 301.4760060569702 317
318 301.4782517668974 318
319 301.4804875380821 319
320 301.4827081334809 320
321 301.4849123957936 321
322 301.4871013979455 322
323 301.4892754553654 323
324 301.4914347624845 324
325 301.4935794750054 325
326 301.4957116306819 326
327 301.4978334748798 327
328 301.4999435255733 328
329 301.5020388487014 329
330 301.5041201795991 330
331 301.5061814450279 331
332 301.5082294498126 332
333 301.5102701807228 333
334 301.5122949007708 334
335 301.5143048065638 335
336 301.5163002636612 336
337 301.5182814833598 337
338 301.5202486494826 338
339 301.5221980937818 339
340 301.5241413443443 340
341 301.5260657286702 341
342 301.5279856811379 342
343 301.5298912001041 343
344 301.531777828725 344
345 301.5336551757323 345
346 301.5355182133842 346
347 301.5373672745939 347
348 301.5392025758326 348
349 301.5410285277268 349
350 301.5428433295883 350
351 301.5446439771396 351
352 301.5464338515856 352
353 301.5482080031717 353
354 301.5499719851376 354
355 301.5517204334325 355
356 301.5534513424851 356
357 301.5551752000966 357
358 301.5568858318148 358
359 301.5585834811661 359
360 301.5602667305209 360
361 301.5619378387171 361
362 301.5635987034039 362
363 301.5652482491755 363
364 301.566886154748 364
365 301.568510350312 365
366 301.5701211053939 366
367 301.5717188355554 367
368 301.5733040109182 368
369 301.5748761582677 369
370 301.5764308739286 370
371 301.5779779350022 371
372 301.5795122211615 372
373 301.5810359345369 373
374 301.5825482379827 374
375 301.584042324305 375
376 301.5855237782757 376
377 301.5869991243061 377
378 301.5884628384696 378
379 301.5899130744517 379
380 301.5913488430462 380
381 301.5927742937526 381
382 301.5941851851439 382
383 301.5955826087283 383
384 301.5969669061886 384
385 301.5983413644797 385
386 301.5997031669218 386
387 301.6010522983353 387
388 301.6023890230964 388
389 301.6037134025036 389
390 301.6050272919005 390
391 301.6063299520181 391
392 301.6076211471821 392
393 301.6088979211568 393
394 301.6101627679415 394
395 301.6114151011665 395
396 301.6126550836671 396
397 301.6138827793437 397
398 301.6150999008528 398
399 301.6163041502934 399
400 301.617497627473 400
401 301.6186781915112 401
402 301.6198465717467 402
403 301.6210027683971 403
404 301.6221465735524 404
405 301.623278181544 405
406 301.6243938707408 406
407 301.6255014984928 407
408 301.6265970067836 408
409 301.6276767311339 409
410 301.6287483635814 410
411 301.6298043387898 411
412 301.6308485837496 412
413 301.6318846001323 413
414 301.6329086061068 414
415 301.6339171897098 415
416 301.6349175873788 416
417 301.635906070926 417
418 301.6368840138866 418
419 301.6378496023888 419
420 301.6388032066185 420
421 301.63974494146 421
422 301.6406761287415 422
423 301.6415962833127 423
424 301.6425007631012 424
425 301.6433968100826 425
426 301.6442820506126 426
427 301.6451551763304 427
428 301.6460164358576 428
429 301.646865940678 429
430 301.6477037463948 430
431 301.6485298979401 431
432 301.6493435683141 432
433 301.6501451985585 433
434 301.6509356111013 434
435 301.6517156615301 435
436 301.6524808712241 436
437 301.6532346632109 437
438 301.6539809847525 438
439 301.6547154270321 439
440 301.6554384112585 440
441 301.656149966075 441
442 301.6568509189741 442
443 301.6575373242651 443
444 301.6582151338825 444
445 301.6588815418588 445
446 301.6595365947991 446
447 301.6601803478936 447
448 301.6608108909869 448
449 301.6614319347626 449
450 301.6620398904917 450
451 301.6626383508888 451
452 301.6632258050583 452
453 301.6638017491283 453
454 301.6643650291526 454
455 301.6649171584265 455
456 301.6654582145884 456
457 301.6659879272153 457
458 301.6665063963453 458
459 301.6670128265523 459
460 301.6675079891377 460
461 301.6679920538033 461
462 301.668466064304 462
463 301.6689293650971 463
464 301.6693811471798 464
465 301.6698219112454 465
466 301.6702515562715 466
467 301.6706702406603 467
468 301.6710783425699 468
469 301.6714761029951 469
470 301.6718626779077 470
471 301.6722396562349 471
472 301.6726061344376 472
473 301.6729620501188 473
474 301.6733073589733 474
475 301.6736422109395 475
476 301.6739664983783 476
477 301.6742805651738 477
478 301.6745845153167 478
479 301.6748786713565 479
480 301.6751626928879 480
481 301.6754367557751 481
482 301.6757007630893 482
483 301.6759548881454 483
484 301.676199296192 484
485 301.676434134109 485
486 301.6766593334813 486
487 301.6768746091415 487
488 301.6770803621122 488
489 301.6772765216075 489
490 301.6774632943122 490
491 301.6776406777362 491
492 301.6778086166273 492
493 301.6779671579798 493
494 301.6781165719117 494
495 301.6782568885669 495
496 301.6783880352444 496
497 301.6785105328714 497
498 301.6786235905665 498
499 301.6787274633508 499
500 301.6788222662481 500
501 301.6789080005248 501
502 301.6789847034883 502
503 301.6790526674961 503
504 301.6791117790291 504
505 301.6791621566628 505
506 301.6792038241046 506
507 301.67923710983 507
508 301.6792615208169 508
509 301.6792772167614 509
510 301.6792842981454 510
511 301.6792827789612 511
512 301.6792727498251 512
513 301.6792542863225 513
514 301.6792274816963 514
515 301.6791924250962 515
516 301.6791491768778 516
517 301.679097774058 517
518 301.6790383093044 518
519 301.6789708351752 519
520 301.6788955145399 520
521 301.6788124705651 521
522 301.6787214010005 522
523 301.6786225496263 523
524 301.678516197093 524
525 301.6784021919224 525
526 301.6782804096405 526
527 301.6781511301235 527
528 301.6780145121059 528
529 301.6778704445563 529
530 301.677718872485 530
531 301.67756021085 531
532 301.6773943690102 532
533 301.677221256052 533
534 301.6770411563945 534
535 301.6768542499519 535
536 301.6766604129874 536
537 301.6764597047952 537
538 301.6762522171699 538
539 301.6760379047992 539
540 301.6758170535696 540
541 301.6755898101433 541
542 301.6753560663605 542
543 301.6751158015788 543
544 301.6748692999168 544
545 301.6746166880314 545
546 301.6743578719194 546
547 301.6740928556125 547
548 301.6738219465587 548
549 301.6735450886691 549
550 301.6732623267252 550
551 301.6729736423798 551
552 301.672679288983 552
553 301.6723792337461 553
554 301.6720737399319 554
555 301.6717628678303 555
556 301.6714466027814 556
557 301.6711249558836 557
558 301.6707981456228 558
559 301.6704661777574 559
560 301.6701292706977 560
561 301.669787928487 561
562 301.6694416357813 562
563 301.6690903207502 563
564 301.6687341338129 564
565 301.6683734220896 565
566 301.6680081056466 566
567 301.6676382803253 567
568 301.6672642923577 568
569 301.6668861869969 569
570 301.6665038020428 570
571 301.6661172672397 571
572 301.6657269395675 572
573 301.6653326839642 573
574 301.6649344026437 574
575 301.6645322970616 575
576 301.6641268950845 576
577 301.6637182145286 577
578 301.6633063495809 578
579 301.6628914139045 579
580 301.6624736684115 580
581 301.6620530332792 581
582 301.6616294926939 582
583 301.6612033712251 583
584 301.6607748624083 584
585 301.6603440629104 585
586 301.6599109203936 586
587 301.659475702714 587
588 301.6590383350984 588
589 301.6585988294457 589
590 301.6581569292832 590
591 301.6577128439778 591
592 301.6572668299119 592
593 301.6568189354086 593
594 301.656369302063 594
595 301.6559181622775 595
596 301.6554657552222 596
597 301.6550122412509 597
598 301.6545575795473 598
599 301.6541015625305 599
600 301.6536444235379 600
601 301.6531864019313 601
602 301.652727602402 602
603 301.6522679654786 603
604 301.6518076650983 604
605 301.6513469405602 605
606 301.6508858011501 606
607 301.6504244289411 607
608 301.6499630484889 608
609 301.649501896806 609
610 301.6490411298354 610
611 301.648580557052 611
612 301.6481203061236 612
613 301.6476607503849 613
614 301.6472018996146 614
615 301.6467440280051 615
616 301.6462870429638 616
617 301.6458311426437 617
618 301.645376511828 618
619 301.6449230709439 619
620 301.6444711475449 620
621 301.6440206633903 621
622 301.6435716884158 622
623 301.6431242746597 623
624 301.6426782198438 624
625 301.6422338985927 625
626 301.6417915219754 626
627 301.641351111481 627
628 301.6409129822416 628
629 301.6404774766129 629
630 301.6400446079223 630
631 301.6396145298547 631
632 301.6391872888053 632
633 301.6387630625712 633
634 301.6383419760958 634
635 301.6379242424838 635
636 301.6375098378739 636
637 301.6370985242308 637
638 301.6366908041178 638
639 301.6362868708667 639
640 301.6358868802808 640
641 301.635490887715 641
642 301.6350990729156 642
643 301.6347115025761 643
644 301.6343283634152 644
645 301.6339497939368 645
646 301.6335759981711 646
647 301.633206959535 647
648 301.6328424879925 648
649 301.6324831112754 649
650 301.6321289818979 650
651 301.6317802501927 651
652 301.6314370533171 652
653 301.6310995795301 653
654 301.6307678143645 654
655 301.6304416016283 655
656 301.630121475787 656
657 301.629807557938 657
658 301.6294999965802 658
659 301.6291988803021 659
660 301.6289043808667 660
661 301.6286166668523 661
662 301.6283357381564 662
663 301.6280615379465 663
664 301.62779461483 664
665 301.6275351133754 665
666 301.6272830150573 666
667 301.6270382144752 667
668 301.6268012510828 668
669 301.6265722300112 669
670 301.6263513015933 670
671 301.6261384662039 671
672 301.6259336607494 672
673 301.6257374312756 673
674 301.6255498497164 674
675 301.6253710589806 675
676 301.625201070996 676
677 301.6250398636553 677
678 301.6248879975651 678
679 301.624745483314 679
680 301.6246123397015 680
681 301.6244887562175 681
682 301.624374744104 682
683 301.6242708598387 683
684 301.6241770719398 684
685 301.6240935045516 685
686 301.6240203012013 686
687 301.6239575812012 687
688 301.6239054894032 688
689 301.6238641712923 689
690 301.6238337699274 690
691 301.6238144188069 691
692 301.6238062000491 692
693 301.6238094126094 693
694 301.6238240881297 694
695 301.6238503466523 695
696 301.6238883483113 696
697 301.6239384038386 697
698 301.6240006600947 698
699 301.6240752602786 699
700 301.6241623550293 700
701 301.624261712726 701
702 301.6243739698484 702
703 301.6244992750611 703
704 301.6246377730733 704
705 301.6247896105081 705
706 301.624954935714 706
707 301.6251338983762 707
708 301.6253266492741 708
709 301.6255333400223 709
710 301.6257541229435 710
711 301.6259891509299 711
712 301.6262385773086 712
713 301.6265025558562 713
714 301.6267812406298 714
715 301.6270747860221 715
716 301.6273833466588 716
717 301.6277070774058 717
718 301.6280461333277 718
719 301.6284006696764 719
720 301.6287708418728 720
721 301.6291568054728 721
722 301.629558716194 722
723 301.6299767298731 723
724 301.630411002445 724
725 301.6308616899788 725
726 301.6313289486312 726
727 301.6318129346586 727
728 301.6323138043816 728
729 301.6328317142284 729
730 301.6333668206798 730
731 301.6339192802772 731
732 301.6344892496395 732
733 301.6350768854128 733
734 301.6356823443055 734
735 301.6363057830572 735
736 301.6369473584567 736
737 301.6376072272968 737
738 301.638285546422 738
739 301.6389824726559 739
740 301.6396981628816 740
741 301.6404327739435 741
742 301.6411864627133 742
743 301.6419593860605 743
744 301.6427517008096 744
745 301.6435635638065 745
746 301.6443951318652 746
747 301.6452465617602 747
748 301.6461180102386 748
749 301.6470096340225 749
750 301.6479215897729 750
751 301.6488540341097 751
752 301.6498071235974 752
753 301.6507810147381 753
754 301.6517758639594 754
755 301.6527918276424 755
756 301.6538290620574 756
757 301.6548877234221 757
758 301.65596796784 758
759 301.6570699513378 759
760 301.6581938298369 760
761 301.6593397591513 761
762 301.6605078949895 762
763 301.6616983929267 763
764 301.6629114084368 764
765 301.6641470968611 765
766 301.6654056133929 766
767 301.6666871130997 767
768 301.6679917509012 768
769 301.6693196815596 769
770 301.6706710596865 770
771 301.6720460397269 771
772 301.6734447759613 772
773 301.674867422492 773
774 301.6763141332463 774
775 301.6777850619653 775
776 301.6792803621884 776
777 301.6808001872736 777
778 301.682344690363 778
779 301.6839140244004 779
780 301.685508342105 780
781 301.6871277959834 781
782 301.6887725383032 782
783 301.6904427211174 783
784 301.6921384962316 784
785 301.6938600151991 785
786 301.6956074293428 786
787 301.6973808897104 787
788 301.6991805470942 788
789 301.7010065520305 789
790 301.7028590547646 790
791 301.7047382052696 791
792 301.7066441532378 792
793 301.7085770480602 793
794 301.7105370388344 794
795 301.7125242743581 795
796 301.714538903118 796
797 301.7165810732861 797
798 301.7186509327071 798
799 301.7207486288995 799
800 301.722874309057 800
801 301.7250281200255 801
802 301.7272102083031 802
803 301.7294207200542 803
804 301.7316598010566 804
805 301.7339275967462 805
806 301.7362242521821 806
807 301.7385499120521 807
808 301.7409047206497 808
809 301.7432888218968 809
810 301.74570235931 810
811 301.7481454760028 811
812 301.7506183146975 812
813 301.753121017684 813
814 301.7556537268504 814
815 301.7582165836446 815
816 301.7608097291056 816
817 301.763433303806 817
818 301.7660874478897 818
819 301.7687723010637 819
820 301.7714880025603 820
821 301.7742346911462 821
822 301.7770125051457 822
823 301.7798215823802 823
824 301.7826620602103 824
825 301.7855340754922 825
826 301.788437764604 826
827 301.7913732634137 827
828 301.7943407072909 828
829 301.7973402310928 829
830 301.8003719691505 830
831 301.8034360552759 831
832 301.8065326227548 832
833 301.8096618043237 833
834 301.8128237321808 834
835 301.816018537985 835
836 301.8192463528221 836
837 301.8225073072226 837
838 301.8258015311471 838
839 301.8291291539878 839
840 301.8324903045394 840
841 301.8358851110274 841
842 301.839313701066 842
843 301.8427762016799 843
844 301.8462727392817 844
845 301.8498034396788 845
846 301.8533684280325 846
847 301.85696782891 847
848 301.8606017662312 848
849 301.8642703632772 849
850 301.8679737426706 850
851 301.8717120264125 851
852 301.8754853358174 852
853 301.8792937915384 853
854 301.8831375135768 854
855 301.887016621229 855
856 301.8909312331276 856
857 301.894881467199 857
858 301.8988674406872 858
859 301.9028892701246 859
860 301.9069470713209 860
861 301.9110409593933 861
862 301.9151710487112 862
863 301.9193374529331 863
864 301.9235402849723 864
865 301.927779656987 865
866 301.9320556804101 866
867 301.9363684659042 867
868 301.9407181233665 868
869 301.9451047619277 869
870 301.9495284899507 870
871 301.953989415003 871
872 301.9584876438674 872
873 301.9630232825345 873
874 301.9675964361786 874
875 301.9722072091945 875
876 301.9768557051276 876
877 301.9815420267202 877
878 301.9862662758818 878
879 301.9910285536854 879
880 301.9958289603671 880
881 302.0006675952949 881
882 302.0055445570121 882
883 302.0104599431812 883
884 302.0154138505875 884
885 302.0204063751686 885
886 302.0254376119461 886
887 302.0305076550766 887
888 302.0356165978167 888
889 302.0407645325155 889
890 302.0459515506177 890
891 302.051177742652 891
892 302.0564431982113 892
893 302.0617480059867 893
894 302.0670922537129 894
895 302.0724760281857 895
896 302.0778994152569 896
897 302.0833624998144 897
898 302.0888653657927 898
899 302.0944080961501 899
900 302.0999907728663 900
901 302.1056134769583 901
902 302.111276288413 902
903 302.1169792862657 903
904 302.1227225485237 904
905 302.1285061521836 905
906 302.1343301732248 906
907 302.1401946866313 907
908 302.1460997663083 908
909 302.1520454851585 909
910 302.1580319150306 910
911 302.1640591267311 911
912 302.1701271899927 912
913 302.1762361734941 913
914 302.1823861448344 914
915 302.1885771705561 915
916 302.194809316083 916
917 302.2010826457771 917
918 302.2073972228895 918
919 302.2137531095527 919
920 302.2201503668206 920
921 302.2265890545988 921
922 302.2330692316665 922
923 302.2395909556928 923
924 302.2461542831916 924
925 302.2527592695244 925
926 302.2594059689124 926
927 302.2660944344022 927
928 302.272824717891 928
929 302.2795968700933 929
930 302.2864109405372 930
931 302.2932669775608 931
932 302.3001650283192 932
933 302.3071051387551 933
934 302.3140873536191 934
935 302.3211117164186 935
936 302.3281782694656 936
937 302.3352870538246 937
938 302.3424381093297 938
939 302.349631474573 939
940 302.3568671868917 940
941 302.364145282371 941
942 302.3714657958269 942
943 302.3788287608116 943
944 302.3862342095869 944
945 302.3936821731428 945
946 302.4011726811636 946
947 302.4087057620474 947
948 302.4162814428806 948
949 302.4238997494371 949
950 302.4315607061641 950
951 302.4392643361983 951
952 302.4470106613209 952
953 302.4547997019827 953
954 302.4626314772932 954
955 302.470506005009 955
956 302.4784233014947 956
957 302.4863833817768 957
958 302.4943862595026 958
959 302.5024319469208 959
960 302.5105204548987 960
961 302.5186517929126 961
962 302.5268259690259 962
963 302.535042989892 963
964 302.5433028607453 964
965 302.5516055854042 965
966 302.5599511662456 966
967 302.5683396042064 967
968 302.5767708987788 968
969 302.5852450480045 969
970 302.5937620484648 970
971 302.6023218952639 971
972 302.6109245820498 972
973 302.6195701009727 973
974 302.6282584426918 974
975 302.6369895963838 975
976 302.6457635497146 976
977 302.6545802888426 977
978 302.6634397984093 978
979 302.6723420615289 979
980 302.6812870597846 980
981 302.6902747732186 981
982 302.6993051803412 982
983 302.7083782580922 983
984 302.7174939818672 984
985 302.7266523254822 985
986 302.7358532611821 986
987 302.7450967596325 987
988 302.7543827899199 988
989 302.7637113195244 989
990 302.7730823143204 990
991 302.7824957385877 991
992 302.7919515549679 992
993 302.8014497244984 993
994 302.8109902065843 994
995 302.82057295897 995
996 302.8301979377955 996
997 302.8398650975 997
998 302.8495743908989 998
999 302.8593257691265 999
1000 302.8691191816535 1000
1001 302.8789545762466 1001
1002 302.8888318990151 1002
1003 302.8987510943499 1003
1004 302.9087121049475 1004
1005 302.9187148718019 1005
1006 302.9287593341673 1006
1007 302.9388454296007 1007
1008 302.9489730939145 1008
1009 302.9591422611787 1009
1010 302.9693528637331 1010
1011 302.9796048321534 1011
1012 302.9898980952517 1012
1013 303.0002325800786 1013
1014 303.010608211916 1014
1015 303.0210249142526 1015
1016 303.0314826088029 1016
1017 303.041981215466 1017
1018 303.0525206523503 1018
1019 303.0631008357598 1019
1020 303.073721680163 1020
1021 303.084383098228 1021
1022 303.0950850007597 1022
1023 303.1058272967514 1023
1024 303.1166098933327 1024
1025 303.1274326957976 1025
1026 303.1382956075552 1026
1027 303.1491985301661 1027
1028 303.1601413633077 1028
1029 303.171124004773 1029
1030 303.1821463504756 1030
1031 303.1932082944131 1031
1032 303.2043097286899 1032
1033 303.2154505435176 1033
1034 303.2266306271446 1034
1035 303.2378498659427 1035
1036 303.2491081443094 1036
1037 303.260405344729 1037
1038 303.2717413477185 1038
1039 303.2831160318538 1039
1040 303.294529273753 1040
1041 303.3059809480434 1041
1042 303.3174709273964 1042
1043 303.3289990824797 1043
1044 303.3405652819922 1044
1045 303.3521693926149 1045
1046 303.3638112790403 1046
1047 303.3754908039223 1047
1048 303.3872078279235 1048
1049 303.3989622096579 1049
1050 303.4107538057136 1050
1051 303.4225824706429 1051
1052 303.4344480569245 1052
1053 303.4463504150064 1053
1054 303.4582893932588 1054
1055 303.4702648379861 1055
1056 303.4822765934079 1056
1057 303.4943245016636 1057
1058 303.5064084027939 1058
1059 303.5185281347477 1059
1060 303.5306835333511 1060
1061 303.5428744323341 1061
1062 303.5551006632829 1062
1063 303.5673620556764 1063
1064 303.5796584368358 1064
1065 303.5919896319496 1065
1066 303.6043554640567 1066
1067 303.6167557540179 1067
1068 303.629190320556 1068
1069 303.6416589801959 1069
1070 303.6541615473 1070
1071 303.6666978340212 1071
1072 303.679267650335 1072
1073 303.6918708040118 1073
1074 303.7045071005945 1074
1075 303.7171763434358 1075
1076 303.7298783336387 1076
1077 303.7426128700852 1077
1078 303.7553797494168 1078
1079 303.7681787660292 1079
1080 303.7810097120603 1080
1081 303.793872377376 1081
1082 303.806766549598 1082
1083 303.8196920140583 1083
1084 303.8326485538012 1084
1085 303.8456359495822 1085
1086 303.8586539798558 1086
1087 303.8717024207779 1087
1088 303.8847810461921 1088
1089 303.8978896276108 1089
1090 303.9110279342218 1090
1091 303.9241957328874 1091
1092 303.9373927881123 1092
1093 303.9506188620693 1093
1094 303.9638737145582 1094
1095 303.9771571030178 1095
1096 303.9904687825139 1096
1097 304.0038085057385 1097
1098 304.01717602299 1098
1099 304.0305710821824 1099
1100 304.0439934288146 1100
1101 304.0574428059861 1101
1102 304.0709189543791 1102
1103 304.0844216122476 1103
1104 304.0979505154165 1104
1105 304.1115053972762 1105
1106 304.1250859887573 1106
1107 304.1386920183631 1107
1108 304.1523232121068 1108
1109 304.1659792935542 1109
1110 304.1796599837897 1110
1111 304.1933650014091 1111
1112 304.2070940625208 1112
1113 304.220846880747 1113
1114 304.2346231671891 1114
1115 304.2484226304421 1115
1116 304.2622449765734 1116
1117 304.276089909148 1117
1118 304.2899571291637 1118
1119 304.3038463351008 1119
1120 304.3177572228797 1120
1121 304.3316894858614 1121
1122 304.3456428148456 1122
1123 304.3596168980629 1123
1124 304.3736114211702 1124
1125 304.3876260672209 1125
1126 304.4016605166873 1126
1127 304.4157144474401 1127
1128 304.4297875347316 1128
1129 304.4438794512091 1129
1130 304.4579898668936 1130
1131 304.4721184491686 1131
1132 304.4862648627882 1132
1133 304.5004287698508 1133
1134 304.5146098298172 1134
1135 304.5288076994679 1135
1136 304.5430220329281 1136
1137 304.5572524816409 1137
1138 304.5714986943735 1138
1139 304.5857603172007 1139
1140 304.6000369934852 1140
1141 304.6143283639076 1141
1142 304.6286340664233 1142
1143 304.6429537362688 1143
1144 304.6572870059514 1144
1145 304.6716335052446 1145
1146 304.6859928611743 1146
1147 304.7003646980311 1147
1148 304.7147486373364 1148
1149 304.7291442978457 1149
1150 304.7435512955465 1150
1151 304.7579692436515 1151
1152 304.7723977525711 1152
1153 304.7868364299436 1153
1154 304.8012848805805 1154
1155 304.8157427064993 1155
1156 304.8302095068975 1156
1157 304.8446848781427 1157
1158 304.8591684137833 1158
1159 304.8736597045151 1159
1160 304.888158338194 1160
1161 304.9026638998205 1161
1162 304.9171759715361 1162
1163 304.931694132598 1163
1164 304.946217959407 1164
1165 304.9607470254751 1165
1166 304.9752809014122 1166
1167 304.9898191549416 1167
1168 305.0043613508721 1168
1169 305.0189070511019 1169
1170 305.0334558146015 1170
1171 305.048007197422 1171
1172 305.0625607526811 1172
1173 305.0771160305313 1173
1174 305.0916725782026 1174
1175 305.1062299399391 1175
1176 305.1207876570384 1176
1177 305.1353452678147 1177
1178 305.1499023076119 1178
1179 305.1644583087572 1179
1180 305.1790128006197 1180
1181 305.1935653095426 1181
1182 305.2081153588542 1182
1183 305.2226624688807 1183
1184 305.2372061569152 1184
1185 305.2517459371995 1185
1186 305.2662813209662 1186
1187 305.2808118163836 1187
1188 305.2953369285477 1188
1189 305.3098561595205 1189
1190 305.3243690082848 1190
1191 305.338874970726 1191
1192 305.3533735396647 1192
1193 305.3678642048201 1193
1194 305.3823464528087 1194
1195 305.3968197671401 1195
1196 305.4112836282087 1196
1197 305.4257375132897 1197
1198 305.4401808965197 1198
1199 305.4546132489069 1199
1200 305.4062016098413 1200
