"bat10-rfile"
"Time Step" "bat10 etc.."
("Time Step" "bat10" "flow-time")
0 298.1500000000001 0
1 298.1863241842563 1
2 298.2216969835142 2
3 298.2563554808191 3
4 298.2904183533764 4
5 298.3239572873641 5
6 298.3570203345456 6
7 298.3896416927573 7
8 298.4218470358902 8
9 298.4536566890933 9
10 298.4850869371352 10
11 298.5161512139323 11
12 298.5468611918657 12
13 298.5772265803272 13
14 298.6072560504031 14
15 298.636957519495 15
16 298.6663379648311 16
17 298.6955706452025 17
18 298.7244991785322 18
19 298.7532367664914 19
20 298.7817101876504 20
21 298.8098659044436 21
22 298.8378170779813 22
23 298.8654539887904 23
24 298.8927935695758 24
25 298.9198453243299 25
26 298.9467032116123 26
27 298.9733096828264 27
28 298.9996543296597 28
29 299.0256706967734 29
30 299.051458357469 30
31 299.0769672668214 31
32 299.1022083349818 32
33 299.1272245541805 33
34 299.1520082731225 34
35 299.176557584955 35
36 299.2008084975943 36
37 299.2248488115304 37
38 299.2486666854116 38
39 299.2722956905045 39
40 299.2957006870899 40
41 299.3188404905334 41
42 299.3417300498044 42
43 299.3643779047421 43
44 299.3867850415795 44
45 299.4089636819758 45
46 299.4308960139412 46
47 299.4526717683966 47
48 299.4742429698483 48
49 299.4956093894106 49
50 299.5167715340448 50
51 299.5377025653464 51
52 299.558412564633 52
53 299.5789078021794 53
54 299.5991881551288 54
55 299.6192402368928 55
56 299.6391040329762 56
57 299.658772367735 57
58 299.6782202118114 58
59 299.6975363817883 59
60 299.7166743418266 60
61 299.7356332475668 61
62 299.7543685214582 62
63 299.7729161774901 63
64 299.7913008751389 64
65 299.809490594575 65
66 299.8275197155166 66
67 299.8453610208816 67
68 299.863019929837 68
69 299.8805006778082 69
70 299.8977874094325 70
71 299.9149304321708 71
72 299.9318814554524 72
73 299.9486419267827 73
74 299.9652555073224 74
75 299.9817310823065 75
76 299.9980043172201 76
77 300.0141120468878 77
78 300.0300683377823 78
79 300.0458714420523 79
80 300.061500467108 80
81 300.0770340702271 81
82 300.0924075430215 82
83 300.1076264149203 83
84 300.122716503568 84
85 300.1376515490787 85
86 300.1524134776412 86
87 300.1670596112463 87
88 300.181538729147 88
89 300.1958785506103 89
90 300.2100823909577 90
91 300.2241512341664 91
92 300.2381079202592 92
93 300.2519051143238 93
94 300.265614813074 94
95 300.2791824742921 95
96 300.2925861382366 96
97 300.3059017035642 97
98 300.3190805517037 98
99 300.3321092949034 99
100 300.3450383750815 100
101 300.357841831785 101
102 300.3704928937419 102
103 300.3830318586686 103
104 300.3954500992228 104
105 300.4077453104173 105
106 300.4199242510076 106
107 300.4319837532059 107
108 300.4439291007591 108
109 300.455784209773 109
110 300.4675098619309 110
111 300.4790991697364 111
112 300.4905771378965 112
113 300.5019488157138 113
114 300.5131954177496 114
115 300.5243371024653 115
116 300.535353591315 116
117 300.5462497431142 117
118 300.5570535807731 118
119 300.5677299403184 119
120 300.5783081974014 120
121 300.5887942816341 121
122 300.5991827375459 122
123 300.6094746704293 123
124 300.6196781570633 124
125 300.6297816825062 125
126 300.6397878518434 126
127 300.6496990446472 127
128 300.6595109546461 128
129 300.6692103678674 129
130 300.6788078028466 130
131 300.6883240619136 131
132 300.6977344537051 132
133 300.7070600062831 133
134 300.7163126377401 134
135 300.7254658084734 135
136 300.7345494792053 136
137 300.7435548115204 137
138 300.7524817288581 138
139 300.7613208420412 139
140 300.7700827348799 140
141 300.7787745087225 141
142 300.7873969415198 142
143 300.7959693090838 143
144 300.8044814103455 144
145 300.8129294473358 145
146 300.8213024297965 146
147 300.8296038143023 147
148 300.8378349105102 148
149 300.8459965711272 149
150 300.854099044301 150
151 300.8621298988677 151
152 300.8700920447428 152
153 300.8779866995175 153
154 300.8858147247776 154
155 300.8935859608375 155
156 300.9012975326432 156
157 300.9089399762512 157
158 300.9165165645116 158
159 300.9240373314915 159
160 300.9314913646286 160
161 300.9388900058114 161
162 300.9462296743193 162
163 300.9535123692599 163
164 300.9607294572575 164
165 300.9678907053237 165
166 300.9749888626743 166
167 300.9820262603133 167
168 300.9890042277955 168
169 300.995923794755 169
170 301.0027858316477 170
171 301.0095988071348 171
172 301.0163529671284 172
173 301.0230506825183 173
174 301.0296931013692 174
175 301.0362810771569 175
176 301.0428227175898 176
177 301.0493159068968 177
178 301.0557529841317 178
179 301.062143775764 179
180 301.0684796822228 180
181 301.074763241819 181
182 301.0809956189556 182
183 301.0871777224412 183
184 301.0933103253519 184
185 301.0993940836397 185
186 301.1054278184988 186
187 301.1114244620002 187
188 301.1173786263338 188
189 301.1232825952781 189
190 301.1291367237917 190
191 301.1349606660925 191
192 301.1407343821334 192
193 301.146460884722 193
194 301.1521415545246 194
195 301.1577774379468 195
196 301.163369328124 196
197 301.1689179449138 197
198 301.1744374820228 198
199 301.1799105701488 199
200 301.1853460710582 200
201 301.1907371203001 201
202 301.1960841379199 202
203 301.2013992597408 203
204 301.2066721198931 204
205 301.2119099453341 205
206 301.2171056406022 206
207 301.2222669694592 207
208 301.2273994175883 208
209 301.2325007885426 209
210 301.2375580113248 210
211 301.2425718469152 211
212 301.2475551021183 212
213 301.2524988007967 213
214 301.2574044254868 214
215 301.2622729716717 215
216 301.2671033306502 216
217 301.2719182769567 217
218 301.2767040998947 218
219 301.2814540372659 219
220 301.2861684883592 220
221 301.2908447996134 221
222 301.2954958595594 222
223 301.3001054536144 223
224 301.304685267524 224
225 301.30923393414 225
226 301.3137583602588 226
227 301.318256306108 227
228 301.3227211847843 228
229 301.3271531691635 229
230 301.331547651403 230
231 301.3359166738924 231
232 301.3402520774117 232
233 301.3445588527167 233
234 301.348837508804 234
235 301.353093056688 235
236 301.3573189083567 236
237 301.3615157621572 237
238 301.3656798665629 238
239 301.3698175126326 239
240 301.3739238344094 240
241 301.3780047249141 241
242 301.3820645098817 242
243 301.3861017003847 243
244 301.3901064429576 244
245 301.3940811613224 245
246 301.3980313296179 246
247 301.4019522033192 247
248 301.4058452352479 248
249 301.4097112076096 249
250 301.4135506776449 250
251 301.4173610931016 251
252 301.4211530690208 252
253 301.4249272820953 253
254 301.4286731882306 254
255 301.4323925636445 255
256 301.4360842564851 256
257 301.439755124079 257
258 301.4434099969119 258
259 301.4470463076445 259
260 301.4506527775579 260
261 301.454248077359 261
262 301.4578150056003 262
263 301.4613594862676 263
264 301.4648814566637 264
265 301.4683811347192 265
266 301.4718630159505 266
267 301.4753183275384 267
268 301.4787567220237 268
269 301.4821726729843 269
270 301.4855666223694 270
271 301.4889325447599 271
272 301.4922845468166 272
273 301.4956096917661 273
274 301.4989252398673 274
275 301.5022225167333 275
276 301.5054971938537 276
277 301.5087468552703 277
278 301.5119805465611 278
279 301.5151931094297 279
280 301.5183786155141 280
281 301.5215508269471 281
282 301.5247027599891 282
283 301.5278295490512 283
284 301.5309373746197 284
285 301.5340271959688 285
286 301.5370976611615 286
287 301.5401501520076 287
288 301.543186454402 288
289 301.5462010980762 289
290 301.5491949883173 290
291 301.552168729743 291
292 301.5551227907998 292
293 301.5580606515871 293
294 301.5609784444804 294
295 301.5638801018081 295
296 301.5667685127793 296
297 301.5696359560964 297
298 301.5724837903046 298
299 301.5753104163669 299
300 301.5781303691446 300
301 301.580927668218 301
302 301.5837105203962 302
303 301.5864738919338 303
304 301.5892214282572 304
305 301.5919497178542 305
306 301.5946625634088 306
307 301.5973545318139 307
308 301.6000335466099 308
309 301.602694248675 309
310 301.6053372297666 310
311 301.6079628583375 311
312 301.6105714215034 312
313 301.6131631274736 313
314 301.6157409502952 314
315 301.6183072644021 315
316 301.620854931527 316
317 301.6233851503151 317
318 301.625898499798 318
319 301.6284011396267 319
320 301.6308877629918 320
321 301.6333566015103 321
322 301.635808549323 322
323 301.6382440399457 323
324 301.6406633497038 324
325 301.6430666902595 325
326 301.6454562995164 326
327 301.647835159026 327
328 301.6502018980049 328
329 301.6525528756454 329
330 301.6548885313105 330
331 301.6572051190664 331
332 301.65950807153 332
333 301.6618006852572 333
334 301.6640755431521 334
335 301.6663337597789 335
336 301.6685758655157 336
337 301.6708021968905 337
338 301.6730130167451 338
339 301.6752070428919 339
340 301.6773922670831 340
341 301.6795599439547 341
342 301.6817209087678 342
343 301.683866156114 343
344 301.6859928040338 344
345 301.6881070227323 345
346 301.6902050912912 346
347 301.6922875749925 347
348 301.6943548161043 348
349 301.6964119132854 349
350 301.6984574349195 350
351 301.7004877439915 351
352 301.7025063620738 352
353 301.7045079863635 353
354 301.7064983486806 354
355 301.7084719609205 355
356 301.7104288430089 356
357 301.7123761734217 357
358 301.7143089249381 358
359 301.716227378986 359
360 301.7181300088386 360
361 301.7200191253614 361
362 301.7218972740512 362
363 301.7237635303682 363
364 301.725617423827 364
365 301.7274564150006 365
366 301.7292805871461 366
367 301.7310903985101 367
368 301.7328864269852 368
369 301.7346682559039 369
370 301.7364331600867 370
371 301.7381879770337 371
372 301.7399287213511 372
373 301.7416580612197 373
374 301.7433753251545 374
375 301.7450750885734 375
376 301.7467612207711 376
377 301.7484389386582 377
378 301.7501040698539 378
379 301.7517544363256 379
380 301.753388782612 380
381 301.7550117013424 381
382 301.7566188440762 382
383 301.758211001299 383
384 301.7597886297109 384
385 301.7613555828981 385
386 301.7629090098511 386
387 301.7644486603061 387
388 301.7659747673595 388
389 301.7674874404793 389
390 301.768988878342 390
391 301.7704784625431 391
392 301.7719558540673 392
393 301.7734175819755 393
394 301.7748660311656 394
395 301.7763008649166 395
396 301.7777222529185 396
397 301.7791302827715 397
398 301.7805269856551 398
399 301.7819098694019 399
400 301.7832811481368 400
401 301.784638527059 401
402 301.7859825778565 402
403 301.7873133783539 403
404 301.7886307374819 404
405 301.7899348432582 405
406 301.7912234056881 406
407 301.7925018634375 407
408 301.7937670781539 408
409 301.7950168389084 409
410 301.7962564485037 410
411 301.7974806074233 411
412 301.7986923094434 412
413 301.7998936326636 413
414 301.8010817584411 414
415 301.8022546254852 415
416 301.8034172789532 416
417 301.8045668820859 417
418 301.805705128268 418
419 301.8068300641087 419
420 301.8079419285298 420
421 301.8090408810519 421
422 301.8101285142869 422
423 301.8112044367327 423
424 301.8122648732345 424
425 301.8133148974647 425
426 301.8143532273258 426
427 301.8153784696867 427
428 301.8163907928129 428
429 301.817390349709 429
430 301.8183772395451 430
431 301.81935152524 431
432 301.8203122966242 432
433 301.8212599343416 433
434 301.822195395451 434
435 301.8231198374605 435
436 301.8240297671759 436
437 301.8249275109703 437
438 301.8258161028298 438
439 301.8266918364199 439
440 301.8275550904781 440
441 301.8284059547353 441
442 301.829245460374 442
443 301.8300706141968 443
444 301.8308854197872 444
445 301.8316878027765 445
446 301.832477869396 446
447 301.8332557011611 447
448 301.8340196423424 448
449 301.8347728415723 449
450 301.8355126150454 450
451 301.8362417249338 451
452 301.8369589392484 452
453 301.8376636960652 453
454 301.8383550032798 454
455 301.8390346059541 455
456 301.8397017255122 456
457 301.840356912301 457
458 301.8409995836511 458
459 301.8416294196076 459
460 301.8422471357769 460
461 301.8428529281575 461
462 301.8434481230974 462
463 301.8440312579765 463
464 301.8446020920701 464
465 301.8451615362875 465
466 301.8457089436991 466
467 301.846244398839 467
468 301.8467685360699 468
469 301.8472814067418 469
470 301.847781963453 470
471 301.848271616261 471
472 301.8487505285379 472
473 301.8492180754242 473
474 301.8496733135026 474
475 301.8501178918337 475
476 301.8505513188794 476
477 301.8509736892852 477
478 301.8513846565727 478
479 301.8517846207717 479
480 301.8521744848529 480
481 301.8525528194638 481
482 301.8529203297199 482
483 301.8532772200696 483
484 301.8536244964894 484
485 301.853960748438 485
486 301.8542871054255 486
487 301.854602378507 487
488 301.8549078862929 488
489 301.8552025463551 489
490 301.8554870012276 490
491 301.8557618054313 491
492 301.8560264561274 492
493 301.856280915715 493
494 301.8565255123347 494
495 301.8567602459611 495
496 301.8569851494059 496
497 301.8572003402268 497
498 301.857405735952 498
499 301.8576009280453 499
500 301.8577866016328 500
501 301.8579624817286 501
502 301.858128591882 502
503 301.8582851627649 503
504 301.8584322147738 504
505 301.8585698158283 505
506 301.8586979879298 506
507 301.8588168439717 507
508 301.8589262198419 508
509 301.8590263502949 509
510 301.8591171425219 510
511 301.8591984400296 511
512 301.859270653141 512
513 301.8593337426926 513
514 301.8593877806641 514
515 301.8594327510523 515
516 301.8594689591732 516
517 301.8594961980736 517
518 301.859514666388 518
519 301.85952444684 519
520 301.8595256445647 520
521 301.8595184417318 521
522 301.859502688829 522
523 301.8594785197369 523
524 301.8594459700564 524
525 301.8594052248483 525
526 301.8593562034652 526
527 301.8592989779908 527
528 301.8592334925847 528
529 301.8591600118614 529
530 301.8590785221656 530
531 301.8589890371493 531
532 301.8588918919185 532
533 301.8587870036931 533
534 301.8586744603144 534
535 301.8585541355689 535
536 301.858426426624 536
537 301.8582910261718 537
538 301.858148434034 538
539 301.8579985632097 539
540 301.8578414872062 540
541 301.8576769799951 541
542 301.8575055930883 542
543 301.8573272520454 543
544 301.8571420220065 544
545 301.8569496080822 545
546 301.8567506662849 546
547 301.8565451124363 547
548 301.8563329195494 548
549 301.8561140895328 549
550 301.8558882776863 550
551 301.8556560282516 551
552 301.8554176893707 552
553 301.8551732508729 553
554 301.8549227551675 554
555 301.8546662326963 555
556 301.8544032266117 556
557 301.8541343530298 557
558 301.8538599527737 558
559 301.8535800340571 559
560 301.8532947183457 560
561 301.8530040033019 561
562 301.8527076695541 562
563 301.8524052124297 563
564 301.8520974170287 564
565 301.8517845485563 565
566 301.8514666271505 566
567 301.8511438626497 567
568 301.8508163817266 568
569 301.8504841936514 569
570 301.8501466544137 570
571 301.8498045583621 571
572 301.8494581583969 572
573 301.8491073828378 573
574 301.8487521519181 574
575 301.8483926865703 575
576 301.8480298829141 576
577 301.8476628771928 577
578 301.8472926756012 578
579 301.8469191562191 579
580 301.8465422732224 580
581 301.84616123364 581
582 301.8457768725983 582
583 301.8453901609974 583
584 301.8450006937417 584
585 301.8446076006799 585
586 301.8442124565734 586
587 301.8438146944009 587
588 301.8434142742972 588
589 301.843010985225 589
590 301.8426041591353 590
591 301.842194768319 591
592 301.8417830243171 592
593 301.8413694382716 593
594 301.8409539217611 594
595 301.8405358405159 595
596 301.8401159575422 596
597 301.8396944765481 597
598 301.839271280861 598
599 301.8388468493284 599
600 301.8384211303987 600
601 301.8379940942352 601
602 301.8375657767799 602
603 301.8371354347103 603
604 301.8367040511673 604
605 301.8362718327983 605
606 301.8358393256247 606
607 301.8354064221442 607
608 301.8349724277188 608
609 301.8345381554761 609
610 301.8341038215264 610
611 301.833669803041 611
612 301.8332361286182 612
613 301.8328018047087 613
614 301.8323686977312 614
615 301.831936137061 615
616 301.8315032888727 616
617 301.8310710530624 617
618 301.8306404755639 618
619 301.8302100749012 619
620 301.8297814473807 620
621 301.8293539297829 621
622 301.828927582219 622
623 301.8285022500236 623
624 301.8280773097176 624
625 301.8276537994613 625
626 301.8272319331198 626
627 301.8268122549075 627
628 301.8263941267325 628
629 301.8259788869912 629
630 301.8255652841976 630
631 301.8251547916539 631
632 301.8247461372857 632
633 301.8243408688514 633
634 301.8239385550545 634
635 301.8235392418601 635
636 301.8231427471272 636
637 301.8227484024029 637
638 301.8223580848511 638
639 301.8219706546927 639
640 301.82158749218 640
641 301.8212074236889 641
642 301.8208318933262 642
643 301.8204597087629 643
644 301.8200923341662 644
645 301.81972936337 645
646 301.8193708603756 646
647 301.8190166919383 647
648 301.818666351693 648
649 301.8183214239197 649
650 301.8179810379259 650
651 301.8176462763827 651
652 301.817316888038 652
653 301.8169929639837 653
654 301.8166744093412 654
655 301.8163608463809 655
656 301.8160535814472 656
657 301.8157519526388 657
658 301.8154568583245 658
659 301.8151676287497 659
660 301.8148848196018 660
661 301.8146086082962 661
662 301.8143390145509 662
663 301.8140764028372 663
664 301.8138210222063 664
665 301.8135728730917 665
666 301.8133318897416 666
667 301.8130977447282 667
668 301.8128716126831 668
669 301.8126533226117 669
670 301.8124429594874 670
671 301.8122405092807 671
672 301.8120457201927 672
673 301.8118596347231 673
674 301.8116821085885 674
675 301.8115132409318 675
676 301.8113530550086 676
677 301.8112013913565 677
678 301.8110588885847 678
679 301.8109256567708 679
680 301.81080178193 680
681 301.8106874311713 681
682 301.8105828023048 682
683 301.8104880011938 683
684 301.8104033411616 684
685 301.8103287368221 685
686 301.8102645327926 686
687 301.810210691143 687
688 301.8101674384974 688
689 301.8101350056298 689
690 301.8101134733312 690
691 301.8101029844267 691
692 301.8101036422887 692
693 301.8101156481392 693
694 301.810139166001 694
695 301.8101743882331 695
696 301.810221533914 696
697 301.8102807027282 697
698 301.8103521419456 698
699 301.8104358943125 699
700 301.8105322345946 700
701 301.8106411804621 701
702 301.8107630778973 702
703 301.8108980672802 703
704 301.8110462994234 704
705 301.8112079289139 705
706 301.8113831124207 706
707 301.8115720079158 707
708 301.8117747743219 708
709 301.8119915712596 709
710 301.8122225588556 710
711 301.8124678976708 711
712 301.8127277485663 712
713 301.8130022727147 713
714 301.8132916315122 714
715 301.8135959866007 715
716 301.8139154997979 716
717 301.8142503331102 717
718 301.8146006487095 718
719 301.8149666089033 719
720 301.8153483761425 720
721 301.8157461129906 721
722 301.8161599821273 722
723 301.8165901463512 723
724 301.8170367685493 724
725 301.8175000117013 725
726 301.8179800388849 726
727 301.8184770132623 727
728 301.8189910980674 728
729 301.8195224566069 729
730 301.8200712522553 730
731 301.8206376484576 731
732 301.821221808699 732
733 301.8218238965266 733
734 301.8224440755227 734
735 301.8230825093414 735
736 301.8237393616268 736
737 301.8244147960915 737
738 301.8251089764578 738
739 301.8258220664655 739
740 301.8265542298847 740
741 301.8273056304894 741
742 301.8280764320517 742
743 301.8288667983488 743
744 301.8296768931647 744
745 301.8305068802542 745
746 301.8313569233715 746
747 301.8322271862435 747
748 301.8331178325704 748
749 301.8340290260278 749
750 301.8349609302485 750
751 301.8359137088187 751
752 301.8368875252935 752
753 301.8378825431632 753
754 301.8388989258535 754
755 301.8399368367398 755
756 301.8409964391228 756
757 301.8420778962186 757
758 301.8431813711753 758
759 301.8443070270577 759
760 301.845455026823 760
761 301.8466255333424 761
762 301.8478187093799 762
763 301.8490347175843 763
764 301.8502737205062 764
765 301.8515358805601 765
766 301.8528213600385 766
767 301.8541303211074 767
768 301.8554629257916 768
769 301.8568193359602 769
770 301.8581997133586 770
771 301.8596042195439 771
772 301.8610330159463 772
773 301.8624862638073 773
774 301.8639641242054 774
775 301.8654667580261 775
776 301.8669943259861 776
777 301.8685469886068 777
778 301.8701249062098 778
779 301.8717282389134 779
780 301.8733571466337 780
781 301.8750117890647 781
782 301.8766923256786 782
783 301.8783989157389 783
784 301.8801317182523 784
785 301.8818908920059 785
786 301.8836765955272 786
787 301.885488987107 787
788 301.8873282247639 788
789 301.8891944662658 789
790 301.8910878691122 790
791 301.8930085905197 791
792 301.894956787427 792
793 301.8969326164802 793
794 301.8989362340459 794
795 301.9009677961765 795
796 301.9030274586269 796
797 301.9051153768297 797
798 301.9072317059197 798
799 301.9093766006808 799
800 301.911550215588 800
801 301.913752704768 801
802 301.9159842220084 802
803 301.9182449207426 803
804 301.9205349540583 804
805 301.9228544746664 805
806 301.9252036349273 806
807 301.927582586815 807
808 301.9299914819152 808
809 301.9324304714497 809
810 301.934899706229 810
811 301.9373993366642 811
812 301.9399295127689 812
813 301.9424903841425 813
814 301.9450820999494 814
815 301.947704808951 815
816 301.9503586594739 816
817 301.9530437993898 817
818 301.9557603761411 818
819 301.9585085367097 819
820 301.9612884276337 820
821 301.9641001949771 821
822 301.9669439843259 822
823 301.969819940811 823
824 301.9727282090585 824
825 301.9756689332193 825
826 301.9786422569453 826
827 301.9816483233805 827
828 301.9846872751672 828
829 301.9877592544181 829
830 301.9908644027377 830
831 301.9940028612066 831
832 301.9971747703469 832
833 302.0003802701588 833
834 302.003619500092 834
835 302.0068925990371 835
836 302.0101997053111 836
837 302.0135409566963 837
838 302.0169164903625 838
839 302.0203264429258 839
840 302.0237709503975 840
841 302.0272501481978 841
842 302.0307641711568 842
843 302.0343131534872 843
844 302.0378972287825 844
845 302.0415165300248 845
846 302.0451711895657 846
847 302.0488613391246 847
848 302.0525871097653 848
849 302.0563486319281 849
850 302.0601460353795 850
851 302.0639794492358 851
852 302.0678490019292 852
853 302.0717548212394 853
854 302.0756970342572 854
855 302.0796757673688 855
856 302.0836911462889 856
857 302.0877432960214 857
858 302.0918323408554 858
859 302.0959584043767 859
860 302.1001216094347 860
861 302.1043220781638 861
862 302.1085599319589 862
863 302.1128352914657 863
864 302.1171482765966 864
865 302.1214990064904 865
866 302.1258875995285 866
867 302.1303141733291 867
868 302.1347788447359 868
869 302.1392817297912 869
870 302.1438229437676 870
871 302.148402601127 871
872 302.1530208155388 872
873 302.157677699856 873
874 302.1623733661128 874
875 302.1671079255169 875
876 302.1718814884555 876
877 302.1766941644597 877
878 302.1815460622359 878
879 302.186437289631 879
880 302.1913679536189 880
881 302.196338160331 881
882 302.2013480150013 882
883 302.206397622011 883
884 302.2114870848355 884
885 302.2166165060599 885
886 302.2217859873745 886
887 302.2269956295575 887
888 302.232245532475 888
889 302.2375357950643 889
890 302.2428665153429 890
891 302.2482377903884 891
892 302.2536497163422 892
893 302.259102388389 893
894 302.2645959007632 894
895 302.2701303467237 895
896 302.2757058185791 896
897 302.281322407634 897
898 302.2869802042347 898
899 302.2926792977212 899
900 302.2984197764378 900
901 302.3042017277301 901
902 302.3100252379146 902
903 302.315890392299 903
904 302.3217972751701 904
905 302.3277459697674 905
906 302.3337365582953 906
907 302.3397691219191 907
908 302.3458437407276 908
909 302.3519604937646 909
910 302.3581194590053 910
911 302.3643207133402 911
912 302.3705643325721 912
913 302.3768503914248 913
914 302.3831789635264 914
915 302.3895501213777 915
916 302.3959639363955 916
917 302.4024204788602 917
918 302.4089198179288 918
919 302.415462021627 919
920 302.4220471568386 920
921 302.4286752892965 921
922 302.4353464835883 922
923 302.4420608031278 923
924 302.4488183101693 924
925 302.4556190657777 925
926 302.4624631298514 926
927 302.4693505610765 927
928 302.4762814169671 928
929 302.4832557538026 929
930 302.490273626683 930
931 302.497335089456 931
932 302.5044401947615 932
933 302.5115889940002 933
934 302.5187815373333 934
935 302.5260178736655 935
936 302.5332980506626 936
937 302.5406221147044 937
938 302.5479901109202 938
939 302.5554020831522 939
940 302.5628580739587 940
941 302.5703581246016 941
942 302.5779022750513 942
943 302.5854905639762 943
944 302.5931230287085 944
945 302.6007997052797 945
946 302.6085206283898 946
947 302.6162858313871 947
948 302.6240953463055 948
949 302.6319492037982 949
950 302.6398474331831 950
951 302.6477900624057 951
952 302.6557771180303 952
953 302.6638086252461 953
954 302.6718846078704 954
955 302.6800050883074 955
956 302.6881700875628 956
957 302.6963796252446 957
958 302.7046337195317 958
959 302.7129323871821 959
960 302.7212756435345 960
961 302.7296635024621 961
962 302.7380959764241 962
963 302.7465730764042 963
964 302.7550948119449 964
965 302.7636611910955 965
966 302.7722722204596 966
967 302.7809279051273 967
968 302.7896282487251 968
969 302.7983732533645 969
970 302.8071629196625 970
971 302.8159972467267 971
972 302.8248762321288 972
973 302.833799871928 973
974 302.8427681606511 974
975 302.85178109127 975
976 302.8608386552183 976
977 302.8699408423645 977
978 302.8790876410217 978
979 302.888279037931 979
980 302.8975150182479 980
981 302.9067955655456 981
982 302.9161206618085 982
983 302.9254902874102 983
984 302.9349044211213 984
985 302.9443630400995 985
986 302.9538661198687 986
987 302.9634136343298 987
988 302.9730055557536 988
989 302.9826418547395 989
990 302.9923225002655 990
991 303.0020474596244 991
992 303.0118166984531 992
993 303.0216301807022 993
994 303.0314878686584 994
995 303.0413897228954 995
996 303.0513357023042 996
997 303.061325764063 997
998 303.0713598636397 998
999 303.0814379547812 999
1000 303.0915599895031 1000
1001 303.1017259180961 1001
1002 303.1119356890904 1002
1003 303.1221892492795 1003
1004 303.1324865436947 1004
1005 303.1428275156061 1005
1006 303.1532121064942 1006
1007 303.1636402560822 1007
1008 303.1741119022946 1008
1009 303.1846269812564 1009
1010 303.1951854272856 1010
1011 303.205787172905 1011
1012 303.2164321488154 1012
1013 303.2271202838721 1013
1014 303.2378515051227 1014
1015 303.2486257377602 1015
1016 303.2594429051335 1016
1017 303.2703029287296 1017
1018 303.2812057281816 1018
1019 303.2921512212481 1019
1020 303.3031393238038 1020
1021 303.3141699498407 1021
1022 303.325243011452 1022
1023 303.3363584188428 1023
1024 303.3475160803036 1024
1025 303.3587159021987 1025
1026 303.3699577889799 1026
1027 303.381241643155 1027
1028 303.3925673653165 1028
1029 303.4039348540777 1029
1030 303.4153440061215 1030
1031 303.4267947161684 1031
1032 303.4382868769579 1032
1033 303.4498203792433 1033
1034 303.4613951118253 1034
1035 303.4730109614869 1035
1036 303.484667813022 1036
1037 303.4963655492022 1037
1038 303.5081040508019 1038
1039 303.5198831965652 1039
1040 303.5317028632066 1040
1041 303.5435629254009 1041
1042 303.5554632557775 1042
1043 303.5674037249127 1043
1044 303.5793842013294 1044
1045 303.591404551461 1045
1046 303.6034646396976 1046
1047 303.6155643283138 1047
1048 303.6277034775075 1048
1049 303.6398819453791 1049
1050 303.6520995879181 1050
1051 303.6643562590052 1051
1052 303.6766518103831 1052
1053 303.6889860916895 1053
1054 303.7013589504082 1054
1055 303.7137702318795 1055
1056 303.7262197792885 1056
1057 303.7387074336734 1057
1058 303.7512330338926 1058
1059 303.763796416635 1059
1060 303.7763974164023 1060
1061 303.7890358655024 1061
1062 303.8017115940562 1062
1063 303.814424429969 1063
1064 303.8271741989338 1064
1065 303.8399607244209 1065
1066 303.8527838276833 1066
1067 303.8656433277084 1067
1068 303.8785390412746 1068
1069 303.8914707828804 1069
1070 303.9044383647783 1070
1071 303.9174415969573 1071
1072 303.930480287118 1072
1073 303.9435542406773 1073
1074 303.9566632607778 1074
1075 303.9698071482474 1075
1076 303.982985701618 1076
1077 303.9961987171023 1077
1078 304.0094459885901 1078
1079 304.0227273076495 1079
1080 304.036042463504 1080
1081 304.0493912430354 1081
1082 304.0627734307774 1082
1083 304.0761888088952 1083
1084 304.0896371571847 1084
1085 304.1031182530918 1085
1086 304.116631871638 1086
1087 304.1301777854835 1087
1088 304.1437557648895 1088
1089 304.1573655776924 1089
1090 304.1710069893304 1090
1091 304.1846797628049 1091
1092 304.1983836587104 1092
1093 304.2121184351855 1093
1094 304.2258838479311 1094
1095 304.2396796501924 1095
1096 304.2535055927569 1096
1097 304.2673614239356 1097
1098 304.281246889576 1098
1099 304.2951617330408 1099
1100 304.3091056951823 1100
1101 304.3230785143856 1101
1102 304.3370799264945 1102
1103 304.3511096648622 1103
1104 304.3651674603108 1104
1105 304.3792530411384 1105
1106 304.3933661330885 1106
1107 304.4075064593728 1107
1108 304.4216737406564 1108
1109 304.4358676950245 1109
1110 304.4500880380079 1110
1111 304.4643344825445 1111
1112 304.478606739008 1112
1113 304.492904515168 1113
1114 304.5072275161978 1114
1115 304.5215754446547 1115
1116 304.5359480004904 1116
1117 304.5503448810312 1117
1118 304.5647657809582 1118
1119 304.5792103923397 1119
1120 304.5936784045774 1120
1121 304.6081695044253 1121
1122 304.6226833759748 1122
1123 304.6372197006463 1123
1124 304.6517781571737 1124
1125 304.6663584216225 1125
1126 304.6809601673576 1126
1127 304.6955830650337 1127
1128 304.7102267826049 1128
1129 304.7248909853119 1129
1130 304.7395753356643 1130
1131 304.7542794934378 1131
1132 304.7690031156749 1132
1133 304.7837458566653 1133
1134 304.7985073679363 1134
1135 304.8132872982677 1135
1136 304.828085293654 1136
1137 304.8429009973266 1137
1138 304.8577340497045 1138
1139 304.8725840884294 1139
1140 304.8874507483382 1140
1141 304.9023336614609 1141
1142 304.9172324569918 1142
1143 304.9321467613231 1143
1144 304.9470761979956 1144
1145 304.9620203877132 1145
1146 304.9769789483362 1146
1147 304.9919514948551 1147
1148 305.0069376394109 1148
1149 305.0219369912535 1149
1150 305.0369491567663 1150
1151 305.0519737394362 1151
1152 305.0670103398593 1152
1153 305.0820585557246 1153
1154 305.097117981807 1154
1155 305.1121882099626 1155
1156 305.1272688291153 1156
1157 305.1423594252681 1157
1158 305.1574595814641 1158
1159 305.1725688777997 1159
1160 305.1876868914158 1160
1161 305.2028131964806 1161
1162 305.2179473641964 1162
1163 305.23308896278 1163
1164 305.2482375574376 1164
1165 305.2633927104088 1165
1166 305.278553980906 1166
1167 305.2937209251397 1167
1168 305.3088930962877 1168
1169 305.3240700444987 1169
1170 305.3392513168918 1170
1171 305.3544364575411 1171
1172 305.3696250074491 1172
1173 305.3848165045806 1173
1174 305.400010483819 1174
1175 305.4152064769759 1175
1176 305.4304040127683 1176
1177 305.4456026168302 1177
1178 305.4608018116922 1178
1179 305.4760011167745 1179
1180 305.4912000483839 1180
1181 305.5063981197052 1181
1182 305.5215948407773 1182
1183 305.5367897185252 1183
1184 305.5519822566976 1184
1185 305.5671719559086 1185
1186 305.5823583135966 1186
1187 305.5975408240371 1187
1188 305.6127189783149 1188
1189 305.6278922643475 1189
1190 305.6430601668335 1190
1191 305.6582221672798 1191
1192 305.6733777439965 1192
1193 305.6885263720504 1193
1194 305.7036675232911 1194
1195 305.7188006663469 1195
1196 305.7339252665781 1196
1197 305.7490407861235 1197
1198 305.7641466838393 1198
1199 305.7792424153328 1199
1200 305.7310888028532 1200
