"bat14-rfile"
"Time Step" "bat14 etc.."
("Time Step" "bat14" "flow-time")
0 298.1500000000014 0
1 298.1863136346666 1
2 298.2216587413831 2
3 298.256266074602 3
4 298.2902518768187 4
5 298.3236862591482 5
6 298.3566174165569 6
7 298.3890807535266 7
8 298.4211042004539 8
9 298.4527098836088 9
10 298.4839146295448 10
11 298.514732089121 11
12 298.5451734458929 12
13 298.575250290219 13
14 298.6049732644259 14
15 298.6343517207485 15
16 298.6633938723447 16
17 298.6923123171914 17
18 298.7208805688979 18
19 298.7492838598307 19
20 298.7773917711087 20
21 298.8051629719415 21
22 298.8327495695125 22
23 298.8599774823921 23
24 298.8869055777509 24
25 298.9135397159065 25
26 298.939994690973 26
27 298.9661654244053 27
28 298.9920633475676 28
29 299.0176053339955 29
30 299.0429335849849 30
31 299.0679616308958 31
32 299.0927148520714 32
33 299.1172455361798 33
34 299.1415322901274 34
35 299.1655741113763 35
36 299.189292365514 36
37 299.2128140998488 37
38 299.2361038564053 38
39 299.2592050556494 39
40 299.2820585879193 40
41 299.3046327142731 41
42 299.3269549132771 42
43 299.3490326757154 43
44 299.3708652820455 44
45 299.3924675896416 45
46 299.4137975761182 46
47 299.4349890432067 47
48 299.455971492789 48
49 299.4767445881365 49
50 299.4973089499009 50
51 299.5176311538165 51
52 299.5377318345685 52
53 299.5576169364451 53
54 299.5772847197851 54
55 299.5967031278013 55
56 299.6159408823849 56
57 299.634991703604 57
58 299.6538003444051 58
59 299.672497235897 59
60 299.6910138301673 60
61 299.7093489895798 61
62 299.7274473467114 62
63 299.7453664436613 63
64 299.7631286847166 64
65 299.7806857127885 65
66 299.7980895134085 66
67 299.8152968710693 67
68 299.8323222512841 68
69 299.8491697571548 69
70 299.8658187390609 70
71 299.882336116531 71
72 299.8986482043111 72
73 299.9147586213394 73
74 299.9307313947689 74
75 299.9465792463131 75
76 299.962208754114 76
77 299.9776817289327 77
78 299.9930083538121 78
79 300.0081813873404 79
80 300.0231621664017 80
81 300.0380654104569 81
82 300.052801807733 82
83 300.0673854683865 83
84 300.0818474764244 84
85 300.0961472762194 85
86 300.1102612399013 86
87 300.1242722325115 87
88 300.1381013702791 88
89 300.1517925012649 89
90 300.1653442005232 90
91 300.1787632471119 91
92 300.192084530799 92
93 300.2052331879453 93
94 300.2183123768225 94
95 300.2312455131812 95
96 300.2440086808347 96
97 300.2567011274774 97
98 300.2692521494265 98
99 300.2816377521282 99
100 300.2939357181029 100
101 300.3061119391672 101
102 300.3181300309525 102
103 300.3300281317252 103
104 300.3418172850224 104
105 300.3534727777027 105
106 300.3650239333364 106
107 300.3764459195014 107
108 300.3877613072324 108
109 300.3989987376809 109
110 300.4100962012832 110
111 300.4210495429437 111
112 300.4319107008366 112
113 300.4426579571794 113
114 300.4532725938363 114
115 300.4638035558581 115
116 300.47419106149 116
117 300.4844741236182 117
118 300.4946618668938 118
119 300.5047250649197 119
120 300.5146826446235 120
121 300.5245561933333 121
122 300.5343364798601 122
123 300.5440359923072 123
124 300.5536376344963 124
125 300.5631373294291 125
126 300.5725604395151 126
127 300.5818705925279 127
128 300.5910801942225 128
129 300.6002006345887 129
130 300.609221240412 130
131 300.6181355194342 131
132 300.6269698134314 132
133 300.6357224105572 133
134 300.6443838056908 134
135 300.6529713965382 135
136 300.6614707901704 136
137 300.669894998033 137
138 300.6782460883775 138
139 300.6865284759044 139
140 300.6947370199473 140
141 300.7028778082856 141
142 300.7109441937592 142
143 300.7189701993867 143
144 300.7269414424528 144
145 300.7348499255939 145
146 300.7426822383044 146
147 300.7504452109684 147
148 300.7581399633111 148
149 300.7657670939903 149
150 300.7733389246587 150
151 300.7808373875731 151
152 300.7882688166766 152
153 300.7956343743051 153
154 300.8029348173519 154
155 300.8101820567019 155
156 300.8173699716716 156
157 300.8244868982923 157
158 300.8315398539535 158
159 300.8385407873545 159
160 300.8454732013616 160
161 300.8523540358911 161
162 300.8591761537355 162
163 300.8659424036985 163
164 300.8726420717573 164
165 300.8792893539699 165
166 300.8858730863432 166
167 300.8923978272915 167
168 300.8988648115538 168
169 300.9052749817341 169
170 300.9116291373073 170
171 300.9179375900628 171
172 300.9241860061584 172
173 300.930379672679 173
174 300.9365196551864 174
175 300.942606784835 175
176 300.9486508035703 176
177 300.9546470348014 177
178 300.9605863367564 178
179 300.9664828658875 179
180 300.9723237111659 180
181 300.9781140513743 181
182 300.9838549646537 182
183 300.9895473193827 183
184 300.9951918716733 184
185 301.0007892094305 185
186 301.0063331116635 186
187 301.0118442424546 187
188 301.0173168264622 188
189 301.0227395099949 189
190 301.0281091768951 190
191 301.0334553031747 191
192 301.0387513411184 192
193 301.0440030176416 193
194 301.0492109224624 194
195 301.0543765494043 195
196 301.0594999074804 196
197 301.0645818232461 197
198 301.0696404485054 198
199 301.0746494478802 199
200 301.0796243476886 200
201 301.0845547942675 201
202 301.0894382973517 202
203 301.0942946057826 203
204 301.099111526617 204
205 301.1038972589164 205
206 301.1086410994537 206
207 301.1133542307364 207
208 301.1180417675467 208
209 301.1226989748545 209
210 301.1273101482681 210
211 301.131876816918 211
212 301.1364177585646 212
213 301.1409220561541 213
214 301.1453908550789 214
215 301.1498249776091 215
216 301.1542184544741 216
217 301.1586036689646 217
218 301.1629611686571 218
219 301.1672826651175 219
220 301.1715707086199 220
221 301.1758218577047 221
222 301.1800530097977 222
223 301.1842380220048 223
224 301.1883933052102 224
225 301.1925198196793 225
226 301.196628192867 226
227 301.2007143990093 227
228 301.2047676932389 228
229 301.2087900701836 229
230 301.2127717562786 230
231 301.2167323874849 231
232 301.2206623896126 232
233 301.2245672240364 233
234 301.2284460863867 234
235 301.2323049998996 235
236 301.2361340154687 236
237 301.2399359616069 237
238 301.2437060558561 238
239 301.2474531200872 239
240 301.2511695318819 240
241 301.2548637615828 241
242 301.2585397774495 242
243 301.2621941649536 243
244 301.2658149868137 244
245 301.26940817599 245
246 301.272980004074 246
247 301.2765231351301 247
248 301.2800404869211 248
249 301.2835327773674 249
250 301.287000454425 250
251 301.2904381578623 251
252 301.293861043624 252
253 301.2972705120404 253
254 301.3006504453497 254
255 301.304005942113 255
256 301.3073321767606 256
257 301.3106388656478 257
258 301.313934274055 258
259 301.3172144450157 259
260 301.3204602502656 260
261 301.3237006808116 261
262 301.3269123168951 262
263 301.3301048091471 263
264 301.3332765676113 264
265 301.3364276793554 265
266 301.3395637057445 266
267 301.342672283413 267
268 301.345767959661 268
269 301.3488411758121 269
270 301.3518940218893 270
271 301.354917334727 271
272 301.3579311248383 272
273 301.3609155822404 273
274 301.3638958737222 274
275 301.3668593450223 275
276 301.3698005896265 276
277 301.3727179146127 277
278 301.3756232212705 278
279 301.3785074830422 279
280 301.3813634923485 280
281 301.3842105123391 281
282 301.3870390033895 282
283 301.3898398278947 283
284 301.392623549087 284
285 301.3953895621901 285
286 301.3981386146585 286
287 301.400870078985 287
288 301.4035891055058 288
289 301.4062889859424 289
290 301.4089703382336 290
291 301.411633524901 291
292 301.4142788857081 292
293 301.4169105364719 293
294 301.419522722075 294
295 301.4221212269042 295
296 301.4247086846061 296
297 301.4272744429172 297
298 301.4298223994105 298
299 301.4323489545685 299
300 301.4348732668579 300
301 301.437371764285 301
302 301.4398589418456 302
303 301.4423287909021 303
304 301.4447853842901 304
305 301.4472234306828 305
306 301.4496483980294 306
307 301.4520511105782 307
308 301.4544435988695 308
309 301.4568195888589 309
310 301.4591794978464 310
311 301.4615236134706 311
312 301.4638521890553 312
313 301.4661653695275 313
314 301.4684667969299 314
315 301.4707586603326 315
316 301.4730311656683 316
317 301.4752878306272 317
318 301.477529164711 318
319 301.4797626731919 319
320 301.481979931821 320
321 301.4841801510768 321
322 301.4863650157993 322
323 301.4885348854139 323
324 301.4906899742174 324
325 301.4928304699149 325
326 301.4949590555552 326
327 301.4970788744635 327
328 301.4991872286224 328
329 301.5012798870763 329
330 301.5033585164992 330
331 301.5054170057267 331
332 301.5074623723711 332
333 301.5095006781004 333
334 301.5115221949886 334
335 301.5135287526082 335
336 301.5155207571749 336
337 301.5174984571224 337
338 301.5194620569143 338
339 301.5214087022699 339
340 301.5233494463661 340
341 301.52527126266 341
342 301.5271900044619 342
343 301.5290933077978 343
344 301.5309778396944 344
345 301.5328524917635 345
346 301.5347126543341 346
347 301.5365587165943 347
348 301.5383909278113 348
349 301.5402155047036 349
350 301.5420292135668 350
351 301.5438277371114 351
352 301.5456165464814 352
353 301.5473880661047 353
354 301.5491509174863 354
355 301.5508967001766 355
356 301.5526251916084 356
357 301.5543468455982 357
358 301.5560551601397 358
359 301.5577504514263 359
360 301.5594307622112 360
361 301.5610993341137 361
362 301.5627587618775 362
363 301.5644070777765 363
364 301.5660438719544 364
365 301.5676661047107 365
366 301.5692746716248 366
367 301.5708700997529 367
368 301.5724530274602 368
369 301.5740227645871 369
370 301.5755749993423 370
371 301.5771197002059 371
372 301.578651581819 372
373 301.5801738638073 373
374 301.5816848998373 374
375 301.5831767084373 375
376 301.5846559617618 376
377 301.5861301315654 377
378 301.5875927716881 378
379 301.5890411306833 379
380 301.5904743289951 380
381 301.5918983916459 381
382 301.5933066504941 382
383 301.5947012538977 383
384 301.5960826052473 384
385 301.5974553642617 385
386 301.5988148292347 386
387 301.6001614700318 387
388 301.601495642823 388
389 301.6028174369696 389
390 301.6041295823296 390
391 301.6054306385672 391
392 301.6067203148826 392
393 301.6079943902822 393
394 301.6092568445866 394
395 301.6105066550206 395
396 301.6117440620988 396
397 301.612969144084 397
398 301.6141844306254 398
399 301.6153861693547 399
400 301.6165778528938 400
401 301.6177559539398 401
402 301.618921870449 402
403 301.6200755666387 403
404 301.621216758442 404
405 301.6223457234222 405
406 301.6234586264166 406
407 301.6245636319738 407
408 301.6256565100096 408
409 301.6267335204606 409
410 301.627802574889 410
411 301.6288558777948 411
412 301.6298975427697 412
413 301.6309310953358 413
414 301.6319526214909 414
415 301.6329586253379 415
416 301.6339565537367 416
417 301.6349425577919 417
418 301.6359186577641 418
419 301.6368818677212 419
420 301.6378330409915 420
421 301.638772310148 421
422 301.6397016276796 422
423 301.6406200099212 423
424 301.6415221019669 424
425 301.6424158995923 425
426 301.6432993814641 426
427 301.6441703106963 427
428 301.6450293298337 428
429 301.6458765696636 429
430 301.6467121020078 430
431 301.6475359704694 431
432 301.6483470278822 432
433 301.6491459940395 433
434 301.6499339623367 434
435 301.6507121115631 435
436 301.6514748976206 436
437 301.6522263676573 437
438 301.6529709660541 438
439 301.6537032836978 439
440 301.6544241559651 440
441 301.6551335896123 441
442 301.6558328343465 442
443 301.6565170141816 443
444 301.6571926930793 444
445 301.6578569663296 445
446 301.6585098772047 446
447 301.6591514809749 447
448 301.6597795558574 448
449 301.660398488065 449
450 301.6610038672143 450
451 301.6616000991042 451
452 301.6621853870915 452
453 301.6627590129347 453
454 301.6633199578201 454
455 301.6638695622644 455
456 301.6644080935828 456
457 301.6649350270518 457
458 301.6654509973739 458
459 301.6659547073885 459
460 301.6664471526668 460
461 301.6669285328693 461
462 301.6673998433572 462
463 301.6678608596669 463
464 301.6683102053107 464
465 301.6687479528621 465
466 301.6691744960106 466
467 301.6695901004278 467
468 301.6699954601763 468
469 301.6703905561413 469
470 301.6707747407028 470
471 301.6711493650997 471
472 301.6715130082143 472
473 301.6718661059567 473
474 301.6722090036392 474
475 301.6725408860721 475
476 301.6728623758623 476
477 301.6731737747496 477
478 301.6734756985238 478
479 301.6737675734865 479
480 301.6740489719962 480
481 301.6743208484401 481
482 301.6745826789038 482
483 301.6748346365806 483
484 301.6750768178701 484
485 301.6753097891774 485
486 301.6755327974789 486
487 301.6757463053254 487
488 301.6759500036439 488
489 301.6761444719783 489
490 301.6763295624982 490
491 301.6765049641198 491
492 301.6766709902658 492
493 301.6768276923774 493
494 301.6769754596334 494
495 301.6771141737323 495
496 301.6772437898745 496
497 301.6773649965821 497
498 301.6774764579328 498
499 301.6775789108191 499
500 301.6776721370765 500
501 301.6777563249978 501
502 301.6778315402326 502
503 301.6778981182982 503
504 301.677955914115 504
505 301.6780050076004 505
506 301.6780454115928 506
507 301.6780775574562 507
508 301.67810078462 508
509 301.67811518211 509
510 301.678120972412 510
511 301.6781182667483 511
512 301.6781069554677 512
513 301.6780872603616 513
514 301.6780592681153 514
515 301.6780231344005 515
516 301.6779787312176 516
517 301.6779262579864 517
518 301.677865721448 518
519 301.6777971829254 519
520 301.6777208063714 520
521 301.6776366627452 521
522 301.6775445595271 522
523 301.677444738921 523
524 301.6773374663578 524
525 301.6772224856014 525
526 301.6770997768501 526
527 301.6769695654079 527
528 301.6768320228733 528
529 301.676686945634 529
530 301.6765344324041 530
531 301.6763749083014 531
532 301.6762081230536 532
533 301.6760341593506 533
534 301.6758532520321 534
535 301.6756655900471 535
536 301.6754708817558 536
537 301.6752694328716 537
538 301.6750610760819 538
539 301.6748460060403 539
540 301.6746244411754 540
541 301.6743965460882 541
542 301.6741619830008 542
543 301.6739210072915 543
544 301.673673832444 544
545 301.6734206191109 545
546 301.6731610003664 546
547 301.6728953041041 547
548 301.6726236964447 548
549 301.6723461565459 549
550 301.6720627159963 550
551 301.6717734148398 551
552 301.6714781322174 552
553 301.6711773278106 553
554 301.6708711551896 554
555 301.6705596522355 555
556 301.6702427622987 556
557 301.6699205632774 557
558 301.6695928429774 558
559 301.6692601670113 559
560 301.6689227106092 560
561 301.6685807229508 561
562 301.6682337630995 562
563 301.6678816425913 563
564 301.6675247857531 564
565 301.6671633760087 565
566 301.6667969575179 566
567 301.6664263329456 567
568 301.6660516390141 568
569 301.6656728860952 569
570 301.6652897188434 570
571 301.6649025942833 571
572 301.6645116669329 572
573 301.6641163902161 573
574 301.6637171674432 574
575 301.6633146461688 575
576 301.6629086526624 576
577 301.6624997060537 577
578 301.6620873078234 578
579 301.6616721130792 579
580 301.6612541972287 580
581 301.6608334951659 581
582 301.6604099418379 582
583 301.6599836059791 583
584 301.6595550920294 584
585 301.6591246005304 585
586 301.6586914631204 586
587 301.658256295333 587
588 301.6578190232984 588
589 301.6573794606875 589
590 301.656937544452 590
591 301.6564934312799 591
592 301.6560473135331 592
593 301.6555988893274 593
594 301.65514899226 594
595 301.6546981266387 595
596 301.6542460050744 596
597 301.6537927116883 597
598 301.6533380542165 598
599 301.6528816156905 599
600 301.6524243219271 600
601 301.6519662444034 601
602 301.6515074298684 602
603 301.651047851274 603
604 301.6505876042697 604
605 301.6501268603772 605
606 301.6496652556412 606
607 301.6492036990622 607
608 301.6487426948149 608
609 301.6482819224418 609
610 301.6478214620938 610
611 301.6473605243844 611
612 301.6469003736486 612
613 301.6464413039623 613
614 301.6459825541811 614
615 301.645524834489 615
616 301.6450684418801 616
617 301.6446129920408 617
618 301.6441583201285 618
619 301.6437054108189 619
620 301.6432535384241 620
621 301.6428031873265 621
622 301.6423544094657 622
623 301.6419070515255 623
624 301.6414610874972 624
625 301.6410168084295 625
626 301.6405743868062 626
627 301.6401335296307 627
628 301.6396956114737 628
629 301.639260017056 629
630 301.6388275101447 630
631 301.6383974111604 631
632 301.6379705771194 632
633 301.6375463361111 633
634 301.6371254222333 634
635 301.6367079270608 635
636 301.6362936175211 636
637 301.6358824564275 637
638 301.6354746813894 638
639 301.635071066837 639
640 301.6346710371328 640
641 301.6342754114227 641
642 301.6338835987915 642
643 301.6334964267981 643
644 301.6331133031314 644
645 301.6327349198737 645
646 301.6323613698568 646
647 301.6319924465275 647
648 301.6316281086403 648
649 301.6312687147138 649
650 301.6309148443452 650
651 301.6305661109713 651
652 301.6302230779332 652
653 301.6298858374194 653
654 301.6295541987434 654
655 301.6292281103614 655
656 301.6289080035204 656
657 301.628594324763 657
658 301.628286772713 658
659 301.6279859197037 659
660 301.6276916729812 660
661 301.6274041885775 661
662 301.6271233750001 662
663 301.6268490561177 663
664 301.6265822766143 664
665 301.6263229818936 665
666 301.6260709932703 666
667 301.6258263165606 667
668 301.6255893271729 668
669 301.6253603597456 669
670 301.6251395208871 670
671 301.6249267174078 671
672 301.6247219921242 672
673 301.6245257411489 673
674 301.6243382282078 674
675 301.6241595459347 675
676 301.6239896181801 676
677 301.6238284988496 677
678 301.6236767486782 678
679 301.623534324113 679
680 301.6234012134125 680
681 301.6232776607633 681
682 301.6231636148747 682
683 301.6230598591831 683
684 301.6229661404386 684
685 301.6228827063495 685
686 301.622809555296 686
687 301.6227469123867 687
688 301.6226948574405 688
689 301.6226535179171 689
690 301.6226231008345 690
691 301.6226037309524 691
692 301.6225955106841 692
693 301.6225986906932 693
694 301.6226133205183 694
695 301.6226395426486 695
696 301.6226775179757 696
697 301.622727581247 697
698 301.6227898157059 698
699 301.6228644278884 699
700 301.6229514963298 700
701 301.6230509453617 701
702 301.6231633091659 702
703 301.6232887312767 703
704 301.6234273530031 704
705 301.6235793198416 705
706 301.623744780499 706
707 301.6239238853286 707
708 301.6241167859007 708
709 301.6243236341867 709
710 301.6245445824919 710
711 301.6247797835564 711
712 301.6250293902016 712
713 301.625293555801 713
714 301.6255724340596 714
715 301.6258661790588 715
716 301.6261749453192 716
717 301.626498887559 717
718 301.6268381608401 718
719 301.6271929202952 719
720 301.6275633213065 720
721 301.627949519331 721
722 301.6283516700033 722
723 301.6287699290942 723
724 301.6292044525017 724
725 301.6296553962252 725
726 301.6301229164166 726
727 301.6306071692919 727
728 301.6311083111693 728
729 301.631626498446 729
730 301.6321618876008 730
731 301.6327146351359 731
732 301.6332848976552 732
733 301.6338728317755 733
734 301.6344785942125 734
735 301.635102341639 735
736 301.635744230845 736
737 301.6364044185953 737
738 301.6370830617079 738
739 301.6377803169797 739
740 301.6384963412765 740
741 301.6392312914164 741
742 301.6399853242418 742
743 301.6407585965987 743
744 301.6415512652894 744
745 301.642363487138 745
746 301.6431954189117 746
747 301.6440472173592 747
748 301.6449190392144 748
749 301.6458110411658 749
750 301.6467233798474 750
751 301.6476562118217 751
752 301.6486096936511 752
753 301.6495839817882 753
754 301.6505792326309 754
755 301.6515956025193 755
756 301.6526332476894 756
757 301.6536923243378 757
758 301.6547729885133 758
759 301.655875396212 759
760 301.6569997033164 760
761 301.6581460655951 761
762 301.6593146387055 762
763 301.6605055782301 763
764 301.6617190395525 764
765 301.662955177989 765
766 301.6642141486835 766
767 301.6654961066681 767
768 301.6668012068134 768
769 301.6681296038411 769
770 301.669481452317 770
771 301.6708569066402 771
772 301.6722561210468 772
773 301.6736792495873 773
774 301.6751264461525 774
775 301.6765978644175 775
776 301.6780936578937 776
777 301.679613979875 777
778 301.6811589834695 778
779 301.6827288215571 779
780 301.6843236468114 780
781 301.6859436116789 781
782 301.6875888684037 782
783 301.6892595689631 783
784 301.6909558651246 784
785 301.6926779083815 785
786 301.6944258500085 786
787 301.6961998409963 787
788 301.6980000321075 788
789 301.6998265737771 789
790 301.7016796162512 790
791 301.7035593094088 791
792 301.7054658029089 792
793 301.7073992460709 793
794 301.7093597879578 794
795 301.7113475773023 795
796 301.7133627625422 796
797 301.7154054917698 797
798 301.7174759128026 798
799 301.7195741730936 799
800 301.7217004197834 800
801 301.7238547996348 801
802 301.7260374591229 802
803 301.7282485443461 803
804 301.7304882010175 804
805 301.7327565745172 805
806 301.7350538098373 806
807 301.7373800516298 807
808 301.7397354441206 808
809 301.7421201311687 809
810 301.744534256222 810
811 301.746977962347 811
812 301.7494513922114 812
813 301.7519546880298 813
814 301.7544879916441 814
815 301.7570514444375 815
816 301.7596451873877 816
817 301.7622693609962 817
818 301.7649241053782 818
819 301.7676095601437 819
820 301.770325864474 820
821 301.7730731570856 821
822 301.7758515762204 822
823 301.7786612596565 823
824 301.7815023446753 824
825 301.7843749680893 825
826 301.7872792661947 826
827 301.7902153748176 827
828 301.7931834292478 828
829 301.796183564277 829
830 301.7992159141841 830
831 301.8022806127108 831
832 301.8053777930689 832
833 301.8085075879435 833
834 301.8116701294792 834
835 301.8148655492489 835
836 301.8180939782743 836
837 301.8213555470314 837
838 301.8246503854222 838
839 301.8279786227436 839
840 301.8313403877656 840
841 301.8347358086098 841
842 301.8381650128513 842
843 301.8416281274299 843
844 301.8451252787009 844
845 301.8486565923992 845
846 301.8522221936335 846
847 301.8558222068794 847
848 301.8594567560119 848
849 301.8631259642341 849
850 301.866829954116 850
851 301.8705688475682 851
852 301.8743427658428 852
853 301.8781518295449 853
854 301.8819961585727 854
855 301.8858758721988 855
856 301.889791088946 856
857 301.8937419267003 857
858 301.8977285026141 858
859 301.9017509331683 859
860 301.9058093341068 860
861 301.9099038204545 861
862 301.9140345065238 862
863 301.9182015059185 863
864 301.9224049314517 864
865 301.9266448952409 865
866 301.9309215086317 866
867 301.9352348822219 867
868 301.9395851258412 868
869 301.9439723485398 869
870 301.9483966586135 870
871 301.9528581635694 871
872 301.957356970097 872
873 301.9618931841331 873
874 301.9664669107963 874
875 301.9710782543662 875
876 301.9757273183546 876
877 301.9804142054211 877
878 301.9851390173939 878
879 301.9899018552772 879
880 301.9947028192419 880
881 301.9995420085959 881
882 302.0044195217857 882
883 302.0093354563955 883
884 302.0142899091662 884
885 302.0192829759367 885
886 302.0243147516801 886
887 302.0293853304631 887
888 302.0344948054686 888
889 302.0396432689849 889
890 302.0448308123623 890
891 302.050057526065 891
892 302.0553234996269 892
893 302.0606288216456 893
894 302.0659735797915 894
895 302.0713578607715 895
896 302.0767817503847 896
897 302.0822453334294 897
898 302.0877486937715 898
899 302.0932919142918 899
900 302.0988750769017 900
901 302.1044982625264 901
902 302.1101615511073 902
903 302.1158650215816 903
904 302.1216087518777 904
905 302.127392818929 905
906 302.1332172986385 906
907 302.1390822659032 907
908 302.1449877945752 908
909 302.1509339574511 909
910 302.156920826345 910
911 302.1629484719398 911
912 302.1690169639196 912
913 302.1751263708823 913
914 302.1812767603536 914
915 302.1874681987935 915
916 302.1937007515452 916
917 302.1999744829133 917
918 302.2062894560406 918
919 302.2126457330234 919
920 302.2190433748081 920
921 302.225482441222 921
922 302.2319629909895 922
923 302.2384850816881 923
924 302.2450487697422 924
925 302.2516541104644 925
926 302.2583011579766 926
927 302.2649899652605 927
928 302.2717205841338 928
929 302.2784930652171 929
930 302.2853074579737 930
931 302.2921638106748 931
932 302.2990621703808 932
933 302.3060025829615 933
934 302.3129850930889 934
935 302.3200097441984 935
936 302.3270765785085 936
937 302.3341856370162 937
938 302.3413369594766 938
939 302.3485305844034 939
940 302.3557665490512 940
941 302.3630448894274 941
942 302.3703656402864 942
943 302.3777288350744 943
944 302.3851345059952 944
945 302.3925826839482 945
946 302.40007339855 946
947 302.4076066781008 947
948 302.4151825496394 948
949 302.422801038824 949
950 302.4304621700553 950
951 302.4381659663693 951
952 302.44591244948 952
953 302.4537016397623 953
954 302.4615335562397 954
955 302.4694082165817 955
956 302.4773256370822 956
957 302.4852858327135 957
958 302.493288816989 958
959 302.5013346021221 959
960 302.5094231988966 960
961 302.5175546167015 961
962 302.5257288635183 962
963 302.5339459459297 963
964 302.5422058690789 964
965 302.5505086367168 965
966 302.5588542511321 966
967 302.5672427131902 967
968 302.575674022304 968
969 302.5841481764364 969
970 302.5926651720868 970
971 302.6012250042801 971
972 302.6098276665824 972
973 302.6184731510664 973
974 302.627161448317 974
975 302.6358925474333 975
976 302.6446664360034 976
977 302.6534831000885 977
978 302.6623425242685 978
979 302.6712446915748 979
980 302.6801895835166 980
981 302.6891771800462 981
982 302.6982074595996 982
983 302.707280399054 983
984 302.7163959736892 984
985 302.7255541572762 985
986 302.7347549219662 986
987 302.7439982383609 987
988 302.753284075452 988
989 302.7626124006501 989
990 302.7719831797384 990
991 302.7813963769262 991
992 302.7908519547767 992
993 302.8003498742615 993
994 302.8098900946894 994
995 302.8194725737363 995
996 302.8290972674507 996
997 302.8387641302137 997
998 302.8484731147526 998
999 302.8582241721143 999
1000 302.8680172517061 1000
1001 302.8778523012068 1001
1002 302.8877292666518 1002
1003 302.8976480923573 1003
1004 302.9076087209408 1004
1005 302.917611093304 1005
1006 302.9276551486561 1006
1007 302.9377408244379 1007
1008 302.9478680564124 1008
1009 302.9580367785655 1009
1010 302.9682469231597 1010
1011 302.9784984206772 1011
1012 302.9887911998811 1012
1013 302.9991251877342 1013
1014 303.009500309435 1014
1015 303.0199164883839 1015
1016 303.0303736462421 1016
1017 303.0408717028364 1017
1018 303.0514105761762 1018
1019 303.0619901824991 1019
1020 303.0726104361978 1020
1021 303.0832712498616 1021
1022 303.0939725342174 1022
1023 303.1047141981891 1023
1024 303.1154961488359 1024
1025 303.1263182913594 1025
1026 303.1371805291042 1026
1027 303.1480827635549 1027
1028 303.1590248943077 1028
1029 303.1700068190884 1029
1030 303.1810284337279 1030
1031 303.1920896321555 1031
1032 303.2031903064097 1032
1033 303.2143303465862 1033
1034 303.2255096409172 1034
1035 303.2367280756451 1035
1036 303.2479855351442 1036
1037 303.2592819017726 1037
1038 303.2706170560158 1038
1039 303.2819908763753 1039
1040 303.2934032393538 1040
1041 303.3048540195447 1041
1042 303.3163430895289 1042
1043 303.3278703199145 1043
1044 303.3394355793027 1044
1045 303.3510387343338 1045
1046 303.3626796495912 1046
1047 303.3743581876843 1047
1048 303.3860742092043 1048
1049 303.3978275726732 1049
1050 303.409618134611 1050
1051 303.421445749516 1051
1052 303.4333102697831 1052
1053 303.4452115457839 1053
1054 303.4571494258298 1054
1055 303.4691237561361 1055
1056 303.4811343808681 1056
1057 303.4931811420839 1057
1058 303.5052638797604 1058
1059 303.5173824317737 1059
1060 303.5295366338912 1060
1061 303.5417263197392 1061
1062 303.5539513208737 1062
1063 303.5662114666786 1063
1064 303.5785065844109 1064
1065 303.5908364992069 1065
1066 303.6032010340134 1066
1067 303.6156000096276 1067
1068 303.6280332447139 1068
1069 303.6405005557166 1069
1070 303.653001756939 1070
1071 303.6655366604649 1071
1072 303.6781050762 1072
1073 303.6907068118472 1073
1074 303.70334167288 1074
1075 303.7160094625959 1075
1076 303.7287099820106 1076
1077 303.7414430299563 1077
1078 303.7542084029996 1078
1079 303.76700589547 1079
1080 303.7798352994481 1080
1081 303.7926964047459 1081
1082 303.8055889988883 1082
1083 303.8185128671453 1083
1084 303.8314677925219 1084
1085 303.8444535556947 1085
1086 303.8574699350542 1086
1087 303.870516706699 1087
1088 303.8835936443834 1088
1089 303.8967005195956 1089
1090 303.9098371014325 1090
1091 303.9230031566964 1091
1092 303.9361984498473 1092
1093 303.9494227429689 1093
1094 303.9626757958193 1094
1095 303.9759573657661 1095
1096 303.9892672078157 1096
1097 304.0026050746061 1097
1098 304.015970716356 1098
1099 304.029363880937 1099
1100 304.0427843137794 1100
1101 304.0562317579119 1101
1102 304.0697059540008 1102
1103 304.0832066401837 1103
1104 304.0967335522658 1104
1105 304.1102864235527 1105
1106 304.1238649849383 1106
1107 304.1374689648464 1107
1108 304.151098089254 1108
1109 304.1647520816512 1109
1110 304.1784306630682 1110
1111 304.1921335520647 1111
1112 304.2058604646608 1112
1113 304.2196111144422 1113
1114 304.2333852124411 1114
1115 304.2471824672093 1115
1116 304.2610025847779 1116
1117 304.2748452685982 1117
1118 304.2887102196705 1118
1119 304.3025971363895 1119
1120 304.3165057146272 1120
1121 304.3304356476972 1121
1122 304.3443866263476 1122
1123 304.3583583387472 1123
1124 304.372350470494 1124
1125 304.3863627046225 1125
1126 304.4003947215148 1126
1127 304.4144461990028 1127
1128 304.4285168123036 1128
1129 304.4426062339925 1129
1130 304.4567141340414 1130
1131 304.4708401797959 1131
1132 304.484984035942 1132
1133 304.4991453645677 1133
1134 304.5133238250277 1134
1135 304.5275190740875 1135
1136 304.5417307658328 1136
1137 304.5559585516455 1137
1138 304.5702020802382 1138
1139 304.584460997646 1139
1140 304.5987349471928 1140
1141 304.6130235695028 1141
1142 304.6273265024805 1142
1143 304.6416433813205 1143
1144 304.6559738384934 1144
1145 304.6703175037213 1145
1146 304.6846740039906 1146
1147 304.6990429635334 1147
1148 304.7134240038451 1148
1149 304.7278167436402 1149
1150 304.7422207988488 1150
1151 304.7566357826415 1151
1152 304.7710613054064 1152
1153 304.7854969747012 1153
1154 304.7999423953412 1154
1155 304.8143971692741 1155
1156 304.8288608956716 1156
1157 304.843333170853 1157
1158 304.8578135883447 1158
1159 304.8723017387679 1159
1160 304.8867972099783 1160
1161 304.901299586911 1161
1162 304.9158084516756 1162
1163 304.930323383515 1163
1164 304.944843958769 1164
1165 304.9593697509123 1165
1166 304.9739003305361 1166
1167 304.9884352653085 1167
1168 305.0029741200193 1168
1169 305.0175164565262 1169
1170 305.0320618337678 1170
1171 305.0466098077637 1171
1172 305.0611599315798 1172
1173 305.0757117553738 1173
1174 305.0902648262994 1174
1175 305.1048186886014 1175
1176 305.1193728835378 1176
1177 305.1339269493902 1177
1178 305.1484804214581 1178
1179 305.1630328320647 1179
1180 305.1775837105355 1180
1181 305.1921325831979 1181
1182 305.2066789733261 1182
1183 305.2212224012496 1183
1184 305.2357623842045 1184
1185 305.2502984364329 1185
1186 305.2648300691229 1186
1187 305.2793567904234 1187
1188 305.2938781054008 1188
1189 305.3083935161077 1189
1190 305.3229025214726 1190
1191 305.3374046173938 1191
1192 305.3518992966411 1192
1193 305.3663860489142 1193
1194 305.3808643608235 1194
1195 305.3953337158556 1195
1196 305.40979359436 1196
1197 305.424243473622 1197
1198 305.4386828277412 1198
1199 305.4531111276941 1199
1200 305.4046040725084 1200
