"bat12-rfile"
"Time Step" "bat12 etc.."
("Time Step" "bat12" "flow-time")
0 298.1499999999988 0
1 298.1863254139086 1
2 298.2217000405579 2
3 298.2563600774899 3
4 298.2904247002859 4
5 298.3239662850772 5
6 298.3570330638428 6
7 298.3896591452724 7
8 298.4218698535815 8
9 298.4536845713266 9
10 298.4851202035691 10
11 298.5161921659496 11
12 298.5469161913927 12
13 298.5773015860203 13
14 298.6073561741609 14
15 298.6370846416542 15
16 298.666495490671 16
17 298.6957271898881 17
18 298.7246322024425 18
19 298.7533651158734 19
20 298.7818276789855 20
21 298.8099754096976 21
22 298.8379368182427 22
23 298.8655732405485 23
24 298.8929265483761 24
25 298.9200017849382 25
26 298.9468962376671 26
27 298.9735319892071 27
28 298.9999108734353 28
29 299.0259585709401 29
30 299.0517977305963 30
31 299.0773554319421 31
32 299.1026513197249 32
33 299.1277314857333 33
34 299.1525792570193 34
35 299.1771935808299 35
36 299.2015044671544 36
37 299.225621065424 37
38 299.2495152747977 38
39 299.2732211781291 39
40 299.2966982152847 40
41 299.3199107617582 41
42 299.342880702212 42
43 299.3656144908451 43
44 299.3881107729725 44
45 299.4103831347012 45
46 299.4324115358463 46
47 299.4542867571567 47
48 299.475956872537 48
49 299.4974224341719 49
50 299.5186844090019 50
51 299.53971357111 51
52 299.5605261467497 52
53 299.5811273688985 53
54 299.6015156005463 54
55 299.6216775026337 55
56 299.6416496387201 56
57 299.6614335072782 57
58 299.6809957844681 58
59 299.7004296621833 59
60 299.7196837006123 60
61 299.7387577759767 61
62 299.7576032032143 62
63 299.7762686595709 63
64 299.7947747310195 64
65 299.8130809836147 65
66 299.8312313532653 66
67 299.8491901832915 67
68 299.8669683982997 68
69 299.8845696405621 69
70 299.9019755487663 70
71 299.9192442717783 71
72 299.9363140838656 72
73 299.9531958663092 73
74 299.9699307692863 74
75 299.9865337291304 75
76 300.0029248148084 76
77 300.0191571190983 77
78 300.0352402030161 78
79 300.0511688051068 79
80 300.0669182165088 80
81 300.0825757435364 81
82 300.0980682863893 82
83 300.1134074443518 83
84 300.1286207760288 84
85 300.1436745077335 85
86 300.1585543481899 86
87 300.1733213954911 87
88 300.1879176348343 88
89 300.2023779744337 89
90 300.2166985642988 90
91 300.2308853759099 91
92 300.2449630879554 92
93 300.2588770487109 93
94 300.2727075363814 94
95 300.286392319803 95
96 300.2999167242227 96
97 300.3133565363391 97
98 300.3266556416041 98
99 300.3397992614206 99
100 300.3528454657852 100
101 300.3657673795914 101
102 300.3785385507373 102
103 300.3911926237232 103
104 300.4037389867821 104
105 300.4161499852553 105
106 300.4284568173949 106
107 300.4406321709727 107
108 300.4526975268474 108
109 300.4646754251593 109
110 300.4765240768238 110
111 300.4882346743407 111
112 300.4998466895433 112
113 300.5113430351814 113
114 300.5227104416273 114
115 300.5339868956226 115
116 300.5451313702653 116
117 300.5561691646625 117
118 300.5671034444966 118
119 300.5779135955237 119
120 300.5886197115519 120
121 300.5992347688133 121
122 300.6097543240231 122
123 300.6201815864852 123
124 300.6305128972298 124
125 300.6407420600262 125
126 300.6508856998049 126
127 300.6609282478358 127
128 300.6708705721489 128
129 300.6807198115012 129
130 300.6904729562543 130
131 300.7001231460735 131
132 300.7096813871977 132
133 300.7191523276283 133
134 300.7285365288537 134
135 300.7378365513427 135
136 300.7470502718119 136
137 300.7561812183009 137
138 300.765235205027 138
139 300.7742090312111 139
140 300.783109394783 140
141 300.7919362734178 141
142 300.8006822535983 142
143 300.8093780426133 143
144 300.8180137496511 144
145 300.8265835003285 145
146 300.8350755654159 146
147 300.8434959906808 147
148 300.8518459879364 148
149 300.8601262712924 149
150 300.8683481842477 150
151 300.8764959715526 151
152 300.8845749607294 152
153 300.8925863167333 153
154 300.9005308258976 154
155 300.9084193553706 155
156 300.9162469246418 156
157 300.9240032626376 157
158 300.9316941377983 158
159 300.9393303624865 159
160 300.9468977904752 160
161 300.9544111619358 161
162 300.9618643879346 162
163 300.9692603758585 163
164 300.9765893680048 164
165 300.9838636959708 165
166 300.9910738258502 166
167 300.9982235774123 167
168 301.0053141067505 168
169 301.0123463345981 169
170 301.0193210848037 170
171 301.0262477180964 171
172 301.0331136889816 172
173 301.0399235035237 173
174 301.0466782215022 174
175 301.0533786465325 175
176 301.0600336515639 176
177 301.0666394722536 177
178 301.0731878486683 178
179 301.0796912873864 179
180 301.086138739806 180
181 301.0925343840856 181
182 301.0988793645619 182
183 301.1051744594715 183
184 301.1114203827607 184
185 301.1176178105876 185
186 301.1237653507253 186
187 301.129875319514 187
188 301.1359444330358 188
189 301.1419626913907 189
190 301.1479318627973 190
191 301.1538714092026 191
192 301.1597601068742 192
193 301.1656027604438 193
194 301.1714001488229 194
195 301.177153545271 195
196 301.1828632323536 196
197 301.1885300327726 197
198 301.1941697425522 198
199 301.1997601884723 199
200 301.2053144174992 200
201 301.2108234769122 201
202 301.2162893896584 202
203 301.2217223942505 203
204 301.2271136841749 204
205 301.2324708541103 205
206 301.2377846385841 206
207 301.2430647901272 207
208 301.2483159901744 208
209 301.2535346724949 209
210 301.2587068892773 210
211 301.2638371119513 211
212 301.2689357389655 212
213 301.2739949246313 213
214 301.2790158650471 214
215 301.2839992808311 215
216 301.2889436212639 216
217 301.2938720295361 217
218 301.298769630642 218
219 301.303629461284 219
220 301.3084532606143 220
221 301.3132380556684 221
222 301.3179986197843 222
223 301.3227154762211 223
224 301.3274011685886 224
225 301.3320555611027 225
226 301.336685509608 226
227 301.341289210084 227
228 301.345857966711 228
229 301.3503931748268 229
230 301.3548891518246 230
231 301.35935885069 231
232 301.3637950239014 232
233 301.3682027794127 233
234 301.3725818469915 234
235 301.3769375012172 235
236 301.3812616224255 236
237 301.3855563002332 237
238 301.3898173149907 238
239 301.3940523949452 239
240 301.3982550336881 240
241 301.4024325914941 241
242 301.4065888260768 242
243 301.4107212052929 243
244 301.4148192931149 244
245 301.4188876975178 245
246 301.4229320827558 246
247 301.426946113543 247
248 301.4309322643047 248
249 301.4348912427058 249
250 301.4388235100588 250
251 301.442726385433 251
252 301.4466103481869 252
253 301.4504773549206 253
254 301.4543139638069 254
255 301.4581241278193 255
256 301.4619058514617 256
257 301.4656664555497 257
258 301.4694112241139 258
259 301.4731376982108 259
260 301.4768319303525 260
261 301.4805156038054 261
262 301.4841695426126 262
263 301.4878020088885 263
264 301.4914118894229 264
265 301.4949993187731 265
266 301.4985691918057 266
267 301.5021110166405 267
268 301.5056370429047 268
269 301.5091395331666 269
270 301.5126200365934 270
271 301.5160724984829 271
272 301.5195112788771 272
273 301.5229222071422 273
274 301.5263238936324 274
275 301.529706733398 275
276 301.5330662509302 276
277 301.5364006233351 277
278 301.5397201846679 278
279 301.5430176350107 279
280 301.5462883554403 280
281 301.549545955481 281
282 301.5527831396518 282
283 301.5559942353394 283
284 301.5591867762686 284
285 301.5623604862816 285
286 301.5655153702692 286
287 301.5686513920562 287
288 301.5717706952985 288
289 301.5748686308537 289
290 301.5779459692376 290
291 301.5810031659234 291
292 301.5840405989002 292
293 301.5870620298183 293
294 301.5900625142818 294
295 301.5930471014047 295
296 301.5960182847292 296
297 301.5989669812694 297
298 301.6018962132373 298
299 301.6048045815003 299
300 301.6077063414218 300
301 301.6105838011864 301
302 301.6134464266266 302
303 301.6162897637371 303
304 301.6191176140565 304
305 301.6219254852885 305
306 301.624718176002 306
307 301.6274894270589 307
308 301.6302471428377 308
309 301.6329865116115 309
310 301.6357080176658 310
311 301.6384119851114 311
312 301.6410986291303 312
313 301.6437681383072 313
314 301.6464237908676 314
315 301.6490676315085 315
316 301.6516913304615 316
317 301.6542976130105 317
318 301.6568869400736 318
319 301.659465987371 319
320 301.6620277538561 320
321 301.6645712474846 321
322 301.667097850091 322
323 301.6696078662546 323
324 301.6721015224419 324
325 301.6745789930092 325
326 301.677042710011 326
327 301.67949552591 327
328 301.6819353860254 328
329 301.6843585677797 329
330 301.6867662999982 330
331 301.6891547392168 331
332 301.6915291684001 332
333 301.693893102306 333
334 301.6962388445497 334
335 301.6985680183541 335
336 301.7008810388069 336
337 301.7031781622999 337
338 301.7054595888534 338
339 301.7077242328417 339
340 301.7099797757789 340
341 301.7122168943764 341
342 301.7144472720972 342
343 301.7166609895989 343
344 301.7188563366472 344
345 301.7210389970951 345
346 301.7232055439659 346
347 301.7253564080097 347
348 301.7274918362037 348
349 301.7296173754003 349
350 301.7317305306751 350
351 301.7338275542916 351
352 301.7359130568751 352
353 301.7379805660735 353
354 301.7400373886013 354
355 301.7420764293879 355
356 301.7440986348363 356
357 301.7461110697255 357
358 301.748108641309 358
359 301.7500917281022 359
360 301.7520586515398 360
361 301.7540122033557 361
362 301.7559547715516 362
363 301.7578848272599 363
364 301.7598020171399 364
365 301.7617036974757 365
366 301.7635904499963 366
367 301.7654627491762 367
368 301.7673211972995 368
369 301.7691651609205 369
370 301.7709920524843 370
371 301.7728086520638 371
372 301.7746109530074 372
373 301.7764018781275 373
374 301.7781801778246 374
375 301.779940100604 375
376 301.7816864409259 376
377 301.783424505597 377
378 301.7851495358695 378
379 301.7868592388551 379
380 301.7885526757475 380
381 301.7902350688378 381
382 301.7919008400534 382
383 301.7935516377694 383
384 301.7951878239528 384
385 301.7968135090205 385
386 301.7984248468234 386
387 301.8000220935642 387
388 301.8016055938386 388
389 301.8031753873788 389
390 301.8047338904475 390
391 301.8062800115961 391
392 301.807813508656 392
393 301.8093306750791 393
394 301.8108347880594 394
395 301.8123250083589 395
396 301.8138015509392 396
397 301.815264497185 397
398 301.8167160730862 398
399 301.8181531505522 399
400 301.819578627156 400
401 301.8209895676259 401
402 301.8223870831046 402
403 301.8237711425413 403
404 301.8251414958663 404
405 301.826498379126 405
406 301.8278393164086 406
407 301.8291700076832 407
408 301.8304872219112 408
409 301.8317885850784 409
410 301.8330796721056 410
411 301.8343549185869 411
412 301.835617430369 412
413 301.836869443671 413
414 301.8381080381458 414
415 301.8393309866352 415
416 301.8405435898353 416
417 301.841742895091 417
418 301.8429307540206 418
419 301.8441047021735 419
420 301.8452653831334 420
421 301.8464129383897 421
422 301.8475490808633 422
423 301.8486730823747 423
424 301.8497809535106 424
425 301.8508784526579 425
426 301.8519641730936 426
427 301.8530363288485 427
428 301.8540953829951 428
429 301.8551414656754 429
430 301.8561746435111 430
431 301.8571949721893 431
432 301.8582014492867 432
433 301.859194658982 433
434 301.8601755726214 434
435 301.8611452780761 435
436 301.8620996627863 436
437 301.8630417154502 437
438 301.8639747042689 438
439 301.8648943617079 439
440 301.8658013885033 440
441 301.8666958059054 441
442 301.8675787056766 442
443 301.8684465091573 443
444 301.8693039301153 444
445 301.8701487414635 445
446 301.8709810306011 446
447 301.8718008674272 447
448 301.872607036356 448
449 301.8734020539685 449
450 301.8741834046914 450
451 301.8749535690865 451
452 301.8757115605508 452
453 301.87645680808 453
454 301.8771889877832 454
455 301.8779089632558 455
456 301.8786167136752 456
457 301.8793119432051 457
458 301.8799948323555 458
459 301.8806647779682 459
460 301.8813223747512 460
461 301.8819677517527 461
462 301.8826016959339 462
463 301.883223813535 463
464 301.8838334789363 464
465 301.8844310248068 465
466 301.8850163846655 466
467 301.8855896930396 467
468 301.8861512058608 468
469 301.8867012346626 469
470 301.8872390826937 470
471 301.887766212002 471
472 301.8882816808534 472
473 301.8887855033475 473
474 301.8892777329813 474
475 301.8897583848113 475
476 301.890227380692 476
477 301.890685097775 477
478 301.8911316746306 478
479 301.8915674242563 479
480 301.8919918975448 480
481 301.8924054208678 481
482 301.8928078453865 482
483 301.893199333878 483
484 301.8935799908289 484
485 301.8939501317952 485
486 301.8943095914424 486
487 301.8946581671958 487
488 301.8949962066134 488
489 301.8953237159911 489
490 301.895640862848 490
491 301.8959475918284 491
492 301.8962439061593 492
493 301.8965298729523 493
494 301.8968056918983 494
495 301.897071452348 495
496 301.8973271192244 496
497 301.8975731770865 497
498 301.8978089333176 498
499 301.8980346053057 499
500 301.8982502552957 500
501 301.8984559229194 501
502 301.8986516400836 502
503 301.8988376445197 503
504 301.8990138800664 504
505 301.8991804715321 505
506 301.8993374443232 506
507 301.8994850803399 507
508 301.8996229983562 508
509 301.8997513137811 509
510 301.8998701245022 510
511 301.8999794538952 511
512 301.9000793649451 512
513 301.9001699299274 513
514 301.9002512524401 514
515 301.9003234076879 515
516 301.900386491189 516
517 301.9004405353475 517
518 301.9004856192241 518
519 301.9005218058452 519
520 301.9005492264845 520
521 301.9005679884025 521
522 301.9005779149892 522
523 301.9005792122616 523
524 301.9005721174573 524
525 301.9005565134441 525
526 301.9005323325986 526
527 301.900499795241 527
528 301.9004590242224 528
529 301.9004099459634 529
530 301.900352567815 530
531 301.9002872434974 531
532 301.90021389945 532
533 301.9001324945003 533
534 301.9000432724661 534
535 301.8999463981795 535
536 301.8998417612441 536
537 301.8997294530094 537
538 301.8996095356339 538
539 301.8994820076088 539
540 301.899347122497 540
541 301.899205029467 541
542 301.8990556165671 542
543 301.8988989023728 543
544 301.8987351454259 544
545 301.8985644859622 545
546 301.8983868131781 546
547 301.8982021664118 547
548 301.8980108041413 548
549 301.8978126888597 549
550 301.89760786431 550
551 301.8973963618466 551
552 301.8971783282697 552
553 301.8969538384094 553
554 301.8967231336766 554
555 301.8964862840659 555
556 301.8962432775106 556
557 301.8959941574932 557
558 301.8957390389617 558
559 301.8954780301367 559
560 301.8952113695788 560
561 301.8949394934124 561
562 301.8946618924495 562
563 301.8943784660665 563
564 301.8940894644412 564
565 301.89379516575 565
566 301.8934954198812 566
567 301.8931904828284 567
568 301.8928806586643 568
569 301.8925660021204 569
570 301.8922463156759 570
571 301.89192181839 571
572 301.8915927984397 572
573 301.8912590500301 573
574 301.8909207113777 574
575 301.8905779998512 575
576 301.8902313264941 576
577 301.8898807671821 577
578 301.889526339182 578
579 301.8891681632383 579
580 301.8888065176893 580
581 301.8884414074401 581
582 301.8880727350557 582
583 301.8877007299562 583
584 301.8873256382726 584
585 301.8869476755846 585
586 301.886566666537 586
587 301.886182939135 587
588 301.885796470955 588
589 301.8854073223638 589
590 301.8850152939841 590
591 301.8846204832328 591
592 301.88422311652 592
593 301.883823238341 593
594 301.8834210114385 594
595 301.8830167190069 595
596 301.8826105180441 596
597 301.8822025531862 597
598 301.8817928618298 598
599 301.8813812561942 599
600 301.8809679620202 600
601 301.8805532472037 601
602 301.880137218472 602
603 301.879719893518 603
604 301.8793013222374 604
605 301.8788817262129 605
606 301.8784611318188 606
607 301.8780397294708 607
608 301.8776178051154 608
609 301.8771955103079 609
610 301.8767729900156 610
611 301.8763501556178 611
612 301.8759270701272 612
613 301.875504242635 613
614 301.8750815191692 614
615 301.8746592520909 615
616 301.8742374463188 616
617 301.873816209761 617
618 301.8733956634393 618
619 301.8729758687064 619
620 301.8725570746312 620
621 301.8721392965869 621
622 301.871722623319 622
623 301.8713071497161 623
624 301.8708927243489 624
625 301.8704795712674 625
626 301.8700678863294 626
627 301.8696577111581 627
628 301.8692493552186 628
629 301.8688430980861 629
630 301.868439071729 630
631 301.868037346146 631
632 301.8676380793529 632
633 301.8672413542237 633
634 301.8668473312936 634
635 301.8664562616954 635
636 301.8660682045809 636
637 301.865682996284 637
638 301.8653008831276 638
639 301.8649221826467 639
640 301.864546973869 640
641 301.8641754283919 641
642 301.8638076364576 642
643 301.8634437755736 643
644 301.8630839395685 644
645 301.8627283015047 645
646 301.8623771008404 646
647 301.8620304008185 647
648 301.8616880744682 648
649 301.8613504191378 649
650 301.8610176904604 650
651 301.8606899918877 651
652 301.8603674850521 652
653 301.8600503910477 653
654 301.8597387780448 654
655 301.8594325498544 655
656 301.8591320340374 656
657 301.8588374431645 657
658 301.8585488912502 658
659 301.8582665379764 659
660 301.8579905113539 660
661 301.8577209798847 661
662 301.8574580229037 662
663 301.8572016127079 663
664 301.8569521710563 664
665 301.8567099096138 665
666 301.8564748939102 666
667 301.8562470779397 667
668 301.8560268000856 668
669 301.8558142152771 669
670 301.8556095116653 670
671 301.8554127658778 671
672 301.8552239712231 672
673 301.8550434888631 673
674 301.8548714394705 674
675 301.8547080008858 675
676 301.8545532566826 676
677 301.8544072346818 677
678 301.8542703300883 678
679 301.8541425950847 679
680 301.8540241227582 680
681 301.8539150993921 681
682 301.8538155794513 682
683 301.8537260035342 683
684 301.8536463776 684
685 301.8535768567447 685
686 301.8535175896375 686
687 301.8534687279459 687
688 301.8534304204838 688
689 301.853402812532 689
690 301.8533860623002 690
691 301.8533803217862 691
692 301.8533857160362 692
693 301.853402507154 693
694 301.8534307401682 694
695 301.853470565376 695
696 301.8535221566525 696
697 301.8535858093838 697
698 301.8536616647922 698
699 301.8537498789054 699
700 301.8538505977298 700
701 301.8539636560464 701
702 301.8540896442936 702
703 301.854228717389 703
704 301.8543810257752 704
705 301.854546722312 705
706 301.8547259621124 706
707 301.8549189020076 707
708 301.8551257000897 708
709 301.8553465154495 709
710 301.8555815079753 710
711 301.8558308382365 711
712 301.8560946673364 712
713 301.8563731568494 713
714 301.8566664687389 714
715 301.8569747653195 715
716 301.8572982091947 716
717 301.8576369632445 717
718 301.8579911905683 718
719 301.8583610545022 719
720 301.8587467185432 720
721 301.8591483464014 721
722 301.8595661019111 722
723 301.8600001490742 723
724 301.8604506520242 724
725 301.8609177750051 725
726 301.8614016823809 726
727 301.861902538644 727
728 301.8624205083521 728
729 301.8629557561705 729
730 301.8635084468422 730
731 301.8640787451857 731
732 301.8646668160915 732
733 301.8652728245247 733
734 301.8658969354834 734
735 301.8665393140402 735
736 301.8672001252971 736
737 301.8678795344072 737
738 301.868577706553 738
739 301.8692948069419 739
740 301.8700310008066 740
741 301.8707864534005 741
742 301.8715613299813 742
743 301.8723557958151 743
744 301.873170016182 744
745 301.8740041563318 745
746 301.8748583815196 746
747 301.8757328569905 747
748 301.8766277479391 748
749 301.8775432195757 749
750 301.8784794370297 750
751 301.8794365654384 751
752 301.8804147698609 752
753 301.8814142153281 753
754 301.8824350668065 754
755 301.8834774891853 755
756 301.8845416473279 756
757 301.8856277059903 757
758 301.8867358298675 758
759 301.8878661835591 759
760 301.8890189315928 760
761 301.8901942383814 761
762 301.891392268261 762
763 301.8926131854354 763
764 301.893857154012 764
765 301.8951243379897 765
766 301.8964149012129 766
767 301.8977290074257 767
768 301.899066820229 768
769 301.9004285030744 769
770 301.9018142192855 770
771 301.9032241319996 771
772 301.9046584042362 772
773 301.9061171988171 773
774 301.907600678412 774
775 301.9091090055131 775
776 301.9106423424222 776
777 301.9122008512576 777
778 301.9137846939462 778
779 301.9153940322087 779
780 301.9170290275587 780
781 301.9186898413141 781
782 301.9203766345515 782
783 301.9220895681344 783
784 301.9238288027009 784
785 301.9255944986414 785
786 301.9273868161134 786
787 301.9292059150138 787
788 301.9310519550006 788
789 301.9329250954609 789
790 301.9348254955221 790
791 301.9367533140335 791
792 301.9387087095575 792
793 301.9406918403807 793
794 301.9427028645099 794
795 301.9447419396221 795
796 301.9468092231206 796
797 301.9489048720876 797
798 301.951029043285 798
799 301.9531818931484 799
800 301.955363577806 800
801 301.9575742530296 801
802 301.9598140742514 802
803 301.9620831965705 803
804 301.9643817747118 804
805 301.9667099630576 805
806 301.9690679156115 806
807 301.9714557860132 807
808 301.9738737275157 808
809 301.9763218929883 809
810 301.9788004349105 810
811 301.9813095053584 811
812 301.9838492560132 812
813 301.9864198381306 813
814 301.9890214025615 814
815 301.9916540997257 815
816 301.9943180796154 816
817 301.9970134917801 817
818 301.9997404853386 818
819 302.0024992089454 819
820 302.0052898108079 820
821 302.0081124386609 821
822 302.0109672397854 822
823 302.0138543609747 823
824 302.0167739485439 824
825 302.0197261483136 825
826 302.0227111056183 826
827 302.0257289652832 827
828 302.0287798716278 828
829 302.0318639684579 829
830 302.0349813990551 830
831 302.0381323061778 831
832 302.0413168320369 832
833 302.04453511832 833
834 302.0477873061506 834
835 302.0510735361082 835
836 302.0543939482076 836
837 302.0577486818914 837
838 302.0611378760259 838
839 302.0645616689147 839
840 302.0680201982466 840
841 302.0715136011457 841
842 302.0750420141112 842
843 302.0786055730346 843
844 302.0822044132189 844
845 302.0858386693153 845
846 302.0895084753647 846
847 302.0932139647706 847
848 302.0969552702889 848
849 302.1007325240313 849
850 302.1045458574563 850
851 302.1083954013591 851
852 302.1122812858633 852
853 302.1162036404249 853
854 302.1201625938052 854
855 302.1241582741031 855
856 302.1281908086788 856
857 302.1322603242407 857
858 302.1363669467363 858
859 302.1405108014433 859
860 302.1446920128897 860
861 302.1489107048739 861
862 302.1531670004779 862
863 302.1574610220173 863
864 302.1617928910738 864
865 302.1661627284577 865
866 302.1705706542311 866
867 302.1750167876777 867
868 302.1795012472934 868
869 302.1840241508106 869
870 302.1885856151459 870
871 302.1931857564365 871
872 302.1978246900147 872
873 302.2025025303863 873
874 302.2072193912505 874
875 302.2119753854673 875
876 302.2167706250841 876
877 302.2216052212824 877
878 302.2264792844175 878
879 302.2313929239854 879
880 302.2363462486082 880
881 302.2413393660611 881
882 302.2463723832322 882
883 302.2514454061245 883
884 302.2565585398608 884
885 302.2617118886675 885
886 302.266905555856 886
887 302.2721396438507 887
888 302.2774142541257 888
889 302.2827294872703 889
890 302.2880854429142 890
891 302.2934822197546 891
892 302.2989199155523 892
893 302.3043986271057 893
894 302.30991845026 894
895 302.315479479892 895
896 302.3210818099072 896
897 302.3267255332286 897
898 302.3324107417935 898
899 302.3381375265404 899
900 302.3439059774075 900
901 302.3497161833272 901
902 302.3555682322082 902
903 302.3614622109453 903
904 302.3673982053973 904
905 302.3733763003877 905
906 302.3793965796955 906
907 302.385459126047 907
908 302.3915640211066 908
909 302.3977113454845 909
910 302.4039011786974 910
911 302.4101335991989 911
912 302.4164086843439 912
913 302.4227265104118 913
914 302.4290871525528 914
915 302.4354906848262 915
916 302.4419371801699 916
917 302.4484267103938 917
918 302.454959346189 918
919 302.4615351570961 919
920 302.4681542115133 920
921 302.474816576701 921
922 302.4815223187338 922
923 302.4882715025377 923
924 302.4950641918559 924
925 302.5019004492736 925
926 302.5087803361419 926
927 302.5157039126613 927
928 302.5226712377961 928
929 302.5296823693263 929
930 302.536737363798 930
931 302.5438362765316 931
932 302.5509791616217 932
933 302.5581660719254 933
934 302.5653970590438 934
935 302.5726721733366 935
936 302.5799914638862 936
937 302.5873549785228 937
938 302.5947627637815 938
939 302.6022148649325 939
940 302.6097113259472 940
941 302.6172521894997 941
942 302.6248374969535 942
943 302.6324672883706 943
944 302.6401416024786 944
945 302.6478604766863 945
946 302.6556239470817 946
947 302.6634320483818 947
948 302.6712848139704 948
949 302.6791822758719 949
950 302.6871244647491 950
951 302.695111409892 951
952 302.7031431392076 952
953 302.7112196792148 953
954 302.7193410550516 954
955 302.7275072904452 955
956 302.7357184077105 956
957 302.7439744277539 957
958 302.7522753700574 958
959 302.7606212526674 959
960 302.7690120921952 960
961 302.7774479038124 961
962 302.7859287012232 962
963 302.7944544966923 963
964 302.8030253009866 964
965 302.8116411234308 965
966 302.8203019718439 966
967 302.8290078525598 967
968 302.8377587704226 968
969 302.8465547287632 969
970 302.8553957293946 970
971 302.8642817726234 971
972 302.8732128572236 972
973 302.8821889804352 973
974 302.8912101379404 974
975 302.9002763238982 975
976 302.9093875308916 976
977 302.9185437499418 977
978 302.9277449705002 978
979 302.9369911804395 979
980 302.9462823660381 980
981 302.9556185119867 981
982 302.9649996013733 982
983 302.9744256156731 983
984 302.9838965347405 984
985 302.9934123368085 985
986 303.0029729984856 986
987 303.012578494723 987
988 303.022228798837 988
989 303.0319238824967 989
990 303.0416637156846 990
991 303.0514482667211 991
992 303.0612775022665 992
993 303.0711513872814 993
994 303.0810698850315 994
995 303.0910329570909 995
996 303.101040563314 996
997 303.1110926618555 997
998 303.1211892091275 998
999 303.1313301598381 999
1000 303.1415154669296 1000
1001 303.1517450816096 1001
1002 303.1620189533385 1002
1003 303.1723370298107 1003
1004 303.1826992569527 1004
1005 303.1931055789086 1005
1006 303.2035559380493 1006
1007 303.2140502749447 1007
1008 303.2245885283809 1008
1009 303.2351706353201 1009
1010 303.2457965309191 1010
1011 303.2564661485152 1011
1012 303.2671794196092 1012
1013 303.2779362738687 1013
1014 303.2887366391257 1014
1015 303.2995804413331 1015
1016 303.3104676046165 1016
1017 303.3213980512166 1017
1018 303.3323717015029 1018
1019 303.3433884739645 1019
1020 303.3544482851911 1020
1021 303.3655510498797 1021
1022 303.3766966808282 1022
1023 303.3878850889108 1023
1024 303.3991161830999 1024
1025 303.4103898704093 1025
1026 303.4217060559352 1026
1027 303.433064642842 1027
1028 303.4444655323094 1028
1029 303.4559086235855 1029
1030 303.4673938139501 1030
1031 303.4789209986856 1031
1032 303.4904900711247 1032
1033 303.5021009225844 1033
1034 303.5137534423906 1034
1035 303.5254475178778 1035
1036 303.5371830343465 1036
1037 303.5489598750976 1037
1038 303.5607779213803 1038
1039 303.572637052434 1039
1040 303.5845371454306 1040
1041 303.5964780755095 1041
1042 303.608459715738 1042
1043 303.6204819371261 1043
1044 303.632544608605 1044
1045 303.6446475970184 1045
1046 303.656790767126 1046
1047 303.6689739816031 1047
1048 303.6811971009876 1048
1049 303.6934599837382 1049
1050 303.7057624861705 1050
1051 303.7181044624783 1051
1052 303.7304857647304 1052
1053 303.7429062428253 1053
1054 303.7553657445475 1054
1055 303.7678641154777 1055
1056 303.7804011990643 1056
1057 303.7929768365739 1057
1058 303.8055908670822 1058
1059 303.8182431274775 1059
1060 303.8309334524475 1060
1061 303.8436616744874 1061
1062 303.8564276238592 1062
1063 303.8692311286257 1063
1064 303.8820720146007 1064
1065 303.8949501053688 1065
1066 303.9078652222684 1066
1067 303.9208171844001 1067
1068 303.9338058085828 1068
1069 303.9468309093789 1069
1070 303.9598922990724 1070
1071 303.9729897876703 1071
1072 303.9861231828785 1072
1073 303.9992922901098 1073
1074 304.0124969124686 1074
1075 304.025736850745 1075
1076 304.039011903414 1076
1077 304.052321866607 1077
1078 304.0656665341315 1078
1079 304.0790456974293 1079
1080 304.0924591456189 1080
1081 304.105906665431 1081
1082 304.1193880412389 1082
1083 304.1329030550465 1083
1084 304.1464514864481 1084
1085 304.1600331126774 1085
1086 304.1736477085402 1086
1087 304.1872950464584 1087
1088 304.2009748964155 1088
1089 304.2146870259896 1089
1090 304.2284312003125 1090
1091 304.2422071820951 1091
1092 304.2560147315874 1092
1093 304.2698536065796 1093
1094 304.2837235624167 1094
1095 304.2976243519627 1095
1096 304.3115557256012 1096
1097 304.3255174312366 1097
1098 304.3395092142749 1098
1099 304.3535308176264 1099
1100 304.3675819816807 1100
1101 304.3816624443162 1101
1102 304.3957719408901 1102
1103 304.4099102042259 1103
1104 304.4240769645871 1104
1105 304.4382719497237 1105
1106 304.4524948847998 1106
1107 304.4667454924213 1107
1108 304.4810234926371 1108
1109 304.4953286028982 1109
1110 304.5096605380721 1110
1111 304.5240190104286 1111
1112 304.5384037296459 1112
1113 304.5528144027848 1113
1114 304.5672507342699 1114
1115 304.5817124259228 1115
1116 304.5961991769198 1116
1117 304.6107106837917 1117
1118 304.6252466404225 1118
1119 304.6398067380371 1119
1120 304.6543906651896 1120
1121 304.6689981077657 1121
1122 304.6836287489648 1122
1123 304.6982822693029 1123
1124 304.7129583465841 1124
1125 304.7276566559268 1125
1126 304.7423768697051 1126
1127 304.7571186576059 1127
1128 304.7718816865733 1128
1129 304.786665620798 1129
1130 304.8014701217474 1130
1131 304.816294848129 1131
1132 304.8311394558772 1132
1133 304.8460035981823 1133
1134 304.8608869254327 1134
1135 304.8757890852448 1135
1136 304.890709722447 1136
1137 304.9056484790532 1137
1138 304.9206049942761 1138
1139 304.9355789045151 1139
1140 304.9505698433394 1140
1141 304.9655774414902 1141
1142 304.9806013268754 1142
1143 304.9956411245338 1143
1144 305.01069645667 1144
1145 305.0257669426217 1145
1146 305.0408521988326 1146
1147 305.0559518389018 1147
1148 305.0710654735161 1148
1149 305.0861927104689 1149
1150 305.1013331546633 1150
1151 305.1164864080875 1151
1152 305.1316520697964 1152
1153 305.1468297359334 1153
1154 305.1620189996975 1154
1155 305.1772194513595 1155
1156 305.1924306782204 1156
1157 305.2076522646381 1157
1158 305.2228837919895 1158
1159 305.2381248386837 1159
1160 305.2533749801523 1160
1161 305.2686337888344 1161
1162 305.2839008341643 1162
1163 305.2991756825753 1163
1164 305.3144578974898 1164
1165 305.3297470392993 1165
1166 305.3450426653715 1166
1167 305.360344330035 1167
1168 305.3756515845689 1168
1169 305.3909639772047 1169
1170 305.4062810531088 1170
1171 305.4216023543814 1171
1172 305.4369274200376 1172
1173 305.4522557859995 1173
1174 305.4675869851299 1174
1175 305.4829205471539 1175
1176 305.4982559987076 1176
1177 305.51359286329 1177
1178 305.5289306612984 1178
1179 305.5442689099829 1179
1180 305.5596071234504 1180
1181 305.5749448126698 1181
1182 305.5902814854467 1182
1183 305.6056166464195 1183
1184 305.6209497970548 1184
1185 305.6362804356353 1185
1186 305.651608057262 1186
1187 305.666932153838 1187
1188 305.6822522140527 1188
1189 305.697567723393 1189
1190 305.7128781641217 1190
1191 305.7281830152631 1191
1192 305.7434817526185 1192
1193 305.7587738487405 1193
1194 305.7740587729304 1194
1195 305.7893359912274 1195
1196 305.8046049663817 1196
1197 305.8198651579081 1197
1198 305.8351160220016 1198
1199 305.850357011593 1199
1200 305.8027172724454 1200
