"bat2-rfile"
"Time Step" "bat2 etc.."
("Time Step" "bat2" "flow-time")
0 298.149999999997 0
1 298.1863177491045 1
2 298.221665546754 2
3 298.2562773736655 3
4 298.2902706816786 4
5 298.3237186276427 5
6 298.3566683146695 6
7 298.3891558176931 7
8 298.4212073556906 8
9 298.452841356279 9
10 298.4840721365013 10
11 298.5149148262025 11
12 298.5453872093455 12
13 298.5754978012628 13
14 298.6052521100228 14
15 298.6346568313674 15
16 298.6637257866407 16
17 298.6926639310118 17
18 298.7212958958122 18
19 298.7497226902319 19
20 298.7778741168605 20
21 298.8056974497351 21
22 298.8332986778434 22
23 298.8605757675098 23
24 298.8875454075858 24
25 298.9142171886039 25
26 298.9406792154769 26
27 298.9668785607761 27
28 298.9928051720241 28
29 299.0183958093165 29
30 299.043748586879 30
31 299.0688153223098 31
32 299.0936074790338 32
33 299.1181666479653 33
34 299.1424855097145 34
35 299.1665625032965 35
36 299.1903364536308 36
37 299.2138939530094 37
38 299.2372226509357 38
39 299.2603534396837 39
40 299.2832551012588 40
41 299.3058881689153 41
42 299.3282679449015 42
43 299.3504034034646 43
44 299.3722953269499 44
45 299.3939568095145 45
46 299.4153477345981 46
47 299.4365951837565 47
48 299.457636900281 48
49 299.4784715857228 49
50 299.4990997664027 50
51 299.5194960778753 51
52 299.5396705117599 52
53 299.5596293135813 53
54 299.5793729712423 54
55 299.598868421082 55
56 299.618190226051 56
57 299.6373185352039 57
58 299.656208868459 58
59 299.6749804174416 59
60 299.693574238451 60
61 299.7119886920289 61
62 299.7301801969135 62
63 299.7481852265594 63
64 299.766026619056 64
65 299.7836736807833 65
66 299.8011592582855 66
67 299.8184574242955 67
68 299.8355736849205 68
69 299.852512055475 69
70 299.8692571974436 70
71 299.8858580077978 71
72 299.9022679606964 72
73 299.9184738963845 73
74 299.9345457038794 74
75 299.9504805271754 75
76 299.9662141282612 76
77 299.9817848314269 77
78 299.9972056563228 78
79 300.0124744166487 79
80 300.0275557384954 80
81 300.0425517096412 81
82 300.0573898860644 82
83 300.0720752904911 83
84 300.0866321859045 84
85 300.1010352792423 85
86 300.1152547028276 86
87 300.129369541074 87
88 300.1433054828096 88
89 300.1571035747189 89
90 300.1707643766806 90
91 300.1842929651984 91
92 300.1977219911142 92
93 300.210981506472 93
94 300.2241633514558 94
95 300.2372063478141 95
96 300.2500804893892 96
97 300.2628759859162 97
98 300.2755371244786 98
99 300.2880361382478 99
100 300.3004452254359 100
101 300.312731590216 101
102 300.3248627191807 102
103 300.3368764900459 103
104 300.3487768730711 104
105 300.3605497412551 105
106 300.3722142317192 106
107 300.3837553803439 107
108 300.3951892212005 108
109 300.4065429688638 109
110 300.4177572850372 110
111 300.4288333837622 111
112 300.4398107332571 112
113 300.4506778717729 113
114 300.4614191797972 114
115 300.47206935795 115
116 300.4825842568804 116
117 300.4929896527548 117
118 300.5033027755205 118
119 300.5134954021254 119
120 300.5235854052802 120
121 300.533587996307 121
122 300.5434965428941 122
123 300.5533221316438 123
124 300.5630533501682 124
125 300.5726837549145 125
126 300.582232214654 126
127 300.5916717022018 127
128 300.6010119877192 128
129 300.6102577085618 129
130 300.6194034269066 130
131 300.6284532646785 131
132 300.6374175853644 132
133 300.6463013381046 133
134 300.6550971354384 134
135 300.6638125646803 135
136 300.6724461720091 136
137 300.6810050622125 137
138 300.6894888081276 138
139 300.6979015407796 139
140 300.7062376554054 140
141 300.7145043784629 141
142 300.7227002993693 142
143 300.7308514043963 143
144 300.7389433769434 144
145 300.7469718694175 145
146 300.7549256662942 146
147 300.76280832682 147
148 300.7706210855201 148
149 300.7783648631435 149
150 300.7860499317267 150
151 300.7936637045698 151
152 300.8012093644901 152
153 300.8086881608349 153
154 300.8161010359109 154
155 300.8234577320652 155
156 300.8307552985222 156
157 300.8379843299907 157
158 300.8451483570092 158
159 300.852257444198 159
160 300.8593006241829 160
161 300.8662893587605 161
162 300.8732198940398 162
163 300.8800943824753 163
164 300.8869041720569 164
165 300.8936592184141 165
166 300.9003522512016 166
167 300.9069857915159 167
168 300.9135612478931 168
169 300.9200796744014 169
170 300.9265419938965 170
171 300.932956648202 171
172 300.9393137170956 172
173 300.9456158043887 173
174 300.9518640817028 174
175 300.9580593970377 175
176 300.964209881485 176
177 300.970313199225 177
178 300.9763617501903 178
179 300.9823654651044 179
180 300.9883157597469 180
181 300.9942152335396 181
182 301.0000651556227 182
183 301.0058664033465 183
184 301.0116197650786 184
185 301.0173259400443 185
186 301.0229786770819 186
187 301.0285996169671 187
188 301.0341800566432 188
189 301.0397120954391 189
190 301.0451913880235 190
191 301.0506457461295 191
192 301.0560518611958 192
193 301.061412667008 193
194 301.0667295021505 194
195 301.0720033685992 195
196 301.0772350259041 196
197 301.0824251663827 197
198 301.0875874309493 198
199 301.092704837744 199
200 301.0977863106161 200
201 301.1028248963793 201
202 301.1078165546486 202
203 301.112781139226 203
204 301.1177055604248 204
205 301.1225967413642 205
206 301.1274474991081 206
207 301.1322655750789 207
208 301.1370559143886 208
209 301.1418162717779 209
210 301.1465339468982 210
211 301.1512061335196 211
212 301.1558523386547 212
213 301.160460877021 213
214 301.1650330654584 214
215 301.1695698476217 215
216 301.1740657876435 216
217 301.1785502682278 217
218 301.183007096475 218
219 301.1874296601182 219
220 301.1918182903584 220
221 301.1961702575128 221
222 301.2004981523696 222
223 301.2047827872953 223
224 301.2090375416492 224
225 301.2132627752455 225
226 301.2174685081749 226
227 301.2216493093272 227
228 301.2257986265232 228
229 301.2299165558535 229
230 301.2339941527876 230
231 301.2380503809703 231
232 301.2420749594093 232
233 301.2460726660205 233
234 301.2500438872568 234
235 301.2539931463952 235
236 301.257914084953 236
237 301.2618074140044 237
238 301.265669336457 238
239 301.2695061947598 239
240 301.2733131526463 240
241 301.2770960801748 241
242 301.2808588982627 242
243 301.284600117287 243
244 301.2883102170248 244
245 301.2919917001492 245
246 301.295649993175 246
247 301.2992803591799 247
248 301.3028842786327 248
249 301.3064625445591 249
250 301.3100157353736 250
251 301.3135385114758 251
252 301.3170465129562 252
253 301.3205380307132 253
254 301.3240026510294 254
255 301.3274421627074 255
256 301.3308520204019 256
257 301.3342421977545 257
258 301.337620246257 258
259 301.3409810479619 259
260 301.3443099989601 260
261 301.3476310301872 261
262 301.3509253637512 262
263 301.3541988799513 263
264 301.3574512904224 264
265 301.3606827896714 265
266 301.3638975512708 266
267 301.3670870563125 267
268 301.3702606915043 268
269 301.3734130931209 269
270 301.3765447266563 270
271 301.3796472750643 271
272 301.3827392201992 272
273 301.3858024952992 273
274 301.3888592271591 274
275 301.3918990338955 275
276 301.3949176925058 276
277 301.3979127360644 277
278 301.4008929385642 278
279 301.4038532792906 279
280 301.4067857448548 280
281 301.4097081032643 281
282 301.4126115220184 282
283 301.4154879781451 283
284 301.4183468792949 284
285 301.4211880832015 285
286 301.4240117686999 286
287 301.4268178590611 287
288 301.4296111332492 288
289 301.432384553015 289
290 301.4351388322719 290
291 301.4378744807597 291
292 301.4405918700721 292
293 301.4432943556423 293
294 301.445978006172 294
295 301.4486467354886 295
296 301.4513031442975 296
297 301.4539397208235 297
298 301.4565578631604 298
299 301.4591540393329 299
300 301.4617460639072 300
301 301.4643141471965 301
302 301.4668706489542 302
303 301.4694091059863 303
304 301.471933031531 304
305 301.4744389288584 305
306 301.4769305681385 306
307 301.4794005074556 307
308 301.4818601694363 308
309 301.4843028165402 309
310 301.4867289612146 310
311 301.4891389372861 311
312 301.4915330038052 312
313 301.4939113799257 313
314 301.496276965281 314
315 301.4986318846623 315
316 301.5009692033606 316
317 301.5032901583058 317
318 301.5055953415799 318
319 301.507890721273 319
320 301.510171115197 320
321 301.5124347629788 321
322 301.5146825942075 322
323 301.5169150519328 323
324 301.5191324198908 324
325 301.5213349018865 325
326 301.523524739817 326
327 301.5257046622741 327
328 301.5278732986432 328
329 301.5300271695941 329
330 301.5321667090289 330
331 301.5342864783093 331
332 301.5363930696647 332
333 301.5384918687051 333
334 301.5405742151714 334
335 301.5426411688827 335
336 301.5446932130741 336
337 301.5467306459535 337
338 301.5487537155595 338
339 301.550759676748 339
340 301.5527591606447 340
341 301.5547403652296 341
342 301.5567169763936 342
343 301.558679086357 343
344 301.5606225957404 344
345 301.5625560577484 345
346 301.5644745598328 346
347 301.5663785973309 347
348 301.5682684947358 348
349 301.5701491329414 349
350 301.572019062353 350
351 301.5738747882763 351
352 301.575719663852 352
353 301.5775485342864 353
354 301.5793670071737 354
355 301.5811697254979 355
356 301.5829550131988 356
357 301.5847328396166 357
358 301.5864972477223 358
359 301.5882484543402 359
360 301.5899849305647 360
361 301.5917089435111 361
362 301.5934228473628 362
363 301.5951257001452 363
364 301.5968170309918 364
365 301.5984944138977 365
366 301.6001579397346 366
367 301.6018080762238 367
368 301.6034453659523 368
369 301.6050694101593 369
370 301.6066763682643 370
371 301.608275177273 371
372 301.609860946193 372
373 301.6114361462364 373
374 301.6130000861553 374
375 301.6145461381992 375
376 301.6160794694532 376
377 301.6176062809469 377
378 301.6191214331811 378
379 301.6206228005484 379
380 301.6221091385688 380
381 301.6235848821584 381
382 301.6250458033618 382
383 301.6264927053023 383
384 301.6279260337708 384
385 301.6293494829465 385
386 301.6307602889273 386
387 301.6321582049859 387
388 301.6335434683725 388
389 301.6349161472638 389
390 301.6362783227854 390
391 301.6376293721304 391
392 301.6389689554252 392
393 301.6402937377287 393
394 301.6416061029642 394
395 301.6429056787866 395
396 301.644192639608 396
397 301.6454670660671 397
398 301.6467308904859 398
399 301.6479817197445 399
400 301.6492216554367 400
401 301.6504484812821 401
402 301.6516627849204 402
403 301.6528646269326 403
404 301.6540538191715 404
405 301.6552305436064 405
406 301.6563915860494 406
407 301.6575440219207 407
408 301.6586840716 408
409 301.659808614835 409
410 301.660924505883 410
411 301.6620249583661 411
412 301.6631136142763 412
413 301.6641934098325 413
414 301.6652608802048 414
415 301.6663131245852 415
416 301.6673565688018 416
417 301.6683877938958 417
418 301.669408364549 418
419 301.6704163851782 419
420 301.67141207503 420
421 301.6723955730127 421
422 301.6733683843431 422
423 301.6743301113212 423
424 301.6752763031716 424
425 301.676213388541 425
426 301.6771394698437 426
427 301.6780531885785 427
428 301.6789546956149 428
429 301.679844132998 429
430 301.6807215777827 430
431 301.6815870957498 431
432 301.6824398017208 432
433 301.6832800798682 433
434 301.6841088679035 434
435 301.6849272405416 435
436 301.685731035149 436
437 301.6865232580054 437
438 301.6873075439303 438
439 301.6880797213663 439
440 301.6888401319111 440
441 301.6895888379345 441
442 301.690326801243 442
443 301.6910503569492 443
444 301.6917647086053 444
445 301.6924673758773 445
446 301.6931584325339 446
447 301.6938379411248 447
448 301.6945038630774 448
449 301.6951601611071 449
450 301.6958030363111 450
451 301.6964362968255 451
452 301.6970583953425 452
453 301.6976687551257 453
454 301.6982661805778 454
455 301.6988521981007 455
456 301.6994267673523 456
457 301.6999896959978 457
458 301.7005412761009 458
459 301.7010806099215 459
460 301.7016084707453 460
461 301.7021250675929 461
462 301.7026313671369 462
463 301.7031269586063 463
464 301.7036109045735 464
465 301.7040832818693 465
466 301.7045442347207 466
467 301.7049940799866 467
468 301.7054335648567 468
469 301.7058626036098 469
470 301.7062806241856 470
471 301.7066884930342 471
472 301.7070853943449 472
473 301.7074714944012 473
474 301.707846905566 474
475 301.7082114143896 475
476 301.7085654403283 476
477 301.7089091879729 477
478 301.7092430795137 478
479 301.7095665827194 479
480 301.7098797025527 480
481 301.7101827021276 481
482 301.7104755235624 482
483 301.7107582503843 483
484 301.7110312657869 484
485 301.7112945293695 485
486 301.7115478310812 486
487 301.7117913017799 487
488 301.7120249678993 488
489 301.7122489722033 489
490 301.7124633750894 490
491 301.7126680549709 491
492 301.712863141476 492
493 301.7130487137434 493
494 301.7132251240724 494
495 301.7133922926605 495
496 301.7135502055897 496
497 301.7136992596952 497
498 301.7138386812713 498
499 301.7139687472166 499
500 301.7140895006415 500
501 301.7142009997746 501
502 301.7143033302538 502
503 301.7143967371612 503
504 301.7144812031886 504
505 301.7145567793891 505
506 301.7146234798352 506
507 301.7146815592994 507
508 301.714730685239 508
509 301.7147709065567 509
510 301.7148023322876 510
511 301.7148250322668 511
512 301.7148390318963 512
513 301.7148444720825 513
514 301.7148414432395 514
515 301.7148300263343 515
516 301.7148102542777 516
517 301.7147821906847 517
518 301.7147458861532 518
519 301.7147014063027 519
520 301.7146488232065 520
521 301.7145882204812 521
522 301.7145195986177 522
523 301.7144430942338 523
524 301.7143588067547 524
525 301.7142667076234 525
526 301.7141668660511 526
527 301.7140593566566 527
528 301.7139441970486 528
529 301.7138214057427 529
530 301.7136911468558 530
531 301.7135535295503 531
532 301.7134085618364 532
533 301.7132563891506 533
534 301.7130970947919 534
535 301.7129306709728 535
536 301.7127571292659 536
537 301.7125766055885 537
538 301.7123891272418 538
539 301.7121949153017 539
540 301.7119940357041 540
541 301.7117864304245 541
542 301.7115721195255 542
543 301.7113513825955 543
544 301.7111242831118 544
545 301.7108907375487 545
546 301.7106507719585 546
547 301.7104047148872 547
548 301.710152551172 548
549 301.7098942857646 549
550 301.7096297596278 550
551 301.7093593450685 551
552 301.7090828216175 552
553 301.7088007154682 553
554 301.7085130786576 554
555 301.7082199411534 555
556 301.7079210513626 556
557 301.7076168336467 557
558 301.7073069945915 558
559 301.7069921409763 559
560 301.7066723914053 560
561 301.7063477730038 561
562 301.7060180415716 562
563 301.7056828778574 563
564 301.7053429108256 564
565 301.7049982738616 565
566 301.7046485510551 566
567 301.7042945015078 567
568 301.7039362341748 568
569 301.7035737485027 569
570 301.7032065644078 570
571 301.7028353424403 571
572 301.7024601947763 572
573 301.7020806193118 573
574 301.701696694629 574
575 301.7013095618081 575
576 301.7009190087139 576
577 301.7005251574176 577
578 301.7001279212323 578
579 301.6997278568462 579
580 301.6993248924375 580
581 301.6989186595252 581
582 301.6985095970776 582
583 301.6980978877147 583
584 301.6976838332569 584
585 301.6972672842001 585
586 301.6968483088557 586
587 301.6964270044811 587
588 301.6960034370235 588
589 301.6955772994299 589
590 301.6951484337472 590
591 301.6947174276596 591
592 301.6942843202278 592
593 301.6938488726226 593
594 301.6934119147271 594
595 301.6929737091205 595
596 301.6925341713076 596
597 301.6920932709709 597
598 301.6916507250121 598
599 301.6912063881378 599
600 301.6907611666052 600
601 301.6903150694824 601
602 301.6898681409868 602
603 301.6894200728942 603
604 301.6889714064039 604
605 301.6885221386167 605
606 301.6880719860154 606
607 301.6876218364445 607
608 301.6871719527823 608
609 301.6867222265453 609
610 301.6862726232727 610
611 301.6858224405141 611
612 301.6853731112743 612
613 301.6849244060356 613
614 301.6844763326832 614
615 301.6840290460914 615
616 301.6835827698524 616
617 301.6831373789846 617
618 301.6826928321429 618
619 301.6822496713764 619
620 301.6818076157647 620
621 301.6813668807447 621
622 301.6809276368539 622
623 301.680489636597 623
624 301.6800527623172 624
625 301.679617656164 625
626 301.6791843637251 626
627 301.6787526677489 627
628 301.6783237179861 628
629 301.6778972041145 629
630 301.6774733726098 630
631 301.6770520914203 631
632 301.6766336910774 632
633 301.6762180574759 633
634 301.675805657018 634
635 301.6753965737455 635
636 301.674990498834 636
637 301.6745873019183 637
638 301.6741877665269 638
639 301.6737920527462 639
640 301.6734000380892 640
641 301.673012060435 641
642 301.6726280270964 642
643 301.672248289018 643
644 301.6718727546452 644
645 301.6715018714899 645
646 301.6711357306569 646
647 301.670774075462 647
648 301.6704168098635 648
649 301.6700646865306 649
650 301.6697178273345 650
651 301.6693761738683 651
652 301.6690401034836 652
653 301.6687097101342 653
654 301.6683847851027 654
655 301.66806525776 655
656 301.667751854417 656
657 301.6674446660338 657
658 301.6671436682147 658
659 301.6668491228999 659
660 301.6665611410771 660
661 301.6662798138642 661
662 301.6660050496248 662
663 301.665736837455 663
664 301.6654761261772 664
665 301.6652228400819 665
666 301.6649767978562 666
667 301.6647379645077 667
668 301.6645069253079 668
669 301.6642838498851 669
670 301.6640688229743 670
671 301.6638617485811 671
672 301.6636626370799 672
673 301.66347202297 673
674 301.663290062138 674
675 301.6631168518489 675
676 301.6629523443481 676
677 301.6627965791768 677
678 301.662650098233 678
679 301.6625128837026 679
680 301.6623849561341 680
681 301.6622665351685 681
682 301.6621576597009 682
683 301.6620588875254 683
684 301.6619701450491 684
685 301.6618916043835 685
686 301.6618233443104 686
687 301.6617655280988 687
688 301.6617182729868 688
689 301.6616817186778 689
690 301.6616560422628 690
691 301.6616413826404 691
692 301.6616378895528 692
693 301.6616457103286 693
694 301.6616649880779 694
695 301.6616959123127 695
696 301.6617386577921 696
697 301.6617934423749 697
698 301.6618603889156 698
699 301.6619396636149 699
700 301.6620313941793 700
701 301.6621356656786 701
702 301.6622528394594 702
703 301.6623830481302 703
704 301.6625264319642 704
705 301.6626831363339 705
706 301.6628533098702 706
707 301.6630371032343 707
708 301.6632346683879 708
709 301.6634461583 709
710 301.6636717266738 710
711 301.6639115277362 711
712 301.6641657161973 712
713 301.6644344471067 713
714 301.6647178758288 714
715 301.6650161580124 715
716 301.6653294495291 716
717 301.6656579065154 717
718 301.6660016852865 718
719 301.6663609423678 719
720 301.6667358344326 720
721 301.6671265183217 721
722 301.6675331510078 722
723 301.6679558895905 723
724 301.6683948912917 724
725 301.66885031345 725
726 301.669322313499 726
727 301.6698110489802 727
728 301.6703166775146 728
729 301.6708393568068 729
730 301.6713792446399 730
731 301.6719364988483 731
732 301.6725112773512 732
733 301.6731037380948 733
734 301.67371403909 734
735 301.6743423383847 735
736 301.6749887940522 736
737 301.6756535642205 737
738 301.6763368070205 738
739 301.6770386806015 739
740 301.677759343144 740
741 301.6784989528219 741
742 301.6792576678193 742
743 301.6800356463135 743
744 301.6808330464663 744
745 301.6816500264289 745
746 301.6824867443468 746
747 301.6833433583146 747
748 301.684220026418 748
749 301.6851169066937 749
750 301.6860341571361 750
751 301.6869719357014 751
752 301.687930400279 752
753 301.6889097087131 753
754 301.6899100187696 754
755 301.6909314881539 755
756 301.691974274493 756
757 301.6930385353272 757
758 301.6941244281159 758
759 301.6952321102321 759
760 301.6963617389367 760
761 301.6975134713885 761
762 301.6986874646504 762
763 301.6998838756539 763
764 301.7011028612192 764
765 301.7023445780317 765
766 301.7036091826544 766
767 301.7048968315096 767
768 301.7062076808653 768
769 301.7075418868594 769
770 301.7088996054501 770
771 301.7102809924544 771
772 301.7116862035259 772
773 301.7131153941158 773
774 301.714568719529 774
775 301.716046334874 775
776 301.7175483950687 776
777 301.7190750548331 777
778 301.7206264686873 778
779 301.7222027909496 779
780 301.7238041757221 780
781 301.7254307768846 781
782 301.7270827480915 782
783 301.7287602427685 783
784 301.7304634141036 784
785 301.732192415054 785
786 301.7339473983031 786
787 301.7357285163001 787
788 301.7375359212298 788
789 301.7393697650057 789
790 301.7412301992767 790
791 301.7431173753995 791
792 301.7450314444646 792
793 301.7469725572675 793
794 301.7489408642936 794
795 301.7509365157369 795
796 301.7529596614835 796
797 301.755010451112 797
798 301.7570890338648 798
799 301.7591955586662 799
800 301.7613301741109 800
801 301.7634930284539 801
802 301.7656842696018 802
803 301.7679040451141 803
804 301.7701525021919 804
805 301.7724297876766 805
806 301.7747360480321 806
807 301.7770714293581 807
808 301.7794360773807 808
809 301.7818301374037 809
810 301.7842537543763 810
811 301.7867070728327 811
812 301.7891902368945 812
813 301.7917033902804 813
814 301.7942466762934 814
815 301.7968202377995 815
816 301.7994242172519 816
817 301.8020587566498 817
818 301.804723997564 818
819 301.8074200811069 819
820 301.8101471479311 820
821 301.8129053382471 821
822 301.815694791776 822
823 301.8185156477737 823
824 301.821368045024 824
825 301.8242521218094 825
826 301.8271680159294 826
827 301.8301158646731 827
828 301.8330958048355 828
829 301.8361079726977 829
830 301.8391525040238 830
831 301.8422295340408 831
832 301.8453391974619 832
833 301.8484816284531 833
834 301.851656960634 834
835 301.8548653270967 835
836 301.8581068603355 836
837 301.8613816923178 837
838 301.8646899544312 838
839 301.8680317774817 839
840 301.8714072917003 840
841 301.8748166267285 841
842 301.8782599116047 842
843 301.8817372747841 843
844 301.8852488440941 844
845 301.8887947467611 845
846 301.8923751093854 846
847 301.8959900579433 847
848 301.8996397177666 848
849 301.9033242135692 849
850 301.9070436694053 850
851 301.9107982086693 851
852 301.9145879541005 852
853 301.9184130277847 853
854 301.9222735511213 854
855 301.9261696448357 855
856 301.9301014289678 856
857 301.9340690228658 857
858 301.9380725451701 858
859 301.9421121138358 859
860 301.9461878460858 860
861 301.950299858438 861
862 301.9544482666768 862
863 301.9586331858638 863
864 301.962854730318 864
865 301.9671130136093 865
866 301.9714081485621 866
867 301.9757402472428 867
868 301.9801094209598 868
869 301.9845157802299 869
870 301.9889594348078 870
871 301.993440493671 871
872 301.9979590649841 872
873 302.0025152561337 873
874 302.0071091736937 874
875 302.0117409234313 875
876 302.0164106102808 876
877 302.0211183383753 877
878 302.0258642110022 878
879 302.0306483306197 879
880 302.0354707988367 880
881 302.0403317164023 881
882 302.0452311832299 882
883 302.0501692983439 883
884 302.0551461599167 884
885 302.0601618652308 885
886 302.0652165106973 886
887 302.0703101918188 887
888 302.075443003213 888
889 302.0806150385842 889
890 302.0858263907385 890
891 302.0910771515451 891
892 302.0963674119585 892
893 302.1016972620077 893
894 302.1070667907687 894
895 302.112476086393 895
896 302.1179252360546 896
897 302.1234143259755 897
898 302.1289434414348 898
899 302.1345126667085 899
900 302.1401220851141 900
901 302.1457717789678 901
902 302.1514618296043 902
903 302.1571923173502 903
904 302.162963321541 904
905 302.1687749204692 905
906 302.1746271914412 906
907 302.1805202107136 907
908 302.1864540535147 908
909 302.1924287940311 909
910 302.1984445054143 910
911 302.2045012597304 911
912 302.2105991280245 912
913 302.2167381802462 913
914 302.2229184852635 914
915 302.2291401108956 915
916 302.2354031238473 916
917 302.2417075897214 917
918 302.2480535730351 918
919 302.2544411372018 919
920 302.2608703444948 920
921 302.2673412560791 921
922 302.2738539319814 922
923 302.2804084310994 923
924 302.2870048111873 924
925 302.2936431288407 925
926 302.3003234394973 926
927 302.3070457974267 927
928 302.3138102557493 928
929 302.3206168663728 929
930 302.3274656800475 930
931 302.3343567463146 931
932 302.3412901135061 932
933 302.3482658287858 933
934 302.3552839380654 934
935 302.3623444860464 935
936 302.3694475162121 936
937 302.3765930707976 937
938 302.3837811908025 938
939 302.391011915987 939
940 302.3982852848382 940
941 302.4056013345906 941
942 302.4129601012025 942
943 302.4203616193639 943
944 302.4278059224747 944
945 302.43529304265 945
946 302.4428230106986 946
947 302.4503958561285 947
948 302.4580116071413 948
949 302.4656702906109 949
950 302.4733719320804 950
951 302.4811165557841 951
952 302.4889041845889 952
953 302.4967348400306 953
954 302.5046085422831 954
955 302.5125253101597 955
956 302.5204851611126 956
957 302.5284881112046 957
958 302.5365341751363 958
959 302.5446233662001 959
960 302.5527556962965 960
961 302.5609311759232 961
962 302.5691498141769 962
963 302.5774116187224 963
964 302.5857165958034 964
965 302.5940647502347 965
966 302.6024560853812 966
967 302.6108906031882 967
968 302.6193683041068 968
969 302.6278891871677 969
970 302.6364532499041 970
971 302.6450604883943 971
972 302.6537108972239 972
973 302.6624044694881 973
974 302.6711411967951 974
975 302.6799210692454 975
976 302.6887440754166 976
977 302.6976102023881 977
978 302.7065194357097 978
979 302.7154717593899 979
980 302.7244671559039 980
981 302.733505606181 981
982 302.7425870895921 982
983 302.7517115839669 983
984 302.7608790655357 984
985 302.7700895089749 985
986 302.779342887368 986
987 302.7886391722376 987
988 302.7979783334675 988
989 302.8073603393566 989
990 302.816785156606 990
991 302.8262527502743 991
992 302.8357630838174 992
993 302.8453161190413 993
994 302.854911816129 994
995 302.8645501335911 995
996 302.8742310283149 996
997 302.8839544555084 997
998 302.8937203687093 998
999 302.9035287197835 999
1000 302.9133794589226 1000
1001 302.9232725346106 1001
1002 302.9332078936552 1002
1003 302.9431854811389 1003
1004 302.9532052404404 1004
1005 302.9632671132242 1005
1006 302.9733710394261 1006
1007 302.9835169572455 1007
1008 302.993704803141 1008
1009 303.0039345118248 1009
1010 303.0142060162482 1010
1011 303.024519247616 1011
1012 303.0348741353374 1012
1013 303.0452706070743 1013
1014 303.055708588679 1014
1015 303.066188004221 1015
1016 303.0767087759776 1016
1017 303.0872708244153 1017
1018 303.0978740681821 1018
1019 303.1085184241067 1019
1020 303.1192038071997 1020
1021 303.1299301306208 1021
1022 303.1406973057043 1022
1023 303.1515052419194 1023
1024 303.1623538468828 1024
1025 303.1732430263607 1025
1026 303.1841726842214 1026
1027 303.1951427224711 1027
1028 303.206153041233 1028
1029 303.2172035387249 1029
1030 303.2282941112733 1030
1031 303.2394246532874 1031
1032 303.2505950572671 1032
1033 303.2618052137914 1033
1034 303.2730550115023 1034
1035 303.2843443371129 1035
1036 303.2956730753789 1036
1037 303.307041109114 1037
1038 303.3184483191711 1038
1039 303.329894584443 1039
1040 303.3413797818243 1040
1041 303.3529037862523 1041
1042 303.3644664706741 1042
1043 303.3760677060255 1043
1044 303.3877073612484 1044
1045 303.3993853032808 1045
1046 303.4111013970185 1046
1047 303.422855505367 1047
1048 303.4346474891689 1048
1049 303.4464772072448 1049
1050 303.4583445163561 1050
1051 303.470249271214 1051
1052 303.4821913244695 1052
1053 303.494170526694 1053
1054 303.5061867264018 1054
1055 303.51823977001 1055
1056 303.5303295018387 1056
1057 303.5424557641168 1057
1058 303.554618396969 1058
1059 303.5668172384017 1059
1060 303.5790521242996 1060
1061 303.5913228884152 1061
1062 303.6036293623835 1062
1063 303.6159713756688 1063
1064 303.6283487556087 1064
1065 303.6407613273662 1065
1066 303.6532089139506 1066
1067 303.6656913361926 1067
1068 303.6782084127392 1068
1069 303.6907599600602 1069
1070 303.7033457924197 1070
1071 303.7159657218884 1071
1072 303.7286195583134 1072
1073 303.741307109345 1073
1074 303.7540281803876 1074
1075 303.7667825746367 1075
1076 303.7795700930238 1076
1077 303.7923905342525 1077
1078 303.8052436947594 1078
1079 303.8181293687229 1079
1080 303.8310473480664 1080
1081 303.8439974224129 1081
1082 303.85697937912 1082
1083 303.8699930032504 1083
1084 303.8830380775565 1084
1085 303.8961143824991 1085
1086 303.909221696218 1086
1087 303.9223597945353 1087
1088 303.9355284509403 1088
1089 303.9487274365931 1089
1090 303.9619565203025 1090
1091 303.9752154685275 1091
1092 303.9885040453846 1092
1093 304.0018220125988 1093
1094 304.0151691295427 1094
1095 304.0285451531956 1095
1096 304.0419498381646 1096
1097 304.0553829366425 1097
1098 304.0688441984308 1098
1099 304.0823333709192 1099
1100 304.0958501990779 1100
1101 304.1093944254519 1101
1102 304.1229657901549 1102
1103 304.1365640308587 1103
1104 304.1501888827911 1104
1105 304.1638400787181 1105
1106 304.1775173489536 1106
1107 304.1912204213343 1107
1108 304.2049490212223 1108
1109 304.218702871489 1109
1110 304.2324816925222 1110
1111 304.2462852022117 1111
1112 304.2601131159203 1112
1113 304.2739651465212 1113
1114 304.2878410043538 1114
1115 304.3017403972184 1115
1116 304.3156630304069 1116
1117 304.3296086066311 1117
1118 304.3435768260742 1118
1119 304.3575673863573 1119
1120 304.3715799825224 1120
1121 304.3856143070578 1121
1122 304.3996700498484 1122
1123 304.4137468981964 1123
1124 304.4278445368173 1124
1125 304.4419626478037 1125
1126 304.4561009106583 1126
1127 304.4702590022444 1127
1128 304.484436596811 1128
1129 304.4986333659694 1129
1130 304.5128489786877 1130
1131 304.5270831012766 1131
1132 304.5413353974121 1132
1133 304.5556055280786 1133
1134 304.5698931516162 1134
1135 304.5841979236608 1135
1136 304.5985194971818 1136
1137 304.6128575224347 1137
1138 304.6272116469873 1138
1139 304.6415815156986 1139
1140 304.6559667706987 1140
1141 304.6703670514026 1141
1142 304.684781994488 1142
1143 304.6992112339084 1143
1144 304.7136544008482 1144
1145 304.7281111237423 1145
1146 304.7425810282842 1146
1147 304.7570637373735 1147
1148 304.7715588711385 1148
1149 304.7860660469288 1149
1150 304.800584879309 1150
1151 304.8151149800145 1151
1152 304.829655958014 1152
1153 304.8442074194309 1153
1154 304.8587689675764 1154
1155 304.8733402029355 1155
1156 304.8879207231516 1156
1157 304.9025101230271 1157
1158 304.9171079945082 1158
1159 304.9317139266805 1159
1160 304.946327505764 1160
1161 304.9609483151057 1161
1162 304.9755759351706 1162
1163 304.99020994353 1163
1164 305.0048499148613 1164
1165 305.0194954209397 1165
1166 305.0341460306107 1166
1167 305.0488013098217 1167
1168 305.0634608215878 1168
1169 305.0781241259754 1169
1170 305.0927907801201 1170
1171 305.1074603382024 1171
1172 305.1221323514569 1172
1173 305.1368063681284 1173
1174 305.1514819335092 1174
1175 305.1661585899081 1175
1176 305.1808358766413 1176
1177 305.195513330027 1177
1178 305.2101904833916 1178
1179 305.2248668670421 1179
1180 305.2395420082617 1180
1181 305.254215431321 1181
1182 305.2688866574522 1182
1183 305.2835552048462 1183
1184 305.2982205886341 1184
1185 305.3128823209175 1185
1186 305.3275399107106 1186
1187 305.3421928639548 1187
1188 305.35684068354 1188
1189 305.3714828692479 1189
1190 305.3861189177615 1190
1191 305.4007483226851 1191
1192 305.4153705744874 1192
1193 305.4299851605433 1193
1194 305.4445915650963 1194
1195 305.4591892692451 1195
1196 305.4737777509672 1196
1197 305.4883564850888 1197
1198 305.5029249432729 1198
1199 305.5174825940293 1199
1200 305.4688139594639 1200
