"bat3-rfile"
"Time Step" "bat3 etc.."
("Time Step" "bat3" "flow-time")
0 298.1500000000063 0
1 298.1863292985421 1
2 298.2217130497508 2
3 298.2563884463704 3
4 298.2904743121009 4
5 298.3240429651296 5
6 298.3571430511723 6
7 298.3898092090272 7
8 298.422066606183 8
9 298.4539352403819 9
10 298.4854328507732 10
11 298.5165723645239 11
12 298.5473634573748 12
13 298.5778145034739 13
14 298.6079346650715 14
15 298.6377313746848 15
16 298.667212589992 16
17 298.69652224213 17
18 298.7255386405146 18
19 298.754354592812 19
20 298.782916520004 20
21 298.8111691740162 21
22 298.8392106008224 22
23 298.8669533401749 23
24 298.8944055995073 24
25 298.9215765926128 25
26 298.9485479266337 26
27 298.9752786529891 27
28 299.0017531527891 28
29 299.0279102444824 29
30 299.0538397600758 30
31 299.0794989790044 31
32 299.1048961992486 32
33 299.1300706312958 33
34 299.1550172696934 34
35 299.1797341581376 35
36 299.2041624383633 36
37 299.2283809514533 37
38 299.2523813909035 38
39 299.2761906432951 39
40 299.2997856247433 40
41 299.3231231794283 41
42 299.3462159078401 42
43 299.3690719500535 43
44 299.3916916729234 44
45 299.4140874608922 45
46 299.4362432625837 46
47 299.4582427780979 47
48 299.4800405828733 48
49 299.5016363375173 49
50 299.523030886638 50
51 299.5442003118513 51
52 299.5651522157502 52
53 299.5858926677136 53
54 299.6064218644877 54
55 299.6267283927598 55
56 299.6468495072654 56
57 299.6667766062628 57
58 299.6864883229146 58
59 299.7060665855812 59
60 299.7254677990697 60
61 299.7446915984129 61
62 299.7636968542441 62
63 299.782515977051 63
64 299.8011717664156 64
65 299.8196367324983 65
66 299.8379404830612 66
67 299.8560602333889 67
68 299.873999603836 68
69 299.8917624252588 69
70 299.9093338803418 70
71 299.926759545767 71
72 299.9439977805919 72
73 299.9610496022315 73
74 299.9779556431827 74
75 299.9947210561068 75
76 300.0112875726447 76
77 300.02768947841 77
78 300.0439400935484 78
79 300.0600382314566 79
80 300.0759648332078 80
81 300.0917929892315 81
82 300.1074632073537 82
83 300.1229797332228 83
84 300.1383659290868 84
85 300.1535994374493 85
86 300.1686639102394 86
87 300.1836122711566 87
88 300.1983945373412 88
89 300.2130414966726 89
90 300.227550790209 90
91 300.2419272104377 91
92 300.2561900906853 92
93 300.2702930704934 93
94 300.2843045838523 94
95 300.2981751669316 95
96 300.3118878427794 96
97 300.3255087438885 97
98 300.3389940057398 98
99 300.3523275670909 99
100 300.3655597370716 100
101 300.3786659135198 101
102 300.3916262029991 102
103 300.4044706576566 103
104 300.4172029476441 104
105 300.4298049233545 105
106 300.4422984460869 106
107 300.4546651229709 107
108 300.4669218638313 108
109 300.479086455271 109
110 300.4911203983539 110
111 300.5030207901106 111
112 300.5148167036658 112
113 300.5264985902743 113
114 300.5380569016257 114
115 300.5495177411947 115
116 300.5608495789589 116
117 300.5720711212644 117
118 300.5831903464187 118
119 300.5941899828258 119
120 300.6050854571507 120
121 300.6158873089831 121
122 300.6265915320142 122
123 300.6372038451785 123
124 300.6477195135179 124
125 300.6581340219855 125
126 300.6684604804028 126
127 300.6786839443938 127
128 300.6888087749278 128
129 300.6988381930311 129
130 300.7087709452526 130
131 300.7186070768077 131
132 300.7283510301187 132
133 300.7380090870064 133
134 300.7475792014044 134
135 300.7570635113757 135
136 300.7664633743657 136
137 300.7757819967873 137
138 300.7850212717129 138
139 300.7941833262477 139
140 300.8032692280453 140
141 300.8122812666765 141
142 300.8212173644505 142
143 300.8300971097891 143
144 300.8389129562423 144
145 300.8476622967001 145
146 300.8563349839455 146
147 300.8649343689148 147
148 300.873461884729 148
149 300.8819186208319 149
150 300.8903145730963 150
151 300.898638210817 151
152 300.9068921781541 152
153 300.9150777036261 153
154 300.9231957289913 154
155 300.9312556110803 155
156 300.9392550024256 156
157 300.9471848126836 157
158 300.9550480498286 158
159 300.9628544244698 159
160 300.9705937235381 160
161 300.9782766131604 161
162 300.9858998481088 162
163 300.9934654655937 163
164 301.0009652397152 164
165 301.0084082387552 165
166 301.0157879265963 166
167 301.0231062966297 167
168 301.0303647013138 168
169 301.0375641447337 169
170 301.04470553428 170
171 301.0517969831381 171
172 301.0588293404957 172
173 301.065804764016 173
174 301.0727243840305 174
175 301.0795890085311 175
176 301.0864064893955 176
177 301.0931749854063 177
178 301.0998871779323 178
179 301.1065522510286 179
180 301.1131623597744 180
181 301.1197196049406 181
182 301.1262252477388 182
183 301.1326801440723 183
184 301.1390850486659 184
185 301.1454406732809 185
186 301.1517465660924 186
187 301.1580146565205 187
188 301.1642392598575 188
189 301.1704135330951 189
190 301.1765384900998 190
191 301.1826322566321 191
192 301.1886754888039 192
193 301.1946710332381 193
194 301.2006202762673 194
195 301.2065243280568 195
196 301.2123839225016 196
197 301.2181997490532 197
198 301.2239849369017 198
199 301.2297241087252 199
200 301.2354249687709 200
201 301.2410811699089 201
202 301.2466936389026 202
203 301.2522732241387 203
204 301.2578098145315 204
205 301.2633103133455 205
206 301.2687682523922 206
207 301.2741908132628 207
208 301.2795830037781 208
209 301.2849431329018 209
210 301.2902590977154 210
211 301.2955321877629 211
212 301.3007734685681 212
213 301.3059741071751 213
214 301.3111355652509 214
215 301.3162588431325 215
216 301.3213431159177 216
217 301.3264095686496 217
218 301.3314454660317 218
219 301.3364448204111 219
220 301.3414076410728 220
221 301.3463313735596 221
222 301.3512278134419 222
223 301.3560833673033 223
224 301.3609077081956 224
225 301.3657004426106 225
226 301.3704671350848 226
227 301.3752052840661 227
228 301.3799093955569 228
229 301.384579267902 229
230 301.3892101149248 230
231 301.3938139976811 231
232 301.3983828929601 232
233 301.4029216692382 233
234 301.407431163216 234
235 301.4119157463244 235
236 301.4163698679347 236
237 301.4207938900161 237
238 301.4251842334982 238
239 301.429546767547 239
240 301.4338771680709 240
241 301.4381808356226 241
242 301.4424617266565 242
243 301.4467188116536 243
244 301.450943067469 244
245 301.455136315246 245
246 301.4593037746119 246
247 301.463441182283 247
248 301.4675497140377 248
249 301.4716301718811 249
250 301.4756831363812 250
251 301.4797064597849 251
252 301.4837104461127 252
253 301.487694878227 253
254 301.4916505526855 254
255 301.4955786927821 255
256 301.499477839292 256
257 301.5033558405307 257
258 301.5072167016088 258
259 301.5110574130054 259
260 301.5148672776638 260
261 301.518664328844 261
262 301.5224324794501 262
263 301.5261771490311 263
264 301.529898321017 264
265 301.533596394114 265
266 301.537275307364 266
267 301.540927285556 267
268 301.5445607662457 268
269 301.5481712006998 269
270 301.551758776887 270
271 301.5553181968674 271
272 301.5588627299006 272
273 301.562379154801 273
274 301.5658842988333 274
275 301.5693700653514 275
276 301.572832676624 276
277 301.5762695795137 277
278 301.5796889919399 278
279 301.5830867040581 279
280 301.5864572278653 280
281 301.5898134998866 281
282 301.593148463097 282
283 301.5964569627128 283
284 301.5997462741414 284
285 301.6030161203737 285
286 301.6062663906385 286
287 301.6094970910672 287
288 301.6127105100348 288
289 301.6159013147758 289
290 301.6190704517997 290
291 301.6222185890678 291
292 301.6253461957757 292
293 301.6284565614027 293
294 301.6315461629302 294
295 301.6346186301056 295
296 301.6376766202658 296
297 301.6407132821826 297
298 301.6437295557441 298
299 301.646724097319 299
300 301.649710791311 300
301 301.652674132889 301
302 301.6556223611915 302
303 301.6585503219539 303
304 301.6614615576504 304
305 301.6643529852667 305
306 301.6672281231413 306
307 301.670082043179 307
308 301.672922437955 308
309 301.675743783638 309
310 301.6785467176832 310
311 301.6813316375749 311
312 301.6840988552374 312
313 301.6868486384987 313
314 301.6895837956158 314
315 301.6923065127889 315
316 301.6950104478261 316
317 301.6976964228767 317
318 301.7003650411493 318
319 301.7030220051632 319
320 301.7056627516853 320
321 301.7082854089851 321
322 301.7108907398396 322
323 301.713479189104 323
324 301.7160510466055 324
325 301.7186065202686 325
326 301.721147769976 326
327 301.7236775450515 327
328 301.7261947667946 328
329 301.7286961490432 329
330 301.7311819071368 330
331 301.7336490136875 331
332 301.7361023875588 332
333 301.7385446758546 333
334 301.7409689190848 334
335 301.7433761745223 335
336 301.7457669999009 336
337 301.7481417440771 337
338 301.7505006993105 338
339 301.7528433828759 339
340 301.7551766760959 340
341 301.7574925317223 341
342 301.7598005707158 342
343 301.7620927253784 343
344 301.7643672104751 344
345 301.7666287565399 345
346 301.768873763187 346
347 301.7711028403261 347
348 301.7733163633171 348
349 301.7755189922067 349
350 301.7777097254029 350
351 301.7798852490521 351
352 301.782048591865 352
353 301.7841950323253 353
354 301.7863296228181 354
355 301.7884475841477 355
356 301.7905492267135 356
357 301.7926405078553 357
358 301.7947168977 358
359 301.7967787404414 359
360 301.7988246441786 360
361 301.8008566874755 361
362 301.8028772409946 362
363 301.8048855940756 363
364 301.8068813058712 364
365 301.8088620829636 365
366 301.8108278370694 366
367 301.8127790223805 367
368 301.8147161354411 368
369 301.8166388066816 369
370 301.8185454982602 370
371 301.8204411929392 371
372 301.8223223751191 372
373 301.8241914855395 373
374 301.826048074689 374
375 301.827887951735 375
376 301.8297144459809 376
377 301.8315311647708 377
378 301.8333346520447 378
379 301.8351230526035 379
380 301.8368951031093 380
381 301.8386549524634 381
382 301.8403988631776 382
383 301.8421273783721 383
384 301.8438409275076 384
385 301.845543034141 385
386 301.8472313049361 386
387 301.8489053709962 387
388 301.8505654575112 388
389 301.8522116091506 389
390 301.8538458155685 390
391 301.8554676133924 391
392 301.8570766741437 392
393 301.8586698373529 393
394 301.860249155464 394
395 301.861814329787 395
396 301.8633655227616 396
397 301.8649028093202 397
398 301.866428034057 398
399 301.8679390465361 399
400 301.8694377002831 400
401 301.8709220191607 401
402 301.8723924399745 402
403 301.8738490163774 403
404 301.8752915691151 404
405 301.8767202523219 405
406 301.878133454076 406
407 301.8795354917156 407
408 301.8809235489633 408
409 301.8822960948903 409
410 301.8836574237908 410
411 301.8850031224293 411
412 301.8863358391696 412
413 301.8876570005109 413
414 301.888964139845 414
415 301.8902557616954 415
416 301.8915360798011 416
417 301.8928025422518 417
418 301.8940567225266 418
419 301.8952969735873 419
420 301.8965234328093 420
421 301.897736251844 421
422 301.8989368783309 422
423 301.9001250434705 423
424 301.9012975353833 424
425 301.9024586957738 425
426 301.9036072725661 426
427 301.9047421361183 427
428 301.9058633614686 428
429 301.9069711107485 429
430 301.9080654642099 430
431 301.9091464992254 431
432 301.9102133908711 432
433 301.9112664509863 433
434 301.9123065724546 434
435 301.9133348422051 435
436 301.9143481944934 436
437 301.9153488481119 437
438 301.9163393950529 438
439 301.917316455799 439
440 301.9182803473375 440
441 301.9192311613937 441
442 301.9201698295802 442
443 301.9210936640697 443
444 301.9220063597192 444
445 301.9229059615044 445
446 301.9237925974475 446
447 301.9246663575931 447
448 301.9255260868428 448
449 301.9263742434259 449
450 301.9272084686447 450
451 301.928031079211 451
452 301.9288411274444 452
453 301.9296381390373 453
454 301.9304216211237 454
455 301.9311926160417 455
456 301.9319509876408 456
457 301.9326965150316 457
458 301.9334293650614 458
459 301.9341490255166 459
460 301.9348560527725 460
461 301.9355505700804 461
462 301.9362332698115 462
463 301.9369037948714 463
464 301.937561626771 464
465 301.9382069483242 465
466 301.9388396956169 466
467 301.9394600615515 467
468 301.9400685306362 468
469 301.9406652036581 469
470 301.9412496223296 470
471 301.9418227078385 471
472 301.9423838137806 472
473 301.9429329437469 473
474 301.9434701570362 474
475 301.9439955150142 475
476 301.9445091087845 476
477 301.9450111409784 477
478 301.9455018974859 478
479 301.9459813092295 479
480 301.9464492809637 480
481 301.9469059046195 481
482 301.947351234397 482
483 301.9477853629008 483
484 301.9482085354164 484
485 301.9486207515643 485
486 301.9490219782047 486
487 301.9494121659272 487
488 301.9497915229027 488
489 301.9501600521432 489
490 301.9505179173116 490
491 301.9508650825352 491
492 301.9512015546508 492
493 301.9515274107965 493
494 301.9518429130789 494
495 301.9521480830962 495
496 301.9524429347779 496
497 301.9527278166638 497
498 301.9530022285021 498
499 301.9532662851723 499
500 301.953520079076 500
501 301.9537636306186 501
502 301.9539969989594 502
503 301.9542203778522 503
504 301.9544337782593 504
505 301.9546372891148 505
506 301.9548309360472 506
507 301.9550149242409 507
508 301.9551890382149 508
509 301.9553533405904 509
510 301.9555078982494 510
511 301.9556527618909 511
512 301.9557880069173 512
513 301.9559137067386 513
514 301.9560299473349 514
515 301.956136790408 515
516 301.9562343352981 516
517 301.9563226121295 517
518 301.9564016945119 518
519 301.9564716499724 519
520 301.9565325496455 520
521 301.9565844778003 521
522 301.9566274164982 522
523 301.9566615117484 523
524 301.9566868905408 524
525 301.9567035413647 525
526 301.9567114944686 526
527 301.9567108539784 527
528 301.9567016625754 528
529 301.9566839437422 529
530 301.9566577995424 530
531 301.9566233945451 531
532 301.9565807574511 532
533 301.9565299547787 533
534 301.9564711089259 534
535 301.9564042710339 535
536 301.9563294590366 536
537 301.9562467548108 537
538 301.9561562355272 538
539 301.9560580088898 539
540 301.9559521974336 540
541 301.9558388309085 541
542 301.955717938124 542
543 301.9555896527385 543
544 301.9554540991257 544
545 301.9553112936655 545
546 301.9551612724993 546
547 301.9550041909731 547
548 301.9548401231735 548
549 301.954669079185 549
550 301.9544910134938 550
551 301.9543061533293 551
552 301.9541144773646 552
553 301.95391622659 553
554 301.9537115454602 554
555 301.9535004996602 555
556 301.9532829810283 556
557 301.9530592370139 557
558 301.9528292109687 558
559 301.9525931777641 559
560 301.9523513386154 560
561 301.9521038575355 561
562 301.9518504521145 562
563 301.9515909663459 563
564 301.9513257610447 564
565 301.9510550860565 565
566 301.9507787137866 566
567 301.9504970000402 567
568 301.9502102074917 568
569 301.9499183796505 569
570 301.949621248478 570
571 301.9493191636737 571
572 301.9490123783325 572
573 301.9487006097859 573
574 301.9483839067262 574
575 301.9480629317123 575
576 301.9477378230533 576
577 301.9474086037536 577
578 301.9470753233525 578
579 301.9467382280722 579
580 301.9463974124542 580
581 301.9460527519178 581
582 301.9457044649969 582
583 301.9453527523158 583
584 301.9449977716982 584
585 301.9446395540542 585
586 301.9442782183202 586
587 301.9439138517994 587
588 301.943546518754 588
589 301.9431761531661 589
590 301.9428026372352 590
591 301.9424263002532 591
592 301.942047253987 592
593 301.941665440292 593
594 301.9412812170515 594
595 301.9408948101907 595
596 301.9405063551094 596
597 301.9401159171931 597
598 301.9397234126723 598
599 301.9393287625581 599
600 301.9389323677813 600
601 301.938534375861 601
602 301.9381348917534 602
603 301.9377338283849 603
604 301.9373314861309 604
605 301.936927966491 605
606 301.9365232025648 606
607 301.936117571853 607
608 301.9357113040965 608
609 301.9353045339545 609
610 301.9348973299846 610
611 301.9344894380153 611
612 301.9340813788296 612
613 301.9336732729661 613
614 301.9332652442047 614
615 301.9328574077606 615
616 301.9324498777206 616
617 301.932042772284 617
618 301.9316361640047 618
619 301.9312301859933 619
620 301.9308249758243 620
621 301.9304205919616 621
622 301.9300171730014 622
623 301.9296147047503 623
624 301.9292131098633 624
625 301.928812771588 625
626 301.9284138039774 626
627 301.9280161770358 627
628 301.9276203800397 628
629 301.9272265390655 629
630 301.9268347513499 630
631 301.926445137478 631
632 301.9260578198003 632
633 301.9256729283169 633
634 301.9252906517207 634
635 301.9249111591576 635
636 301.9245344301333 636
637 301.9241603884276 637
638 301.9237894920244 638
639 301.9234218626014 639
640 301.9230576124708 640
641 301.9226968779946 641
642 301.9223397921021 642
643 301.9219864962584 643
644 301.9216371256806 644
645 301.9212918726463 645
646 301.9209509086095 646
647 301.9206142391945 647
648 301.9202818184337 648
649 301.9199540869664 649
650 301.9196311588821 650
651 301.9193131612577 651
652 301.9190002760482 652
653 301.9186926689496 653
654 301.9183903656017 654
655 301.9180933439267 655
656 301.917802028801 656
657 301.9175165279964 657
658 301.9172369764557 658
659 301.9169635121575 659
660 301.9166963046675 660
661 301.9164354914847 661
662 301.9161811251128 662
663 301.9159332458626 663
664 301.9156922979182 664
665 301.9154584133257 665
666 301.9152316457383 666
667 301.9150120118528 667
668 301.9147998687338 668
669 301.9145953493128 669
670 301.9143986105732 670
671 301.9142097332817 671
672 301.9140287627165 672
673 301.9138560341657 673
674 301.9136916720086 674
675 301.9135358354241 675
676 301.9133886270595 676
677 301.9132501171626 677
678 301.9131206219009 678
679 301.9130002346658 679
680 301.9128890748908 680
681 301.9127873110582 681
682 301.9126950518886 682
683 301.9126125832223 683
684 301.9125400082481 684
685 301.9124774709097 685
686 301.9124251317899 686
687 301.9123831419943 687
688 301.9123516532331 688
689 301.9123308171149 689
690 301.9123207886001 690
691 301.9123217356333 691
692 301.9123338454769 692
693 301.9123572486827 693
694 301.912392101919 694
695 301.9124385997102 695
696 301.9124969179866 696
697 301.9125672574605 697
698 301.9126497646935 698
699 301.912744595929 699
700 301.9128519050777 700
701 301.9129717350453 701
702 301.9131044729853 702
703 301.9132502666154 703
704 301.9134092681345 704
705 301.9135816332134 705
706 301.9137675198706 706
707 301.9139670876946 707
708 301.9141804974336 708
709 301.9144079106563 709
710 301.9146494896374 710
711 301.9149053972108 711
712 301.9151757966641 712
713 301.9154608517119 713
714 301.9157607263957 714
715 301.9160755850672 715
716 301.9164055923527 716
717 301.9167509131204 717
718 301.9171117124576 718
719 301.9174881556671 719
720 301.9178804082376 720
721 301.9182886358107 721
722 301.9187130042047 722
723 301.9191536793897 723
724 301.9196108274529 724
725 301.9200846146209 725
726 301.9205752072402 726
727 301.9210827717596 727
728 301.9216074747366 728
729 301.9221494828298 729
730 301.9227089627819 730
731 301.9232860814012 731
732 301.9238810056007 732
733 301.9244939023424 733
734 301.9251249386512 734
735 301.9257742816147 735
736 301.9264420983716 736
737 301.9271285561007 737
738 301.9278338220187 738
739 301.9285580633781 739
740 301.9293014474607 740
741 301.9300641415673 741
742 301.9308463130197 742
743 301.9316481291421 743
744 301.9324697572698 744
745 301.9333113647278 745
746 301.9341731188592 746
747 301.9350551869586 747
748 301.9359577363352 748
749 301.9368809342587 749
750 301.9378249479694 750
751 301.938789944693 751
752 301.9397760915896 752
753 301.9407835557731 753
754 301.941812504338 754
755 301.9428631042865 755
756 301.9439355225774 756
757 301.9450299261017 757
758 301.946146481659 758
759 301.9472853559854 759
760 301.948446715735 760
761 301.9496307274525 761
762 301.9508375576009 762
763 301.9520673725297 763
764 301.9533203384898 764
765 301.9545966216193 765
766 301.9558963879101 766
767 301.9572198032648 767
768 301.9585670334299 768
769 301.9599382440221 769
770 301.9613336005059 770
771 301.962753268215 771
772 301.9641974123052 772
773 301.9656661977828 773
774 301.9671597894907 774
775 301.9686783520852 775
776 301.9702220500492 776
777 301.9717910476906 777
778 301.9733855091002 778
779 301.9750055982101 779
780 301.9766514787114 780
781 301.9783233140931 781
782 301.9800212676476 782
783 301.9817455024315 783
784 301.9834961812732 784
785 301.9852734667722 785
786 301.9870775212857 786
787 301.988908506922 787
788 301.9907665855388 788
789 301.9926519187353 789
790 301.9945646678491 790
791 301.9965049939406 791
792 301.9984730577983 792
793 302.0004690199342 793
794 302.0024930405453 794
795 302.0045452795601 795
796 302.0066258965949 796
797 302.0087350509522 797
798 302.0108729016263 798
799 302.0130396072967 799
800 302.0152353263035 800
801 302.0174602166568 801
802 302.0197144360303 802
803 302.0219981417439 803
804 302.0243114907749 804
805 302.026654639732 805
806 302.0290277448746 806
807 302.0314309620774 807
808 302.0338644468263 808
809 302.0363283542502 809
810 302.0388228390714 810
811 302.0413480556019 811
812 302.043904157784 812
813 302.0464912991108 813
814 302.0491096326958 814
815 302.0517593112026 815
816 302.0544404868694 816
817 302.0571533115061 817
818 302.0598979364784 818
819 302.0626745127045 819
820 302.0654831906282 820
821 302.0683241202609 821
822 302.071197451126 822
823 302.0741033322713 823
824 302.0770419122691 824
825 302.080013339204 825
826 302.0830177606587 826
827 302.0860553237155 827
828 302.0891261749555 828
829 302.0922304604388 829
830 302.0953683257075 830
831 302.0985399157647 831
832 302.1017453750879 832
833 302.1049848476231 833
834 302.1082584767448 834
835 302.1115664052912 835
836 302.1149087755221 836
837 302.1182857291541 837
838 302.1216974073018 838
839 302.1251439505134 839
840 302.1286254987404 840
841 302.1321421913527 841
842 302.1356941671044 842
843 302.139281564143 843
844 302.1429045200048 844
845 302.1465631716007 845
846 302.1502576552165 846
847 302.1539881064932 847
848 302.1577546604444 848
849 302.1615574514186 849
850 302.1653966131173 850
851 302.1692722785668 851
852 302.1731845801546 852
853 302.1771336495377 853
854 302.1811196177508 854
855 302.1851426150895 855
856 302.1892027711826 856
857 302.1933002149337 857
858 302.1974350745441 858
859 302.2016074775069 859
860 302.2058175505707 860
861 302.2100654197647 861
862 302.2143512103874 862
863 302.2186750469688 863
864 302.2230370532938 864
865 302.2274373524054 865
866 302.2318760665697 866
867 302.2363533172579 867
868 302.2408692251911 868
869 302.2454239102914 869
870 302.2500174916824 870
871 302.2546500876964 871
872 302.2593218158415 872
873 302.2640327928279 873
874 302.2687831345324 874
875 302.2735729560115 875
876 302.2784023714692 876
877 302.2832714942837 877
878 302.2881804369634 878
879 302.2931293111931 879
880 302.2981182277484 880
881 302.3031472965587 881
882 302.3082166266764 882
883 302.3133263262658 883
884 302.3184765025949 884
885 302.3236672620229 885
886 302.3288987100229 886
887 302.3341709511222 887
888 302.3394840889704 888
889 302.3448382262497 889
890 302.3502334647312 890
891 302.3556699052215 891
892 302.3611476475996 892
893 302.366666790778 893
894 302.3722274326985 894
895 302.3778296703415 895
896 302.3834735997067 896
897 302.3891593157923 897
898 302.3948869126447 898
899 302.4006564832671 899
900 302.4064681196692 900
901 302.4123219128563 901
902 302.4182179528 902
903 302.4241563284561 903
904 302.4301371277322 904
905 302.4361604374942 905
906 302.4422263435626 906
907 302.4483349306958 907
908 302.4544862826019 908
909 302.460680481882 909
910 302.4669176100936 910
911 302.4731977476928 911
912 302.479520974045 912
913 302.4858873674048 913
914 302.4922970049287 914
915 302.4987499626599 915
916 302.5052463155083 916
917 302.5117861372591 917
918 302.5183695005532 918
919 302.5249964769019 919
920 302.5316671366475 920
921 302.538381548987 921
922 302.545139781939 922
923 302.5519419023494 923
924 302.5587879758959 924
925 302.5656780670498 925
926 302.5726122390892 926
927 302.5795905540953 927
928 302.5866130729416 928
929 302.5936798552647 929
930 302.6007909595017 930
931 302.6079464428384 931
932 302.6151463612135 932
933 302.6223907693511 933
934 302.6296797206793 934
935 302.6370132673871 935
936 302.6443914603904 936
937 302.6518143493338 937
938 302.6592819825522 938
939 302.6667944071099 939
940 302.6743516687841 940
941 302.6819538120139 941
942 302.6896008799268 942
943 302.6972929143604 943
944 302.7050299557903 944
945 302.7128120433686 945
946 302.7206392149034 946
947 302.7285115068506 947
948 302.7364289542994 948
949 302.7443915909801 949
950 302.7523994492516 950
951 302.7604525600829 951
952 302.7685509530538 952
953 302.7766946563621 953
954 302.7848836967834 954
955 302.7931180996931 955
956 302.8013978890404 956
957 302.8097230873499 957
958 302.8180937157215 958
959 302.8265097938005 959
960 302.8349713397892 960
961 302.8434783704318 961
962 302.8520309010073 962
963 302.8606289453331 963
964 302.8692725157357 964
965 302.8779616230528 965
966 302.8866962766428 966
967 302.8954764843479 967
968 302.9043022525153 968
969 302.9131735859462 969
970 302.9220904879507 970
971 302.9310529603005 971
972 302.9400610032089 972
973 302.9491146153609 973
974 302.9582137938787 974
975 302.9673585343207 975
976 302.9765488306801 976
977 302.9857846753779 977
978 302.9950660592346 978
979 303.0043929714852 979
980 303.0137653997816 980
981 303.0231833301266 981
982 303.0326467469528 982
983 303.0421556330435 983
984 303.0517099695606 984
985 303.061309736032 985
986 303.0709549103212 986
987 303.0806454686476 987
988 303.0903813855829 988
989 303.1001626340183 989
990 303.109989185167 990
991 303.1198610085509 991
992 303.1297780720237 992
993 303.1397403417221 993
994 303.1497477820716 994
995 303.1598003558019 995
996 303.169898023902 996
997 303.1800407456381 997
998 303.1902284785428 998
999 303.2004611784108 999
1000 303.2107387992538 1000
1001 303.2210612933427 1001
1002 303.2314286111872 1002
1003 303.2418407015178 1003
1004 303.2522975112604 1004
1005 303.2627989855825 1005
1006 303.2733450678236 1006
1007 303.2839356995362 1007
1008 303.2945708204392 1008
1009 303.3052503684551 1009
1010 303.3159742796478 1010
1011 303.32674248827 1011
1012 303.3375549267087 1012
1013 303.3484115255085 1013
1014 303.3593122133519 1014
1015 303.3702569170517 1015
1016 303.3812455615342 1016
1017 303.3922780698622 1017
1018 303.4033543631932 1018
1019 303.4144743608006 1019
1020 303.4256379800136 1020
1021 303.4368451362959 1021
1022 303.4480957431487 1022
1023 303.4593897121629 1023
1024 303.470726952987 1024
1025 303.4821073733223 1025
1026 303.4935308789129 1026
1027 303.5049973735531 1027
1028 303.5165067590623 1028
1029 303.5280589352711 1029
1030 303.5396538000433 1030
1031 303.5512912492359 1031
1032 303.5629711767202 1032
1033 303.5746934743397 1033
1034 303.586458031947 1034
1035 303.5982647373497 1035
1036 303.6101134763319 1036
1037 303.622004132639 1037
1038 303.6339365879635 1038
1039 303.6459107219641 1039
1040 303.6579264122109 1040
1041 303.6699835342034 1041
1042 303.6820819613861 1042
1043 303.6942215651026 1043
1044 303.7064022146081 1044
1045 303.7186237770445 1045
1046 303.7308861174556 1046
1047 303.743189098762 1047
1048 303.7555325817675 1048
1049 303.7679164251304 1049
1050 303.7803404853768 1050
1051 303.7928046168853 1051
1052 303.8053086718728 1052
1053 303.8178525003896 1053
1054 303.8304359503309 1054
1055 303.8430588673834 1055
1056 303.8557210950713 1056
1057 303.8684224747162 1057
1058 303.8811628454208 1058
1059 303.8939420441044 1059
1060 303.9067599054471 1060
1061 303.9196162618993 1061
1062 303.9325109436883 1062
1063 303.9454437787949 1063
1064 303.9584145929502 1064
1065 303.9714232096242 1065
1066 303.9844694500181 1066
1067 303.9975531330692 1067
1068 304.0106740754155 1068
1069 304.0238320914282 1069
1070 304.03702699315 1070
1071 304.0502585903465 1071
1072 304.0635266904572 1072
1073 304.0768310986003 1073
1074 304.0901716175687 1074
1075 304.1035480478037 1075
1076 304.1169601874225 1076
1077 304.1304078321754 1077
1078 304.143890775456 1078
1079 304.1574088082905 1079
1080 304.1709617193219 1080
1081 304.184549294808 1081
1082 304.1981713186275 1082
1083 304.2118275722443 1083
1084 304.2255178347257 1084
1085 304.2392418827051 1085
1086 304.2529994904139 1086
1087 304.2667904296302 1087
1088 304.2806144697083 1088
1089 304.2944713775483 1089
1090 304.3083609175895 1090
1091 304.3222828518093 1091
1092 304.3362369397152 1092
1093 304.3502229383472 1093
1094 304.3642406022405 1094
1095 304.378289683436 1095
1096 304.392369931468 1096
1097 304.4064810933772 1097
1098 304.4206229136792 1098
1099 304.4347951343417 1099
1100 304.4489974948153 1100
1101 304.4632297320144 1101
1102 304.4774915802934 1102
1103 304.4917827714318 1103
1104 304.5061030346624 1104
1105 304.5204520966439 1105
1106 304.5348296814338 1106
1107 304.5492355105275 1107
1108 304.5636693027812 1108
1109 304.5781307744775 1109
1110 304.592619639278 1110
1111 304.6071356082151 1111
1112 304.6216783896855 1112
1113 304.63624768946 1113
1114 304.6508432106561 1114
1115 304.6654646537331 1115
1116 304.6801117164898 1116
1117 304.6947840940613 1117
1118 304.7094814789048 1118
1119 304.7242035607734 1119
1120 304.7389500267363 1120
1121 304.7537205611756 1121
1122 304.7685148457351 1122
1123 304.7833325593508 1123
1124 304.7981733782395 1124
1125 304.8130369758852 1125
1126 304.8279230230123 1126
1127 304.8428311876042 1127
1128 304.8577611348927 1128
1129 304.872712527335 1129
1130 304.8876850246166 1130
1131 304.902678283635 1131
1132 304.9176919585026 1132
1133 304.9327257005348 1133
1134 304.94777915824 1134
1135 304.9628519773033 1135
1136 304.9779438005959 1136
1137 304.9930542681595 1137
1138 305.0081830171998 1138
1139 305.0233296820576 1139
1140 305.0384938942402 1140
1141 305.0536752823755 1141
1142 305.0688734722333 1142
1143 305.0840880867142 1143
1144 305.0993187457978 1144
1145 305.1145650665994 1145
1146 305.1298266633209 1146
1147 305.1451031472487 1147
1148 305.1603941267683 1148
1149 305.1756992073169 1149
1150 305.1910179914094 1150
1151 305.2063500786101 1151
1152 305.2216950655467 1152
1153 305.2370525458691 1153
1154 305.2524221102718 1154
1155 305.2678033464713 1155
1156 305.2831958391985 1156
1157 305.2985991702069 1157
1158 305.3140129182336 1158
1159 305.3294366590096 1159
1160 305.3448699652594 1160
1161 305.3603124066839 1161
1162 305.3757635499418 1162
1163 305.391222958678 1163
1164 305.4066901934551 1164
1165 305.4221648118013 1165
1166 305.4376463681784 1166
1167 305.4531344139807 1167
1168 305.4686284975037 1168
1169 305.4841281639817 1169
1170 305.4996329555456 1170
1171 305.5151424111979 1171
1172 305.5306560668678 1172
1173 305.546173455344 1173
1174 305.561694106269 1174
1175 305.5772175461931 1175
1176 305.5927432984864 1176
1177 305.6082708833784 1177
1178 305.6237998179431 1178
1179 305.6393296160761 1179
1180 305.6548597885156 1180
1181 305.6703898427768 1181
1182 305.6859192832324 1182
1183 305.7014476110193 1183
1184 305.7169743240781 1184
1185 305.7324989171275 1185
1186 305.7480208816665 1186
1187 305.7635397059542 1187
1188 305.7790548750243 1188
1189 305.7945658706344 1189
1190 305.8100721713151 1190
1191 305.8255732523027 1191
1192 305.8410685855964 1192
1193 305.8565576398747 1193
1194 305.8720398805506 1194
1195 305.8875147697349 1195
1196 305.9029817662214 1196
1197 305.9184403255106 1197
1198 305.9338898997664 1198
1199 305.9493299378226 1199
1200 305.901567264437 1200
