"bat4-rfile"
"Time Step" "bat4 etc.."
("Time Step" "bat4" "flow-time")
0 298.1499999999936 0
1 298.1863214289601 1
2 298.2216872180738 2
3 298.2563348546576 3
4 298.2903830781324 4
5 298.3239029981636 5
6 298.3569418232085 6
7 298.389533266788 7
8 298.4217028752275 8
9 298.4534714889779 9
10 298.484856237399 10
11 298.5158709227472 11
12 298.5465270068896 12
13 298.5768342634762 13
14 298.6068014209037 14
15 298.6364364379519 15
16 298.6657465126847 16
17 298.694860783873 17
18 298.7236515729734 18
19 298.752253404491 19
20 298.7805826198127 20
21 298.8085949944614 21
22 298.8364052467236 22
23 298.8638935432381 23
24 298.8910937365824 24
25 298.9180111905 25
26 298.9447327393669 26
27 298.9711934883825 27
28 298.9973919989567 28
29 299.0232595212094 29
30 299.0489094533094 30
31 299.0742764868986 31
32 299.0993779412189 32
33 299.1242560700938 33
34 299.1488967081381 34
35 299.1732991885738 35
36 299.1973986911629 36
37 299.221296253052 37
38 299.244966553441 38
39 299.2684393851173 39
40 299.2916821753263 40
41 299.3146607190469 41
42 299.3373941093155 42
43 299.3598891313391 43
44 299.3821447065042 44
45 299.4041740448774 45
46 299.4259475987623 46
47 299.4475692188505 47
48 299.4689834764364 48
49 299.4901906330422 49
50 299.5111920245932 50
51 299.5319614203003 51
52 299.5525131599255 52
53 299.5728523603975 53
54 299.5929780320411 54
55 299.612867262569 55
56 299.6325730274164 56
57 299.6520893479345 57
58 299.6713751935864 58
59 299.6905351606821 59
60 299.7095143612328 60
61 299.7283127022674 61
62 299.7468853727377 62
63 299.7652773818808 63
64 299.7835075144933 64
65 299.8015397910219 65
66 299.8194135826088 66
67 299.8370973850634 67
68 299.8546007585438 68
69 299.8719273281653 69
70 299.8890599424651 70
71 299.9060525629223 71
72 299.9228490328583 72
73 299.9394500647634 73
74 299.9559100440487 74
75 299.9722360434519 75
76 299.9883538256933 76
77 300.004313452956 77
78 300.0201241807227 78
79 300.0357810677418 79
80 300.0512533741424 80
81 300.06663610149 81
82 300.0818564828797 82
83 300.0969241847694 83
84 300.1118644241454 84
85 300.1266473278312 85
86 300.1412513284817 86
87 300.1557468441652 87
88 300.1700676627273 88
89 300.1842522710055 89
90 300.1982967652941 90
91 300.2122070192418 91
92 300.2260131558646 92
93 300.2396527322784 93
94 300.2532112888145 94
95 300.2666272750075 95
96 300.2798797314996 96
97 300.2930493363694 97
98 300.3060811469047 98
99 300.3189550301566 99
100 300.3317355601637 100
101 300.3443927706533 101
102 300.35689554078 102
103 300.3692816454977 103
104 300.381560215043 104
105 300.3937040935758 105
106 300.4057442569425 106
107 300.4176535206225 107
108 300.4294523015847 108
109 300.4411678225031 109
110 300.4527534659086 110
111 300.4642011036269 111
112 300.4755512759135 112
113 300.4867869497539 113
114 300.4978938560244 114
115 300.5089106551986 115
116 300.5197961835889 116
117 300.530574365807 117
118 300.5412525400432 118
119 300.5518054036966 119
120 300.5622552748869 120
121 300.5726149413997 121
122 300.5828804092171 122
123 300.593053808828 123
124 300.6031339036117 124
125 300.6131115357156 125
126 300.6230035981127 126
127 300.6327960271414 127
128 300.6424884878269 128
129 300.6520849575032 129
130 300.661585097993 130
131 300.6709864682366 131
132 300.6802933178632 132
133 300.6895136706361 133
134 300.6986516272393 134
135 300.7077029469895 135
136 300.7166719538129 136
137 300.7255593442583 137
138 300.7343705568231 138
139 300.743099217002 139
140 300.7517549524958 140
141 300.7603390856145 141
142 300.7688430722308 142
143 300.7773007892249 143
144 300.7856991679295 144
145 300.7940325736525 145
146 300.8022897726428 146
147 300.8104763337774 147
148 300.818593323035 148
149 300.8266414090441 149
150 300.8346313648568 150
151 300.8425483170678 151
152 300.8503972534114 152
153 300.858179269697 153
154 300.8658951148645 154
155 300.873555041616 155
156 300.8811544993732 156
157 300.8886838047346 157
158 300.8961481514675 158
159 300.9035578978884 159
160 300.9108998856219 160
161 300.9181877548425 161
162 300.9254160946268 162
163 300.9325875668764 163
164 300.9396928556732 164
165 300.9467437330226 165
166 300.9537311721585 166
167 300.960658782347 167
168 300.9675277418917 168
169 300.9743389313317 169
170 300.9810931451341 170
171 300.9877992543773 171
172 300.9944455887729 172
173 301.0010362097587 173
174 301.0075721968268 174
175 301.0140542929257 175
176 301.0204909988544 176
177 301.0268787668454 177
178 301.0332098176341 178
179 301.0394958939605 179
180 301.0457266073776 180
181 301.0519058636283 181
182 301.0580347385666 182
183 301.0641139799615 183
184 301.0701442931289 184
185 301.0761263110132 185
186 301.0820549473419 186
187 301.0879486172141 187
188 301.0938013295756 188
189 301.099603575315 189
190 301.1053534933593 190
191 301.1110759415346 191
192 301.1167483482509 192
193 301.1223748200011 193
194 301.1279564943262 194
195 301.1334942118401 195
196 301.1389886457757 196
197 301.1444404406802 197
198 301.1498639637888 198
199 301.1552393550965 199
200 301.1605785888331 200
201 301.165873192024 201
202 301.1711213852475 202
203 301.1763397414387 203
204 301.1815171229867 204
205 301.1866607392809 205
206 301.1917619772555 206
207 301.1968300682869 207
208 301.2018692382417 208
209 301.2068764039647 209
210 301.2118387097361 210
211 301.216756749394 211
212 301.2216465371918 212
213 301.2264981888915 213
214 301.2313128245909 214
215 301.2360912150091 215
216 301.2408290369298 216
217 301.2455532629306 217
218 301.2502477951717 218
219 301.2549062607582 219
220 301.2595301056518 220
221 301.2641164747157 221
222 301.2686790007115 222
223 301.2731973036368 223
224 301.2776853218621 224
225 301.2821427470649 225
226 301.2865786141135 226
227 301.2909889718573 227
228 301.2953661227374 228
229 301.2997111712407 229
230 301.3040166481566 230
231 301.3082985149578 231
232 301.3125481757728 232
233 301.3167704773136 233
234 301.3209651461639 234
235 301.3251368959211 235
236 301.329278525217 236
237 301.3333918058095 237
238 301.3374726769948 238
239 301.3415283671047 239
240 301.345552846049 240
241 301.3495529675243 241
242 301.353532035557 242
243 301.3574879026198 243
244 301.361410940855 244
245 301.3653052333943 245
246 301.3691761521838 246
247 301.3730178164357 247
248 301.3768324250503 248
249 301.3806206396192 249
250 301.384382922537 250
251 301.3881147745012 251
252 301.3918295995784 252
253 301.3955275542353 253
254 301.3991964431481 254
255 301.4028396988854 255
256 301.4064536941507 256
257 301.4100466910983 257
258 301.4136256344642 258
259 301.4171865896773 259
260 301.4207150165778 260
261 301.4242341413123 261
262 301.4277248281446 262
263 301.4311945999743 263
264 301.4346424218981 264
265 301.4380684335848 265
266 301.4414770009075 266
267 301.4448586505837 267
268 301.4482245321311 268
269 301.4515677494327 269
270 301.4548895190443 270
271 301.4581823094977 271
272 301.4614629482068 272
273 301.4647150594457 273
274 301.4679590926701 274
275 301.4711848030855 275
276 301.4743880818693 276
277 301.4775670267295 277
278 301.4807311773277 278
279 301.4838740623886 279
280 301.486989223503 280
281 301.4900928178035 281
282 301.4931766900208 282
283 301.4962337662651 283
284 301.4992723457399 284
285 301.5022925036985 285
286 301.505294060036 286
287 301.5082772829857 287
288 301.5112458634981 288
289 301.5141939713409 289
290 301.517122250212 290
291 301.5200311436577 291
292 301.52292099786 292
293 301.5257953384044 293
294 301.52864954864 294
295 301.5314883315395 295
296 301.5343139008617 296
297 301.5371180110145 297
298 301.5399032958404 298
299 301.5426667838147 299
300 301.5454247872494 300
301 301.5481581182149 301
302 301.5508784038006 302
303 301.5535801749311 303
304 301.5562669939527 304
305 301.558934644554 305
306 301.561587603854 306
307 301.5642184450763 307
308 301.5668374458439 308
309 301.5694388526606 309
310 301.5720230979299 310
311 301.5745904549293 311
312 301.5771411444737 312
313 301.5796753582314 313
314 301.5821961628136 314
315 301.5847053621042 315
316 301.587195360597 316
317 301.5896685445213 317
318 301.5921253897801 318
319 301.5945720524352 319
320 301.5970022330956 320
321 301.599414836087 321
322 301.6018111414514 322
323 301.6041914735691 323
324 301.6065560334018 324
325 301.6089049851455 325
326 301.6112406485943 326
327 301.6135655804789 327
328 301.6158779571474 328
329 301.6181744056325 329
330 301.6204559485016 330
331 301.6227175554316 331
332 301.6249653777482 332
333 301.6272041443945 333
334 301.6294255351182 334
335 301.6316310165451 335
336 301.6338209808774 336
337 301.6359956598048 337
338 301.6381552566616 338
339 301.6402973850969 339
340 301.6424317161416 340
341 301.644547256091 341
342 301.6466571135435 342
343 301.6487512147938 343
344 301.6508264008299 344
345 301.6528903520601 345
346 301.6549388960759 346
347 301.6569724194581 347
348 301.6589911609328 348
349 301.6610002219474 349
350 301.6629973498401 350
351 301.664979122342 351
352 301.6669496285638 352
353 301.6689030009931 353
354 301.6708458706221 354
355 301.6727718133053 355
356 301.6746804654948 356
357 301.6765805629848 357
358 301.6784664481108 358
359 301.680338430596 359
360 301.6821948839093 360
361 301.6840384549822 361
362 301.6858712905585 362
363 301.6876920530559 363
364 301.6895004169685 364
365 301.6912939805794 365
366 301.6930731952197 366
367 301.6948385123366 367
368 301.6965904525566 368
369 301.6983284718885 369
370 301.7000490497445 370
371 301.7017604997451 371
372 301.7034582559965 372
373 301.7051449120009 373
374 301.7068193971108 374
375 301.7084754197888 375
376 301.7101181593293 376
377 301.7117535740122 377
378 301.7133765106911 378
379 301.7149848609387 379
380 301.7165776234218 380
381 301.718159639299 381
382 301.7197258168463 382
383 301.7212776027228 383
384 301.722815355073 384
385 301.7243428735356 385
386 301.7258567259863 386
387 301.7273570489814 387
388 301.7288441414253 388
389 301.7303180744873 389
390 301.7317810129371 390
391 301.7332320107367 391
392 301.7346708282216 392
393 301.7360940463147 393
394 301.7375046738391 394
395 301.7389019626456 395
396 301.7402861009734 396
397 301.7416571572865 397
398 301.7430171283722 398
399 301.7443632480009 399
400 301.7456980796396 400
401 301.7470190286911 401
402 301.7483270356395 402
403 301.7496220853933 403
404 301.7509039418761 404
405 301.7521728246318 405
406 301.753425655192 406
407 301.7546691883703 407
408 301.7558997850981 408
409 301.7571144475419 409
410 301.758319767289 410
411 301.759509214189 411
412 301.7606863018497 412
413 301.7618538637751 413
414 301.7630085707004 414
415 301.7641476159726 415
416 301.7652772508565 416
417 301.7663941480088 417
418 301.7674999390223 418
419 301.7685924417484 419
420 301.7696721863996 420
421 301.7707393014543 421
422 301.7717953312093 422
423 301.7728396482335 423
424 301.7738679266063 424
425 301.7748866546821 425
426 301.7758939831069 426
427 301.77688832465 427
428 301.777870054364 428
429 301.7788392925202 429
430 301.7797961029482 430
431 301.7807405347795 431
432 301.7816716361539 432
433 301.782589944183 433
434 301.783496392347 434
435 301.7843919522941 435
436 301.7852723171882 436
437 301.7861406757586 437
438 301.7870006324775 438
439 301.7878478372443 439
440 301.7886828681704 440
441 301.7895057523949 441
442 301.7903174690355 442
443 301.7911142599101 443
444 301.7919014240707 444
445 301.7926764524925 445
446 301.7934394122458 446
447 301.7941903667423 447
448 301.7949277457682 448
449 301.7956546437599 449
450 301.7963680878573 450
451 301.7970710574465 451
452 301.797762308857 452
453 301.7984412784443 453
454 301.7991072354195 454
455 301.799761438016 455
456 301.8004037997019 456
457 301.8010341643327 457
458 301.8016525246695 458
459 301.8022582470762 459
460 301.8028520276018 460
461 301.8034340219565 461
462 301.804005236545 462
463 301.8045649550741 463
464 301.8051125363765 464
465 301.8056485426659 465
466 301.8061727803933 466
467 301.8066853666728 467
468 301.8071866076186 468
469 301.8076767922888 469
470 301.8081550482179 470
471 301.8086230157793 471
472 301.8090799129832 472
473 301.8095256052693 473
474 301.8099599219222 474
475 301.810383225609 475
476 301.8107952990402 476
477 301.8111964921869 477
478 301.8115867977029 478
479 301.8119666594134 479
480 301.8123358330863 480
481 301.8126943209992 481
482 301.8130421036552 482
483 301.813379366042 483
484 301.8137063554953 484
485 301.8140230915876 485
486 301.8143296537528 486
487 301.8146255928195 487
488 301.8149114839545 488
489 301.8151871091982 489
490 301.815452742067 490
491 301.8157084569885 491
492 301.8159541432672 492
493 301.8161898380189 493
494 301.8164157722585 494
495 301.8166320146034 495
496 301.8168385157077 496
497 301.8170357380746 497
498 301.8172230347484 498
499 301.8174005431086 499
500 301.8175684496314 500
501 301.8177267268306 501
502 301.8178753994529 502
503 301.8180147310076 503
504 301.8181446402043 504
505 301.8182652519747 505
506 301.8183765916492 506
507 301.818478942518 507
508 301.8185718902234 508
509 301.8186556028198 509
510 301.8187301513063 510
511 301.818795515965 511
512 301.8188518302479 512
513 301.818899144155 513
514 301.8189375558534 514
515 301.8189671289155 515
516 301.8189879870046 516
517 301.8190001224399 517
518 301.8190036416611 518
519 301.8189986065781 519
520 301.8189851684048 520
521 301.818963458596 521
522 301.8189332223045 522
523 301.8188946788184 523
524 301.8188480714027 524
525 301.8187933015105 525
526 301.8187302581835 526
527 301.8186591861577 527
528 301.8185802072788 528
529 301.8184932711296 529
530 301.8183983372135 530
531 301.8182957615983 531
532 301.8181855141481 532
533 301.8180675060575 533
534 301.8179419950328 534
535 301.8178091255992 535
536 301.8176688433177 536
537 301.8175211622936 537
538 301.8173662276478 538
539 301.8172039824339 539
540 301.8170346886647 540
541 301.8168584565007 541
542 301.8166752607567 542
543 301.8164850649152 543
544 301.8162881314306 544
545 301.8160845482078 545
546 301.8158743122074 546
547 301.8156574032286 547
548 301.8154340937713 548
549 301.815204331452 549
550 301.8149681199716 550
551 301.8147255094102 551
552 301.8144767688747 552
553 301.8142218685002 553
554 301.8139610458882 554
555 301.8136943618124 555
556 301.8134217579415 556
557 301.8131433099859 557
558 301.8128592613556 558
559 301.8125696120384 559
560 301.8122745746051 560
561 301.8119746173622 561
562 301.8116692250064 562
563 301.8113582695061 563
564 301.811041999617 564
565 301.8107207379038 565
566 301.8103944214653 566
567 301.8100631792113 567
568 301.8097273218722 568
569 301.8093868968409 569
570 301.809041683355 570
571 301.8086919025924 571
572 301.8083378871818 572
573 301.8079795155174 573
574 301.8076167695143 574
575 301.8072497855575 575
576 301.806879158231 576
577 301.8065048014025 577
578 301.8061269177039 578
579 301.8057455527171 579
580 301.8053609634686 580
581 301.804973032117 581
582 301.8045817768099 582
583 301.8041875893732 583
584 301.8037906008827 584
585 301.8033908485918 585
586 301.8029884254371 586
587 301.8025835434505 587
588 301.8021761419348 588
589 301.8017662537365 589
590 301.8013535783158 590
591 301.8009383416292 591
592 301.8005208059515 592
593 301.8001011102975 593
594 301.7996793135881 594
595 301.7992555431328 595
596 301.7988300930813 596
597 301.7984031478674 597
598 301.797974722161 598
599 301.79754470392 599
600 301.7971132240399 600
601 301.7966805141096 601
602 301.7962466740631 602
603 301.7958116097232 603
604 301.7953755145264 604
605 301.7949386443989 605
606 301.7945011188442 606
607 301.7940630220434 607
608 301.7936244719799 608
609 301.7931857674357 609
610 301.7927470938897 610
611 301.7923084361457 611
612 301.791869760692 612
613 301.7914313737584 613
614 301.7909934396988 614
615 301.7905561750807 615
616 301.7901194067462 616
617 301.7896834010726 617
618 301.7892484511227 618
619 301.7888143225398 619
620 301.7883815018189 620
621 301.7879498651762 621
622 301.7875194774887 622
623 301.7870904101307 623
624 301.7866624237839 624
625 301.786235884535 625
626 301.785811015483 626
627 301.7853879303613 627
628 301.78496676009 628
629 301.7845479814618 629
630 301.7841314974375 630
631 301.7837176015715 631
632 301.7833062153286 632
633 301.7828976582607 633
634 301.7824919827946 634
635 301.7820894053772 635
636 301.7816899453715 636
637 301.7812933361183 637
638 301.7809001101718 638
639 301.7805103663233 639
640 301.7801243900117 640
641 301.7797421238865 641
642 301.7793638742614 642
643 301.7789895918861 643
644 301.7786195878555 644
645 301.778253934424 645
646 301.7778928391627 646
647 301.7775363285493 647
648 301.777184200411 648
649 301.7768369786721 649
650 301.7764947608902 650
651 301.7761577854887 651
652 301.7758261466872 652
653 301.775500039752 653
654 301.7751794947481 654
655 301.7748643536312 655
656 301.7745551266738 656
657 301.7742518994501 657
658 301.7739548943279 658
659 301.7736641411465 659
660 301.7733798330765 660
661 301.7731021500329 661
662 301.7728311396178 662
663 301.7725668030085 663
664 301.7723095674372 664
665 301.7720596000198 665
666 301.7718169295571 666
667 301.7715814471181 667
668 301.7713536790233 668
669 301.7711337172501 669
670 301.770921723862 670
671 301.7707177397043 671
672 301.7705216995159 672
673 301.7703341290799 673
674 301.7701550919153 674
675 301.7699847418602 675
676 301.7698231288028 676
677 301.7696702345838 677
678 301.769526560383 678
679 301.7693921471457 679
680 301.7692670552597 680
681 301.7691514693514 681
682 301.7690454345825 682
683 301.7689494147466 683
684 301.7688634252187 684
685 301.7687875846501 685
686 301.7687220631895 686
687 301.7686669788952 687
688 301.7686224892957 688
689 301.768588751908 689
690 301.7685659081846 690
691 301.7685540991382 691
692 301.7685534221965 692
693 301.7685641666025 693
694 301.7685863732888 694
695 301.7686201790703 695
696 301.7686657559926 696
697 301.7687233943363 697
698 301.768793251307 698
699 301.7688754644016 699
700 301.7689701976309 700
701 301.7690772465818 701
702 301.7691972238072 702
703 301.7693302818437 703
704 301.7694765701415 704
705 301.7696362401746 705
706 301.76980944517 706
707 301.7699963397396 707
708 301.7701970795766 708
709 301.7704118212761 709
710 301.7706407221312 710
711 301.7708839400521 711
712 301.7711416334012 712
713 301.7714139610217 713
714 301.7717010820643 714
715 301.7720031560129 715
716 301.772320342626 716
717 301.7726528018981 717
718 301.7730006940405 718
719 301.7733641794641 719
720 301.7737434187523 720
721 301.7741385726442 721
722 301.7745498020355 722
723 301.7749772679485 723
724 301.7754211315341 724
725 301.775881554061 725
726 301.7763586968905 726
727 301.7768527214998 727
728 301.7773637894408 728
729 301.7778920623611 729
730 301.7784377019819 730
731 301.779000870088 731
732 301.7795817285377 732
733 301.7801804392431 733
734 301.7807971641674 734
735 301.7814320653168 735
736 301.7820853047577 736
737 301.7827570445645 737
738 301.7834474468523 738
739 301.7841566737698 739
740 301.7848848874692 740
741 301.785632250123 741
742 301.7863989239084 742
743 301.7871850710055 743
744 301.7879908535887 744
745 301.7888164338286 745
746 301.7896619738753 746
747 301.7905276358527 747
748 301.7914135818835 748
749 301.7923199740217 749
750 301.7932469743166 750
751 301.7941947447673 751
752 301.7951634473087 752
753 301.7961532438464 753
754 301.7971642961975 754
755 301.7981967661568 755
756 301.7992508154058 756
757 301.8003266055666 757
758 301.8014242981918 758
759 301.802544054729 759
760 301.803686036544 760
761 301.8048504048924 761
762 301.8060373209436 762
763 301.807246945735 763
764 301.8084794402027 764
765 301.8097349651597 765
766 301.8110136812892 766
767 301.8123157491412 767
768 301.8136413291305 768
769 301.814990581518 769
770 301.8163636664228 770
771 301.8177607438125 771
772 301.8191819734757 772
773 301.8206275150456 773
774 301.8220975279729 774
775 301.8235921715428 775
776 301.8251116048427 776
777 301.8266559867681 777
778 301.8282254760202 778
779 301.8298202311041 779
780 301.831440410304 780
781 301.8330861716889 781
782 301.834757673113 782
783 301.8364550722092 783
784 301.8381785263554 784
785 301.8399281927095 785
786 301.8417042281795 786
787 301.8435067894198 787
788 301.8453360328231 788
789 301.8471921145295 789
790 301.8490751904015 790
791 301.8509854160235 791
792 301.8529229467128 792
793 301.854887937479 793
794 301.8568805430457 794
795 301.8589009178484 795
796 301.8609492160012 796
797 301.8630255913099 797
798 301.8651301972661 798
799 301.8672631870298 799
800 301.8694247134324 800
801 301.8716149289754 801
802 301.8738339858038 802
803 301.8760820357295 803
804 301.8783592301945 804
805 301.8806657202838 805
806 301.8830016567157 806
807 301.8853671898344 807
808 301.8877624696004 808
809 301.8901876455933 809
810 301.8926428669937 810
811 301.8951282825811 811
812 301.8976440407389 812
813 301.9001902894265 813
814 301.9027671761914 814
815 301.9053748481594 815
816 301.908013452021 816
817 301.9106831340259 817
818 301.9133840399841 818
819 301.9161163152629 819
820 301.9188801047526 820
821 301.921675552911 821
822 301.9245028036916 822
823 301.9273620005949 823
824 301.9302532866353 824
825 301.9331768043444 825
826 301.9361326957417 826
827 301.9391211023537 827
828 301.9421421652144 828
829 301.9451960248185 829
830 301.9482828211536 830
831 301.9514026936819 831
832 301.9545557813182 832
833 301.9577422224573 833
834 301.9609621549306 834
835 301.9642157160239 835
836 301.9675030424598 836
837 301.970824270397 837
838 301.9741795354224 838
839 301.977568972531 839
840 301.9809927161564 840
841 301.9844509001229 841
842 301.9879436576533 842
843 301.9914711213706 843
844 301.9950334232892 844
845 301.9986306947958 845
846 302.0022630666602 846
847 302.0059306690066 847
848 302.0096336313462 848
849 302.0133720825167 849
850 302.0171461507175 850
851 302.0209559634909 851
852 302.0248016477065 852
853 302.0286833295689 853
854 302.0326011346043 854
855 302.0365551876383 855
856 302.0405456128321 856
857 302.0445725336261 857
858 302.0486360727631 858
859 302.0527363522717 859
860 302.0568734934669 860
861 302.0610476169272 861
862 302.065258842516 862
863 302.0695072893431 863
864 302.0737930757692 864
865 302.0781163194299 865
866 302.0824771371686 866
867 302.0868756450763 867
868 302.091311958475 868
869 302.0957861919068 869
870 302.1002984591231 870
871 302.1048488730808 871
872 302.1094375459336 872
873 302.1140645890518 873
874 302.1187301129632 874
875 302.1234342273889 875
876 302.1281770412214 876
877 302.1329586625156 877
878 302.1377791984971 878
879 302.1426387555246 879
880 302.1475374391287 880
881 302.1524753539462 881
882 302.1574526037733 882
883 302.1624692915217 883
884 302.1675255192113 884
885 302.1726213879882 885
886 302.177756998092 886
887 302.1829324488701 887
888 302.1881478387451 888
889 302.1934032652418 889
890 302.198698824938 890
891 302.2040346135124 891
892 302.2094107256771 892
893 302.2148272552134 893
894 302.2202842949584 894
895 302.2257819367732 895
896 302.2313202715671 896
897 302.2368993892732 897
898 302.2425193788503 898
899 302.2481803282579 899
900 302.2538823244765 900
901 302.2596254534878 901
902 302.2654098002515 902
903 302.2712354487311 903
904 302.2771024818536 904
905 302.283010981526 905
906 302.2889610286275 906
907 302.2949527029821 907
908 302.3009860833663 908
909 302.3070612475154 909
910 302.3131782720824 910
911 302.319337232662 911
912 302.3255382037671 912
913 302.3317812588314 913
914 302.3380664701875 914
915 302.3443939090837 915
916 302.3507636456534 916
917 302.3571757489136 917
918 302.3636302867795 918
919 302.3701273260224 919
920 302.376666932282 920
921 302.3832491700705 921
922 302.3898741027333 922
923 302.3965417924738 923
924 302.403252300332 924
925 302.4100056861759 925
926 302.4168020087019 926
927 302.4236413254097 927
928 302.4305236926199 928
929 302.4374491654632 929
930 302.4444177978486 930
931 302.4514296424798 931
932 302.4584847508378 932
933 302.465583173197 933
934 302.4727249585679 934
935 302.4799101547403 935
936 302.4871388082569 936
937 302.4944109643883 937
938 302.5017266671616 938
939 302.5090859593311 939
940 302.5164888823638 940
941 302.5239354764593 941
942 302.5314257805098 942
943 302.5389598321198 943
944 302.546537667588 944
945 302.5541593218945 945
946 302.5618248287146 946
947 302.5695342203738 947
948 302.5772875278786 948
949 302.5850847808904 949
950 302.5929260077322 950
951 302.6008112353514 951
952 302.608740489351 952
953 302.6167137939511 953
954 302.6247311719985 954
955 302.63279264496 955
956 302.6408982329033 956
957 302.6490479544931 957
958 302.657241827006 958
959 302.6654798662848 959
960 302.6737620867614 960
961 302.6820885014392 961
962 302.6904591218792 962
963 302.698873958211 963
964 302.707333019101 964
965 302.7158363117599 965
966 302.7243838419512 966
967 302.7329756139395 967
968 302.7416116305315 968
969 302.750291893039 969
970 302.7590164012782 970
971 302.767785153561 971
972 302.7765981467005 972
973 302.7854553759903 973
974 302.7943568351964 974
975 302.8033025165551 975
976 302.812292410773 976
977 302.821326506985 977
978 302.8304047928169 978
979 302.8395272542992 979
980 302.848693875912 980
981 302.8579046405439 981
982 302.8671595295243 982
983 302.8764585225752 983
984 302.8858015978249 984
985 302.8951887318094 985
986 302.9046198994405 986
987 302.9140950740141 987
988 302.923614227197 988
989 302.9331773290289 989
990 302.9427843479137 990
991 302.952435250584 991
992 302.9621300021395 992
993 302.9718685660106 993
994 302.9816509039475 994
995 302.9914769760335 995
996 303.0013467406608 996
997 303.0112601545349 997
998 303.0212171726556 998
999 303.031217748315 999
1000 303.0412618330835 1000
1001 303.0513493768294 1001
1002 303.0614803276723 1002
1003 303.0716546319994 1003
1004 303.0818722344524 1004
1005 303.092133077925 1005
1006 303.1024371035535 1006
1007 303.1127842506945 1007
1008 303.1231744569428 1008
1009 303.1336076581001 1009
1010 303.1440837881892 1010
1011 303.1546027794314 1011
1012 303.1651645622462 1012
1013 303.1757690652304 1013
1014 303.1864162151804 1014
1015 303.1971059370475 1015
1016 303.2078381539617 1016
1017 303.2186127872005 1017
1018 303.2294297561986 1018
1019 303.2402889785393 1019
1020 303.2511903699256 1020
1021 303.2621338442117 1021
1022 303.2731193133537 1022
1023 303.2841466874225 1023
1024 303.2952158746115 1024
1025 303.3063267811882 1025
1026 303.3174793115293 1026
1027 303.3286733680983 1027
1028 303.3399088514113 1028
1029 303.3511856600738 1029
1030 303.3625036907434 1030
1031 303.37386283814 1031
1032 303.3852629950141 1032
1033 303.3967040521671 1033
1034 303.4081858984285 1034
1035 303.4197084206481 1035
1036 303.4312715036971 1036
1037 303.4428750304441 1037
1038 303.4545188817701 1038
1039 303.4662029365469 1039
1040 303.4779270716291 1040
1041 303.4896911618479 1041
1042 303.501495080011 1042
1043 303.5133386968844 1043
1044 303.5252218811823 1044
1045 303.5371444995939 1045
1046 303.5491064167142 1046
1047 303.5611074950958 1047
1048 303.5731475952082 1048
1049 303.5852265754321 1049
1050 303.5973442920755 1050
1051 303.6095005993321 1051
1052 303.6216953492958 1052
1053 303.6339283919559 1053
1054 303.6461995751707 1054
1055 303.6585087446725 1055
1056 303.6708557440706 1056
1057 303.6832404148135 1057
1058 303.6956625962121 1058
1059 303.7081221254113 1059
1060 303.7206188374061 1060
1061 303.7331525649988 1061
1062 303.7457231388151 1062
1063 303.7583303873029 1063
1064 303.7709741367041 1064
1065 303.7836542110682 1065
1066 303.7963704322205 1066
1067 303.8091226197686 1067
1068 303.8219105911114 1068
1069 303.8347341613934 1069
1070 303.8475931435303 1070
1071 303.8604873481777 1071
1072 303.8734165837488 1072
1073 303.8863806563814 1073
1074 303.8993793699428 1074
1075 303.9124125260278 1075
1076 303.9254799239305 1076
1077 303.938581360667 1077
1078 303.9517166309412 1078
1079 303.9648855271501 1079
1080 303.9780878393636 1080
1081 303.9913233553464 1081
1082 304.0045918605138 1082
1083 304.0178931379439 1083
1084 304.0312269683688 1084
1085 304.044593130162 1085
1086 304.0579913993448 1086
1087 304.0714215495518 1087
1088 304.0848833520426 1088
1089 304.0983765756983 1089
1090 304.111900987005 1090
1091 304.125456350036 1091
1092 304.1390424264674 1092
1093 304.1526589755512 1093
1094 304.1663057541184 1094
1095 304.1799825165742 1095
1096 304.1936890148636 1096
1097 304.2074249985111 1097
1098 304.2211902145579 1098
1099 304.2349844076109 1099
1100 304.248807319784 1100
1101 304.2626586907225 1101
1102 304.2765382575844 1102
1103 304.2904457550329 1103
1104 304.3043809152398 1104
1105 304.3183434678521 1105
1106 304.3323331400085 1106
1107 304.3463496563244 1107
1108 304.3603927388849 1108
1109 304.3744621072269 1109
1110 304.3885574783527 1110
1111 304.4026785666976 1111
1112 304.41682508414 1112
1113 304.4309967399903 1113
1114 304.4451932409744 1114
1115 304.4594142912399 1115
1116 304.4736595923409 1116
1117 304.4879288432249 1117
1118 304.5022217402249 1118
1119 304.5165379770692 1119
1120 304.5308772448714 1120
1121 304.5452392320834 1121
1122 304.5596236245428 1122
1123 304.5740301054283 1123
1124 304.5884583552755 1124
1125 304.6029080519332 1125
1126 304.6173788706145 1126
1127 304.6318704838196 1127
1128 304.6463825613872 1128
1129 304.6609147704536 1129
1130 304.6754667754531 1130
1131 304.6900382381152 1131
1132 304.7046288174481 1132
1133 304.7192381697354 1133
1134 304.7338659485441 1134
1135 304.748511804664 1135
1136 304.7631753861883 1136
1137 304.7778563384165 1137
1138 304.7925543038977 1138
1139 304.8072689224092 1139
1140 304.8219998309538 1140
1141 304.836746663746 1141
1142 304.8515090522038 1142
1143 304.8662866249462 1143
1144 304.8810790077826 1144
1145 304.8958858237033 1145
1146 304.9107066928783 1146
1147 304.9255412326409 1147
1148 304.940389057489 1148
1149 304.9552497790699 1149
1150 304.9701230061654 1150
1151 304.9850083447113 1151
1152 304.9999053977652 1152
1153 305.014813765497 1153
1154 305.0297330452095 1154
1155 305.0446628312885 1155
1156 305.0596027152341 1156
1157 305.0745522856224 1157
1158 305.0895111281326 1158
1159 305.1044788254964 1159
1160 305.1194549575249 1160
1161 305.1344391010924 1161
1162 305.1494308301054 1162
1163 305.1644297155296 1163
1164 305.1794353253671 1164
1165 305.1944472246428 1165
1166 305.209464975403 1166
1167 305.2244881366996 1167
1168 305.239516264608 1168
1169 305.2545489121833 1169
1170 305.2695856294693 1170
1171 305.2846259635017 1171
1172 305.2996694582904 1172
1173 305.3147156548 1173
1174 305.3297640909618 1174
1175 305.3448143016548 1175
1176 305.3598658187024 1176
1177 305.3749181708603 1177
1178 305.3899708838075 1178
1179 305.4050234801547 1179
1180 305.4200754794175 1180
1181 305.4351263980052 1181
1182 305.4501757492408 1182
1183 305.4652230433256 1183
1184 305.4802677873365 1184
1185 305.4953094852404 1185
1186 305.5103476378433 1186
1187 305.5253817428349 1187
1188 305.5404112947302 1188
1189 305.5554357849149 1189
1190 305.5704547015716 1190
1191 305.5854675297413 1191
1192 305.6004737512678 1192
1193 305.6154728447987 1193
1194 305.6304642857995 1194
1195 305.6454475465289 1195
1196 305.6604220960173 1196
1197 305.6753874000885 1197
1198 305.6903429213313 1198
1199 305.705288119109 1199
1200 305.6573674513264 1200
