"bat5-rfile"
"Time Step" "bat5 etc.."
("Time Step" "bat5" "flow-time")
0 298.150000000007 0
1 298.1863133286856 1
2 298.221662654123 2
3 298.2562850029632 3
4 298.290300037109 4
5 298.323780873113 5
6 298.3567771484234 6
7 298.3893237727717 7
8 298.4214480642929 8
9 298.4531718833376 9
10 298.4845105534259 10
11 298.5154765067279 11
12 298.5460813899939 12
13 298.5763363272777 13
14 298.6062519382679 14
15 298.6358405911473 15
16 298.6651078279229 16
17 298.6942340960056 17
18 298.7230582962759 18
19 298.7516850920775 19
20 298.7800462169707 20
21 298.8080871562515 21
22 298.8359155657759 22
23 298.8634292328364 23
24 298.8906427726982 24
25 298.9175657784562 25
26 298.944287927872 26
27 298.9707571377629 27
28 298.9969617564518 28
29 299.0228368683624 29
30 299.0484804805166 30
31 299.0738444403187 31
32 299.0989393599639 32
33 299.1238072972399 33
34 299.1484412759751 34
35 299.1728395406714 35
36 299.1969395158679 36
37 299.2208276403201 37
38 299.2444925656569 38
39 299.2679653932551 39
40 299.2912151978481 40
41 299.3142004775408 41
42 299.3369359026438 42
43 299.3594299535873 43
44 299.3816834351537 44
45 299.4037091707406 45
46 299.4254791906139 46
47 299.447101305218 47
48 299.46851964237 48
49 299.4897335375975 49
50 299.5107435267865 50
51 299.5315236221386 51
52 299.5520832547041 52
53 299.5724287334961 53
54 299.5925602824447 54
55 299.6124557619142 55
56 299.6321717132824 56
57 299.6516937337614 57
58 299.670988216078 58
59 299.6901585714832 59
60 299.7091515287449 60
61 299.7279660240634 61
62 299.7465580442503 62
63 299.764963391571 63
64 299.7832057837858 64
65 299.8012544268976 65
66 299.8191423781259 66
67 299.8368436433474 67
68 299.8543632501575 68
69 299.8717053015602 69
70 299.8888540755609 70
71 299.9058588900534 71
72 299.9226730849668 72
73 299.9392914993231 73
74 299.9557703947787 74
75 299.9721115226886 75
76 299.98825095433 76
77 300.0042262226329 77
78 300.0200509293463 78
79 300.0357232240721 79
80 300.0512154138095 80
81 300.0666178486058 81
82 300.0818617262946 82
83 300.096952099631 83
84 300.1119138238546 84
85 300.1267215937772 85
86 300.1413522214353 86
87 300.1558734122652 87
88 300.1702214442246 88
89 300.1844328156239 89
90 300.1985073537817 90
91 300.2124496133395 91
92 300.2262859590678 92
93 300.2399567350653 93
94 300.2535445046427 94
95 300.2669915863295 95
96 300.2802737847883 96
97 300.2934726247236 97
98 300.3065356428173 98
99 300.3194409856153 99
100 300.3322514110677 100
101 300.344937257927 101
102 300.3574715567916 102
103 300.3698897411527 103
104 300.3821941563638 104
105 300.3943706618846 105
106 300.4064378286747 106
107 300.4183808923523 107
108 300.4302154709512 108
109 300.4419646047218 109
110 300.4535769747721 110
111 300.4650526423865 111
112 300.4764261946045 112
113 300.4876881535906 113
114 300.4988249106631 114
115 300.5098669521759 115
116 300.5207760068422 116
117 300.5315740085134 117
118 300.5422756428516 118
119 300.5528561874821 119
120 300.5633336923709 120
121 300.5737209260366 121
122 300.5840120155393 122
123 300.5942160978123 123
124 300.6043246218757 124
125 300.6143318890382 125
126 300.6242539206311 126
127 300.6340691183141 127
128 300.6437849189299 128
129 300.6534044560813 129
130 300.6629244600405 130
131 300.6723483702039 131
132 300.6816827842746 132
133 300.6909340608498 133
134 300.700097733857 134
135 300.7091774737372 135
136 300.7181745819315 136
137 300.7270941498092 137
138 300.7359366280563 138
139 300.7447052006517 139
140 300.7533972447401 140
141 300.7620179699953 141
142 300.7705664530475 142
143 300.7790658889986 143
144 300.7875040860243 144
145 300.7958773593324 145
146 300.8041746862372 146
147 300.8123996475935 147
148 300.8205536194088 148
149 300.828637589454 149
150 300.8366619780944 150
151 300.8446143216115 151
152 300.8524976593055 152
153 300.8603132650269 153
154 300.868062113003 154
155 300.8757540678376 155
156 300.8833863096357 156
157 300.8909493458269 157
158 300.8984465454641 158
159 300.90588804234 159
160 300.9132628925306 160
161 300.9205825261588 161
162 300.9278432876692 162
163 300.935047313485 163
164 300.9421858576564 164
165 300.9492687611237 165
166 300.9562888024836 166
167 300.9632483515968 167
168 300.9701487969696 168
169 300.976991176984 169
170 300.983776403512 170
171 300.9905130111997 171
172 300.9971911089439 172
173 301.0038131733817 173
174 301.0103803583465 174
175 301.0168935183615 175
176 301.0233608470076 176
177 301.0297801596556 177
178 301.0361437577128 178
179 301.0424615151891 179
180 301.0487248808921 180
181 301.0549363219434 181
182 301.0610970652875 182
183 301.0672080100637 183
184 301.0732699343133 184
185 301.0792835385226 185
186 301.0852453809318 186
187 301.0911728441034 187
188 301.0970584403011 188
189 301.1028944187948 189
190 301.1086791186767 190
191 301.1144362930273 191
192 301.1201438181307 192
193 301.1258046528453 193
194 301.1314201670339 194
195 301.1369914259521 195
196 301.1425192217002 196
197 301.1480042756919 197
198 301.1534605131625 198
199 301.1588709580131 199
200 301.1642443877487 200
201 301.1695738697848 201
202 301.1748578000694 202
203 301.1801121220679 203
204 301.1853247957823 204
205 301.1905029581184 205
206 301.195639498434 206
207 301.2007421711416 207
208 301.2058161897219 208
209 301.2108594376615 209
210 301.2158590105181 210
211 301.2208142585204 211
212 301.2257410071143 212
213 301.2306285830999 213
214 301.235478407334 214
215 301.240291466373 215
216 301.2450646067103 216
217 301.2498239606514 217
218 301.2545545096713 218
219 301.2592496487749 219
220 301.2639096283664 220
221 301.2685317046081 221
222 301.2731285947112 222
223 301.277683262716 223
224 301.2822077668562 224
225 301.2867020111615 225
226 301.2911739210934 226
227 301.29561939237 227
228 301.3000320342603 228
229 301.3044119057216 229
230 301.3087520801391 230
231 301.3130683201099 231
232 301.3173512869737 232
233 301.321605939418 233
234 301.3258328250689 234
235 301.3300366518648 235
236 301.3342110960984 236
237 301.3383567830036 237
238 301.3424698903675 238
239 301.3465567325362 239
240 301.3506124938781 240
241 301.3546430446504 241
242 301.3586525011388 242
243 301.362639485215 243
244 301.3665943231185 244
245 301.3705193454751 245
246 301.3744200330234 246
247 301.3782916630069 247
248 301.3821356675668 248
249 301.3859528387532 249
250 301.3897437517602 250
251 301.3935047158391 251
252 301.3972488976003 252
253 301.4009754023177 253
254 301.4046739071965 254
255 301.408346085509 255
256 301.4119889952059 256
257 301.4156117402792 257
258 301.4192201929739 258
259 301.4228101677943 259
260 301.4263686817745 260
261 301.4299172590599 261
262 301.4334378869187 262
263 301.4369364528766 263
264 301.4404127956796 264
265 301.4438671337696 265
266 301.4473037663475 266
267 301.450714152711 267
268 301.4541076779039 268
269 301.4574790518012 269
270 301.4608286642145 270
271 301.464149603736 271
272 301.4674581038283 272
273 301.4707382148843 273
274 301.4740098978597 274
275 301.4772635816468 275
276 301.4804950671599 276
277 301.4837018215753 277
278 301.486892711105 278
279 301.4900627984292 279
280 301.4932053384107 280
281 301.4963359850685 281
282 301.4994465648302 282
283 301.5025304647913 283
284 301.5055962018349 284
285 301.5086435736609 285
286 301.5116725537521 286
287 301.5146831382277 287
288 301.5176787607081 288
289 301.5206531066842 289
290 301.5236070311794 290
291 301.5265411298759 291
292 301.5294558411865 292
293 301.532354609816 293
294 301.5352335574295 294
295 301.5380966101808 295
296 301.5409465175523 296
297 301.5437757417157 297
298 301.5465855732062 298
299 301.549373636952 299
300 301.5521561018674 300
301 301.5549148612295 301
302 301.5576603633983 302
303 301.5603866753443 303
304 301.5630974270555 304
305 301.5657891819208 305
306 301.5684657335738 306
307 301.5711208086772 307
308 301.5737640705294 308
309 301.5763892554394 309
310 301.5789969372299 310
311 301.5815874851472 311
312 301.5841611837259 312
313 301.586718270806 313
314 301.5892616965035 314
315 301.5917937149725 315
316 301.5943073547051 316
317 301.5968037565644 317
318 301.5992835096126 318
319 301.601752687047 319
320 301.6042061467282 320
321 301.6066420515407 321
322 301.6090612940753 322
323 301.6114643167054 323
324 301.6138514044865 324
325 301.6162227667003 325
326 301.618580671308 326
327 301.6209279635071 327
328 301.6232633345805 328
329 301.6255832446196 329
330 301.6278880715431 330
331 301.630173380667 331
332 301.63244517167 332
333 301.6347076410156 333
334 301.6369526542778 334
335 301.6391813006084 335
336 301.6413941036562 336
337 301.6435913907075 337
338 301.6457734286987 338
339 301.6479384120647 339
340 301.6500956100588 340
341 301.6522345672777 341
342 301.6543676014225 342
343 301.6564852471475 343
344 301.6585842775914 344
345 301.6606718761093 345
346 301.6627435448123 346
347 301.664799825845 347
348 301.6668410683207 348
349 301.6688722666808 349
350 301.670892065927 350
351 301.6728969282418 351
352 301.6748902257321 352
353 301.6768667839164 353
354 301.6788322045171 354
355 301.6807811399305 355
356 301.6827126905021 356
357 301.6846355256547 357
358 301.686544074867 358
359 301.6884386063149 359
360 301.6903175933363 360
361 301.6921833130149 361
362 301.6940382170505 362
363 301.6958814208717 363
364 301.6977124578916 364
365 301.6995288599063 365
366 301.7013306705777 366
367 301.7031183493548 367
368 301.7048924533056 368
369 301.7066525822285 369
370 301.7083956253255 370
371 301.7101293535397 371
372 301.7118492263119 372
373 301.713557807543 373
374 301.7152544631787 374
375 301.7169332455522 375
376 301.7185988184519 376
377 301.7202566567483 377
378 301.7219020670579 378
379 301.7235329353416 379
380 301.7251479777582 380
381 301.7267516860197 381
382 301.7283398463729 382
383 301.7299132102941 383
384 301.7314722333032 384
385 301.7330206834669 385
386 301.7345558297328 386
387 301.7360773900966 387
388 301.7375856095399 388
389 301.7390805617604 389
390 301.7405643760532 390
391 301.7420364722547 391
392 301.7434965137115 392
393 301.7449411091326 393
394 301.7463725986277 394
395 301.7477906321403 395
396 301.7491953865128 396
397 301.7505869475192 397
398 301.7519672880101 398
399 301.7533340155642 399
400 301.7546892363707 400
401 301.7560307374052 401
402 301.7573590743061 402
403 301.7586743153289 403
404 301.7599762712761 404
405 301.7612651241161 405
406 301.7625381995409 406
407 301.7638017131963 407
408 301.7650521445559 408
409 301.76628691837 409
410 301.767512075414 410
411 301.7687215909194 411
412 301.7699188252271 412
413 301.771106175426 413
414 301.772280467179 414
415 301.7734393114985 415
416 301.7745884078384 416
417 301.775724581328 417
418 301.776849466509 418
419 301.7779611849322 419
420 301.7790599423585 420
421 301.7801458933798 421
422 301.7812205799042 422
423 301.7822836403602 423
424 301.7833310479202 424
425 301.7843684908981 425
426 301.785394312176 426
427 301.7864071783368 427
428 301.7874072298775 428
429 301.7883946164719 429
430 301.7893694235234 430
431 301.7903317217076 431
432 301.7912806174048 432
433 301.7922164824735 433
434 301.7931402675572 434
435 301.7940530926577 435
436 301.7949512002293 436
437 301.7958373197459 437
438 301.7967146702991 438
439 301.7975792989648 439
440 301.79843155571 440
441 301.7992715194347 441
442 301.8001001812318 442
443 301.8009142524383 443
444 301.8017183223508 444
445 301.8025100911855 445
446 301.8032896585145 446
447 301.8040571013992 447
448 301.8048107173162 448
449 301.8055539230523 449
450 301.8062834502403 450
451 301.8070025527784 451
452 301.8077098798838 452
453 301.8084048761374 453
454 301.809086634626 454
455 301.8097565464564 455
456 301.8104144580287 456
457 301.8110602128581 457
458 301.8116940071215 458
459 301.8123151264433 459
460 301.8129242589756 460
461 301.8135215720512 461
462 301.8141079403669 462
463 301.8146829131686 463
464 301.8152457564431 464
465 301.8157966202526 465
466 301.8163355288503 466
467 301.816862737089 467
468 301.8173789032553 468
469 301.8178840185288 469
470 301.818377554022 470
471 301.81886039245 471
472 301.8193318055405 472
473 301.8197918677706 473
474 301.8202406311608 474
475 301.8206780638988 475
476 301.8211044200463 476
477 301.8215199134491 477
478 301.8219248943535 478
479 301.8223190285012 479
480 301.822702310339 480
481 301.8230748674945 481
482 301.8234367188915 482
483 301.8237879516432 483
484 301.8241289382847 484
485 301.8244595885556 485
486 301.824779817943 486
487 301.8250896412735 487
488 301.825389212248 488
489 301.8256785624466 489
490 301.8259578156121 490
491 301.8262269041001 491
492 301.8264858861803 492
493 301.8267348406885 493
494 301.8269740958444 494
495 301.82720360988 495
496 301.8274233894952 496
497 301.8276338092797 497
498 301.8278341936088 498
499 301.8280247396079 499
500 301.8282055334936 500
501 301.8283765992176 501
502 301.8285380120457 502
503 301.8286900014585 503
504 301.8288325652181 504
505 301.8289657674858 505
506 301.8290896269661 506
507 301.8292043853303 507
508 301.8293097383964 508
509 301.8294057497081 509
510 301.8294925040768 510
511 301.8295700565384 511
512 301.8296384654877 512
513 301.8296978406209 513
514 301.8297482737878 514
515 301.8297898453267 515
516 301.8298226143114 516
517 301.8298466221515 517
518 301.829861938096 518
519 301.8298686279628 519
520 301.8298667727782 520
521 301.8298564652047 521
522 301.8298376734726 522
523 301.8298105498142 523
524 301.8297752105111 524
525 301.8297316342933 525
526 301.8296798593875 526
527 301.8296199778365 527
528 301.8295520244437 528
529 301.8294760242981 529
530 301.8293921013139 530
531 301.8293004013975 531
532 301.8292009468582 532
533 301.8290938321833 533
534 301.8289791624205 534
535 301.8288569559475 535
536 301.8287272370387 536
537 301.8285901006747 537
538 301.8284456142079 538
539 301.8282939342093 539
540 301.8281351572894 540
541 301.827969260379 541
542 301.8277962841041 542
543 301.8276164285064 543
544 301.8274297880266 544
545 301.82723631636 545
546 301.8270360655258 546
547 301.8268292717362 547
548 301.8266159509325 548
549 301.8263961152795 549
550 301.8261696452103 550
551 301.8259368591848 551
552 301.8256976372613 552
553 301.8254523737471 553
554 301.8252011628053 554
555 301.8249440510333 555
556 301.8246808329461 556
557 301.8244118704616 557
558 301.8241369836164 558
559 301.8238566303843 559
560 301.8235709796551 560
561 301.823280079618 561
562 301.8229836788791 562
563 301.822681507896 563
564 301.8223741117557 564
565 301.8220616669963 565
566 301.821743841048 566
567 301.8214212325017 567
568 301.8210940118485 568
569 301.8207621979246 569
570 301.8204253727233 570
571 301.8200840982597 571
572 301.8197385380437 572
573 301.8193882810263 573
574 301.819033438312 574
575 301.8186749236975 575
576 301.8183126942271 576
577 301.817946787621 577
578 301.8175772135122 578
579 301.8172043800352 579
580 301.8168282824286 580
581 301.8164486261733 581
582 301.8160657860585 582
583 301.8156799690323 583
584 301.8152913981489 584
585 301.814899978411 585
586 301.8145058457768 586
587 301.8141090703635 587
588 301.8137097195892 588
589 301.8133075820458 589
590 301.812902487464 590
591 301.812494946804 591
592 301.8120850165923 592
593 301.8116725514997 593
594 301.8112581787593 594
595 301.810842115841 595
596 301.8104243906014 596
597 301.8100050103788 597
598 301.8095837769372 598
599 301.8091605927887 599
600 301.8087361459574 600
601 301.8083105010396 601
602 301.8078837299707 602
603 301.8074555877065 603
604 301.8070265490757 604
605 301.8065966438693 605
606 301.806165698362 606
607 301.8057343769411 607
608 301.8053028938385 608
609 301.8048712656901 609
610 301.804439500011 610
611 301.8040071066736 611
612 301.8035751251998 612
613 301.8031434418351 613
614 301.802712170462 614
615 301.8022814244403 615
616 301.8018513540604 616
617 301.8014219610585 617
618 301.8009932759815 618
619 301.8005656109569 619
620 301.8001389239967 620
621 301.7997133348575 621
622 301.7992890052687 622
623 301.7988657812276 623
624 301.7984435355069 624
625 301.7980228342621 625
626 301.7976037360909 626
627 301.797186116271 627
628 301.7967708209912 628
629 301.7963577633502 629
630 301.7959470796881 630
631 301.7955387948315 631
632 301.7951331000226 632
633 301.7947300391058 633
634 301.7943299344849 634
635 301.7939329140978 635
636 301.7935387895953 636
637 301.7931474241015 637
638 301.7927595236775 638
639 301.7923751727157 639
640 301.7919943985867 640
641 301.7916174009551 641
642 301.7912442336161 642
643 301.7908751073313 643
644 301.7905100795434 644
645 301.7901494645135 645
646 301.7897933951951 646
647 301.7894417254353 647
648 301.7890943589368 648
649 301.7887519592419 649
650 301.7884146035483 650
651 301.7880823429288 651
652 301.7877554541209 652
653 301.7874340665164 653
654 301.7871180712202 654
655 301.7868074035918 655
656 301.7865026928745 656
657 301.7862040079391 657
658 301.785911417349 658
659 301.7856251047151 659
660 301.7853452159521 660
661 301.7850718603707 661
662 301.7848050108859 662
663 301.7845446887152 663
664 301.7842916223508 664
665 301.7840458273163 665
666 301.7838072264198 666
667 301.7835757903069 667
668 301.7833520406098 668
669 301.7831361110646 669
670 301.7829281203949 670
671 301.7827280460679 671
672 301.7825358970947 672
673 301.7823521486651 673
674 301.7821769244916 674
675 301.7820103535093 675
676 301.7818524556959 676
677 301.7817032743331 677
678 301.7815632609684 678
679 301.7814324432945 679
680 301.7813108903727 680
681 301.7811987988641 681
682 301.7810962412447 682
683 301.7810036448242 683
684 301.780921023515 684
685 301.7808485323837 685
686 301.7807862956375 686
687 301.7807344690595 687
688 301.7806931865654 688
689 301.7806625943675 689
690 301.780642857072 690
691 301.7806341295426 691
692 301.7806365794315 692
693 301.7806503402142 693
694 301.7806755635333 694
695 301.7807124451819 695
696 301.7807611640758 696
697 301.7808219243105 697
698 301.7808948622005 698
699 301.780980134781 699
700 301.7810778859302 700
701 301.7811881889481 701
702 301.781311410582 702
703 301.7814476896423 703
704 301.7815971714618 704
705 301.7817600058919 705
706 301.7819363457531 706
707 301.7821263457025 707
708 301.7823301616658 708
709 301.7825479505109 709
710 301.7827798698915 710
711 301.783026078085 711
712 301.7832867339347 712
713 301.7835619966801 713
714 301.7838520259384 714
715 301.7841569816086 715
716 301.7844770238453 716
717 301.7848123130266 717
718 301.7851630097574 718
719 301.7855292748105 719
720 301.7859112691486 720
721 301.7863091538998 721
722 301.7867230903336 722
723 301.787153239858 723
724 301.7875997639974 724
725 301.7880628243774 725
726 301.7885425827523 726
727 301.789039200962 727
728 301.7895528409312 728
729 301.7900836646829 729
730 301.7906318343079 730
731 301.7911975119733 731
732 301.791780859908 732
733 301.7923820404076 733
734 301.7930012158126 734
735 301.7936385485147 735
736 301.7942942009504 736
737 301.7949683355793 737
738 301.7956611149098 738
739 301.7963727014508 739
740 301.7971032577515 740
741 301.7978529463556 741
742 301.7986219298311 742
743 301.7994103707309 743
744 301.8002184316106 744
745 301.8010462750307 745
746 301.801894063517 746
747 301.8027619595771 747
748 301.8036501257112 748
749 301.8045587243596 749
750 301.8054879179595 750
751 301.8064378688773 751
752 301.8074087394453 752
753 301.8084006919311 753
754 301.8094138885652 754
755 301.8104484914862 755
756 301.8115046627864 756
757 301.8125825644695 757
758 301.8136823584553 758
759 301.8148042065841 759
760 301.8159482705963 760
761 301.8171147121482 761
762 301.8183036927744 762
763 301.8195153739127 763
764 301.8207499168651 764
765 301.8220074828505 765
766 301.8232882329206 766
767 301.8245923280231 767
768 301.8259199289367 768
769 301.8272711963302 769
770 301.8286462907044 770
771 301.8300453724062 771
772 301.831468601609 772
773 301.8329161383446 773
774 301.8343881424558 774
775 301.8358847735986 775
776 301.8374061912587 776
777 301.8389525547266 777
778 301.840524023091 778
779 301.8421207552381 779
780 301.8437429098553 780
781 301.8453906454033 781
782 301.8470641201232 782
783 301.8487634920381 783
784 301.8504889189292 784
785 301.8522405583454 785
786 301.8540185675881 786
787 301.8558231037036 787
788 301.8576543234985 788
789 301.8595123834852 789
790 301.8613974399429 790
791 301.863309648853 791
792 301.8652491659199 792
793 301.8672161465673 793
794 301.8692107459115 794
795 301.8712331187917 795
796 301.8732834197179 796
797 301.8753618029165 797
798 301.8774684222702 798
799 301.8796034313405 799
800 301.88176698337 800
801 301.8839592312641 801
802 301.8861803275796 802
803 301.8884304245262 803
804 301.8907096739669 804
805 301.8930182273885 805
806 301.8953562359208 806
807 301.8977238503122 807
808 301.9001212209489 808
809 301.9025484978096 809
810 301.9050058304971 810
811 301.9074933681986 811
812 301.9100112597137 812
813 301.9125596534238 813
814 301.9151386972844 814
815 301.9177485388415 815
816 301.9203893252002 816
817 301.9230612030275 817
818 301.9257643185674 818
819 301.9284988175905 819
820 301.9312648454182 820
821 301.9340625469181 821
822 301.936892066481 822
823 301.9397535480159 823
824 301.942647134979 824
825 301.9455729703006 825
826 301.9485311964516 826
827 301.9515219553757 827
828 301.9545453885201 828
829 301.9576016368186 829
830 301.960690840696 830
831 301.9638131400185 831
832 301.9669686741547 832
833 301.9701575819153 833
834 301.9733800015696 834
835 301.9766360708272 835
836 301.97992592685 836
837 301.983249706226 837
838 301.9866075449788 838
839 301.9899995785339 839
840 301.9934259417625 840
841 301.9968867689117 841
842 302.0003821936557 842
843 302.0039123490457 843
844 302.0074773675369 844
845 302.0110773809543 845
846 302.0147125205012 846
847 302.0183829167478 847
848 302.0220886996309 848
849 302.0258299984457 849
850 302.0296069418192 850
851 302.0334196577353 851
852 302.0372682735143 852
853 302.0411529157942 853
854 302.0450737105407 854
855 302.049030783039 855
856 302.0530242578765 856
857 302.0570542589363 857
858 302.0611209094224 858
859 302.0652243317926 859
860 302.0693646478121 860
861 302.0735419785087 861
862 302.0777564441881 862
863 302.0820081644026 863
864 302.0862972579712 864
865 302.0906238429595 865
866 302.0949880366749 866
867 302.0993899556476 867
868 302.1038297156508 868
869 302.1083074316731 869
870 302.1128232179104 870
871 302.1173771877797 871
872 302.1219694538856 872
873 302.1266001280248 873
874 302.1312693211995 874
875 302.135977143578 875
876 302.140723704494 876
877 302.1455091124569 877
878 302.1503334751502 878
879 302.155196899385 879
880 302.1600994911157 880
881 302.1650413554778 881
882 302.170022596675 882
883 302.1750433180911 883
884 302.1801036222079 884
885 302.185203610603 885
886 302.190343383978 886
887 302.1955230421427 887
888 302.2007426839573 888
889 302.2060024074046 889
890 302.2113023095233 890
891 302.2166424864312 891
892 302.2220230333063 892
893 302.2274440443749 893
894 302.2329056129245 894
895 302.2384078312796 895
896 302.2439507907986 896
897 302.2495345818607 897
898 302.255159293888 898
899 302.2608250152907 899
900 302.2665318335032 900
901 302.2722798349549 901
902 302.2780691050623 902
903 302.2838997282369 903
904 302.2897717878668 904
905 302.2956853663111 905
906 302.3016405448917 906
907 302.3076374038913 907
908 302.3136760225416 908
909 302.3197564790225 909
910 302.3258788504457 910
911 302.3320432128493 911
912 302.3382496412136 912
913 302.3444982094007 913
914 302.3507889902177 914
915 302.3571220553461 915
916 302.3634974753802 916
917 302.3699153197795 917
918 302.3763756569174 918
919 302.382878554006 919
920 302.3894240771405 920
921 302.3960122912745 921
922 302.4026432602156 922
923 302.4093170466062 923
924 302.416033711933 924
925 302.4227933165104 925
926 302.4295959194865 926
927 302.4364415788052 927
928 302.4433303512399 928
929 302.450262292355 929
930 302.4572374565126 930
931 302.4642558968604 931
932 302.471317665329 932
933 302.4784228126156 933
934 302.4855713881913 934
935 302.4927634402956 935
936 302.4999990158891 936
937 302.5072781607097 937
938 302.5146009192072 938
939 302.5219673345774 939
940 302.5293774487392 940
941 302.5368313023166 941
942 302.5443289346464 942
943 302.5518703837772 943
944 302.5594556864308 944
945 302.5670848780363 945
946 302.5747579926925 946
947 302.582475063163 947
948 302.5902361208948 948
949 302.5980411959878 949
950 302.6058903171777 950
951 302.6137835118577 951
952 302.6217208060496 952
953 302.6297022244102 953
954 302.63772779022 954
955 302.6457975253702 955
956 302.6539114503493 956
957 302.6620695842618 957
958 302.6702719447933 958
959 302.6785185482184 959
960 302.6868094093984 960
961 302.6951445417438 961
962 302.7035239572488 962
963 302.7119476664628 963
964 302.7204156784667 964
965 302.7289280008998 965
966 302.7374846399248 966
967 302.7460856002431 967
968 302.7547308850604 968
969 302.7634204961062 969
970 302.7721544336073 970
971 302.7809326962997 971
972 302.789755281394 972
973 302.7986221845988 973
974 302.8075334000832 974
975 302.8164889205009 975
976 302.825488736947 976
977 302.8345328389841 977
978 302.8436212146181 978
979 302.8527538502897 979
980 302.8619307308774 980
981 302.8711518396812 981
982 302.8804171584163 982
983 302.8897266671936 983
984 302.8990803445595 984
985 302.9084781674247 985
986 302.9179201110912 986
987 302.9274061492635 987
988 302.9369362539874 988
989 302.9465103956908 989
990 302.9561285431563 990
991 302.9657906635165 991
992 302.9754967222431 992
993 302.9852466831531 993
994 302.9950405083745 994
995 303.0048781583733 995
996 303.0147595919189 996
997 303.0246847660881 997
998 303.0346536362447 998
999 303.0446661560698 999
1000 303.0547222775054 1000
1001 303.0648219507819 1001
1002 303.0749651243817 1002
1003 303.085151745054 1003
1004 303.0953817578258 1004
1005 303.1056551059275 1005
1006 303.1159717308666 1006
1007 303.1263315723615 1007
1008 303.1367345683608 1008
1009 303.1471806550155 1009
1010 303.1576697667103 1010
1011 303.168201836007 1011
1012 303.1787767936807 1012
1013 303.1893945686807 1013
1014 303.2000550881271 1014
1015 303.2107582773364 1015
1016 303.2215040597729 1016
1017 303.2322923570474 1017
1018 303.2431230889424 1018
1019 303.2539961733654 1019
1020 303.2649115263623 1020
1021 303.2758690621123 1021
1022 303.2868686928982 1022
1023 303.2979103291281 1023
1024 303.3089938793057 1024
1025 303.3201192500292 1025
1026 303.331286346001 1026
1027 303.3424950699824 1027
1028 303.3537453228327 1028
1029 303.3650370034529 1029
1030 303.3763700088204 1030
1031 303.3877442339545 1031
1032 303.3991595719203 1032
1033 303.4106159138251 1033
1034 303.4221131487969 1034
1035 303.4336511639862 1035
1036 303.4452298445635 1036
1037 303.4568490736863 1037
1038 303.4685087325411 1038
1039 303.4802087002775 1039
1040 303.4919488540383 1040
1041 303.5037290689463 1041
1042 303.5155492180873 1042
1043 303.5274091725084 1043
1044 303.5393088012151 1044
1045 303.551247971151 1045
1046 303.5632265472009 1046
1047 303.5752443921795 1047
1048 303.5873013668188 1048
1049 303.5993973297772 1049
1050 303.611532137606 1050
1051 303.6237056447748 1051
1052 303.6359177036357 1052
1053 303.6481681644188 1053
1054 303.6604568752471 1054
1055 303.6727836820945 1055
1056 303.6851484288134 1056
1057 303.6975509571065 1057
1058 303.7099911065148 1058
1059 303.7224687144223 1059
1060 303.7349836160575 1060
1061 303.7475356444584 1061
1062 303.7601246304854 1062
1063 303.7727504027986 1063
1064 303.7854127878744 1064
1065 303.7981116099697 1065
1066 303.8108466911469 1066
1067 303.8236178512085 1067
1068 303.8364249077717 1068
1069 303.8492676761879 1069
1070 303.8621459695742 1070
1071 303.8750595988024 1071
1072 303.8880083724654 1072
1073 303.9009920969097 1073
1074 303.9140105761862 1074
1075 303.9270636120777 1075
1076 303.9401510040851 1076
1077 303.9532725493844 1077
1078 303.9664280428707 1078
1079 303.9796172771096 1079
1080 303.9928400423502 1080
1081 304.006096126531 1081
1082 304.019385315216 1082
1083 304.0327073916606 1083
1084 304.0460621367634 1084
1085 304.0594493290382 1085
1086 304.0728687446653 1086
1087 304.0863201574301 1087
1088 304.0998033387382 1088
1089 304.113318057613 1089
1090 304.1268640806751 1090
1091 304.1404411721431 1091
1092 304.1540490938223 1092
1093 304.1676876050875 1093
1094 304.1813564628974 1094
1095 304.1950554217767 1095
1096 304.2087842337976 1096
1097 304.2225426485823 1097
1098 304.2363304133016 1098
1099 304.2501472726486 1099
1100 304.2639929688564 1100
1101 304.2778672416632 1101
1102 304.2917698283227 1102
1103 304.3057004635931 1103
1104 304.3196588797253 1104
1105 304.333644806462 1105
1106 304.3476579710157 1106
1107 304.3616980980744 1107
1108 304.3757649098001 1108
1109 304.3898581258047 1109
1110 304.4039774631363 1110
1111 304.4181226363143 1111
1112 304.4322933572603 1112
1113 304.4464893353406 1113
1114 304.4607102773306 1114
1115 304.4749558874182 1115
1116 304.4892258671999 1116
1117 304.5035199156553 1117
1118 304.5178377291688 1118
1119 304.5321790014781 1119
1120 304.5465434237229 1120
1121 304.5609306843823 1121
1122 304.5753404693073 1122
1123 304.5897724616809 1123
1124 304.6042263420478 1124
1125 304.6187017882776 1125
1126 304.6331984755482 1126
1127 304.647716076392 1127
1128 304.6622542606096 1128
1129 304.676812695335 1129
1130 304.6913910449834 1130
1131 304.7059889712539 1131
1132 304.7206061331373 1132
1133 304.7352421868847 1133
1134 304.7498967860114 1134
1135 304.7645695812895 1135
1136 304.7792602207476 1136
1137 304.7939683496452 1137
1138 304.808693610469 1138
1139 304.823435642944 1139
1140 304.8381940840117 1140
1141 304.8529685678069 1141
1142 304.8677587256865 1142
1143 304.882564186185 1143
1144 304.8973845750288 1144
1145 304.9122195151253 1145
1146 304.927068626548 1146
1147 304.9419315265409 1147
1148 304.9568078294924 1148
1149 304.9716971469391 1149
1150 304.9865990875692 1150
1151 305.0015132571889 1151
1152 305.0164392587392 1152
1153 305.0313766922626 1153
1154 305.046325154928 1154
1155 305.0612842409923 1155
1156 305.07625354181 1156
1157 305.0912326458191 1157
1158 305.1062211385367 1158
1159 305.1212186025513 1159
1160 305.1362246175047 1160
1161 305.1512387601033 1161
1162 305.166260604085 1162
1163 305.1812897202474 1163
1164 305.1963256763995 1164
1165 305.2113680373859 1165
1166 305.2264163650547 1166
1167 305.2414702182757 1167
1168 305.2565291528991 1168
1169 305.2715927217854 1169
1170 305.2866604747753 1170
1171 305.301731958677 1171
1172 305.316806717271 1172
1173 305.3318842913007 1173
1174 305.3469642184608 1174
1175 305.3620460333897 1175
1176 305.3771292676616 1176
1177 305.3922134497906 1177
1178 305.4072981052006 1178
1179 305.4223827562308 1179
1180 305.4374669221255 1180
1181 305.4525501190432 1181
1182 305.4676318600092 1182
1183 305.4827116549396 1183
1184 305.497789010634 1184
1185 305.5128634307542 1185
1186 305.527934415816 1186
1187 305.5430014631903 1187
1188 305.558064067088 1188
1189 305.5731217185679 1189
1190 305.5881739055058 1190
1191 305.6032201125899 1191
1192 305.6182598213411 1192
1193 305.633292510068 1193
1194 305.6483176538885 1194
1195 305.6633347246946 1195
1196 305.6783431911775 1196
1197 305.6933425187758 1197
1198 305.7083321697269 1198
1199 305.7233116029982 1199
1200 305.6750692091097 1200
