"bat6-rfile"
"Time Step" "bat6 etc.."
("Time Step" "bat6" "flow-time")
0 298.1499999999962 0
1 298.1863268073466 1
2 298.2217052740086 2
3 298.256373887929 3
4 298.2904530130656 4
5 298.3240155956673 5
6 298.3571101720371 6
7 298.3897713637906 7
8 298.4220261950144 8
9 298.4538962797569 9
10 298.485397156034 10
11 298.5165417595615 11
12 298.5473422710943 12
13 298.5778082498241 13
14 298.6079493133765 14
15 298.6377739457578 15
16 298.6672891129201 16
17 298.6966083718482 17
18 298.7256155276267 18
19 298.7544404204907 19
20 298.7830048576779 20
21 298.8112621555165 21
22 298.8393250172713 22
23 298.8670785855672 23
24 298.8945525993233 24
25 298.9217524512589 25
26 298.9487645289798 26
27 298.9755282956536 27
28 299.0020398090018 28
29 299.0282307826167 29
30 299.0542105260199 30
31 299.0799169879442 31
32 299.1053658705791 32
33 299.130599035806 33
34 299.1556039807581 34
35 299.1803796478493 35
36 299.2048616659681 36
37 299.2291472336748 37
38 299.2532141960424 38
39 299.2770914143038 39
40 299.3007486326611 40
41 299.3241486287879 41
42 299.3473095176682 42
43 299.3702374981323 43
44 299.3929313980148 44
45 299.4154043538044 45
46 299.4376424908339 46
47 299.4597227613783 47
48 299.4816005016107 48
49 299.503276255166 49
50 299.5247512417791 50
51 299.5459992114847 51
52 299.5670330484413 52
53 299.5878579269468 53
54 299.6084725869736 54
55 299.6288693875192 55
56 299.6490751417543 56
57 299.6690924783294 57
58 299.688896780327 58
59 299.7085665839177 59
60 299.7280579981095 60
61 299.747371216947 61
62 299.7664615799892 62
63 299.7853720274335 63
64 299.8041221242278 64
65 299.8226769044246 65
66 299.8410745119974 66
67 299.8592846289564 67
68 299.8773156992125 68
69 299.8951711224291 69
70 299.9128339968686 70
71 299.93035682058 71
72 299.9476860168186 72
73 299.9648337142106 73
74 299.9818317363593 74
75 299.9986947097664 75
76 300.0153511143968 76
77 300.0318485177173 77
78 300.0481965656415 78
79 300.064391089736 79
80 300.0804139421101 80
81 300.0963382455773 81
82 300.1121007102919 82
83 300.1277105091617 83
84 300.1431926453157 84
85 300.1585183881784 85
86 300.1736769845145 86
87 300.1887183960269 87
88 300.2035954221108 88
89 300.2183384623591 89
90 300.232942513211 90
91 300.2474135690773 91
92 300.2617703869352 92
93 300.2759690848224 93
94 300.2900770581313 94
95 300.3040412720634 95
96 300.3178510855119 96
97 300.3315689943159 97
98 300.345148175467 98
99 300.3585773269347 99
100 300.3719043572269 100
101 300.3851064111023 101
102 300.3981630155636 102
103 300.411103383393 103
104 300.423936759493 104
105 300.4366349134124 105
106 300.4492293570763 106
107 300.4616921502023 107
108 300.4740446060762 108
109 300.4863045942598 109
110 300.4984399659537 110
111 300.5104410114839 111
112 300.5223412187507 112
113 300.5341249448128 113
114 300.5457827277422 114
115 300.5573468110438 115
116 300.5687829507233 116
117 300.5801125841768 117
118 300.5913356216541 118
119 300.6024368778415 119
120 300.6134342612979 120
121 300.6243384612874 121
122 300.6351463777672 122
123 300.6458584696014 123
124 300.6564741085896 124
125 300.6669880423298 125
126 300.6774137895726 126
127 300.6877408548498 127
128 300.6979687367349 128
129 300.7081035919952 129
130 300.7181434861729 130
131 300.7280822091635 131
132 300.7379277781516 132
133 300.747684539565 133
134 300.7573545615091 134
135 300.7669391467584 135
136 300.7764368155422 136
137 300.7858500452879 137
138 300.795184606826 138
139 300.8044366751639 139
140 300.8136143203681 140
141 300.8227163091175 141
142 300.8317356473599 142
143 300.8406990308119 143
144 300.8495997968555 144
145 300.8584332112207 145
146 300.8671883646682 146
147 300.8758706508964 147
148 300.8844812613762 148
149 300.8930210591272 149
150 300.901500870605 150
151 300.909906409308 151
152 300.9182423565498 152
153 300.926509818459 153
154 300.9347096683866 154
155 300.9428520926203 155
156 300.9509329978981 156
157 300.9589427152557 157
158 300.9668861871949 158
159 300.974773721519 159
160 300.9825925380628 160
161 300.9903559884032 161
162 300.9980588890567 162
163 301.0057039517081 163
164 301.0132819292913 164
165 301.020804138478 165
166 301.0282620383283 166
167 301.0356588745583 167
168 301.0429958426641 168
169 301.0502737959021 169
170 301.0574935726881 170
171 301.0646639780506 171
172 301.0717736536338 172
173 301.078826471724 173
174 301.0858234541586 174
175 301.0927653773099 175
176 301.0996607167564 176
177 301.106506254723 177
178 301.1132942177894 178
179 301.1200359928279 179
180 301.1267216139457 180
181 301.1333545992292 181
182 301.1399360836988 182
183 301.1464668201372 183
184 301.1529475072276 184
185 301.1593788370148 185
186 301.1657610091901 186
187 301.1721035470151 187
188 301.1784036868124 188
189 301.1846525451319 189
190 301.1908532473699 190
191 301.1970217544322 191
192 301.203139030738 192
193 301.209209172495 193
194 301.2152331885046 194
195 301.22121213621 195
196 301.2271465573763 196
197 301.233037119836 197
198 301.2388982954187 198
199 301.2447107974977 199
200 301.2504858515621 200
201 301.2562152459799 201
202 301.2619019843144 202
203 301.2675539889771 203
204 301.2731633091252 204
205 301.2787371888718 205
206 301.2842673052288 206
207 301.289762547689 207
208 301.2952273305539 208
209 301.3006588433882 209
210 301.3060442080537 210
211 301.3113881417493 211
212 301.3166986570072 212
213 301.3219688244873 213
214 301.3271998439268 214
215 301.3323925213267 215
216 301.3375465575368 216
217 301.3426819152328 217
218 301.3477856869558 218
219 301.3528516330033 219
220 301.3578809326101 220
221 301.3628707287525 221
222 301.3678344494938 222
223 301.3727560618162 223
224 301.3776459546371 224
225 301.3825039519501 225
226 301.3873352103346 226
227 301.3921385496034 227
228 301.3969066469312 228
229 301.4016403738456 229
230 301.406335368361 230
231 301.4110021367408 231
232 301.4156342683949 232
233 301.4202367079191 233
234 301.4248095295901 234
235 301.4293574506153 235
236 301.4338735542853 236
237 301.4383594160241 237
238 301.4428110181036 238
239 301.4472353957689 239
240 301.4516268170686 240
241 301.4559919185749 241
242 301.4603342021766 242
243 301.4646517720171 243
244 301.4689350670815 244
245 301.4731877607891 245
246 301.4774152218444 246
247 301.4816118275 247
248 301.4857795887999 248
249 301.4899192025582 249
250 301.4940311751574 250
251 301.4981137706282 251
252 301.5021758132579 252
253 301.5062190986175 253
254 301.5102319655322 254
255 301.5142174792878 255
256 301.518174428271 256
257 301.5221096636245 257
258 301.5260271815064 258
259 301.5299248931071 259
260 301.5337909241493 260
261 301.5376440408297 261
262 301.5414671881906 262
263 301.545267757008 263
264 301.5490447288599 264
265 301.5527983646818 265
266 301.5565329943678 266
267 301.5602393908005 267
268 301.5639283065901 268
269 301.5675932147735 269
270 301.5712352171617 270
271 301.5748492217801 271
272 301.57844780803 272
273 301.5820184864348 273
274 301.5855777127978 274
275 301.5891171173276 275
276 301.5926327041451 276
277 301.5961224136503 277
278 301.5995956199013 278
279 301.6030462325498 279
280 301.6064699517287 280
281 301.6098789182476 281
282 301.6132665203911 282
283 301.6166278950549 283
284 301.6199698706567 284
285 301.6232922076911 285
286 301.6265948260325 286
287 301.6298777569432 287
288 301.6331426612441 288
289 301.636385246145 289
290 301.6396062805833 290
291 301.6428062976178 291
292 301.6459856948832 292
293 301.6491480050399 293
294 301.6522888212995 294
295 301.6554127377685 295
296 301.6585220839715 296
297 301.6616088623485 297
298 301.6646754324539 298
299 301.667720817688 299
300 301.6707580009112 300
301 301.6737712969807 301
302 301.6767688174529 302
303 301.6797463344276 303
304 301.6827075013804 304
305 301.6856483136975 305
306 301.6885731359664 306
307 301.6914767238623 307
308 301.6943659118202 308
309 301.6972361826546 309
310 301.7000880594165 310
311 301.702921856722 311
312 301.7057378460545 312
313 301.7085362663855 313
314 301.7113201527956 314
315 301.7140914428152 315
316 301.7168427512168 316
317 301.7195762126917 317
318 301.7222922988962 318
319 301.7249971677683 319
320 301.7276847790316 320
321 301.7303539363947 321
322 301.7330058128896 322
323 301.7356407355286 323
324 301.7382589334433 324
325 301.7408605653468 325
326 301.7434479576225 326
327 301.7460237629285 327
328 301.7485863118964 328
329 301.7511322333992 329
330 301.7536624264664 330
331 301.7561740420408 331
332 301.7586715809883 332
333 301.7611574441494 333
334 301.7636248829683 334
335 301.7660753505824 335
336 301.7685092815265 336
337 301.7709269415239 337
338 301.7733285584156 338
339 301.7757139031705 339
340 301.7780890098734 340
341 301.7804464646478 341
342 301.7827956747372 342
343 301.7851281706417 343
344 301.7874430083831 344
345 301.7897440975822 345
346 301.7920286325314 346
347 301.7942970819097 347
348 301.7965497242611 348
349 301.7987916269936 349
350 301.8010208311352 350
351 301.8032339110579 351
352 301.805434821909 352
353 301.8076178458164 353
354 301.8097893698077 354
355 301.8119432173297 355
356 301.814080827689 356
357 301.8162074555609 357
358 301.8183188271349 358
359 301.8204153388481 359
360 301.8224954171952 360
361 301.8245615677288 361
362 301.8266160455716 362
363 301.8286576425137 363
364 301.8306860359933 364
365 301.8326988191678 365
366 301.8346963367907 366
367 301.8366790228974 367
368 301.8386473772826 368
369 301.8406009075943 369
370 301.8425380554979 370
371 301.8444637185514 371
372 301.8463746378644 372
373 301.8482734459979 373
374 301.850159197217 374
375 301.8520274694105 375
376 301.8538819851096 376
377 301.8557266946742 377
378 301.8575578571495 378
379 301.859373448585 379
380 301.8611724393353 380
381 301.8629595643643 381
382 301.8647299454346 382
383 301.8664848799991 383
384 301.8682247344047 384
385 301.8699532886089 385
386 301.8716672890388 386
387 301.873366793779 387
388 301.8750521074654 388
389 301.8767232756919 389
390 301.8783824727784 390
391 301.8800288457 391
392 301.8816621434296 392
393 301.8832789865045 393
394 301.8848822142097 394
395 301.8864711128203 395
396 301.8880458998426 396
397 301.8896066478267 397
398 301.8911553603058 398
399 301.8926893469894 399
400 301.8942110719677 400
401 301.8957180207064 401
402 301.8972110779902 402
403 301.898690221287 403
404 301.9001552197714 404
405 301.9016062784621 405
406 301.9030416968411 406
407 301.9044658090745 407
408 301.9058759296406 408
409 301.9072704302482 409
410 301.9086535937196 410
411 301.9100211001074 411
412 301.9113754760361 412
413 301.9127182342834 413
414 301.9140470234082 414
415 301.9153603273774 415
416 301.9166622206092 416
417 301.9179502816617 417
418 301.9192262132148 418
419 301.920487909628 419
420 301.9217358450969 420
421 301.9229701557484 421
422 301.9241923989297 422
423 301.9254020174671 423
424 301.9265957872014 424
425 301.927778192966 425
426 301.9289481679533 426
427 301.9301042271128 427
428 301.9312467075425 428
429 301.9323757365893 429
430 301.9334913765243 430
431 301.9345936927675 431
432 301.9356817645636 432
433 301.9367560792047 433
434 301.9378175551954 434
435 301.9388672177441 435
436 301.9399017664833 436
437 301.9409235883201 437
438 301.9419352848998 438
439 301.9429332914091 439
440 301.9439181867025 440
441 301.9448900072653 441
442 301.9458497401514 442
443 301.9467945226898 443
444 301.9477280478187 444
445 301.9486484855988 445
446 301.949555939831 446
447 301.9504504851811 447
448 301.9513313852986 448
449 301.9522002687954 449
450 301.9530555031565 450
451 301.953898691197 451
452 301.9547292344464 452
453 301.9555466252357 453
454 301.9563508839747 454
455 301.9571425553475 455
456 301.957921620141 456
457 301.9586877596142 457
458 301.9594411250938 458
459 301.9601813102641 459
460 301.9609087636606 460
461 301.9616235929237 461
462 301.9623264075744 462
463 301.9630169161306 463
464 301.9636946841018 464
465 301.9643600349521 465
466 301.9650128568219 466
467 301.9656532258025 467
468 301.9662812491077 468
469 301.9668973136597 469
470 301.9675008173128 470
471 301.968093074316 471
472 301.9686733270117 472
473 301.9692415601518 473
474 301.9697977961625 474
475 301.9703421067589 475
476 301.9708743686123 476
477 301.9713949114676 477
478 301.9719037810895 478
479 301.9724014326658 479
480 301.9728874140038 480
481 301.9733620203464 481
482 301.9738251183258 482
483 301.9742768640898 483
484 301.974717305205 484
485 301.9751468121004 485
486 301.9755652338326 486
487 301.9759723576077 487
488 301.976368532645 488
489 301.9767537513366 489
490 301.977128176813 490
491 301.9774918122633 491
492 301.9778446504981 492
493 301.978186746707 493
494 301.9785182130933 494
495 301.9788392022035 495
496 301.9791496883211 496
497 301.9794500745588 497
498 301.9797399043671 498
499 301.9800192733326 499
500 301.9802882549604 500
501 301.9805469056209 501
502 301.9807952403928 502
503 301.981033435915 503
504 301.9812614782246 504
505 301.9814795013147 505
506 301.981687534379 506
507 301.9818857881332 507
508 301.9820740262514 508
509 301.9822523460248 509
510 301.982420828781 510
511 301.9825794910287 511
512 301.9827284060453 512
513 301.9828676263601 513
514 301.9829972479078 514
515 301.9831173094337 515
516 301.9832279597924 516
517 301.9833292135306 517
518 301.9834211430364 518
519 301.9835038194532 519
520 301.9835773387318 520
521 301.983641796818 521
522 301.9836971086991 522
523 301.9837434373623 523
524 301.9837809758518 524
525 301.9838096596191 525
526 301.9838294679398 526
527 301.9838405812522 527
528 301.983843080076 528
529 301.9838369352433 529
530 301.9838221906413 530
531 301.9837991176184 531
532 301.9837676920422 532
533 301.983727909452 533
534 301.9836799740995 534
535 301.9836240143177 535
536 301.9835599663075 536
537 301.9834879151107 537
538 301.9834079343644 538
539 301.983320047624 539
540 301.9832244724285 540
541 301.9831213280783 541
542 301.9830105483086 542
543 301.9828921722136 543
544 301.9827664256317 544
545 301.9826334234126 545
546 301.982493099496 546
547 301.9823455068529 547
548 301.9821908823715 548
549 301.9820291847866 549
550 301.9818604514746 550
551 301.981684736724 551
552 301.9815021877664 552
553 301.981312874133 553
554 301.9811170252783 554
555 301.9809147129157 555
556 301.980705929261 556
557 301.9804907265436 557
558 301.9802692375579 558
559 301.9800415478596 559
560 301.9798078802298 560
561 301.9795686916239 561
562 301.9793234792885 562
563 301.9790721740094 563
564 301.9788149735475 564
565 301.9785521835783 565
566 301.9782836968583 566
567 301.978009688766 567
568 301.9777304879601 568
569 301.9774461523681 569
570 301.977156530616 570
571 301.9768617717538 571
572 301.9765622006172 572
573 301.9762576682367 573
574 301.9759482225021 574
575 301.9756341116325 575
576 301.9753157622083 576
577 301.9749932288689 577
578 301.9746665554952 578
579 301.9743358303622 579
580 301.9740013272851 580
581 301.9736630765104 581
582 301.9733209762838 582
583 301.9729752652308 583
584 301.9726261548893 584
585 301.9722738542378 585
586 301.9719182323498 586
587 301.9715595976457 587
588 301.9711979410831 588
589 301.970833361641 589
590 301.9704656882092 590
591 301.9700949844383 591
592 301.9697214918043 592
593 301.9693452918526 593
594 301.9689664773295 594
595 301.9685853019687 595
596 301.9682019406287 596
597 301.9678165501661 597
598 301.9674292100897 598
599 301.9670397797285 599
600 301.9666484021487 600
601 301.9662553514593 601
602 301.9658607389471 602
603 301.9654646166878 603
604 301.9650670025767 604
605 301.9646681384535 605
606 301.964268098993 606
607 301.9638669921615 607
608 301.9634650755464 608
609 301.963062522738 609
610 301.962659494889 610
611 301.9622560125637 611
612 301.9618519988541 612
613 301.9614479735507 613
614 301.9610438254398 614
615 301.9606398885796 615
616 301.9602361546281 616
617 301.9598327596773 617
618 301.9594298608641 618
619 301.9590274756413 619
620 301.9586258896355 620
621 301.9582251281527 621
622 301.9578252736965 622
623 301.9574264616781 623
624 301.9570285690094 624
625 301.9566317581637 625
626 301.9562362497869 626
627 301.955842132624 627
628 301.955449584392 628
629 301.9550589395526 629
630 301.9546703059491 630
631 301.9542837934762 631
632 301.9538995304991 632
633 301.9535176390351 633
634 301.9531382456195 634
635 301.9527615953009 635
636 301.9523878047194 636
637 301.952016748893 637
638 301.9516485974345 638
639 301.9512836670352 639
640 301.9509220713496 640
641 301.9505639536868 641
642 301.9502094381253 642
643 301.9498586732965 643
644 301.9495117867181 644
645 301.9491689186049 645
646 301.9488303044383 646
647 301.9484960641681 647
648 301.9481661087494 648
649 301.9478406498528 649
650 301.9475199534134 650
651 301.9472041500763 651
652 301.9468933747282 652
653 301.9465878471541 653
654 301.9462876892548 654
655 301.9459928401562 655
656 301.9457035397002 656
657 301.9454200155387 657
658 301.945142406959 658
659 301.9448708558841 659
660 301.9446054913674 660
661 301.9443464923382 661
662 301.9440939834566 662
663 301.9438479737426 663
664 301.9436087513347 664
665 301.9433765609825 665
666 301.943151523865 666
667 301.9429336289029 667
668 301.9427231324921 668
669 301.9425202011056 669
670 301.9423250276938 670
671 301.9421377379704 671
672 301.9419583544346 672
673 301.9417871562532 673
674 301.9416242780298 674
675 301.9414699030023 675
676 301.9413241597494 676
677 301.9411871022626 677
678 301.9410590298691 678
679 301.9409400375989 679
680 301.9408302582623 680
681 301.9407298639136 681
682 301.9406389437598 682
683 301.9405578306734 683
684 301.9404865795083 684
685 301.9404253442023 685
686 301.9403742875226 686
687 301.9403335667106 687
688 301.9403033383993 688
689 301.9402837548415 689
690 301.9402749739504 690
691 301.9402771555667 691
692 301.9402904515144 692
693 301.9403150974729 693
694 301.9403511588404 694
695 301.9403988028063 695
696 301.9404582098232 696
697 301.9405296512157 697
698 301.940613269772 698
699 301.9407092197659 699
700 301.9408176511888 700
701 301.9409384376476 701
702 301.9410721330823 702
703 301.9412188920166 703
704 301.9413788663985 704
705 301.9415522109519 705
706 301.9417390828508 706
707 301.941939641068 707
708 301.9421540459948 708
709 301.9423824590585 709
710 301.9426250426042 710
711 301.9428819596893 711
712 301.9431533739573 712
713 301.9434394496199 713
714 301.9437403512686 714
715 301.9440562438978 715
716 301.9443872928376 716
717 301.9447336636987 717
718 301.9450955223576 718
719 301.9454730349383 719
720 301.9458663677779 720
721 301.9462756873928 721
722 301.9467011604933 722
723 301.947142953952 723
724 301.9476012347844 724
725 301.948076170156 725
726 301.9485679273494 726
727 301.9490766737774 727
728 301.9496025769567 728
729 301.9501458045017 729
730 301.950706524131 730
731 301.9512849036448 731
732 301.9518811109259 732
733 301.9524953139157 733
734 301.9531276806345 734
735 301.9537783791663 735
736 301.9544475776402 736
737 301.9551354442289 737
738 301.955842147149 738
739 301.9565678546602 739
740 301.9573127350423 740
741 301.9580769566074 741
742 301.9588606876691 742
743 301.9596640965723 743
744 301.960487351656 744
745 301.9613306212711 745
746 301.9621940737468 746
747 301.9630778774171 747
748 301.9639822005864 748
749 301.9649072115484 749
750 301.9658530785721 750
751 301.9668199698793 751
752 301.9678080536654 752
753 301.9688174980731 753
754 301.9698484712052 754
755 301.9709011410914 755
756 301.9719756757255 756
757 301.9730722430089 757
758 301.9741910107941 758
759 301.9753321468264 759
760 301.9764958187902 760
761 301.9776821942678 761
762 301.9788914407683 762
763 301.9801237256613 763
764 301.9813792162371 764
765 301.9826580796683 765
766 301.9839604830041 766
767 301.9852865931654 767
768 301.9866365769525 768
769 301.9880106010213 769
770 301.989408831892 770
771 301.9908314359255 771
772 301.9922785793428 772
773 301.9937504281909 773
774 301.9952471483633 774
775 301.9967689055676 775
776 301.9983158653446 776
777 301.9998881930465 777
778 302.0014860538395 778
779 302.003109612687 779
780 302.004759034358 780
781 302.0064344833942 781
782 302.0081361241524 782
783 302.0098641207409 783
784 302.0116186370692 784
785 302.0133998367871 785
786 302.0152078833258 786
787 302.0170429398503 787
788 302.0189051693037 788
789 302.0207947343446 789
790 302.0227117973844 790
791 302.0246565205497 791
792 302.0266290657117 792
793 302.0286295944421 793
794 302.0306582680291 794
795 302.0327152474683 795
796 302.0348006934605 796
797 302.036914766381 797
798 302.039057626305 798
799 302.0412294329892 799
800 302.043430345858 800
801 302.0456605239993 801
802 302.0479201261733 802
803 302.0502093107971 803
804 302.0525282359138 804
805 302.0548770592315 805
806 302.0572559380845 806
807 302.0596650294328 807
808 302.0621044898652 808
809 302.0645744755898 809
810 302.0670751424134 810
811 302.0696066457562 811
812 302.0721691406258 812
813 302.0747627816284 813
814 302.0773877229579 814
815 302.0800441183683 815
816 302.0827321212026 816
817 302.0854518843569 817
818 302.0882035602886 818
819 302.0909873010049 819
820 302.0938032580638 820
821 302.0966515825499 821
822 302.0995324250921 822
823 302.1024459358401 823
824 302.1053922644456 824
825 302.1083715601029 825
826 302.1113839714805 826
827 302.114429646768 827
828 302.1175087336387 828
829 302.1206213792474 829
830 302.1237677302277 830
831 302.1269479326936 831
832 302.1301621322115 832
833 302.133410473816 833
834 302.1366931019914 834
835 302.1400101606595 835
836 302.1433617931978 836
837 302.1467481423941 837
838 302.1501693504737 838
839 302.1536255590775 839
840 302.157116909251 840
841 302.1606435414608 841
842 302.1642055955567 842
843 302.1678032107757 843
844 302.1714365257465 844
845 302.1751056784863 845
846 302.1788108063618 846
847 302.1825520461194 847
848 302.1863295338453 848
849 302.1901434049994 849
850 302.1939937943645 850
851 302.1978808360672 851
852 302.2018046635573 852
853 302.2057654096167 853
854 302.2097632063366 854
855 302.2137981851209 855
856 302.2178704766783 856
857 302.2219802110003 857
858 302.226127517367 858
859 302.2303125243541 859
860 302.234535359804 860
861 302.2387961508177 861
862 302.2430950237714 862
863 302.2474321042788 863
864 302.2518075172122 864
865 302.2562213866727 865
866 302.2606738360114 866
867 302.265164987784 867
868 302.2696949637729 868
869 302.2742638849725 869
870 302.278871871585 870
871 302.2835190430005 871
872 302.2882055178113 872
873 302.2929314137784 873
874 302.2976968478458 874
875 302.3025019361312 875
876 302.3073467939169 876
877 302.3122315356173 877
878 302.3171562748231 878
879 302.3221211242392 879
880 302.3271261957328 880
881 302.3321716002774 881
882 302.3372574479667 882
883 302.342383848019 883
884 302.347550908741 884
885 302.3527587375532 885
886 302.3580074409497 886
887 302.3632971245369 887
888 302.3686278929668 888
889 302.3739998499701 889
890 302.3794130983531 890
891 302.3848677399561 891
892 302.3903638756874 892
893 302.395901605486 893
894 302.4014810283181 894
895 302.4071022421928 895
896 302.4127653441199 896
897 302.4184704301445 897
898 302.4242175952828 898
899 302.4300069335818 899
900 302.435838538055 900
901 302.4417125007212 901
902 302.4476289125473 902
903 302.4535878634934 903
904 302.4595894424681 904
905 302.4656337373315 905
906 302.4717208349143 906
907 302.4778508209404 907
908 302.4840237801167 908
909 302.4902397960348 909
910 302.4964989512297 910
911 302.5028013271376 911
912 302.5091470040945 912
913 302.5155360613397 913
914 302.5219685769823 914
915 302.5284446280449 915
916 302.5349642903968 916
917 302.5415276387739 917
918 302.5481347467927 918
919 302.5547856869008 919
920 302.561480530402 920
921 302.5682193474202 921
922 302.5750022069359 922
923 302.5818291767279 923
924 302.5887003233979 924
925 302.5956157123538 925
926 302.6025754078106 926
927 302.6095794727713 927
928 302.6166279690119 928
929 302.6237209571092 929
930 302.6308584963932 930
931 302.6380406449657 931
932 302.6452674596796 932
933 302.6525389961333 933
934 302.659855308674 934
935 302.6672164503756 935
936 302.6746224730362 936
937 302.6820734271779 937
938 302.6895693620355 938
939 302.6971103255436 939
940 302.7046963643298 940
941 302.7123275237112 941
942 302.7200038476856 942
943 302.7277253789302 943
944 302.7354921587892 944
945 302.7433042272538 945
946 302.7511616229782 946
947 302.759064383249 947
948 302.7670125439962 948
949 302.7750061397833 949
950 302.7830452037842 950
951 302.7911297677885 951
952 302.7992598622005 952
953 302.80743551601 953
954 302.8156567568099 954
955 302.823923610766 955
956 302.8322361026289 956
957 302.8405942557183 957
958 302.8489980918951 958
959 302.8574476316005 959
960 302.8659428938086 960
961 302.8744838960287 961
962 302.8830706543011 962
963 302.8917031832042 963
964 302.900381495804 964
965 302.9091056036988 965
966 302.9178755169792 966
967 302.926691244222 967
968 302.9355527924972 968
969 302.9444601673525 969
970 302.9534133727973 970
971 302.9624124113067 971
972 302.9714572838153 972
973 302.9805479897032 973
974 302.9896845267808 974
975 302.9988668913072 975
976 303.0080950779488 976
977 303.0173690797915 977
978 303.0266888883441 978
979 303.0360544935005 979
980 303.0454658835497 980
981 303.0549230451802 981
982 303.0644259634377 982
983 303.0739746217598 983
984 303.0835690019391 984
985 303.0932090841087 985
986 303.1028948467751 986
987 303.1126262667599 987
988 303.1224033192387 988
989 303.1322259776974 989
990 303.1420942139443 990
991 303.1520079980967 991
992 303.161967298566 992
993 303.1719720820697 993
994 303.1820223136075 994
995 303.1921179564392 995
996 303.202258972134 996
997 303.2124453204862 997
998 303.2226769595605 998
999 303.2329538456751 999
1000 303.2432759333772 1000
1001 303.2536431754564 1001
1002 303.2640555229088 1002
1003 303.2745129249733 1003
1004 303.285015329071 1004
1005 303.2955626808446 1005
1006 303.3061549241194 1006
1007 303.316792000907 1007
1008 303.3274738514012 1008
1009 303.3382004139577 1009
1010 303.3489716251087 1010
1011 303.3597874195252 1011
1012 303.3706477300393 1012
1013 303.3815524876092 1013
1014 303.3925016213298 1014
1015 303.4034950584282 1015
1016 303.4145327242272 1016
1017 303.4256145421763 1017
1018 303.4367404338199 1018
1019 303.4479103187847 1019
1020 303.4591241147928 1020
1021 303.4703817376474 1021
1022 303.4816831012036 1022
1023 303.4930281173897 1023
1024 303.5044166961919 1024
1025 303.5158487456253 1025
1026 303.5273241717686 1026
1027 303.5388428786906 1027
1028 303.5504047685313 1028
1029 303.5620097413973 1029
1030 303.573657695436 1030
1031 303.5853485267858 1031
1032 303.5970821295634 1032
1033 303.6088583958795 1033
1034 303.6206772158133 1034
1035 303.6325384774237 1035
1036 303.6444420667098 1036
1037 303.6563878676443 1037
1038 303.6683757621254 1038
1039 303.6804056299928 1039
1040 303.6924773490167 1040
1041 303.7045907948859 1041
1042 303.7167458412052 1042
1043 303.728942359475 1043
1044 303.7411802191036 1044
1045 303.7534592873831 1045
1046 303.7657794294794 1046
1047 303.7781405084394 1047
1048 303.7905423851762 1048
1049 303.8029849184476 1049
1050 303.8154679648892 1050
1051 303.8279913789413 1051
1052 303.8405550129128 1052
1053 303.8531587169008 1053
1054 303.8658023388545 1054
1055 303.878485724519 1055
1056 303.8912087174322 1056
1057 303.9039711589481 1057
1058 303.9167728881841 1058
1059 303.9296137420522 1059
1060 303.9424935552237 1060
1061 303.9554121601402 1061
1062 303.9683693870015 1062
1063 303.9813650637309 1063
1064 303.9943990160231 1064
1065 304.007471067279 1065
1066 304.0205810386345 1066
1067 304.0337287489388 1067
1068 304.0469140147376 1068
1069 304.0601366502946 1069
1070 304.0733964675541 1070
1071 304.0866932761273 1071
1072 304.1000268833377 1072
1073 304.1133970941515 1073
1074 304.1268037111965 1074
1075 304.1402465347485 1075
1076 304.15372536274 1076
1077 304.1672399907285 1077
1078 304.1807902119027 1078
1079 304.1943758170734 1079
1080 304.2079965946515 1080
1081 304.2216523306751 1081
1082 304.2353428087475 1082
1083 304.2490678100856 1083
1084 304.2628271134724 1084
1085 304.27662049527 1085
1086 304.290447729397 1086
1087 304.3043085873358 1087
1088 304.3182028381164 1088
1089 304.3321302482918 1089
1090 304.3460905819743 1090
1091 304.3600836007838 1091
1092 304.3741090638604 1092
1093 304.3881667278363 1093
1094 304.4022563468807 1094
1095 304.4163776726207 1095
1096 304.4305304541755 1096
1097 304.4447144381603 1097
1098 304.4589293686262 1098
1099 304.4731749871086 1099
1100 304.4874510325848 1100
1101 304.5017572414811 1101
1102 304.5160933476549 1102
1103 304.5304590823989 1103
1104 304.544854174418 1104
1105 304.5592783498359 1105
1106 304.5737313321741 1106
1107 304.5882128423478 1107
1108 304.60272259868 1108
1109 304.6172603168425 1109
1110 304.6318257099103 1110
1111 304.6464184882987 1111
1112 304.661038359795 1112
1113 304.6756850295222 1113
1114 304.6903581999575 1114
1115 304.7050575708951 1115
1116 304.7197828394547 1116
1117 304.7345337000889 1117
1118 304.7493098445348 1118
1119 304.7641109618497 1119
1120 304.7789367383639 1120
1121 304.7937868577079 1121
1122 304.8086610007749 1122
1123 304.8235588457344 1123
1124 304.838480068018 1124
1125 304.8534243402898 1125
1126 304.8683913324871 1126
1127 304.8833807117568 1127
1128 304.8983921424826 1128
1129 304.9134252862767 1129
1130 304.9284798019382 1130
1131 304.9435553454979 1131
1132 304.9586515701641 1132
1133 304.9737681263436 1133
1134 304.9889046616034 1134
1135 305.0040608206991 1135
1136 305.019236245548 1136
1137 305.034430575211 1137
1138 305.0496434459048 1138
1139 305.064874490986 1139
1140 305.0801233409287 1140
1141 305.0953896233609 1141
1142 305.1106729629751 1142
1143 305.1259729816204 1143
1144 305.141289298212 1144
1145 305.1566215287688 1145
1146 305.1719692863918 1146
1147 305.1873321812408 1147
1148 305.2027098205716 1148
1149 305.218101808664 1149
1150 305.2335077468817 1150
1151 305.2489272335862 1151
1152 305.2643598642247 1152
1153 305.2798052312316 1153
1154 305.2952629240753 1154
1155 305.3107325292199 1155
1156 305.3262136301499 1156
1157 305.3417058073269 1157
1158 305.3572086382146 1158
1159 305.3727216972335 1159
1160 305.3882445557783 1160
1161 305.4037767822219 1161
1162 305.4193179418688 1162
1163 305.4348675969786 1163
1164 305.4504253067331 1164
1165 305.4659906272749 1165
1166 305.4815631116259 1166
1167 305.4971423097456 1167
1168 305.5127277685043 1168
1169 305.5283190316438 1169
1170 305.5439156398011 1170
1171 305.559517130504 1171
1172 305.5751230381516 1172
1173 305.5907328939887 1173
1174 305.6063462261343 1174
1175 305.6219625595399 1175
1176 305.6375814160101 1176
1177 305.6532023141643 1177
1178 305.6688247694656 1178
1179 305.6844482941741 1179
1180 305.7000723973637 1180
1181 305.7156965848997 1181
1182 305.731320359451 1182
1183 305.7469432204483 1183
1184 305.7625646641229 1184
1185 305.7781841834538 1185
1186 305.7938012681779 1186
1187 305.8094154047901 1187
1188 305.8250260765195 1188
1189 305.840632763329 1189
1190 305.8562349419166 1190
1191 305.8718320856808 1191
1192 305.8874236647387 1192
1193 305.9030091459194 1193
1194 305.9185879927155 1194
1195 305.9341596653319 1195
1196 305.9497236206329 1196
1197 305.9652793121574 1197
1198 305.9808261901082 1198
1199 305.9963637013351 1199
1200 305.9489919893028 1200
