"bat7-rfile"
"Time Step" "bat7 etc.."
("Time Step" "bat7" "flow-time")
0 298.1499999999974 0
1 298.1863231022173 1
2 298.2216934413831 2
3 298.2563489303907 3
4 298.2904090777119 4
5 298.3239459655778 5
6 298.3570078081876 6
7 298.3896289151356 7
8 298.4218351004267 8
9 298.4536471858761 9
10 298.4850819009067 10
11 298.5161529099208 11
12 298.546871905151 12
13 298.5772484958512 13
14 298.6072913395383 14
15 298.6370083140835 15
16 298.6664064548037 16
17 298.695665095456 17
18 298.7245914161445 18
19 298.7533478328689 19
20 298.7818242575659 20
21 298.8099792593306 21
22 298.8379498692939 22
23 298.8655853862916 23
24 298.8929304723351 24
25 298.9199915315469 25
26 298.9468762410123 26
27 298.9734951312911 27
28 298.9998546204541 28
29 299.0258777533995 29
30 299.051688499015 30
31 299.0772149914249 31
32 299.1024768658733 32
33 299.1275216806849 33
34 299.1523335707519 34
35 299.1769114915587 35
36 299.2011826404041 36
37 299.225257754115 37
38 299.2491097925549 38
39 299.2727809762937 39
40 299.2962171423422 40
41 299.3193863086335 41
42 299.3423095704459 42
43 299.3649942219821 43
44 299.3874398127435 44
45 299.4096597597188 45
46 299.4316417214835 46
47 299.453464888164 47
48 299.475083610455 48
49 299.4964978239599 49
50 299.5177083709477 50
51 299.5386843715449 51
52 299.5594421176546 52
53 299.5799870899212 53
54 299.600318323766 54
55 299.6204290815471 55
56 299.6403423347532 56
57 299.6600666158416 57
58 299.6795768499421 58
59 299.6989532191774 59
60 299.7181508105912 60
61 299.7371691093985 61
62 299.7559569528191 62
63 299.7745636527612 63
64 299.7930118794874 64
65 299.811260049912 65
66 299.8293531591996 66
67 299.8472541400294 67
68 299.8649741932168 68
69 299.8825170816652 69
70 299.8998638296785 70
71 299.9170747966704 71
72 299.9340860670112 72
73 299.950915683552 73
74 299.9675909799298 74
75 299.9841361637517 75
76 300.0004687112936 76
77 300.0166412758688 77
78 300.0326654716991 78
79 300.0485361724321 79
80 300.0642370627313 80
81 300.0798408600719 81
82 300.0952802415318 82
83 300.1105660355951 83
84 300.1257269387834 84
85 300.1407282896548 85
86 300.1555613301934 86
87 300.1702747596045 87
88 300.1848259505886 88
89 300.1992372510199 89
90 300.2135134920784 90
91 300.2276544645575 91
92 300.2416797470756 92
93 300.2555497826761 93
94 300.2693310038925 94
95 300.282966546524 95
96 300.2964423572093 96
97 300.3098303036319 97
98 300.3230777528808 98
99 300.3361786959193 99
100 300.3491763304376 100
101 300.3620493324508 101
102 300.3747735126953 102
103 300.387384857612 103
104 300.3998762220531 104
105 300.4122445342109 105
106 300.4244971440852 106
107 300.4366298248932 107
108 300.448648996444 108
109 300.4605750873948 109
110 300.4723733942718 110
111 300.4840346117415 111
112 300.4955880895406 112
113 300.5070340368179 113
114 300.5183532069784 114
115 300.5295711434397 115
116 300.5406615124481 116
117 300.5516359675237 117
118 300.5625152001942 118
119 300.5732681185372 119
120 300.5839219119868 120
121 300.5944843197092 121
122 300.6049489147369 122
123 300.6153172259024 123
124 300.625595382794 124
125 300.635773503403 125
126 300.6458538619151 126
127 300.6558410107463 127
128 300.6657286297219 128
129 300.6755038977502 129
130 300.6851789014502 130
131 300.6947740118972 131
132 300.7042603380318 132
133 300.7136622740886 133
134 300.7229929913725 134
135 300.7322214895647 135
136 300.7413824962874 136
137 300.7504631490048 137
138 300.7594652438707 138
139 300.7683766126223 139
140 300.7772113335914 140
141 300.7859757376741 141
142 300.7946690750463 142
143 300.8033095753353 143
144 300.811890925521 144
145 300.8204071671595 145
146 300.8288461062625 146
147 300.8372134461276 147
148 300.845510345389 148
149 300.8537375935568 149
150 300.8619068598524 150
151 300.8700023321524 151
152 300.8780291038105 152
153 300.8859882986251 153
154 300.8938807298465 154
155 300.9017175492315 155
156 300.9094940223373 156
157 300.9171995745584 157
158 300.924839451244 158
159 300.9324248424271 159
160 300.9399416737381 160
161 300.9474045122837 161
162 300.9548077169346 162
163 300.9621538887693 163
164 300.9694329312048 164
165 300.9766574469915 165
166 300.9838175300486 166
167 300.9909170212675 167
168 300.9979571350079 168
169 301.0049388288884 169
170 301.0118629395864 170
171 301.0187390931366 171
172 301.0255547382075 172
173 301.0323140250366 173
174 301.0390180250585 174
175 301.0456675311437 175
176 301.052271753494 176
177 301.0588270005986 177
178 301.0653246920065 178
179 301.0717773532116 179
180 301.0781737115821 180
181 301.0845178564934 181
182 301.0908108642018 182
183 301.0970535626543 183
184 301.1032466894873 184
185 301.1093908937855 185
186 301.1154874388957 186
187 301.1215435673301 187
188 301.1275585190574 188
189 301.1335219457912 189
190 301.1394380753491 190
191 301.1453218849983 191
192 301.1511544399781 192
193 301.1569400084042 193
194 301.1626798017051 194
195 301.1683747726634 195
196 301.1740256721453 196
197 301.1796331980348 197
198 301.1852135355116 198
199 301.1907443732675 199
200 301.1962387910046 200
201 301.2016875642111 201
202 301.207094719496 202
203 301.2124671002604 203
204 301.217797498176 204
205 301.2230937714711 205
206 301.228346640276 206
207 301.2335660609558 207
208 301.2387572227219 208
209 301.2439165141776 209
210 301.249029292772 210
211 301.2541011609775 211
212 301.2591400006498 212
213 301.2641396088736 213
214 301.2691012108952 214
215 301.2740256884583 215
216 301.2789139456551 216
217 301.2837857906365 217
218 301.2886278834551 218
219 301.2934326828484 219
220 301.2982019664846 220
221 301.3029324427122 221
222 301.3076395013964 222
223 301.312304532025 223
224 301.3169397305331 224
225 301.3215434832993 225
226 301.3261216185641 226
227 301.3306742817157 227
228 301.335192444276 228
229 301.3396776071683 229
230 301.3441264091667 230
231 301.3485475452002 231
232 301.3529352897391 232
233 301.3572950158378 233
234 301.3616264314834 234
235 301.3659352414231 235
236 301.3702128812038 236
237 301.3744614664646 237
238 301.378676485468 238
239 301.3828658187738 239
240 301.3870228754478 240
241 301.3911551768318 241
242 301.3952668005539 242
243 301.3993551616605 243
244 301.4034091944453 244
245 301.4074334768243 245
246 301.4114339115098 246
247 301.4154041094763 247
248 301.4193464547815 248
249 301.4232616519586 249
250 301.4271502148965 250
251 301.4310110147406 251
252 301.4348513532993 252
253 301.4386753167585 253
254 301.4424689476718 254
255 301.4462361414937 255
256 301.4499770274159 256
257 301.4536965836198 257
258 301.4573989218433 258
259 301.4610834018029 259
260 301.4647376026051 260
261 301.4683802330737 261
262 301.4719928539023 262
263 301.4755838533069 263
264 301.4791521709398 264
265 301.4826980191622 265
266 301.4862265471328 266
267 301.4897267807362 267
268 301.4932114764297 268
269 301.4966725489592 269
270 301.5001115530023 270
271 301.5035231858854 271
272 301.5069199223341 272
273 301.5102904526232 273
274 301.513650933974 274
275 301.5169927583966 275
276 301.5203110398139 276
277 301.5236038227413 277
278 301.5268819107792 278
279 301.5301377599043 279
280 301.5333672138034 280
281 301.5365824917401 281
282 301.539777434321 282
283 301.5429477613563 283
284 301.5460988598891 284
285 301.5492317861215 285
286 301.552345154241 286
287 301.5554403782331 287
288 301.5585179511627 288
289 301.561574018891 289
290 301.5646093067105 290
291 301.5676243621559 291
292 301.570619620143 292
293 301.5735990127508 293
294 301.5765575210596 294
295 301.579500286615 295
296 301.582430052493 296
297 301.5853373120156 297
298 301.5882250414299 298
299 301.5910926482739 299
300 301.5939531131817 300
301 301.5967905189149 301
302 301.5996122124617 302
303 301.6024145586252 303
304 301.605201499887 304
305 301.6079684856037 305
306 301.6107204286382 306
307 301.6134518803211 307
308 301.6161690089122 308
309 301.6188678767234 309
310 301.6215489524888 310
311 301.624212557663 311
312 301.6268589533042 312
313 301.629488350541 313
314 301.6321041343837 314
315 301.6347085772176 315
316 301.637292957811 316
317 301.6398599356478 317
318 301.6424099972119 318
319 301.644950150155 319
320 301.6474732263616 320
321 301.6499780640971 321
322 301.6524660165821 322
323 301.6549374448845 323
324 301.6573925885405 324
325 301.6598316394437 325
326 301.6622571731592 326
327 301.6646722044384 327
328 301.6670746490317 328
329 301.6694605483107 329
330 301.6718310935939 330
331 301.6741829996478 331
332 301.6765211237373 332
333 301.6788481680765 333
334 301.6811570376316 334
335 301.6834493033727 335
336 301.6857254163556 336
337 301.6879856686523 337
338 301.6902303053481 338
339 301.6924588799065 339
340 301.6946777975903 340
341 301.6968795699745 341
342 301.6990742454089 342
343 301.7012524454412 343
344 301.7034125633417 344
345 301.7055592439757 345
346 301.7076898538089 346
347 301.7098048454726 347
348 301.711904510898 348
349 301.7139946629976 349
350 301.7160727864758 350
351 301.7181349484866 351
352 301.7201858333021 352
353 301.7222187173679 353
354 301.7242411405398 354
355 301.7262457853766 355
356 301.7282345387946 356
357 301.7302130390735 357
358 301.7321768460886 358
359 301.734126266132 359
360 301.7360594917625 360
361 301.7379794635667 361
362 301.7398887125444 362
363 301.7417857228721 363
364 301.7436701204924 364
365 301.7455390647447 365
366 301.7473931520186 366
367 301.7492328468412 367
368 301.75105872702 368
369 301.7528702546466 369
370 301.7546652295923 370
371 301.7564494860055 371
372 301.7582196129302 372
373 301.7599786061328 373
374 301.7617252242658 374
375 301.7634541896264 375
376 301.7651694799585 376
377 301.7668761870369 377
378 301.768570101618 378
379 301.7702487531136 379
380 301.7719111122842 380
381 301.7735626593416 381
382 301.7751975770095 382
383 301.7768175498969 383
384 301.7784229666663 384
385 301.780018193223 385
386 301.7815992602962 386
387 301.7831664208698 387
388 301.7847199551137 388
389 301.7862599518972 389
390 301.7877889219026 390
391 301.7893057631807 391
392 301.7908102026977 392
393 301.7922982943134 393
394 301.7937734211885 394
395 301.7952347987945 395
396 301.7966826371231 396
397 301.7981170160928 397
398 301.7995402566993 398
399 301.8009491318782 399
400 301.8023466416396 400
401 301.8037297381593 401
402 301.8050995017149 402
403 301.8064559297295 403
404 301.8077987865665 404
405 301.8091282980645 405
406 301.8104424766179 406
407 301.8117460844408 407
408 301.8130363743836 408
409 301.8143114153036 409
410 301.8155758417187 410
411 301.8168250439591 411
412 301.81806164771 412
413 301.8192874352688 413
414 301.8204999505869 414
415 301.8216973888509 415
416 301.8228841736147 416
417 301.824057820757 417
418 301.8252202373803 418
419 301.8263688703631 419
420 301.8275043616312 420
421 301.8286268491734 421
422 301.829738139456 422
423 301.8308374944423 423
424 301.8319211937395 424
425 301.8329941908815 425
426 301.8340556274325 426
427 301.8351035932858 427
428 301.8361385737028 428
429 301.8371606986033 429
430 301.838170051727 430
431 301.8391666911898 431
432 301.840149554016 432
433 301.841119231718 433
434 301.8420767804234 434
435 301.8430233584617 435
436 301.8439552185983 436
437 301.8448747775153 437
438 301.845785069091 438
439 301.8466821485967 439
440 301.8475667020044 440
441 301.8484387667763 441
442 301.8492995192136 442
443 301.8501457496234 443
444 301.8509813584135 444
445 301.8518044699515 445
446 301.852615165357 446
447 301.8534135203612 447
448 301.8541980272382 448
449 301.8549715883283 449
450 301.8557317495904 450
451 301.8564809908842 451
452 301.8572182051972 452
453 301.8579427430244 453
454 301.8586539651788 454
455 301.8593534332265 455
456 301.8600402326463 456
457 301.8607150860631 457
458 301.8613772537669 458
459 301.8620265366383 459
460 301.8626636288694 460
461 301.8632887013658 461
462 301.8639030792148 462
463 301.8645051784887 463
464 301.8650948963129 464
465 301.865673157905 465
466 301.8662392637104 466
467 301.8667933548754 467
468 301.8673359965993 468
469 301.8678672351346 469
470 301.868385963313 470
471 301.8688938199419 471
472 301.8693908110342 472
473 301.8698762687386 473
474 301.8703493149908 474
475 301.8708116957299 475
476 301.8712627082168 476
477 301.8717025551402 477
478 301.8721308449097 478
479 301.8725480983035 479
480 301.8729551181603 480
481 301.8733504445719 481
482 301.8737348698778 482
483 301.8741085456 483
484 301.8744724493513 484
485 301.8748251463256 485
486 301.8751678938789 486
487 301.8754993455963 487
488 301.8758209781723 488
489 301.8761316023426 489
490 301.8764319664273 490
491 301.8767225615781 491
492 301.8770028538488 492
493 301.8772728537389 493
494 301.8775328882249 494
495 301.8777829361785 495
496 301.8780230361469 496
497 301.8782533417585 497
498 301.8784737005636 498
499 301.8786837523813 499
500 301.8788842102913 500
501 301.8790747523767 501
502 301.879255430525 502
503 301.8794264895281 503
504 301.8795879120324 504
505 301.8797397760436 505
506 301.8798821074064 506
507 301.8800150448565 507
508 301.8801383689854 508
509 301.8802523439545 509
510 301.8803568835368 510
511 301.8804518385795 511
512 301.8805376317261 512
513 301.880614196265 513
514 301.8806816147965 514
515 301.8807398720675 515
516 301.8807892675405 516
517 301.8808295919905 517
518 301.8808610610823 518
519 301.8808837434906 519
520 301.8808977631349 520
521 301.8809032941762 521
522 301.8809001417626 522
523 301.8808884773609 523
524 301.8808683640946 524
525 301.880839957573 525
526 301.8808031407025 526
527 301.8807580331651 527
528 301.8807046047891 528
529 301.8806430932396 529
530 301.8805734491913 530
531 301.8804957592409 531
532 301.880410316581 532
533 301.8803169932306 533
534 301.8802159300711 534
535 301.8801070384136 535
536 301.87999067395 536
537 301.8798665239468 537
538 301.8797350963073 538
539 301.8795962479466 539
540 301.8794501119026 540
541 301.8792965068699 541
542 301.8791359383213 542
543 301.8789682717576 543
544 301.8787936335834 544
545 301.8786117781671 545
546 301.8784233147467 546
547 301.8782280912172 547
548 301.8780261506865 548
549 301.8778174981042 549
550 301.8776018189205 550
551 301.8773796290699 551
552 301.8771512664043 552
553 301.8769166774206 553
554 301.8766759419527 554
555 301.8764290984693 555
556 301.8761757274218 556
557 301.8759164207873 557
558 301.8756515002605 558
559 301.8753809330848 559
560 301.8751048720159 560
561 301.8748233583845 561
562 301.8745361577162 562
563 301.8742427656965 563
564 301.8739440184626 564
565 301.8736401045979 565
566 301.8733310154987 566
567 301.8730170111944 567
568 301.8726981909948 568
569 301.8723745806471 569
570 301.8720455549032 570
571 301.871711957366 571
572 301.8713739582659 572
573 301.8710314461405 573
574 301.8706845252449 574
575 301.87033321886 575
576 301.8699784466104 576
577 301.8696194232546 577
578 301.869257084752 578
579 301.8688912551369 579
580 301.8685219801475 580
581 301.8681486053691 581
582 301.8677718427526 582
583 301.8673925125029 583
584 301.8670102648807 584
585 301.8666244564005 585
586 301.8662363984976 586
587 301.8658456121449 587
588 301.8654520995327 588
589 301.8650557146911 589
590 301.8646558855023 590
591 301.8642534516771 591
592 301.8638485956407 592
593 301.8634417525364 593
594 301.8630328220888 594
595 301.8626213524631 595
596 301.8622080461961 596
597 301.8617930629198 597
598 301.8613763145096 598
599 301.8609581937105 599
600 301.8605386302269 600
601 301.860117680371 601
602 301.8596954025668 602
603 301.8592711861449 603
604 301.8588458930907 604
605 301.8584197003939 605
606 301.8579930764841 606
607 301.8575658970709 607
608 301.8571376646369 608
609 301.8567091284584 609
610 301.8562804573016 610
611 301.8558519421296 611
612 301.8554235684405 612
613 301.8549946827511 613
614 301.8545667671704 614
615 301.8541392937632 615
616 301.8537116754686 616
617 301.8532846685403 617
618 301.8528590389054 618
619 301.8524336805759 619
620 301.8520098727894 620
621 301.8515870859242 621
622 301.851165426586 622
623 301.8507448029051 623
624 301.8503247490133 624
625 301.8499061175037 625
626 301.8494890773262 626
627 301.8490740130496 627
628 301.8486605520808 628
629 301.8482497539106 629
630 301.8478406918443 630
631 301.8474345261782 631
632 301.8470302941164 632
633 301.8466292414604 633
634 301.8462310233033 634
635 301.8458357563508 635
636 301.8454433198291 636
637 301.8450531829758 637
638 301.8446668828 638
639 301.8442835426512 639
640 301.8439042853614 640
641 301.8435282072887 641
642 301.8431564667576 642
643 301.8427881795525 643
644 301.8424244796118 644
645 301.8420650773004 645
646 301.8417100966533 646
647 301.8413594619368 647
648 301.8410128467222 648
649 301.8406714063834 649
650 301.8403346527522 650
651 301.8400032765781 651
652 301.8396771914091 652
653 301.8393565299173 653
654 301.8390412437051 654
655 301.8387311033565 655
656 301.8384270666728 656
657 301.8381287666322 657
658 301.8378368132649 658
659 301.8375508186516 659
660 301.8372712114933 660
661 301.8369981472168 661
662 301.8367316538525 662
663 301.8364720174633 663
664 301.8362195250458 664
665 301.8359742192303 665
666 301.8357360718234 666
667 301.8355048349815 667
668 301.8352815205803 668
669 301.8350659806735 669
670 301.8348583306247 670
671 301.8346585803015 671
672 301.8344665587126 672
673 301.8342831496735 673
674 301.8341082387799 674
675 301.8339419485619 675
676 301.8337843217769 676
677 301.8336352856683 677
678 301.8334954117846 678
679 301.8333647658356 679
680 301.8332434305813 680
681 301.8331315880321 681
682 301.8330293721618 682
683 301.83293703419 683
684 301.8328547350591 684
685 301.8327825111383 685
686 301.8327206124305 686
687 301.8326690883902 687
688 301.8326281330447 688
689 301.832597954087 689
690 301.8325786535515 690
691 301.8325703808362 691
692 301.8325732447292 692
693 301.8325874713133 693
694 301.8326131872173 694
695 301.8326505767027 695
696 301.8326998503643 696
697 301.8327611545918 697
698 301.8328347081193 698
699 301.8329205838041 699
700 301.8330190179649 700
701 301.8331299955079 701
702 301.8332539118691 702
703 301.8333909135142 703
704 301.8335411513974 704
705 301.8337047793912 705
706 301.8338819534924 706
707 301.8340728313056 707
708 301.8342775715478 708
709 301.83449633381 709
710 301.8347292783209 710
711 301.8349765658672 711
712 301.8352383576324 712
713 301.8355148152041 713
714 301.8358061004341 714
715 301.8361123754577 715
716 301.8364338026621 716
717 301.8367705446375 717
718 301.8371227641451 718
719 301.8374906241326 719
720 301.8378742877088 720
721 301.8382739181059 721
722 301.8386896786984 722
723 301.8391217329821 723
724 301.8395702445575 724
725 301.8400353771278 725
726 301.8405172945086 726
727 301.841016160581 727
728 301.8415321393357 728
729 301.8420653948314 729
730 301.8426160911904 730
731 301.8431843925999 731
732 301.8437704633299 732
733 301.844374467692 733
734 301.8449965700341 734
735 301.8456369347669 735
736 301.846295726318 736
737 301.8469731091924 737
738 301.8476692478673 738
739 301.8483843068766 739
740 301.8491184507844 740
741 301.8498718441233 741
742 301.8506446514611 742
743 301.8514370373863 743
744 301.8522491664358 744
745 301.853081203177 745
746 301.8539333121602 746
747 301.8548056578916 747
748 301.8556984048773 748
749 301.8566117175835 749
750 301.8575457604343 750
751 301.8585006978171 751
752 301.8594766940974 752
753 301.8604739135604 753
754 301.8614925204259 754
755 301.8625326788879 755
756 301.8635945530222 756
757 301.864678306885 757
758 301.8657841044251 758
759 301.8669121094831 759
760 301.8680624858587 760
761 301.8692353972116 761
762 301.8704310071218 762
763 301.8716494790676 763
764 301.8728909763909 764
765 301.8741556623344 765
766 301.8754436999983 766
767 301.8767552523642 767
768 301.8780904822648 768
769 301.8794495524124 769
770 301.8808326253574 770
771 301.8822398634896 771
772 301.8836714290439 772
773 301.8851274840902 773
774 301.8866081905368 774
775 301.888113710088 775
776 301.8896442043069 776
777 301.8911998345091 777
778 301.8927807618733 778
779 301.894387147338 779
780 301.8960191516498 780
781 301.8976769353427 781
782 301.8993606587094 782
783 301.9010704818505 783
784 301.9028065646198 784
785 301.9045690666322 785
786 301.9063581472466 786
787 301.9081739656083 787
788 301.9100166805621 788
789 301.9118864507296 789
790 301.9137834344369 790
791 301.9157077897498 791
792 301.9176596744633 792
793 301.919639246046 793
794 301.9216466617399 794
795 301.9236820784128 795
796 301.9257456526856 796
797 301.9278375408301 797
798 301.9299578988419 798
799 301.9321068823461 799
800 301.9342846466862 800
801 301.9364913468251 801
802 301.9387271373904 802
803 301.940992172697 803
804 301.9432866066752 804
805 301.9456105928977 805
806 301.9479642845835 806
807 301.9503478345487 807
808 301.9527613952506 808
809 301.9552051187547 809
810 301.9576791567497 810
811 301.9601836604936 811
812 301.9627187808799 812
813 301.9652846683442 813
814 301.9678814729206 814
815 301.9705093442632 815
816 301.9731684315236 816
817 301.9758588834447 817
818 301.9785808483485 818
819 301.9813344740689 819
820 301.9841199080111 820
821 301.9869372971118 821
822 301.9897867878321 822
823 301.9926685261451 823
824 301.995582657566 824
825 301.9985293271114 825
826 302.0015086792948 826
827 302.0045208581213 827
828 302.0075660071077 828
829 302.010644269258 829
830 302.0137557870302 830
831 302.0169007023575 831
832 302.0200791566509 832
833 302.0232912907928 833
834 302.0265372450818 834
835 302.0298171592793 835
836 302.033131172594 836
837 302.0364794236621 837
838 302.0398620505296 838
839 302.0432791906827 839
840 302.0467309810018 840
841 302.0502175577913 841
842 302.0537390567436 842
843 302.0572956129388 843
844 302.0608873608399 844
845 302.0645144343191 845
846 302.0681769665824 846
847 302.0718750902157 847
848 302.0756089371746 848
849 302.07937863875 849
850 302.083184325581 850
851 302.0870261276672 851
852 302.0909041743138 852
853 302.0948185941425 853
854 302.0987695151368 854
855 302.1027570645518 855
856 302.106781368963 856
857 302.1108425542369 857
858 302.1149407455446 858
859 302.1190760673272 859
860 302.1232486433119 860
861 302.1274585965022 861
862 302.1317060491465 862
863 302.1359911227514 863
864 302.1403139381137 864
865 302.1446746152162 865
866 302.14907327332 866
867 302.1535100309005 867
868 302.1579850056543 868
869 302.1624983145024 869
870 302.1670500735624 870
871 302.1716403981746 871
872 302.1762694028423 872
873 302.1809372012865 873
874 302.1856439064107 874
875 302.1903896302715 875
876 302.195174484095 876
877 302.1999985782969 877
878 302.20486202242 878
879 302.2097649251492 879
880 302.2147073943387 880
881 302.2196895369544 881
882 302.2247114590835 882
883 302.2297732659475 883
884 302.2348750618827 884
885 302.2400169503014 885
886 302.2451990337541 886
887 302.2504214138482 887
888 302.2556841913006 888
889 302.2609874658918 889
890 302.2663313364694 890
891 302.2717159009611 891
892 302.2771412563277 892
893 302.2826074985991 893
894 302.2881147228428 894
895 302.293663023149 895
896 302.2992524926406 896
897 302.304883223486 897
898 302.3105553068293 898
899 302.3162688328366 899
900 302.3220238906998 900
901 302.3278205685465 901
902 302.3336589535451 902
903 302.3395391318201 903
904 302.3454611884521 904
905 302.3514252075224 905
906 302.3574312720384 906
907 302.3634794639628 907
908 302.369569864218 908
909 302.3757025526197 909
910 302.3818776079895 910
911 302.3880951079849 911
912 302.3943551292357 912
913 302.4006577472544 913
914 302.4070030364659 914
915 302.4133910701585 915
916 302.4198219205545 916
917 302.4262956587056 917
918 302.4328123545721 918
919 302.4393720769659 919
920 302.4459748935441 920
921 302.4526208708306 921
922 302.4593100741787 922
923 302.4660425677843 923
924 302.4728184146747 924
925 302.4796376766937 925
926 302.4865004144967 926
927 302.4934066875379 927
928 302.5003565540983 928
929 302.5073500712133 929
930 302.5143872947329 930
931 302.5214682792806 931
932 302.5285930782351 932
933 302.5357617437508 933
934 302.5429743267209 934
935 302.5502308768216 935
936 302.5575314424315 936
937 302.5648760706915 937
938 302.5722648074509 938
939 302.5796976972899 939
940 302.5871747834859 940
941 302.5946961080411 941
942 302.6022617116471 942
943 302.609871633675 943
944 302.6175259121923 944
945 302.6252245839388 945
946 302.6329676843129 946
947 302.6407552474006 947
948 302.6485873059029 948
949 302.6564638911941 949
950 302.664385033278 950
951 302.6723507607952 951
952 302.6803611010092 952
953 302.688416079795 953
954 302.6965157216283 954
955 302.7046600496251 955
956 302.7128490854473 956
957 302.7210828493768 957
958 302.7293613602641 958
959 302.7376846355374 959
960 302.7460526911755 960
961 302.7544655417423 961
962 302.7629232003243 962
963 302.7714256785622 963
964 302.7799729866389 964
965 302.7885651332496 965
966 302.7972021256174 966
967 302.8058839695059 967
968 302.8146106691391 968
969 302.8233822272711 969
970 302.8321986451307 970
971 302.8410599224345 971
972 302.8499660573754 972
973 302.8589170466227 973
974 302.8679128853137 974
975 302.8769535670027 975
976 302.8860390837329 976
977 302.8951694259648 977
978 302.9043445825926 978
979 302.9135645409408 979
980 302.9228292867455 980
981 302.9321388041548 981
982 302.9414930756946 982
983 302.9508920823462 983
984 302.9603358034213 984
985 302.9698242166236 985
986 302.9793572980241 986
987 302.988935022098 987
988 302.9985573616289 988
989 303.0082242877554 989
990 303.0179357700005 990
991 303.0276917761706 991
992 303.0374922724173 992
993 303.0473372232305 993
994 303.0572265913814 994
995 303.0671603379718 995
996 303.0771384223749 996
997 303.0871608022686 997
998 303.0972274336248 998
999 303.1073382706566 999
1000 303.1174932658727 1000
1001 303.1276923700288 1001
1002 303.1379355321339 1002
1003 303.148222699443 1003
1004 303.1585538174467 1004
1005 303.1689288298514 1005
1006 303.1793476786102 1006
1007 303.1898103038769 1007
1008 303.2003166440142 1008
1009 303.2108666355624 1009
1010 303.2214602132913 1010
1011 303.2320973101178 1011
1012 303.2427778571653 1012
1013 303.2535017837018 1013
1014 303.2642690171833 1014
1015 303.2750794831817 1015
1016 303.2859331054401 1016
1017 303.2968298058436 1017
1018 303.3077695043859 1018
1019 303.3187521192117 1019
1020 303.3297775665447 1020
1021 303.3408457607479 1021
1022 303.3519566142865 1022
1023 303.3631100376858 1023
1024 303.3743059395697 1024
1025 303.3855442266687 1025
1026 303.3968248037492 1026
1027 303.408147573648 1027
1028 303.4195124372518 1028
1029 303.4309192935094 1029
1030 303.4423680394019 1030
1031 303.4538585699363 1031
1032 303.4653907781408 1032
1033 303.4769645550688 1033
1034 303.4885797897813 1034
1035 303.5002363693483 1035
1036 303.5119341788077 1036
1037 303.5236731012021 1037
1038 303.5354530175507 1038
1039 303.5472738068511 1039
1040 303.5591353460352 1040
1041 303.5710375100119 1041
1042 303.5829801716442 1042
1043 303.5949632017262 1043
1044 303.6069864689727 1044
1045 303.6190498400339 1045
1046 303.6311531794724 1046
1047 303.643296349775 1047
1048 303.6554792113056 1048
1049 303.6677016223415 1049
1050 303.6799634390354 1050
1051 303.6922645154376 1051
1052 303.7046047034221 1052
1053 303.7169838527782 1053
1054 303.7294018111263 1054
1055 303.7418584239299 1055
1056 303.7543535345113 1056
1057 303.7668869839914 1057
1058 303.7794586113623 1058
1059 303.792068253403 1059
1060 303.8047157446996 1060
1061 303.817400917654 1061
1062 303.8301236024433 1062
1063 303.8428836270564 1063
1064 303.8556808172302 1064
1065 303.8685149965031 1065
1066 303.8813859861592 1066
1067 303.8942936052291 1067
1068 303.9072376705161 1068
1069 303.920217996525 1069
1070 303.9332343955337 1070
1071 303.9462866775151 1071
1072 303.9593746501933 1072
1073 303.9724981189607 1073
1074 303.9856568869193 1074
1075 303.9988507548791 1075
1076 304.0120795213338 1076
1077 304.0253429824613 1077
1078 304.0386409320695 1078
1079 304.0519731616782 1079
1080 304.0653394604395 1080
1081 304.0787396151486 1081
1082 304.092173410244 1082
1083 304.1056406277962 1083
1084 304.1191410475078 1084
1085 304.1326744466852 1085
1086 304.1462406002412 1086
1087 304.1598392807017 1087
1088 304.1734702581588 1088
1089 304.1871333003347 1089
1090 304.2008281724808 1090
1091 304.2145546374445 1091
1092 304.2283124556307 1092
1093 304.242101384991 1093
1094 304.2559211810252 1094
1095 304.269771596796 1095
1096 304.2836523828387 1096
1097 304.2975632872824 1097
1098 304.3115040556918 1098
1099 304.3254744312183 1099
1100 304.3394741544565 1100
1101 304.3535029635217 1101
1102 304.3675605939941 1102
1103 304.3816467789292 1103
1104 304.3957612488838 1104
1105 304.4099037318293 1105
1106 304.424073953208 1106
1107 304.438271635927 1107
1108 304.4524965002913 1108
1109 304.4667482640621 1109
1110 304.4810266424342 1110
1111 304.495331347973 1111
1112 304.5096620906801 1112
1113 304.5240185779415 1113
1114 304.5384005145366 1114
1115 304.5528076026535 1115
1116 304.5672395418098 1116
1117 304.5816960289089 1117
1118 304.5961767582158 1118
1119 304.6106814213546 1119
1120 304.625209707261 1120
1121 304.639761302253 1121
1122 304.65433588992 1122
1123 304.6689331512284 1123
1124 304.6835527644211 1124
1125 304.6981944050355 1125
1126 304.7128577459407 1126
1127 304.7275424572694 1127
1128 304.7422482064288 1128
1129 304.7569746581218 1129
1130 304.7717214742954 1130
1131 304.7864883141715 1131
1132 304.8012748342031 1132
1133 304.8160806880924 1133
1134 304.830905526776 1134
1135 304.8457489984166 1135
1136 304.860610748391 1136
1137 304.875490419289 1137
1138 304.8903876508934 1138
1139 304.9053020801815 1139
1140 304.9202333413579 1140
1141 304.9351810657241 1141
1142 304.9501448818133 1142
1143 304.9651244153231 1143
1144 304.9801192890859 1144
1145 304.9951291230628 1145
1146 305.01015353439 1146
1147 305.0251921373132 1147
1148 305.0402445432271 1148
1149 305.0553103605874 1149
1150 305.0703891950138 1150
1151 305.0854806492094 1151
1152 305.1005843229581 1152
1153 305.1156998131179 1153
1154 305.1308267136551 1154
1155 305.1459646155816 1155
1156 305.1611131069764 1156
1157 305.1762717729655 1157
1158 305.1914401957246 1158
1159 305.2066179544773 1159
1160 305.2218046254307 1160
1161 305.2369997818845 1161
1162 305.2522029940869 1162
1163 305.2674138293198 1163
1164 305.282631851853 1164
1165 305.2978566229629 1165
1166 305.3130877008895 1166
1167 305.32832464086 1167
1168 305.3435669950495 1168
1169 305.3588143126044 1169
1170 305.3740661396103 1170
1171 305.3893220191029 1171
1172 305.4045814910603 1172
1173 305.4198440923653 1173
1174 305.4351093568396 1174
1175 305.450376815197 1175
1176 305.4656459950666 1176
1177 305.480916420966 1177
1178 305.4961876143056 1178
1179 305.5114590933615 1179
1180 305.5267303732949 1180
1181 305.5420009661307 1181
1182 305.5572703807236 1182
1183 305.57253812281 1183
1184 305.5878036949372 1184
1185 305.6030665965039 1185
1186 305.6183263237235 1186
1187 305.633582369621 1187
1188 305.6488342240179 1188
1189 305.6640813735772 1189
1190 305.6793233017099 1190
1191 305.6945594886299 1191
1192 305.7097894113237 1192
1193 305.7250125435585 1193
1194 305.7402283558224 1194
1195 305.7554363153943 1195
1196 305.7706358862868 1196
1197 305.7858265292494 1197
1198 305.8010077017482 1198
1199 305.8161788579766 1199
1200 305.7682039703217 1200
