"bat8-rfile"
"Time Step" "bat8 etc.."
("Time Step" "bat8" "flow-time")
0 298.1500000000031 0
1 298.1863134725976 1
2 298.221665444842 2
3 298.2562916099852 3
4 298.2903116158625 4
5 298.3237981069264 5
6 298.3568014310378 6
7 298.3893564685723 7
8 298.4214892597418 8
9 298.4532223000283 9
10 298.4845734212702 10
11 298.5155567777479 11
12 298.5461836050717 12
13 298.5764643581508 13
14 298.6064094389804 14
15 298.6360294310728 15
16 298.6653312058542 16
17 298.6944847962687 17
18 298.7233328377061 18
19 298.751987491213 19
20 298.7803772208827 20
21 298.8084472909936 21
22 298.8363101135157 22
23 298.8638580753888 23
24 298.8911079775178 24
25 298.9180692294364 25
26 298.9448348204645 26
27 298.9713493715329 27
28 298.997601720188 28
29 299.0235248934518 29
30 299.0492199479221 30
31 299.074636222368 31
32 299.0997850306879 32
33 299.12470963491 33
34 299.1494022768218 34
35 299.1738611461287 35
36 299.1980217535974 36
37 299.2219732198142 37
38 299.2457031475062 38
39 299.269243932661 39
40 299.292562702093 40
41 299.3156171262371 41
42 299.3384224617572 42
43 299.3609871654965 43
44 299.3833120731368 44
45 299.4054100008084 45
46 299.4272616313487 46
47 299.4489618034381 47
48 299.4704587609176 48
49 299.4917519011327 49
50 299.5128417754452 50
51 299.5337013498572 51
52 299.5543408093265 52
53 299.5747665567484 53
54 299.5949784677466 54
55 299.6149620035216 55
56 299.6347611789726 56
57 299.6543662777139 57
58 299.6737508169126 58
59 299.693007486875 59
60 299.7120866792026 60
61 299.7309875686959 61
62 299.7496649849641 62
63 299.7681558158877 63
64 299.7864844091086 64
65 299.8046188028433 65
66 299.8225934095348 66
67 299.8403809769713 67
68 299.8579869373673 68
69 299.8754154059095 69
70 299.892650232383 70
71 299.9097421603691 71
72 299.9266426106848 72
73 299.9433533174965 73
74 299.9599201212703 74
75 299.9763494449705 75
76 299.9925757987834 76
77 300.0086376291453 77
78 300.0245486756002 78
79 300.040307115239 79
80 300.05589083724 80
81 300.0713817425594 81
82 300.0867128783936 82
83 300.1018899144909 83
84 300.1169386592022 84
85 300.131832664605 85
86 300.1465543077136 86
87 300.1611626792359 87
88 300.1756023881172 88
89 300.1899061257541 89
90 300.2040735970371 90
91 300.2181088149849 91
92 300.2320334189768 92
93 300.245796058043 93
94 300.2594723205767 94
95 300.2730063963077 95
96 300.2863788021741 96
97 300.2996644697086 97
98 300.3128129447735 98
99 300.3258078030926 99
100 300.3387043733291 100
101 300.351475596197 101
102 300.3640980945552 102
103 300.3766056571708 103
104 300.3889993280238 104
105 300.4012651287325 105
106 300.4134212027801 106
107 300.4254530203287 107
108 300.4373757453216 108
109 300.4492090515526 109
110 300.4609087725837 110
111 300.4724730844604 111
112 300.4839334205076 112
113 300.4952820255405 113
114 300.5065062681725 114
115 300.5176335119392 115
116 300.5286296081552 116
117 300.539514286224 117
118 300.5503001138566 118
119 300.5609654882221 119
120 300.5715278059394 120
121 300.5819991250809 121
122 300.5923736648701 122
123 300.60265837963 123
124 300.6128472455315 124
125 300.6229354469404 125
126 300.6329355454719 126
127 300.6428316946564 127
128 300.6526289647592 128
129 300.6623283507042 129
130 300.6719276297222 130
131 300.6814324416837 131
132 300.69084540575 132
133 300.7001737489521 133
134 300.7094163075487 134
135 300.7185725970849 135
136 300.7276473291338 136
137 300.7366439249985 137
138 300.7455630176946 138
139 300.7544055431969 139
140 300.7631710180153 140
141 300.7718640558823 141
142 300.7804843503822 142
143 300.7890526101545 143
144 300.7975590732547 144
145 300.8060001608504 145
146 300.8143648772712 146
147 300.8226570552924 147
148 300.8308781654152 148
149 300.8390292116475 149
150 300.8471207943847 150
151 300.8551401937598 151
152 300.8630905704351 152
153 300.8709732106936 153
154 300.8787890707764 154
155 300.8865482120809 155
156 300.8942476659803 156
157 300.9018777914837 157
158 300.9094420713336 158
159 300.9169507729568 159
160 300.9243926654093 160
161 300.9317794540536 161
162 300.9391073372796 162
163 300.9463784890358 163
164 300.953584018736 164
165 300.9607339483199 165
166 300.9678208737657 166
167 300.9748472242546 167
168 300.9818143583101 168
169 300.9887233153076 169
170 300.9955749880105 170
171 301.0023780388136 171
172 301.0091223523032 172
173 301.0158104938237 173
174 301.0224436084465 174
175 301.0290225539511 175
176 301.0355556134448 176
177 301.0420405418243 177
178 301.0484695033116 178
179 301.0548525842113 179
180 301.0611809977178 180
181 301.0674573081894 181
182 301.0736827369979 182
183 301.0798581870156 183
184 301.0859844323071 184
185 301.0920621649564 185
186 301.0980902106105 186
187 301.104082194136 187
188 301.1100320457386 188
189 301.1159318717523 189
190 301.1217823121248 190
191 301.1276035934529 191
192 301.1333746743338 192
193 301.1390987130828 193
194 301.144777125381 194
195 301.1504110231911 195
196 301.1560011933324 196
197 301.1615483728879 197
198 301.1670668733868 198
199 301.1725391189189 199
200 301.1779742007009 200
201 301.1833650315509 201
202 301.1887121551225 202
203 301.1940281195307 203
204 301.1993020304906 204
205 301.2045412128269 205
206 301.2097384067991 206
207 301.2149015470525 207
208 301.2200360112749 208
209 301.225139580814 209
210 301.2301990471491 210
211 301.2352157521993 211
212 301.2402024083059 212
213 301.2451494477103 213
214 301.250058373542 214
215 301.2549301991186 215
216 301.2597636549565 216
217 301.2645821601612 217
218 301.2693715213066 218
219 301.2741249910731 219
220 301.2788429303789 220
221 301.2835226064706 221
222 301.2881770734279 222
223 301.2927904467466 223
224 301.2973739512345 224
225 301.3019271158776 225
226 301.3064562768656 226
227 301.3109586381572 227
228 301.3154276325897 228
229 301.3198634465677 229
230 301.3242608530497 230
231 301.3286329514747 231
232 301.3329713189403 232
233 301.3372810197719 233
234 301.3415626048634 234
235 301.34582099928 235
236 301.3500496285668 236
237 301.354249197409 237
238 301.3584158546392 238
239 301.3625560421104 239
240 301.3666647903324 240
241 301.3707481193327 241
242 301.3748102796798 242
243 301.3788498015169 243
244 301.3828567718459 244
245 301.3868336587788 245
246 301.3907860235051 246
247 301.3947089998954 247
248 301.3986041001534 248
249 301.4024721168961 249
250 301.4063136163396 250
251 301.4101262158783 251
252 301.4139208762983 252
253 301.4176977100437 253
254 301.4214460782578 254
255 301.4251678256715 255
256 301.4288613900358 256
257 301.4325348553523 257
258 301.4361927984298 258
259 301.439832004698 259
260 301.4434406250834 260
261 301.4470383670132 261
262 301.4506076356905 262
263 301.4541545162069 263
264 301.4576788826698 264
265 301.4611809595898 265
266 301.4646652199086 266
267 301.4681228517535 267
268 301.4715635831872 268
269 301.4749818721129 269
270 301.4783781830899 270
271 301.4817466757675 271
272 301.4851017479731 272
273 301.4884292914155 273
274 301.4917475522591 274
275 301.4950475311337 275
276 301.4983249393075 276
277 301.5015772880001 277
278 301.5048137073574 278
279 301.5080290300988 279
280 301.511217603425 280
281 301.5143933385274 281
282 301.5175487001983 282
283 301.5206782654329 283
284 301.5237897014494 284
285 301.5268828471166 285
286 301.5299574472775 286
287 301.5330136323932 287
288 301.5360536845027 288
289 301.539072014432 289
290 301.5420695552656 290
291 301.5450469428534 291
292 301.5480046568066 292
293 301.55094622936 293
294 301.553867704969 294
295 301.5567731185707 295
296 301.5596653156988 296
297 301.5625365225297 297
298 301.5653881434716 298
299 301.5682187782233 299
300 301.571043122215 300
301 301.5738444014181 301
302 301.5766315010317 302
303 301.5793990935229 303
304 301.5821509034321 304
305 301.5848834311511 305
306 301.5876005838451 306
307 301.5902969658432 307
308 301.5929806717871 308
309 301.5956460030031 309
310 301.5982935711057 310
311 301.6009237688606 311
312 301.603536894696 312
313 301.6061331867941 313
314 301.608715662978 314
315 301.6112866611927 315
316 301.6138389898468 316
317 301.6163738880704 317
318 301.6188919424639 318
319 301.6213993770373 319
320 301.6238908393279 320
321 301.6263645253975 321
322 301.6288213599968 322
323 301.6312617788391 323
324 301.633686064655 324
325 301.636094428429 325
326 301.6384891630456 326
327 301.6408732110107 327
328 301.6432451986584 328
329 301.6456014791651 329
330 301.6479424863403 330
331 301.6502645625119 331
332 301.6525731917291 332
333 301.6548716901882 333
334 301.6571523671429 334
335 301.6594163847004 335
336 301.6616642911467 336
337 301.6638964317408 337
338 301.6661130789061 338
339 301.6683131690407 339
340 301.670504763109 340
341 301.6726785710543 341
342 301.6748458329192 342
343 301.6769973407513 343
344 301.6791305911 344
345 301.6812516207596 345
346 301.6833564042539 346
347 301.6854455256715 347
348 301.6875193520296 348
349 301.689583032105 349
350 301.6916351335315 350
351 301.693672024584 351
352 301.695697238487 352
353 301.6977054276086 353
354 301.699702392334 354
355 301.7016825862158 355
356 301.7036458742858 356
357 301.7055998406243 357
358 301.7075392464856 358
359 301.7094643918838 359
360 301.7113737348781 360
361 301.7132696165178 361
362 301.7151545685981 362
363 301.7170276599275 363
364 301.7188884218394 364
365 301.720734313767 365
366 301.7225654131576 366
367 301.7243821842712 367
368 301.7261852115984 368
369 301.7279740696118 369
370 301.7297461928114 370
371 301.7315084368422 371
372 301.7332565812784 372
373 301.734993308437 373
374 301.7367179488965 374
375 301.7384250221848 375
376 301.7401188307113 376
377 301.7418043720523 377
378 301.7434772551053 378
379 301.7451353280284 379
380 301.7467773286763 380
381 301.7484078916734 381
382 301.7500226500982 382
383 301.7516224194125 383
384 301.7532076611603 384
385 301.7547822493663 385
386 301.7563433290536 386
387 301.7578906439982 387
388 301.7594244506138 388
389 301.760944831365 389
390 301.7624539914522 390
391 301.7639513104024 391
392 301.765436449847 392
393 301.766905928263 393
394 301.7683621654488 394
395 301.7698047891685 395
396 301.7712339819628 396
397 301.7726498337366 397
398 301.7740543831147 398
399 301.7754451364498 399
400 301.7768243004527 400
401 301.7781895687793 401
402 301.7795415346367 402
403 301.7808802656997 403
404 301.7822055682137 404
405 301.7835176314853 405
406 301.7848141956625 406
407 301.7861007841427 407
408 301.7873741124832 408
409 301.788632024116 409
410 301.7898798923275 410
411 301.7911123223838 411
412 301.7923324235159 412
413 301.793542180953 413
414 301.7947386737271 414
415 301.7959199065033 415
416 301.7970909732164 416
417 301.7982489286991 417
418 301.7993954856245 418
419 301.80052869388 419
420 301.801648796245 420
421 301.8027559589949 421
422 301.8038517764206 422
423 301.8049358633331 423
424 301.8060044856014 424
425 301.8070627868144 425
426 301.8081093475968 426
427 301.8091427886357 427
428 301.8101632798842 428
429 301.811170978387 429
430 301.8121659777497 430
431 301.8131483502108 431
432 301.8141171832937 432
433 301.8150728662824 433
434 301.8160163643204 434
435 301.8169488310593 435
436 301.8178667559034 436
437 301.8187726628435 437
438 301.8196694856911 438
439 301.8205534005809 439
440 301.821424801672 440
441 301.8222837775079 441
442 301.8231313589911 442
443 301.8239645019785 443
444 301.8247873399092 444
445 301.8255977306488 445
446 301.8263957854693 446
447 301.8271815882853 447
448 301.8279536923326 448
449 301.8287150538354 449
450 301.8294628776555 450
451 301.8301999591667 451
452 301.8309251227808 452
453 301.8316378123028 453
454 301.8323373500683 454
455 301.8330249991406 455
456 301.8337005084688 456
457 301.8343637884715 457
458 301.8350149311166 458
459 301.8356533425912 459
460 301.8362796640712 460
461 301.8368940529888 461
462 301.8374973700316 462
463 301.8380890755571 463
464 301.8386685605868 464
465 301.8392360879404 465
466 301.839791607664 466
467 301.8403353140984 467
468 301.8408677742588 468
469 301.8413890103536 469
470 301.8418984537877 470
471 301.8423970202773 471
472 301.8428841308605 472
473 301.8433598120303 473
474 301.8438239793584 474
475 301.8442767931312 475
476 301.8447184180837 476
477 301.8451490564877 477
478 301.8455689168092 478
479 301.8459777836896 479
480 301.8463757599671 480
481 301.8467628176754 481
482 301.8471390284855 482
483 301.84750449417 483
484 301.8478596655225 484
485 301.8482043360714 485
486 301.8485385535714 486
487 301.8488621865131 487
488 301.8491755293994 488
489 301.8494784786191 489
490 301.8497712001398 490
491 301.8500537203416 491
492 301.8503260534786 492
493 301.8505882587402 493
494 301.8508406252918 494
495 301.8510831267205 495
496 301.8513157778739 496
497 301.8515389090401 497
498 301.851751955931 498
499 301.8519550346533 499
500 301.8521482998494 500
501 301.8523317536715 501
502 301.8525054602944 502
503 301.8526696298342 503
504 301.8528242648827 504
505 301.8529694355627 505
506 301.8531051625115 506
507 301.8532316611399 507
508 301.8533486572245 508
509 301.8534562409313 509
510 301.8535544824366 510
511 301.8536434049842 511
512 301.8537231033454 512
513 301.8537936702996 513
514 301.8538551955728 514
515 301.8539077404449 515
516 301.8539513964704 516
517 301.8539861765736 517
518 301.8540121628586 518
519 301.8540294243497 519
520 301.8540380498662 520
521 301.8540381480216 521
522 301.8540296722796 522
523 301.8540127750572 523
524 301.8539875659427 524
525 301.8539540427955 525
526 301.853912227405 526
527 301.8538622147504 527
528 301.8538040326901 528
529 301.8537377275249 529
530 301.8536634015728 530
531 301.8535812013668 531
532 301.853491177316 532
533 301.8533933954643 533
534 301.8532879681666 534
535 301.8531749075673 535
536 301.8530542688904 536
537 301.8529261041757 537
538 301.8527905283213 538
539 301.8526476594557 539
540 301.852497604269 540
541 301.8523403304101 541
542 301.8521759205294 542
543 301.8520045309267 543
544 301.8518262677003 544
545 301.8516410731991 545
546 301.8514490499464 546
547 301.85125038324 547
548 301.8510451006233 548
549 301.8508332086924 549
550 301.8506145808529 550
551 301.8503895108274 551
552 301.8501579831106 552
553 301.8499203191101 553
554 301.8496766248422 554
555 301.8494269425375 555
556 301.8491710577444 556
557 301.8489093017427 557
558 301.8486416115389 558
559 301.8483683624119 559
560 301.8480897383292 560
561 301.8478057874816 561
562 301.8475162405307 562
563 301.8472208286797 563
564 301.846920058829 564
565 301.8466141434507 565
566 301.8463028401851 566
567 301.8459866564834 567
568 301.8456657823347 568
569 301.8453402332746 569
570 301.845009596029 570
571 301.8446743828219 571
572 301.8443347957082 572
573 301.8439905121998 573
574 301.84364169748 574
575 301.8432890290939 575
576 301.8429326193234 576
577 301.842572423489 577
578 301.8422085416508 578
579 301.8418413023991 579
580 301.8414707262665 580
581 301.8410965058373 581
582 301.8407189682992 582
583 301.8403384074143 583
584 301.8399550181263 584
585 301.8395686583052 585
586 301.8391795457699 586
587 301.8387877495798 587
588 301.8383933280476 588
589 301.8379961023151 589
590 301.8375958601974 590
591 301.8371930544872 591
592 301.8367877832553 592
593 301.8363800298002 593
594 301.8359703017171 594
595 301.8355587217673 595
596 301.8351453534863 596
597 301.8347302405429 597
598 301.8343132575892 598
599 301.8338944082661 599
600 301.833474244226 600
601 301.8330528374042 601
602 301.832630244586 602
603 301.8322062004956 603
604 301.8317811302263 604
605 301.8313551139329 605
606 301.8309281203659 606
607 301.8305006829553 607
608 301.8300729146392 608
609 301.829644875809 609
610 301.8292166149319 610
611 301.8287878479361 611
612 301.8283593978506 612
613 301.8279311274228 613
614 301.8275032412028 614
615 301.8270758498161 615
616 301.8266489985396 616
617 301.8262227258337 617
618 301.8257971765396 618
619 301.825372539286 619
620 301.824948900418 620
621 301.8245263585775 621
622 301.8241050550293 622
623 301.82368485957 623
624 301.8232656101979 624
625 301.8228478032341 625
626 301.8224315354881 626
627 301.8220167979371 627
628 301.8216042371255 628
629 301.8211938964449 629
630 301.820785831104 630
631 301.8203801630638 631
632 301.8199769876434 632
633 301.8195764538069 633
634 301.8191788354623 634
635 301.8187842598416 635
636 301.8183925755656 636
637 301.8180036074678 637
638 301.8176180455615 638
639 301.8172359269105 639
640 301.8168573862689 640
641 301.8164825327303 641
642 301.8161115189914 642
643 301.8157444647474 643
644 301.8153815175382 644
645 301.8150229475449 645
646 301.8146688868093 646
647 301.814319224269 647
648 301.8139738493517 648
649 301.8136333706063 649
650 301.8132978674003 650
651 301.8129674368977 651
652 301.8126423411832 652
653 301.812322715311 653
654 301.8120084856649 654
655 301.811699581137 655
656 301.8113965676508 656
657 301.8110995217928 657
658 301.810808554121 658
659 301.8105238150071 659
660 301.8102454450263 660
661 301.8099735709492 661
662 301.8097082099398 662
663 301.8094494359638 663
664 301.8091978642514 664
665 301.8089535365056 665
666 301.8087164026525 666
667 301.8084864120682 667
668 301.8082640721253 668
669 301.8080495169417 669
670 301.8078428729021 670
671 301.8076441447162 671
672 301.807453327134 672
673 301.8072708783752 673
674 301.8070969245637 674
675 301.8069316018381 675
676 301.8067749536725 676
677 301.8066270167778 677
678 301.8064881929924 678
679 301.8063585394677 679
680 301.8062381533499 680
681 301.8061272250948 681
682 301.8060258473385 682
683 301.8059343912938 683
684 301.8058528963118 684
685 301.8057815134399 685
686 301.8057203767264 686
687 301.805669640933 687
688 301.8056294407433 688
689 301.8055999321463 689
690 301.8055812780825 690
691 301.8055736357563 691
692 301.8055771692345 692
693 301.8055920109854 693
694 301.8056183149467 694
695 301.8056562779243 695
696 301.8057060809957 696
697 301.805767921792 697
698 301.8058419432473 698
699 301.8059282958912 699
700 301.806027130922 700
701 301.8061385012272 701
702 301.8062627860381 702
703 301.8064001252535 703
704 301.8065506655045 704
705 301.8067145578598 705
706 301.8068919563426 706
707 301.8070830168126 707
708 301.807287896333 708
709 301.8075067528687 709
710 301.8077397451465 710
711 301.8079870325067 711
712 301.8082487748188 712
713 301.8085251323228 713
714 301.8088162656401 714
715 301.8091223356525 715
716 301.8094435034933 716
717 301.8097799305221 717
718 301.8101317782937 718
719 301.8104992085616 719
720 301.8108823832534 720
721 301.8112814644577 721
722 301.8116966144074 722
723 301.8121279954669 723
724 301.812575770113 724
725 301.8130401009436 725
726 301.8135211506506 726
727 301.8140190820187 727
728 301.8145340579323 728
729 301.815066241359 729
730 301.8156157953247 730
731 301.8161828829467 731
732 301.8167676674111 732
733 301.8173703119488 733
734 301.8179909798397 734
735 301.8186298344278 735
736 301.8192870390779 736
737 301.8199627572056 737
738 301.8206571522454 738
739 301.8213703876629 739
740 301.8221026269213 740
741 301.8228540335314 741
742 301.8236247709746 742
743 301.8244150027581 743
744 301.8252248923724 744
745 301.8260546033012 745
746 301.8269042990283 746
747 301.8277741429883 747
748 301.8286642986164 748
749 301.8295749293033 749
750 301.830506198408 750
751 301.8314582692498 751
752 301.8324313050896 752
753 301.8334254691497 753
754 301.8344409245751 754
755 301.8354778344764 755
756 301.8365363618629 756
757 301.8376166696826 757
758 301.8387189208096 758
759 301.8398432780219 759
760 301.8409899040073 760
761 301.8421589613515 761
762 301.8433506125476 762
763 301.8445650199681 763
764 301.8458023458847 764
765 301.8470627524367 765
766 301.8483464016353 766
767 301.8496534553771 767
768 301.8509840753994 768
769 301.8523384233118 769
770 301.8537166605631 770
771 301.8551189484564 771
772 301.8565454481342 772
773 301.8579963205656 773
774 301.8594717265465 774
775 301.8609718267019 775
776 301.862496781468 776
777 301.8640467510933 777
778 301.8656218956204 778
779 301.8672223749068 779
780 301.8688483485925 780
781 301.870499976096 781
782 301.8721774166342 782
783 301.8738808291783 783
784 301.875610372482 784
785 301.8773662050611 785
786 301.879148485176 786
787 301.8809573708511 787
788 301.8827930198386 788
789 301.8846555896409 789
790 301.8865452374939 790
791 301.8884621203491 791
792 301.8904063948892 792
793 301.8923782175016 793
794 301.894377744284 794
795 301.8964051310286 795
796 301.8984605332453 796
797 301.9005441061062 797
798 301.9026560044778 798
799 301.9047963829054 799
800 301.9069653956122 800
801 301.9091631964557 801
802 301.9113899389883 802
803 301.9136457763881 803
804 301.9159308614932 804
805 301.9182453467796 805
806 301.9205893843439 806
807 301.922963125925 807
808 301.9253667228797 808
809 301.927800326165 809
810 301.930264086361 810
811 301.9327581536501 811
812 301.9352826777932 812
813 301.9378378081634 813
814 301.9404236936966 814
815 301.9430404829203 815
816 301.9456883239141 816
817 301.9483673643397 817
818 301.9510777513967 818
819 301.953819631862 819
820 301.9565931520297 820
821 301.9593984577444 821
822 301.9622356943893 822
823 301.9651050068497 823
824 301.9680065395535 824
825 301.9709404364285 825
826 301.973906840917 826
827 301.9769058959479 827
828 301.9799377439504 828
829 301.9830025268313 829
830 301.9861003860013 830
831 301.9892314623051 831
832 301.9923958960988 832
833 301.9955938271566 833
834 301.9988253947417 834
835 302.0020907375352 835
836 302.0053899936773 836
837 302.0087233007304 837
838 302.0120907957062 838
839 302.0154926149978 839
840 302.0189288944565 840
841 302.0223997693059 841
842 302.0259053741946 842
843 302.0294458431498 843
844 302.0330213095917 844
845 302.0366319063276 845
846 302.0402777655281 846
847 302.0439590187384 847
848 302.0476757968655 848
849 302.051428230169 849
850 302.0552164482523 850
851 302.0590405800666 851
852 302.0629007538936 852
853 302.0667970973335 853
854 302.0707297373316 854
855 302.074698800127 855
856 302.0787044112676 856
857 302.0827466956221 857
858 302.0868257773131 858
859 302.0909417797921 859
860 302.0950948257703 860
861 302.0992850372364 861
862 302.1035125354391 862
863 302.1077774409054 863
864 302.1120798733938 864
865 302.1164199519199 865
866 302.1207977947494 866
867 302.1252135193557 867
868 302.1296672424657 868
869 302.1341590800015 869
870 302.1386891471157 870
871 302.1432575581611 871
872 302.1478644266821 872
873 302.1525098654234 873
874 302.1571939863159 874
875 302.1619169004653 875
876 302.1666787181359 876
877 302.171479548787 877
878 302.1763195010024 878
879 302.1811986825414 879
880 302.1861172002926 880
881 302.1910751602857 881
882 302.1960726676805 882
883 302.2011098267556 883
884 302.2061867409243 884
885 302.21130351268 885
886 302.2164602436401 886
887 302.2216570345069 887
888 302.2268939850787 888
889 302.2321711942239 889
890 302.2374887599046 890
891 302.2428467791223 891
892 302.248245347965 892
893 302.2536845615504 893
894 302.2591645140727 894
895 302.2646852987402 895
896 302.2702470078032 896
897 302.2758497325373 897
898 302.2814935632312 898
899 302.2871785891975 899
900 302.2929048987363 900
901 302.2986725791598 901
902 302.3044817167594 902
903 302.310332396814 903
904 302.3162247035852 904
905 302.3221587202927 905
906 302.3281345291277 906
907 302.3341522112264 907
908 302.340211846686 908
909 302.34631351453 909
910 302.3524572927227 910
911 302.3586432581579 911
912 302.3648714866484 912
913 302.3711420529067 913
914 302.3774550305785 914
915 302.3838104921733 915
916 302.390208509115 916
917 302.396649151712 917
918 302.4031324891279 918
919 302.4096585894197 919
920 302.4162275194997 920
921 302.4228393451306 921
922 302.429494130923 922
923 302.4361919403439 923
924 302.4429328356715 924
925 302.4497168780228 925
926 302.4565441273377 926
927 302.4634146423597 927
928 302.4703284806473 928
929 302.4772856985454 929
930 302.4842863512017 930
931 302.4913304925414 931
932 302.49841817526 932
933 302.5055494508373 933
934 302.512724369504 934
935 302.5199429802395 935
936 302.5272053307959 936
937 302.5345114676378 937
938 302.541861435978 938
939 302.5492552797502 939
940 302.5566930416084 940
941 302.5641747629164 941
942 302.5717004837463 942
943 302.5792702428623 943
944 302.5868840777194 944
945 302.5945420244574 945
946 302.6022441178845 946
947 302.6099903914888 947
948 302.617780877411 948
949 302.6256156064383 949
950 302.6334946080112 950
951 302.6414179102181 951
952 302.6493855397669 952
953 302.6573975219835 953
954 302.665453880824 954
955 302.6735546388537 955
956 302.6816998172277 956
957 302.6898894357104 957
958 302.6981235126444 958
959 302.7064020649495 959
960 302.7147251081286 960
961 302.7230926562506 961
962 302.731504721925 962
963 302.7399613163288 963
964 302.7484624491834 964
965 302.757008128733 965
966 302.7655983617656 966
967 302.7742331535692 967
968 302.7829125079786 968
969 302.7916364272967 969
970 302.8004049123588 970
971 302.8092179624785 971
972 302.8180755754473 972
973 302.8269777475438 973
974 302.835924473513 974
975 302.8449157465587 975
976 302.8539515583449 976
977 302.8630318989842 977
978 302.8721567570286 978
979 302.8813261194531 979
980 302.8905399716621 980
981 302.8997982975009 981
982 302.9091010791853 982
983 302.9184482973619 983
984 302.9278399310653 984
985 302.9372759577193 985
986 302.9467563531273 986
987 302.9562810914681 987
988 302.9658501452837 988
989 302.9754634854707 989
990 302.9851210812879 990
991 302.9948229003334 991
992 303.0045689085347 992
993 303.0143590701465 993
994 303.0241933477608 994
995 303.0340717022662 995
996 303.0439940928731 996
997 303.053960477075 997
998 303.0639708106693 998
999 303.0740250477212 999
1000 303.0841231405895 1000
1001 303.0942650398962 1001
1002 303.1044506945225 1002
1003 303.114680051599 1003
1004 303.1249530565178 1004
1005 303.1352696528934 1005
1006 303.1456297825781 1006
1007 303.1560333856495 1007
1008 303.1664804004003 1008
1009 303.176970763332 1009
1010 303.1875044091516 1010
1011 303.1980812707448 1011
1012 303.2087012792067 1012
1013 303.2193643637952 1013
1014 303.2300704519385 1014
1015 303.2408194692367 1015
1016 303.2516113394477 1016
1017 303.2624459844588 1017
1018 303.2733233243243 1018
1019 303.2842432772186 1019
1020 303.295205759439 1020
1021 303.3062106854083 1021
1022 303.3172579676589 1022
1023 303.3283475168279 1023
1024 303.3394792416403 1024
1025 303.350653048911 1025
1026 303.3618688435546 1026
1027 303.3731265285202 1027
1028 303.3844260048718 1028
1029 303.3957671716875 1029
1030 303.407149926127 1030
1031 303.4185741633596 1031
1032 303.4300397766209 1032
1033 303.4415466571704 1033
1034 303.4530946942711 1034
1035 303.4646837752072 1035
1036 303.4763137852735 1036
1037 303.4879846077521 1037
1038 303.4996961239145 1038
1039 303.5114482130322 1039
1040 303.5232407523247 1040
1041 303.5350736169986 1041
1042 303.5469466802131 1042
1043 303.5588598130847 1043
1044 303.5708128846512 1044
1045 303.5828057619188 1045
1046 303.5948383098062 1046
1047 303.6069103911481 1047
1048 303.6190218667017 1048
1049 303.6311725951307 1049
1050 303.6433624329945 1050
1051 303.6555912347407 1051
1052 303.6678588526993 1052
1053 303.6801651370841 1053
1054 303.6925099359696 1054
1055 303.7048930952953 1055
1056 303.7173144588426 1056
1057 303.7297738682483 1057
1058 303.7422711629957 1058
1059 303.7548061803665 1059
1060 303.7673787554896 1060
1061 303.7799887213087 1061
1062 303.7926359085606 1062
1063 303.8053201457968 1063
1064 303.8180412593298 1064
1065 303.8307990733049 1065
1066 303.8435934095982 1066
1067 303.8564240878704 1067
1068 303.8692909255514 1068
1069 303.8821937378202 1069
1070 303.8951323375894 1070
1071 303.9081065355168 1071
1072 303.9211161399976 1072
1073 303.9341609571351 1073
1074 303.9472407907601 1074
1075 303.9603554424002 1075
1076 303.9735047112944 1076
1077 303.9866883943557 1077
1078 303.9999062861972 1078
1079 304.0131581791067 1079
1080 304.0264438630235 1080
1081 304.0397631255611 1081
1082 304.0531157519935 1082
1083 304.0665015252252 1083
1084 304.0799202258083 1084
1085 304.0933716319165 1085
1086 304.1068555193576 1086
1087 304.1203716615364 1087
1088 304.1339198294795 1088
1089 304.1474997918067 1089
1090 304.1611113147375 1090
1091 304.1747541620544 1091
1092 304.1884280951401 1092
1093 304.2021328729321 1093
1094 304.2158682519378 1094
1095 304.2296339861924 1095
1096 304.2434298273027 1096
1097 304.2572555244184 1097
1098 304.2711108241893 1098
1099 304.2849954708066 1099
1100 304.2989092059776 1100
1101 304.3128517688976 1101
1102 304.3268228962813 1102
1103 304.34082232233 1103
1104 304.3548497787209 1104
1105 304.3689049946034 1105
1106 304.3829876966183 1106
1107 304.3970976088265 1107
1108 304.4112344527855 1108
1109 304.4253979474598 1109
1110 304.4395878092701 1110
1111 304.4538037520752 1111
1112 304.4680454871279 1112
1113 304.4823127231156 1113
1114 304.4966051661253 1114
1115 304.5109225196364 1115
1116 304.5252644845198 1116
1117 304.5396307590455 1117
1118 304.5540210388388 1118
1119 304.5684350168929 1119
1120 304.582872383575 1120
1121 304.5973328265845 1121
1122 304.6118160309776 1122
1123 304.626321679147 1123
1124 304.6408494508026 1124
1125 304.6553990229804 1125
1126 304.669970070038 1126
1127 304.6845622636151 1127
1128 304.6991752726703 1128
1129 304.7138087634415 1129
1130 304.7284623994527 1130
1131 304.7431358414987 1131
1132 304.7578287476267 1132
1133 304.7725407731683 1133
1134 304.7872715706852 1134
1135 304.8020207899993 1135
1136 304.8167880781382 1136
1137 304.8315730793772 1137
1138 304.8463754352215 1138
1139 304.8611947843605 1139
1140 304.8760307626988 1140
1141 304.8908830033408 1141
1142 304.9057511365748 1142
1143 304.9206347898705 1143
1144 304.935533587871 1144
1145 304.9504471523738 1145
1146 304.9653751023478 1146
1147 304.9803170539013 1147
1148 304.995272620286 1148
1149 305.0102414118802 1149
1150 305.0252230362063 1150
1151 305.0402170978757 1151
1152 305.0552231986417 1152
1153 305.0702409373276 1153
1154 305.0852699098822 1154
1155 305.1003097093162 1155
1156 305.1153599257249 1156
1157 305.1304201462749 1157
1158 305.1454899552072 1158
1159 305.1605689337982 1159
1160 305.175656660381 1160
1161 305.1907527103328 1161
1162 305.2058566560497 1162
1163 305.220968066966 1163
1164 305.2360865095191 1164
1165 305.2512115471673 1165
1166 305.2663427403518 1166
1167 305.2814796465186 1167
1168 305.2966218200989 1168
1169 305.3117688125008 1169
1170 305.3269201720835 1170
1171 305.3420754441833 1171
1172 305.357234171098 1172
1173 305.372395892054 1173
1174 305.3875601432142 1174
1175 305.4027264576846 1175
1176 305.4178943654845 1176
1177 305.4330633935458 1177
1178 305.4482330657146 1178
1179 305.4634029027245 1179
1180 305.478572422204 1180
1181 305.4937411386558 1181
1182 305.5089085634881 1182
1183 305.5240742049303 1183
1184 305.5392375681059 1184
1185 305.55439815498 1185
1186 305.5695554643428 1186
1187 305.5847089918465 1187
1188 305.5998582299607 1188
1189 305.6150026679693 1189
1190 305.6301417919677 1190
1191 305.6452750848653 1191
1192 305.6604020263525 1192
1193 305.6755220929274 1193
1194 305.6906347578545 1194
1195 305.7057394911678 1195
1196 305.7208357596747 1196
1197 305.735923026939 1197
1198 305.7510007532594 1198
1199 305.766068395703 1199
1200 305.7179346650502 1200
