"bat9-rfile"
"Time Step" "bat9 etc.."
("Time Step" "bat9" "flow-time")
0 298.1500000000017 0
1 298.1863265034439 1
2 298.2217041301609 2
3 298.2563711053092 3
4 298.2904475505129 4
5 298.3240052168196 5
6 298.3570929380351 6
7 298.3897460248439 7
8 298.4219898721158 8
9 298.4538446677824 9
10 298.485327435721 10
11 298.5164535653495 11
12 298.5472376561949 12
13 298.5776889211417 13
14 298.607815792885 14
15 298.6376244345341 15
16 298.6671220396213 16
17 298.6964596436536 17
18 298.7255035794989 18
19 298.7543502879892 19
20 298.7829428226896 20
21 298.8112262826667 21
22 298.8393015908813 22
23 298.8670774108727 23
24 298.894562650107 24
25 298.9217666260531 25
26 298.9487743678015 26
27 298.9755421329003 27
28 299.002054887743 28
29 299.0282510561103 29
30 299.0542204340074 30
31 299.0799201233172 31
32 299.1053584215206 32
33 299.1305753323201 33
34 299.1555657998388 34
35 299.1803278096553 35
36 299.2048020561483 36
37 299.2290672187299 37
38 299.2531155214191 38
39 299.2769755420629 39
40 299.3006215833608 40
41 299.3240104364279 41
42 299.3471547744531 42
43 299.3700626115358 43
44 299.392734641227 44
45 299.4151827460039 45
46 299.4373930255513 46
47 299.4594483893241 47
48 299.4813026133849 48
49 299.502955529902 49
50 299.5244078249332 50
51 299.5456347888086 51
52 299.5666441666622 52
53 299.5874420949514 53
54 299.6080285624662 54
55 299.6283937775352 55
56 299.6485741226041 56
57 299.6685598439521 57
58 299.688331254667 58
59 299.7079699282034 59
60 299.7274317521209 60
61 299.7467160482947 61
62 299.765781474487 62
63 299.7846598835 63
64 299.8033750018016 64
65 299.8218987558255 65
66 299.8402613297843 66
67 299.8584393972816 67
68 299.8764365831119 68
69 299.8942567300927 69
70 299.9118852300485 70
71 299.929367889136 71
72 299.9466625940026 72
73 299.963771094603 73
74 299.9807341469325 74
75 299.9975562570813 75
76 300.0141797033325 76
77 300.0306372276473 77
78 300.0469424975514 78
79 300.0630947429013 79
80 300.0790753040032 80
81 300.0949580769113 81
82 300.1106821220411 82
83 300.1262518113961 83
84 300.1416911186351 84
85 300.1569771426776 85
86 300.1720940561679 86
87 300.187095224476 87
88 300.2019301441522 88
89 300.2166297772356 89
90 300.2311927284189 90
91 300.2456233076324 91
92 300.2599402956217 92
93 300.274096882508 93
94 300.2881623962574 94
95 300.3020861518108 95
96 300.3158510017097 96
97 300.3295250621378 97
98 300.3430626864549 98
99 300.356448208755 99
100 300.3697324491411 100
101 300.3828901892777 101
102 300.3959018980819 102
103 300.4087982892565 103
104 300.4215813886066 104
105 300.4342358848689 105
106 300.4467807596283 106
107 300.459200494319 107
108 300.4715107669361 108
109 300.4837289125124 109
110 300.4958143833845 110
111 300.5077665069847 111
112 300.5196134935805 112
113 300.53134702413 113
114 300.5429573202324 114
115 300.5544693853697 115
116 300.5658524969265 116
117 300.5771246817124 117
118 300.5882951544085 118
119 300.5993459258409 119
120 300.6102931721405 120
121 300.621146599245 121
122 300.6319017367586 122
123 300.6425653599674 123
124 300.6531317949759 124
125 300.6635970184798 125
126 300.6739739462276 126
127 300.6842469992908 127
128 300.6944212675323 128
129 300.7044999088091 129
130 300.7144814826346 130
131 300.7243659979358 131
132 300.7341583673291 132
133 300.7438643948893 133
134 300.7534816220683 134
135 300.7630125102444 135
136 300.772458044326 136
137 300.7818219156929 137
138 300.791105727 138
139 300.8003125891126 139
140 300.8094425426044 140
141 300.8184982940225 141
142 300.8274790459687 142
143 300.8364042503034 143
144 300.8452646982618 144
145 300.8540578515064 145
146 300.8627736507651 146
147 300.8714153263794 147
148 300.8799844333134 148
149 300.8884820515173 149
150 300.8969181182642 150
151 300.9052814312334 151
152 300.9135745150789 152
153 300.9217986584323 153
154 300.929954863103 154
155 300.9380524799165 155
156 300.9460892727815 156
157 300.9540562885399 157
158 300.9619564583166 158
159 300.9697993820629 159
160 300.9775750795977 160
161 300.9852940854133 161
162 300.992953298247 162
163 301.0005547092989 163
164 301.0080902594576 164
165 301.0155688174357 165
166 301.0229840118678 166
167 301.0303377801279 167
168 301.0376314410971 168
169 301.0448660021078 169
170 301.0520423714288 170
171 301.0591686169412 171
172 301.066235772051 172
173 301.0732459339101 173
174 301.0802002260477 174
175 301.087099540337 175
176 301.0939515845092 176
177 301.1007547031248 177
178 301.1075016176946 178
179 301.1142013533859 179
180 301.1208463004667 180
181 301.1274384702811 181
182 301.1339791101312 182
183 301.1404691176435 183
184 301.1469092636002 184
185 301.1533002864123 185
186 301.1596421134752 186
187 301.1659466830627 187
188 301.1722079453656 188
189 301.1784192200925 189
190 301.1845817122091 190
191 301.1907134230793 191
192 301.1967947397678 192
193 301.2028285385564 193
194 301.2088160014829 194
195 301.2147584600231 195
196 301.2206565168492 196
197 301.2265108986397 197
198 301.2323349844804 198
199 301.2381131380578 199
200 301.2438529160453 200
201 301.2495481497179 201
202 301.2552001777208 202
203 301.2608193802401 203
204 301.2663954549195 204
205 301.2719352567408 205
206 301.2774323781076 206
207 301.2828938192014 207
208 301.2883247817921 208
209 301.2937235844759 209
210 301.2990779962057 210
211 301.3043894677318 211
212 301.3096690269275 212
213 301.3149075206694 213
214 301.320106420299 214
215 301.3252666948511 215
216 301.3303876892707 216
217 301.3354907448129 217
218 301.3405629828342 218
219 301.3455982329365 219
220 301.3505964843514 220
221 301.3555552621286 221
222 301.3604864297423 222
223 301.3653763174298 223
224 301.3702349615587 224
225 301.3750619111435 225
226 301.3798627927281 226
227 301.3846347832965 227
228 301.3893722502511 228
229 301.3940750377497 229
230 301.3987383119921 230
231 301.4033745609936 231
232 301.4079755040697 232
233 301.4125459427501 233
234 301.4170867429349 234
235 301.421602481602 235
236 301.4260874609731 236
237 301.4305420273762 237
238 301.4349626829555 238
239 301.4393551845501 239
240 301.4437152475624 240
241 301.4480482231712 241
242 301.452358294612 242
243 301.4566444406255 243
244 301.4608975466222 244
245 301.4651193873219 245
246 301.4693151678092 246
247 301.4734806670324 247
248 301.4776171053446 248
249 301.4817252629334 249
250 301.4858057125466 250
251 301.4898562960407 251
252 301.4938877697552 252
253 301.4978995664202 253
254 301.5018824439595 254
255 301.505837613384 255
256 301.5097635765125 256
257 301.513668494225 257
258 301.5175565247231 258
259 301.5214242743297 259
260 301.5252611170832 260
261 301.5290852931455 261
262 301.5328805695813 262
263 301.5366521734599 263
264 301.5404002589225 264
265 301.5441250604448 265
266 301.5478307143808 266
267 301.5515093967442 267
268 301.5551696238547 268
269 301.5588068029537 269
270 301.5624211122825 270
271 301.5660073338818 271
272 301.5695789148554 272
273 301.5731225239307 273
274 301.5766551680668 274
275 301.5801685380358 275
276 301.5836587504547 276
277 301.5871233012253 277
278 301.5905704723421 278
279 301.5939959931984 279
280 301.5973946181625 280
281 301.6007792009576 281
282 301.6041425344379 282
283 301.6074797385905 283
284 301.6107982003183 284
285 301.6140975743438 285
286 301.6173777251242 286
287 301.6206386154674 287
288 301.6238822173254 288
289 301.6271031132069 289
290 301.6303022864452 290
291 301.6334804188489 291
292 301.6366380025023 292
293 301.639778325304 293
294 301.642897937315 294
295 301.6460004111938 295
296 301.6490885497824 296
297 301.6521554221014 297
298 301.6552019832755 298
299 301.6582272287696 299
300 301.6612447159598 300
301 301.6642392068949 301
302 301.6672185490865 302
303 301.6701775343433 303
304 301.6731196892911 304
305 301.6760419986851 305
306 301.6789479492344 306
307 301.68183301784 307
308 301.6847044434252 308
309 301.6875566972158 309
310 301.6903903892621 310
311 301.6932059290176 311
312 301.6960036257251 312
313 301.6987837045016 313
314 301.7015489722073 314
315 301.7043017290677 315
316 301.7070355185398 316
317 301.7097511419612 317
318 301.7124491662902 318
319 301.715135346342 319
320 301.7178050735318 320
321 301.7204564572079 321
322 301.7230902481297 322
323 301.7257068631476 323
324 301.7283066065241 324
325 301.7308896678482 325
326 301.7334581650981 326
327 301.7360149132395 327
328 301.7385588420884 328
329 301.7410865661539 329
330 301.7435983047002 330
331 301.7460910357459 331
332 301.7485697948044 332
333 301.7510372319958 333
334 301.7534862129378 334
335 301.7559177396646 335
336 301.7583323761692 336
337 301.7607304777093 337
338 301.7631123172256 338
339 301.7654772370884 339
340 301.7678325515704 340
341 301.7701697899024 341
342 301.7724990895037 342
343 301.7748120539169 343
344 301.7771065823537 344
345 301.7793880199867 345
346 301.781652451342 346
347 301.7839004595992 347
348 301.7861324093477 348
349 301.7883530572278 349
350 301.7905613739006 350
351 301.7927539936395 351
352 301.7949340066013 352
353 301.7970966634539 353
354 301.7992470479348 354
355 301.801380330895 355
356 301.8034963500892 356
357 301.8056019915658 357
358 301.8076923400613 358
359 301.8097677179847 359
360 301.8118267381956 360
361 301.8138714672748 361
362 301.8159043559079 362
363 301.8179246994027 363
364 301.8199320473813 364
365 301.821924050553 365
366 301.8239006415434 366
367 301.825862243577 367
368 301.827809425818 368
369 301.8297418112651 369
370 301.8316572907229 370
371 301.8335619424879 371
372 301.8354517941336 372
373 301.8373293509445 373
374 301.8391941453384 374
375 301.8410413352414 375
376 301.8428747923119 376
377 301.844698823184 377
378 301.846509469363 378
379 301.8483047841675 379
380 301.8500835081971 380
381 301.851849826427 381
382 301.8535999591458 382
383 301.8553344532598 383
384 301.8570537549926 384
385 301.8587614349417 385
386 301.8604550755276 386
387 301.8621343146155 387
388 301.8637993943927 388
389 301.8654503819354 389
390 301.8670893166753 390
391 301.8687157519947 391
392 301.8703293647635 392
393 301.8719269566701 393
394 301.8735105678838 394
395 301.8750799383293 395
396 301.8766352381939 396
397 301.8781765526541 397
398 301.8797057693228 398
399 301.8812207059923 399
400 301.882723259863 400
401 301.8842114271201 401
402 301.8856856504883 402
403 301.8871460087045 403
404 301.8885923311449 404
405 301.8900247805073 405
406 301.8914414342066 406
407 301.8928472318239 407
408 301.8942391036779 408
409 301.8956152321157 409
410 301.8969804437643 410
411 301.8983298624563 411
412 301.8996663739682 412
413 301.9009916429459 413
414 301.9023029640153 414
415 301.9035986539265 415
416 301.9048833103274 416
417 301.9061541764025 417
418 301.9074128613817 418
419 301.9086576721074 419
420 301.9098887402133 420
421 301.9111062334076 421
422 301.9123116264302 422
423 301.9135046561743 423
424 301.914681984478 424
425 301.9158481928189 425
426 301.9170019284128 426
427 301.9181420189838 427
428 301.9192685461096 428
429 301.9203816624478 429
430 301.9214814611284 430
431 301.9225680184503 431
432 301.9236405064566 432
433 301.9246992375178 433
434 301.9257451002912 434
435 301.9267792058635 435
436 301.9277984697919 436
437 301.9288051760293 437
438 301.9298019203714 438
439 301.9307852259822 439
440 301.9317554020744 440
441 301.9327125459248 441
442 301.9336576087296 442
443 301.9345878965204 443
444 301.9355071230648 444
445 301.9364132841973 445
446 301.9373065028921 446
447 301.9381868693429 447
448 301.9390531659861 448
449 301.939908014662 449
450 301.9407488902871 450
451 301.9415782676448 451
452 301.942395092556 452
453 301.9431988827222 453
454 301.9439890965078 454
455 301.9447668652087 455
456 301.9455320027852 456
457 301.9462843116829 457
458 301.9470239603225 458
459 301.9477504435414 459
460 301.9484643162483 460
461 301.9491656878286 461
462 301.9498552212997 462
463 301.9505325586368 463
464 301.9511971856996 464
465 301.9518492611103 465
466 301.9524887340698 466
467 301.9531157868058 467
468 301.9537309192966 468
469 301.9543342091639 469
470 301.9549252450215 470
471 301.9555048710832 471
472 301.9560724353047 472
473 301.9566279627383 473
474 301.9571715276959 474
475 301.9577031691707 475
476 301.9582229918209 476
477 301.9587311984692 477
478 301.9592281027118 478
479 301.9597135764061 479
480 301.9601875389456 480
481 301.9606500884485 481
482 301.9611012779287 482
483 301.9615411956516 483
484 301.9619701084407 484
485 301.9623879873776 485
486 301.9627947954667 486
487 301.9631905127605 487
488 301.9635753317785 488
489 301.9639492645836 489
490 301.9643124674802 490
491 301.9646648874335 491
492 301.9650065398752 492
493 301.9653375052861 493
494 301.9656580702726 494
495 301.9659682354927 495
496 301.9662680282843 496
497 301.9665578149555 497
498 301.9668370196225 498
499 301.9671058064616 499
500 301.9673642613459 500
501 301.9676123992696 501
502 301.9678502862216 502
503 301.9680781263142 503
504 301.9682959297987 504
505 301.9685037753521 505
506 301.968701688518 506
507 301.9688898974445 507
508 301.9690681409717 508
509 301.9692364853244 509
510 301.9693950021494 510
511 301.969543748193 511
512 301.9696827939397 512
513 301.9698122218704 513
514 301.969932118795 514
515 301.9700425680336 515
516 301.9701436404283 516
517 301.9702353752986 517
518 301.9703178506835 518
519 301.9703911324345 519
520 301.9704553084426 520
521 301.9705104709742 521
522 301.9705565680697 522
523 301.9705937648133 523
524 301.9706222035788 524
525 301.970641857956 525
526 301.9706527410011 526
527 301.9706549628468 527
528 301.9706485880848 528
529 301.9706336294402 529
530 301.9706101736873 530
531 301.9705784191049 531
532 301.9705383818821 532
533 301.9704901131582 533
534 301.9704337432307 534
535 301.9703693407213 535
536 301.97029691437 536
537 301.9702165482054 537
538 301.9701283153054 538
539 301.970032313109 539
540 301.9699286703951 540
541 301.9698174321011 541
542 301.9696986205414 542
543 301.9695723604421 543
544 301.9694387795448 544
545 301.9692979080565 545
546 301.9691497770954 546
547 301.9689945352949 547
548 301.9688322425543 548
549 301.9686629213372 549
550 301.9684865351726 550
551 301.9683033085363 551
552 301.9681132153505 552
553 301.9679165047665 553
554 301.9677133174712 554
555 301.9675037213232 555
556 301.9672876112933 556
557 301.967065240277 557
558 301.9668365375859 558
559 301.9666017948555 559
560 301.9663612255736 560
561 301.9661149292452 561
562 301.9658626590948 562
563 301.9656042517674 563
564 301.9653401011332 564
565 301.9650704365312 565
566 301.9647950141666 566
567 301.9645142341229 567
568 301.9642283374618 568
569 301.9639373687539 569
570 301.9636410418521 570
571 301.9633397501722 571
572 301.9630337200011 572
573 301.9627226458555 573
574 301.9624066536999 574
575 301.9620864283016 575
576 301.9617620508422 576
577 301.9614335484463 577
578 301.9611009599945 578
579 301.9607645457015 579
580 301.9604243817344 580
581 301.9600803362929 581
582 301.9597326532698 582
583 301.9593815089226 583
584 301.9590270632658 584
585 301.9586693541173 585
586 301.9583084917397 586
587 301.9579445672791 587
588 301.9575776541748 588
589 301.9572076816149 589
590 301.9568345343481 590
591 301.9564585702969 591
592 301.9560798766612 592
593 301.955698376025 593
594 301.9553144694418 594
595 301.9549283717485 595
596 301.9545401972293 596
597 301.9541500030305 597
598 301.9537577044253 598
599 301.9533632201022 599
600 301.9529669955073 600
601 301.9525691566419 601
602 301.9521698068086 602
603 301.9517688453676 603
604 301.9513666061792 604
605 301.9509631645587 605
606 301.9505584357696 606
607 301.9501528440917 607
608 301.9497466069066 608
609 301.9493398371221 609
610 301.9489325962871 610
611 301.9485246120926 611
612 301.9481164735462 612
613 301.9477082702286 613
614 301.9473001145721 614
615 301.9468921250225 615
616 301.9464844306813 616
617 301.9460771367991 617
618 301.9456703099437 618
619 301.9452641043371 619
620 301.944858644164 620
621 301.9444539985408 621
622 301.9440503105055 622
623 301.9436475558077 623
624 301.9432456566295 624
625 301.9428450296513 625
626 301.9424457619534 626
627 301.9420478025705 627
628 301.9416516958229 628
629 301.9412575197197 629
630 301.940865381459 630
631 301.9404753894501 631
632 301.9400876787545 632
633 301.939702368409 633
634 301.939319655594 634
635 301.9389397094013 635
636 301.9385625058 636
637 301.9381879714935 637
638 301.9378165914986 638
639 301.9374484681196 639
640 301.9370837047788 640
641 301.936722448392 641
642 301.9363648217464 642
643 301.9360109767141 643
644 301.9356610388199 644
645 301.9353152066337 645
646 301.9349736512308 646
647 301.9346363759418 647
648 301.9343033373615 648
649 301.9339749980696 649
650 301.9336514547052 650
651 301.9333328274533 651
652 301.9330193022107 652
653 301.932711043729 653
654 301.9324080771432 654
655 301.9321103837315 655
656 301.9318184046659 656
657 301.931532233234 657
658 301.9312519982868 658
659 301.9309778460103 659
660 301.9307099406974 660
661 301.9304484165892 661
662 301.9301933305453 662
663 301.9299447235016 663
664 301.9297030561093 664
665 301.929468443016 665
666 301.9292409411248 666
667 301.9290205716075 667
668 301.9288076963057 668
669 301.9286024366818 669
670 301.9284049521979 670
671 301.9282153284311 671
672 301.9280336146733 672
673 301.9278601453278 673
674 301.9276950354862 674
675 301.9275384465108 675
676 301.9273904875809 676
677 301.9272512338418 677
678 301.9271209924188 678
679 301.9269998516601 679
680 301.9268879421181 680
681 301.9267854334224 681
682 301.9266924375679 682
683 301.9266092238184 683
684 301.9265358950452 684
685 301.9264725971298 685
686 301.9264194937726 686
687 301.9263767421779 687
688 301.9263444943037 688
689 301.9263229022665 689
690 301.9263121224091 690
691 301.926312328237 691
692 301.9263237182626 692
693 301.9263464072534 693
694 301.9263805586459 694
695 301.9264263759094 695
696 301.9264840402313 696
697 301.9265537402507 697
698 301.9266356194761 698
699 301.9267298333663 699
700 301.9268365344943 700
701 301.9269558064317 701
702 301.9270879986249 702
703 301.9272332570261 703
704 301.9273917328379 704
705 301.9275635813123 705
706 301.9277489604724 706
707 301.9279480301503 707
708 301.9281609514584 708
709 301.9283878864244 709
710 301.9286289978183 710
711 301.9288844490235 711
712 301.9291544038851 712
713 301.9294390267219 713
714 301.9297384821733 714
715 301.93005293521 715
716 301.9303825511014 716
717 301.9307274953276 717
718 301.9310879336271 718
719 301.9314640319291 719
720 301.9318559563476 720
721 301.9322638731751 721
722 301.9326879488615 722
723 301.9331283499992 723
724 301.9335852433106 724
725 301.9340587956462 725
726 301.9345491739754 726
727 301.9350565453588 727
728 301.9355810769738 728
729 301.9361229360867 729
730 301.9366822900349 730
731 301.9372593062492 731
732 301.9378541522187 732
733 301.9384669955118 733
734 301.9390980037373 734
735 301.9397473445806 735
736 301.9404151857556 736
737 301.9411016950284 737
738 301.9418070401912 738
739 301.9425313890832 739
740 301.9432749095528 740
741 301.9440377694757 741
742 301.9448201367319 742
743 301.9456221792249 743
744 301.9464440648488 744
745 301.9472859615045 745
746 301.9481480370713 746
747 301.949030459431 747
748 301.9499333964354 748
749 301.9508570159219 749
750 301.9518014856758 750
751 301.9527669734766 751
752 301.9537536470454 752
753 301.9547616740491 753
754 301.9557912221226 754
755 301.956842458834 755
756 301.9579155516858 756
757 301.9590106681095 757
758 301.9601279754695 758
759 301.9612676410423 759
760 301.9624298320211 760
761 301.9636147155193 761
762 301.9648224585256 762
763 301.9660532279501 763
764 301.9673071905843 764
765 301.9685845131066 765
766 301.9698853620831 766
767 301.9712099039323 767
768 301.9725583049606 768
769 301.9739307313218 769
770 301.9753273490419 770
771 301.9767483239903 771
772 301.9781938218773 772
773 301.9796640082511 773
774 301.981159048496 774
775 301.9826791078295 775
776 301.9842243512721 776
777 301.9857949436765 777
778 301.9873910497002 778
779 301.9890128337942 779
780 301.9906604602091 780
781 301.9923340930026 781
782 301.9940338959888 782
783 301.9957600327883 783
784 301.9975126667768 784
785 301.9992919611003 785
786 302.001098078663 786
787 302.0029311821282 787
788 302.0047914339055 788
789 302.0066789961435 789
790 302.0085940307284 790
791 302.0105366992735 791
792 302.0125071631125 792
793 302.0145055833186 793
794 302.0165321206389 794
795 302.0185869355537 795
796 302.0206701882309 796
797 302.0227820385315 797
798 302.0249226459918 798
799 302.0270921698524 799
800 302.0292907689947 800
801 302.0315186019992 801
802 302.0337758270856 802
803 302.0360626021292 803
804 302.0383790846606 804
805 302.0407254318454 805
806 302.0431018004992 806
807 302.0455083470337 807
808 302.0479452275115 808
809 302.0504125976056 809
810 302.0529106125895 810
811 302.0554394273419 811
812 302.0579991963472 812
813 302.0605900736637 813
814 302.0632122129462 814
815 302.0658657674268 815
816 302.0685508898924 816
817 302.0712677327107 817
818 302.0740164477938 818
819 302.0767971866217 819
820 302.0796101001977 820
821 302.082455339076 821
822 302.0853330533394 822
823 302.0882433925869 823
824 302.0911865059539 824
825 302.0941625420679 825
826 302.0971716490653 826
827 302.1002139745937 827
828 302.1032896657787 828
829 302.10639886923 829
830 302.1095417310432 830
831 302.1127183967811 831
832 302.1159290114745 832
833 302.1191737196047 833
834 302.1224526651133 834
835 302.1257659913822 835
836 302.1291138412222 836
837 302.1324963568967 837
838 302.1359136800802 838
839 302.1393659518613 839
840 302.1428533127435 840
841 302.1463759026367 841
842 302.1499338608535 842
843 302.1535273260762 843
844 302.1571564364045 844
845 302.160821329286 845
846 302.1645221415549 846
847 302.1682590093919 847
848 302.1720320683614 848
849 302.175841453347 849
850 302.1796872986034 850
851 302.1835697377035 851
852 302.1874889035496 852
853 302.191444928376 853
854 302.1954379437281 854
855 302.1994680804587 855
856 302.2035354687262 856
857 302.2076402379753 857
858 302.2117825169507 858
859 302.2159624336671 859
860 302.2201801154166 860
861 302.2244356887671 861
862 302.2287292795372 862
863 302.2330610127915 863
864 302.2374310128723 864
865 302.2418394033247 865
866 302.246286306941 866
867 302.2507718457484 867
868 302.255296140978 868
869 302.2598593130797 869
870 302.2644614817013 870
871 302.2691027657047 871
872 302.2737832831206 872
873 302.278503151176 873
874 302.2832624862702 874
875 302.2880614039788 875
876 302.2929000190281 876
877 302.2977784453101 877
878 302.3026967958622 878
879 302.3076551828524 879
880 302.3126537175986 880
881 302.317692510539 881
882 302.3227716712267 882
883 302.3278913083347 883
884 302.3330515296358 884
885 302.3382524420152 885
886 302.3434941514303 886
887 302.3487767629256 887
888 302.3541003806428 888
889 302.3594651077761 889
890 302.3648710465836 890
891 302.3703182983829 891
892 302.3758069635307 892
893 302.3813371414418 893
894 302.3869089305567 894
895 302.3925224283432 895
896 302.3981777312821 896
897 302.4038749348812 897
898 302.4096141336481 898
899 302.415395421076 899
900 302.4212188896713 900
901 302.4270846309029 901
902 302.4329927352351 902
903 302.4389432920813 903
904 302.4449363898379 904
905 302.4509721158449 905
906 302.4570505563914 906
907 302.4631717966987 907
908 302.4693359209377 908
909 302.4755430121998 909
910 302.4817931524833 910
911 302.4880864227088 911
912 302.4944229027042 912
913 302.5008026711864 913
914 302.5072258057581 914
915 302.5136923829212 915
916 302.5202024780219 916
917 302.5267561653121 917
918 302.533353517879 918
919 302.539994607661 919
920 302.5466795054551 920
921 302.553408280896 921
922 302.5601810024331 922
923 302.5669977373568 923
924 302.5738585517669 924
925 302.5807635105688 925
926 302.58771267747 926
927 302.5947061149802 927
928 302.6017438843847 928
929 302.6088260457539 929
930 302.615952657932 930
931 302.6231237785225 931
932 302.6303394638848 932
933 302.637599769136 933
934 302.6449047481261 934
935 302.6522544534547 935
936 302.6596489364223 936
937 302.6670882470822 937
938 302.6745724341727 938
939 302.6821015451449 939
940 302.6896756261577 940
941 302.6972947220575 941
942 302.7049588763554 942
943 302.7126681312609 943
944 302.7204225276407 944
945 302.728222105018 945
946 302.7360669015768 946
947 302.7439569541449 947
948 302.7518922981836 948
949 302.759872967789 949
950 302.7678989956769 950
951 302.7759704131858 951
952 302.7840872502478 952
953 302.7922495354103 953
954 302.8004572958024 954
955 302.8087105571474 955
956 302.8170093437407 956
957 302.8253536784504 957
958 302.8337435827111 958
959 302.8421790764974 959
960 302.8506601783531 960
961 302.8591869053463 961
962 302.8677592730895 962
963 302.8763772957076 963
964 302.8850409858448 964
965 302.8937503546755 965
966 302.9025054118519 966
967 302.9113061655266 967
968 302.9201526223452 968
969 302.9290447874317 969
970 302.93798266438 970
971 302.9469662552597 971
972 302.9559955605669 972
973 302.9650705792862 973
974 302.9741913088137 974
975 302.9833577449969 975
976 302.99256988211 976
977 303.0018277128215 977
978 303.0111312282452 978
979 303.02048041787 979
980 303.0298752696068 980
981 303.0393157697414 981
982 303.0488019029391 982
983 303.0583336522323 983
984 303.0679109990401 984
985 303.077533923115 985
986 303.0872024025754 986
987 303.0969164138805 987
988 303.1066759318188 988
989 303.1164809295142 989
990 303.1263313783958 990
991 303.1362272482203 991
992 303.1461685070398 992
993 303.1561551212046 993
994 303.1661870553592 994
995 303.1762642724258 995
996 303.186386733591 996
997 303.1965543983206 997
998 303.2067672243352 998
999 303.2170251676012 999
1000 303.2273281823323 1000
1001 303.2376762209771 1001
1002 303.2480692342071 1002
1003 303.2585071709119 1003
1004 303.268989978205 1004
1005 303.2795176013975 1005
1006 303.2900899839881 1006
1007 303.3007070676793 1007
1008 303.3113687923436 1008
1009 303.3220750960353 1009
1010 303.3328259149641 1010
1011 303.343621183504 1011
1012 303.3544608341846 1012
1013 303.3653447976602 1013
1014 303.3762730027451 1014
1015 303.3872453763536 1015
1016 303.3982618435337 1016
1017 303.409322327455 1017
1018 303.4204267493654 1018
1019 303.4315750286255 1019
1020 303.4427670826769 1020
1021 303.4540028270466 1021
1022 303.4652821753351 1022
1023 303.4766050392036 1023
1024 303.4879713283646 1024
1025 303.4993809505905 1025
1026 303.5108338116961 1026
1027 303.5223298155179 1027
1028 303.5338688639218 1028
1029 303.5454508568041 1029
1030 303.5570756920578 1030
1031 303.5687432655743 1031
1032 303.580453471263 1032
1033 303.5922062009935 1033
1034 303.6040013446208 1034
1035 303.6158387899911 1035
1036 303.6277184228893 1036
1037 303.6396401270574 1037
1038 303.6516037842054 1038
1039 303.6636092739705 1039
1040 303.6756564739145 1040
1041 303.6877452595285 1041
1042 303.6998755042325 1042
1043 303.7120470793347 1043
1044 303.7242598540583 1044
1045 303.7365136955137 1045
1046 303.7488084686988 1046
1047 303.7611440364861 1047
1048 303.773520259622 1048
1049 303.7859369967067 1049
1050 303.7983941042001 1050
1051 303.8108914364071 1051
1052 303.8234288454653 1052
1053 303.8360061813537 1053
1054 303.8486232918541 1054
1055 303.8612800225872 1055
1056 303.8739762169581 1056
1057 303.8867117161873 1057
1058 303.8994863592713 1058
1059 303.9122999830064 1059
1060 303.9251524219422 1060
1061 303.9380435084156 1061
1062 303.9509730725048 1062
1063 303.9639409420536 1063
1064 303.9769469426458 1064
1065 303.989990897598 1065
1066 304.0030726279504 1066
1067 304.0161919524737 1067
1068 304.0293486876415 1068
1069 304.0425426476363 1069
1070 304.0557736443233 1070
1071 304.0690414872817 1071
1072 304.0823459837422 1072
1073 304.0956869386324 1073
1074 304.1090641545285 1074
1075 304.1224774316581 1075
1076 304.1359265679213 1076
1077 304.1494113588342 1077
1078 304.1629315975575 1078
1079 304.1764870748779 1079
1080 304.1900775791888 1080
1081 304.2037028965039 1081
1082 304.2173628104314 1082
1083 304.2310571021702 1083
1084 304.2447855505073 1084
1085 304.2585479318114 1085
1086 304.2723440200227 1086
1087 304.2861735866149 1087
1088 304.3000364006593 1088
1089 304.3139322287367 1089
1090 304.3278608349711 1090
1091 304.341821981034 1091
1092 304.3558154261065 1092
1093 304.3698409268737 1093
1094 304.3838982375444 1094
1095 304.3979871098074 1095
1096 304.4121072928605 1096
1097 304.4262585333643 1097
1098 304.4404405754677 1098
1099 304.4546531607668 1099
1100 304.468896028339 1100
1101 304.4831689147001 1101
1102 304.4974715537941 1102
1103 304.5118036770249 1103
1104 304.5261650132047 1104
1105 304.540555288567 1105
1106 304.554974226753 1106
1107 304.569421548817 1107
1108 304.5838969731894 1108
1109 304.5984002157009 1109
1110 304.6129309895534 1110
1111 304.6274890053248 1111
1112 304.6420739709483 1112
1113 304.6566855917026 1113
1114 304.671323570236 1114
1115 304.6859876065125 1115
1116 304.7006773978393 1116
1117 304.715392638838 1117
1118 304.7301330214505 1118
1119 304.7448982349142 1119
1120 304.7596879657791 1120
1121 304.774501897868 1121
1122 304.7893397123033 1122
1123 304.8042010874632 1123
1124 304.8190856990092 1124
1125 304.8339932198472 1125
1126 304.848923320139 1126
1127 304.8638756672797 1127
1128 304.8788499259212 1128
1129 304.8938457579061 1129
1130 304.9088628223253 1130
1131 304.9239007754662 1131
1132 304.9389592708184 1132
1133 304.9540379590617 1133
1134 304.9691364880695 1134
1135 304.9842545028895 1135
1136 304.9993916457324 1136
1137 305.0145475559781 1137
1138 305.0297218701572 1138
1139 305.044914221944 1139
1140 305.0601242421616 1140
1141 305.0753515587363 1141
1142 305.0905957967485 1142
1143 305.1058565783629 1143
1144 305.1211335228642 1144
1145 305.1364262466337 1145
1146 305.1517343631349 1146
1147 305.1670574829226 1147
1148 305.1823952136154 1148
1149 305.1977471599004 1149
1150 305.2131129235127 1150
1151 305.2284921032569 1151
1152 305.2438842949606 1152
1153 305.2592890914819 1153
1154 305.2747060827151 1154
1155 305.2901348555673 1155
1156 305.3055749939547 1156
1157 305.3210260787814 1157
1158 305.3364876879662 1158
1159 305.3519593963898 1159
1160 305.3674407759238 1160
1161 305.3829313954061 1161
1162 305.3984308206218 1162
1163 305.413938614326 1163
1164 305.4294543361999 1164
1165 305.4449775428751 1165
1166 305.4605077879026 1166
1167 305.4760446217653 1167
1168 305.4915875918348 1168
1169 305.5071362423957 1169
1170 305.5226901146419 1170
1171 305.5382487466395 1171
1172 305.553811673333 1172
1173 305.56937842655 1173
1174 305.5849485349618 1174
1175 305.600521524114 1175
1176 305.6160969163916 1176
1177 305.6316742310159 1177
1178 305.6472529840366 1178
1179 305.6628326883269 1179
1180 305.6784128535915 1180
1181 305.6939929863093 1181
1182 305.7095725897804 1182
1183 305.7251511640885 1183
1184 305.7407282061017 1184
1185 305.7563032094529 1185
1186 305.7718756645563 1186
1187 305.787445058569 1187
1188 305.803010875407 1188
1189 305.8185725957185 1189
1190 305.8341296968905 1190
1191 305.8496816530403 1191
1192 305.8652279349968 1192
1193 305.8807680102929 1193
1194 305.8963013431632 1194
1195 305.9118273945428 1195
1196 305.927345622051 1196
1197 305.9428554799687 1197
1198 305.9583564192743 1198
1199 305.9738478875706 1199
1200 305.9261040808584 1200
