"avg-rfile"
"Time Step" "avg etc.."
("Time Step" "avg" "flow-time")
0 298.15 0
1 298.2174147719097 1
2 298.2859443504102 2
3 298.3554331211039 3
4 298.4257449268938 4
5 298.4967618412741 5
6 298.5461888432974 6
7 298.5960514801071 7
8 298.6463021199369 8
9 298.6968987051478 9
10 298.7478036837368 10
11 298.7989834489257 11
12 298.8504079120901 12
13 298.9020501361851 13
14 298.9538860107262 14
15 299.0058939611193 15
16 299.0580546880847 16
17 299.11035093388 17
18 299.1627672725069 18
19 299.2152899214141 19
20 299.267906572478 20
21 299.3206062402798 21
22 299.373379125902 22
23 299.4262164946522 23
24 299.4791105662884 24
25 299.5320544164645 25
26 299.58504188825 26
27 299.6380675126911 27
28 299.6911264374909 28
29 299.7442143629795 29
30 299.7973274846256 30
31 299.8504624414272 31
32 299.9036162695776 32
33 299.9567863608672 33
34 300.0099704253422 34
35 300.0631664577797 35
36 300.0770703308254 36
37 300.0909955074836 37
38 300.1049395511084 38
39 300.1189013563244 39
40 300.1328801266258 40
41 300.1468751689991 41
42 300.16088584526 42
43 300.1749115582061 43
44 300.18895174623 44
45 300.203005880267 45
46 300.2170734615434 46
47 300.2311540196843 47
48 300.2452471110381 48
49 300.2593523171503 49
50 300.2734692433589 50
51 300.2875975174845 51
52 300.3017367886085 52
53 300.3158867259256 53
54 300.3300470176646 54
55 300.3442173700711 55
56 300.3583975064481 56
57 300.372587166249 57
58 300.3867861042207 58
59 300.4009940895931 59
60 300.4152109053105 60
61 300.4294363473068 61
62 300.443670223816 62
63 300.4579123547199 63
64 300.4721625709315 64
65 300.4864207138081 65
66 300.5006866345958 66
67 300.5149601939041 67
68 300.5292412612053 68
69 300.543529714362 69
70 300.5578254391768 70
71 300.5721283289668 71
72 300.5864382841594 72
73 300.6007552119078 73
74 300.6150790257282 74
75 300.6294096451541 75
76 300.643746995408 76
77 300.6580910070911 77
78 300.6724416158879 78
79 300.6867987622866 79
80 300.7011623913126 80
81 300.7155324522768 81
82 300.7299088985357 82
83 300.744291687265 83
84 300.758680779243 84
85 300.7730761386471 85
86 300.7874777328582 86
87 300.8018855322777 87
88 300.8162995101514 88
89 300.8307196424045 89
90 300.8451459074832 90
91 300.8595782862054 91
92 300.8740167616192 92
93 300.8884613188672 93
94 300.9029119450599 94
95 300.9173686291531 95
96 300.9318313618344 96
97 300.9463001354123 97
98 300.9607749437135 98
99 300.9752557819847 99
100 300.9897426467983 100
101 301.0042355359649 101
102 301.0187344484494 102
103 301.0332393842892 103
104 301.0477503445227 104
105 301.0622673311128 105
106 301.0767903468831 106
107 301.0913193954501 107
108 301.1058544811644 108
109 301.1203956090517 109
110 301.1349427847575 110
111 301.1494960144954 111
112 301.1640553049978 112
113 301.1786206634685 113
114 301.1931920975389 114
115 301.2077696152252 115
116 301.2223532248892 116
117 301.2369429351997 117
118 301.2515387550979 118
119 301.266140693762 119
120 301.2807487605758 120
121 301.2953629650985 121
122 301.3099833170356 122
123 301.3246098262114 123
124 301.3392425025438 124
125 301.353881356019 125
126 301.3685263966689 126
127 301.38317763455 127
128 301.3978350797209 128
129 301.4124987422246 129
130 301.4271686320683 130
131 301.441844759208 131
132 301.4565271335299 132
133 301.4712157648364 133
134 301.4859106628307 134
135 301.5006118371026 135
136 301.5153192971165 136
137 301.5300330521984 137
138 301.5447531115238 138
139 301.559479484108 139
140 301.5742121787945 140
141 301.588951204246 141
142 301.6036965689355 142
143 301.6184482811371 143
144 301.6332063489187 144
145 301.6479707801336 145
146 301.6627415824137 146
147 301.6775187631637 147
148 301.6923023295538 148
149 301.7070922885143 149
150 301.7218886467306 150
151 301.736691410637 151
152 301.7515005864132 152
153 301.7663161799802 153
154 301.7811381969941 154
155 301.7959666428446 155
156 301.8108015226505 156
157 301.8256428412571 157
158 301.8404906032314 158
159 301.8553448128623 159
160 301.8702054741552 160
161 301.885072590832 161
162 301.899946166328 162
163 301.9148262037891 163
164 301.9297127060726 164
165 301.9446056757424 165
166 301.9595051150714 166
167 301.9744110260365 167
168 301.9893234103205 168
169 302.0042422693096 169
170 302.0191676040932 170
171 302.0340994154636 171
172 302.0490377039144 172
173 302.0639824696411 173
174 302.0789337125404 174
175 302.0938914322103 175
176 302.1088556279495 176
177 302.1238262987579 177
178 302.1388034433363 178
179 302.1537870600873 179
180 302.1610004455169 180
181 302.1681988975808 181
182 302.1730266450937 182
183 302.1763526142423 183
184 302.1785841648693 184
185 302.1799394925851 185
186 302.180556824706 186
187 302.1805552449758 187
188 302.18002869008 188
189 302.1790504392135 189
190 302.1780682859738 190
191 302.1767042938124 191
192 302.1753397868926 192
193 302.1739792850908 193
194 302.1726228119517 194
195 302.1712697127473 195
196 302.1699195122232 196
197 302.1685719942032 197
198 302.1672267741792 198
199 302.1658836390561 199
200 302.1645424884969 200
201 302.1632030748174 201
202 302.1618651322507 202
203 302.160528602111 203
204 302.1591933159899 204
205 302.1578593577976 205
206 302.1565265657198 206
207 302.1551945901942 207
208 302.1538635435682 208
209 302.1525335124293 209
210 302.1512046522259 210
211 302.1498771071593 211
212 302.1485510617816 212
213 302.1472265802673 213
214 302.1459037951176 214
215 302.1445828313127 215
216 302.1432638288226 216
217 302.1419469277884 217
218 302.140632259838 218
219 302.139319983415 219
220 302.1380101488629 220
221 302.1367028827149 221
222 302.1353982729415 222
223 302.1340963998156 223
224 302.1327973218797 224
225 302.1315011792979 225
226 302.1302080495412 226
227 302.1289180460809 227
228 302.1276312348269 228
229 302.1263476865996 229
230 302.1250674759373 230
231 302.1237906551282 231
232 302.1225173082544 232
233 302.1212474904673 233
234 302.1199812882089 234
235 302.1187187672851 235
236 302.1174600031141 236
237 302.1162050794874 237
238 302.114954052615 238
239 302.1137069723936 239
240 302.1124638827805 240
241 302.1112248989829 241
242 302.1099900558127 242
243 302.1087594185469 243
244 302.1075330090379 244
245 302.1063109027654 245
246 302.1050931689558 246
247 302.1038798351954 247
248 302.102670975819 248
249 302.1014666347896 249
250 302.1002668514874 250
251 302.0990716810957 251
252 302.0978811502507 252
253 302.0966953120322 253
254 302.095514199247 254
255 302.0943378319162 255
256 302.0931662631127 256
257 302.0919995281905 257
258 302.0908376306216 258
259 302.0896805621264 259
260 302.0885283222109 260
261 302.0873809186931 261
262 302.0862384097201 262
263 302.0851008051125 263
264 302.0839681129938 264
265 302.082840334365 265
266 302.0817175058964 266
267 302.0805996438908 267
268 302.0794867463254 268
269 302.0783788258217 269
270 302.0772759075095 270
271 302.0761779946787 271
272 302.0750851029313 272
273 302.0739972189275 273
274 302.0729143180295 274
275 302.0718364354983 275
276 302.0707635750965 276
277 302.0696957342888 277
278 302.0686329099318 278
279 302.0675750657745 279
280 302.0665222088285 280
281 302.0654743348634 281
282 302.0644314434052 282
283 302.063393570798 283
284 302.0623607465841 284
285 302.0613329357468 285
286 302.0603101637004 286
287 302.0592924498147 287
288 302.0582798090384 288
289 302.0572722504054 289
290 302.0562697838571 290
291 302.0552723714134 291
292 302.0542799980602 292
293 302.0532926310916 293
294 302.0523102856425 294
295 302.0513329921711 295
296 302.0503607311687 296
297 302.0493934809738 297
298 302.0484312745597 298
299 302.0474740567177 299
300 302.0465218697282 300
301 302.0455746821744 301
302 302.0446325243722 302
303 302.0436954067191 303
304 302.0427632852978 304
305 302.0418361554135 305
306 302.0409139575947 306
307 302.0399967166519 307
308 302.0390843888676 308
309 302.0381768941471 309
310 302.0372742403461 310
311 302.0363764146932 311
312 302.0354833982118 312
313 302.0345951919675 313
314 302.0337117883782 314
315 302.0328331766416 315
316 302.0319593470908 316
317 302.0310903027591 317
318 302.0302260359867 318
319 302.0293665682116 319
320 302.0285118649665 320
321 302.0276619745013 321
322 302.0268168334765 322
323 302.0259764591403 323
324 302.025140835762 324
325 302.0243099480876 325
326 302.0234837727263 326
327 302.02266229576 327
328 302.0218455150164 328
329 302.0210333852876 329
330 302.0202258858198 330
331 302.0194230319391 331
332 302.0186248130606 332
333 302.0178311529819 333
334 302.0170420524054 334
335 302.0162575409313 335
336 302.0154775897901 336
337 302.0147021765142 337
338 302.0139312984015 338
339 302.0131649260076 339
340 302.0124030608397 340
341 302.0116456887345 341
342 302.010892754583 342
343 302.0101442759782 343
344 302.0094002314882 344
345 302.0086606247027 345
346 302.0079254405711 346
347 302.0071946602189 347
348 302.0064682851934 348
349 302.0057463011126 349
350 302.0050286957098 350
351 302.0043154675583 351
352 302.0036065852943 352
353 302.0029020464958 353
354 302.0022018319398 354
355 302.0015059288773 355
356 302.0008143050695 356
357 302.0001269389322 357
358 301.9994438118243 358
359 301.9987648642169 359
360 301.9980900864237 360
361 301.9974194666199 361
362 301.9967529932017 362
363 301.9960906456084 363
364 301.9954324098567 364
365 301.9947782702782 365
366 301.9941282093209 366
367 301.9934822133119 367
368 301.9928402550422 368
369 301.9922023241739 369
370 301.9915684166501 370
371 301.9909385248855 371
372 301.9903126432615 372
373 301.9896907640879 373
374 301.9890728935036 374
375 301.9884590448419 375
376 301.987849179765 376
377 301.9872433130938 377
378 301.9866414312123 378
379 301.9860435134052 379
380 301.985449591263 380
381 301.9848596148714 381
382 301.9842735544825 382
383 301.9836913885665 383
384 301.9831130761836 384
385 301.9825386244025 385
386 301.9819680281241 386
387 301.9814012847429 387
388 301.9808383411195 388
389 301.9802792255383 389
390 301.9797239147877 390
391 301.9791723845386 391
392 301.9786246474815 392
393 301.9780806742722 393
394 301.977540454071 394
395 301.9770039602145 395
396 301.9764711931273 396
397 301.9759421803836 397
398 301.9754168776724 398
399 301.9748952871726 399
400 301.9743774130133 400
401 301.9738632440585 401
402 301.9733527859 402
403 301.9728460205608 403
404 301.972342942317 404
405 301.9718435584718 405
406 301.9713478609872 406
407 301.9708558269546 407
408 301.9703674293741 408
409 301.9698826841404 409
410 301.9694015603728 410
411 301.9689240585326 411
412 301.9684501280606 412
413 301.9679797422397 413
414 301.9675128766285 414
415 301.9670495154421 415
416 301.9665896442081 416
417 301.9661332312181 417
418 301.9656802443168 418
419 301.9652306463819 419
420 301.9647844158193 420
421 301.9643415172288 421
422 301.9639019579672 422
423 301.96346568907 423
424 301.9630326591299 424
425 301.9626028665876 425
426 301.9621762912408 426
427 301.9617528769584 427
428 301.9613326407194 428
429 301.9609155325955 429
430 301.9605015732988 430
431 301.9600907038584 431
432 301.9596829062938 432
433 301.9592781570651 433
434 301.9588764351589 434
435 301.9584777461077 435
436 301.9580820337293 436
437 301.9576892955663 437
438 301.9572994884074 438
439 301.9569126001412 439
440 301.9565286162139 440
441 301.9561475325918 441
442 301.9557693325064 442
443 301.955394006299 443
444 301.9550215485472 444
445 301.9546519492891 445
446 301.9542851979442 446
447 301.9539212868088 447
448 301.9535601904073 448
449 301.9532019105774 449
450 301.9528464328276 450
451 301.9524937414992 451
452 301.9521438288684 452
453 301.9517966927868 453
454 301.9514523107318 454
455 301.9511106688439 455
456 301.9507717672533 456
457 301.9504355977751 457
458 301.9501021526438 458
459 301.9497714005279 459
460 301.9494433344932 460
461 301.9491179194217 461
462 301.9487951221869 462
463 301.9484749511508 463
464 301.9481573965854 464
465 301.9478424382438 465
466 301.947530067805 466
467 301.9472202971552 467
468 301.9469131092149 468
469 301.9466084831218 469
470 301.9463064222696 470
471 301.9460069133115 471
472 301.9457099545413 472
473 301.9454155767781 473
474 301.9451237481805 474
475 301.9448344656719 475
476 301.9445477180187 476
477 301.9442634902211 477
478 301.9439817683038 478
479 301.9437025525947 479
480 301.9434258236406 480
481 301.9431515646884 481
482 301.9428797740021 482
483 301.9426104368826 483
484 301.9423435414318 484
485 301.9420790271257 485
486 301.9418168769954 486
487 301.9415570996669 487
488 301.94129965971 488
489 301.9410445584072 489
490 301.9407917660822 490
491 301.9405412953613 491
492 301.9402930973078 492
493 301.9400471708757 493
494 301.9398034984129 494
495 301.9395620525532 495
496 301.9393228211471 496
497 301.9390857964004 497
498 301.9388509709995 498
499 301.938618349081 499
500 301.9383879030038 500
501 301.9381596123612 501
502 301.9379334874665 502
503 301.9377095027147 503
504 301.9374876586613 504
505 301.937267956144 505
506 301.9370503897734 506
507 301.9368349646908 507
508 301.936621652634 508
509 301.9364104273494 509
510 301.9362012800867 510
511 301.9359942341413 511
512 301.9357892483441 512
513 301.935586301454 513
514 301.9353853885921 514
515 301.9351865026592 515
516 301.9349896205045 516
517 301.9347947264946 517
518 301.9346018094213 518
519 301.9344108524542 519
520 301.9342218450421 520
521 301.9340347590423 521
522 301.9338495681107 522
523 301.9336662615905 523
524 301.9334848218663 524
525 301.933305234543 525
526 301.9331274784003 526
527 301.9329515516858 527
528 301.9327774430368 528
529 301.9326051451438 529
530 301.9324346522383 530
531 301.9322659553297 531
532 301.9320990525301 532
533 301.9319339213915 533
534 301.9317705395338 534
535 301.9316088945941 535
536 301.9314489776486 536
537 301.9312907749768 537
538 301.9311342751377 538
539 301.93097945803 539
540 301.9308262796707 540
541 301.9306747201125 541
542 301.9305247407347 542
543 301.9303763259121 543
544 301.9302294701739 544
545 301.9300841527815 545
546 301.9299403789569 546
547 301.9297981380044 547
548 301.929657404503 548
549 301.92951817036 549
550 301.9293804301739 550
551 301.9292441684767 551
552 301.9291093726006 552
553 301.9289760493249 553
554 301.9288441742433 554
555 301.9287137571882 555
556 301.928584767437 556
557 301.9284572119767 557
558 301.9283310857182 558
559 301.9282063793112 559
560 301.9280830757095 560
561 301.9279611499305 561
562 301.9278405856653 562
563 301.9277213690383 563
564 301.9276034462345 564
565 301.9274868454777 565
566 301.9273715593167 566
567 301.9272575725965 567
568 301.9271448574119 568
569 301.9270334268896 569
570 301.9269232505812 570
571 301.9268143037291 571
572 301.9267065878954 572
573 301.9266000794373 573
574 301.9264947534639 574
575 301.9263905931874 575
576 301.9262875824124 576
577 301.9261857017795 577
578 301.9260849301019 578
579 301.9259852481656 579
580 301.9258866413755 580
581 301.9257891066721 581
582 301.9256926171903 582
583 301.9255971605706 583
584 301.9255027183087 584
585 301.9254092978008 585
586 301.9253168564499 586
587 301.9252253615007 587
588 301.9251348322261 588
589 301.9250452615979 589
590 301.9249566309252 590
591 301.9248689391426 591
592 301.924782171584 592
593 301.9246963276682 593
594 301.9246113893259 594
595 301.9245273743746 595
596 301.924444295467 596
597 301.9243621690661 597
598 301.9242810000104 598
599 301.9242008047418 599
600 301.9241215854977 600
601 301.9240433315013 601
602 301.9239660414102 602
603 301.9238897299534 603
604 301.9238143807728 604
605 301.9237399982686 605
606 301.9236665443523 606
607 301.9235939680436 607
608 301.9235222074881 608
609 301.9234512588263 609
610 301.9233811096288 610
611 301.9233117454222 611
612 301.923243152231 612
613 301.9231753237005 613
614 301.9231082453603 614
615 301.9230418979246 615
616 301.9229762672293 616
617 301.9229113459613 617
618 301.9228471147845 618
619 301.9227835529384 619
620 301.9227206584214 620
621 301.9226584220656 621
622 301.9225968304705 622
623 301.9225358750077 623
624 301.9224755404406 624
625 301.9224158001985 625
626 301.9223566479245 626
627 301.9222980603477 627
628 301.922240027099 628
629 301.9221825574814 629
630 301.92212563978 630
631 301.9220692571102 631
632 301.9220133938366 632
633 301.9219580313624 633
634 301.9219031353414 634
635 301.921848695429 635
636 301.9217946678885 636
637 301.9217410521718 637
638 301.9216878311627 638
639 301.9216350061251 639
640 301.9215825542707 640
641 301.921530480837 641
642 301.9214787726472 642
643 301.9214274316386 643
644 301.9213764561506 644
645 301.9213258602696 645
646 301.9212756294768 646
647 301.9212257536843 647
648 301.9211762294903 648
649 301.9211270713264 649
650 301.9210782525577 650
651 301.9210297753767 651
652 301.9209816342386 652
653 301.9209338393686 653
654 301.9208863977606 654
655 301.9208393027545 655
656 301.9207925556195 656
657 301.9207461665985 657
658 301.920700122339 658
659 301.9206544344014 659
660 301.9206090832213 660
661 301.9205640860499 661
662 301.920519423605 662
663 301.9204750969827 663
664 301.9204310849618 664
665 301.9203873909939 665
666 301.9203439977457 666
667 301.9203008813477 667
668 301.920258036333 668
669 301.9202154641577 669
670 301.9201731612558 670
671 301.9201311167064 671
672 301.9200893044966 672
673 301.920047730328 673
674 301.920006379476 674
675 301.9199652420279 675
676 301.9199242743161 676
677 301.9198834807391 677
678 301.9198428130454 678
679 301.9198022722198 679
680 301.9197618382262 680
681 301.9197215086385 681
682 301.9196812690915 682
683 301.9196411310801 683
684 301.9196010863437 684
685 301.9195610982848 685
686 301.9195211817511 686
687 301.9194813478442 687
688 301.9194415904857 688
689 301.9194019492737 689
690 301.9193624073534 690
691 301.9193230081445 691
692 301.9192837617204 692
693 301.9192446924214 693
694 301.9192058086642 694
695 301.9191671005804 695
696 301.9191285803814 696
697 301.9190902478684 697
698 301.9190520793294 698
699 301.9190140617023 699
700 301.9189761605086 700
701 301.9189383671207 701
702 301.9189006388213 702
703 301.9188629524356 703
704 301.9188252845661 704
705 301.9187876243904 705
706 301.9187499586597 706
707 301.9187122702003 707
708 301.9186745352976 708
709 301.9186367497537 709
710 301.9185988855801 710
711 301.9185609423163 711
712 301.9185228797936 712
713 301.9184846757275 713
714 301.91844629676 714
715 301.9184077241731 715
716 301.9183689133158 716
717 301.9183298596582 717
718 301.918290549298 718
719 301.9182509433849 719
720 301.9182110321469 720
721 301.9181707888683 721
722 301.9181302101638 722
723 301.9180892564619 723
724 301.9180479154338 724
725 301.9180062008302 725
726 301.9179640811823 726
727 301.9179215872743 727
728 301.9178786969121 728
729 301.9178354237186 729
730 301.9177917630549 730
731 301.9177477264674 731
732 301.9177033064317 732
733 301.9176585568655 733
734 301.9176134516948 734
735 301.9175680155026 735
736 301.917522246892 736
737 301.9174761457201 737
738 301.9174297092949 738
739 301.9173829793828 739
740 301.9173359362694 740
741 301.9172886159693 741
742 301.9172410009588 742
743 301.9171931124123 743
744 301.9171449200752 744
745 301.9170964217077 745
746 301.9170475569521 746
747 301.9169983461705 747
748 301.9169487200514 748
749 301.916898745172 749
750 301.916848347697 750
751 301.9167975291006 751
752 301.9167462411442 752
753 301.9166944997724 753
754 301.9166422559312 754
755 301.9165895161598 755
756 301.9165362295595 756
757 301.9164824103015 757
758 301.9164280285962 758
759 301.9163730865905 759
760 301.9163175458502 760
761 301.9162614310263 761
762 301.9162047086141 762
763 301.9161473973743 763
764 301.9160894362249 764
765 301.9160308678019 765
766 301.9159716404362 766
767 301.9159117879346 767
768 301.9158512723515 768
769 301.9157901327317 769
770 301.9157283194186 770
771 301.9156658670472 771
772 301.9156027299251 772
773 301.9155389589009 773
774 301.9154745182279 774
775 301.915409436949 775
776 301.9153436637779 776
777 301.9152772362889 777
778 301.9152101132219 778
779 301.9151423338597 779
780 301.9150738454713 780
781 301.9150046719956 781
782 301.9149347829582 782
783 301.914864212373 783
784 301.9147929043104 784
785 301.9147208823494 785
786 301.9146480961468 786
787 301.9145745924961 787
788 301.914500327737 788
789 301.91442533015 789
790 301.914349568287 790
791 301.9142730724851 791
792 301.9141958139949 792
793 301.914117827659 793
794 301.9140390532293 794
795 301.9139595527533 795
796 301.9138792750371 796
797 301.913798276534 797
798 301.9137164913508 798
799 301.9136339689277 799
800 301.9135506729692 800
801 301.9134666335615 801
802 301.9133817753606 802
803 301.9132961556028 803
804 301.9132097158823 804
805 301.913122515729 805
806 301.9130345024549 806
807 301.9129457329306 807
808 301.9128561760446 808
809 301.912765899365 809
810 301.9126748225031 810
811 301.9125830052392 811
812 301.9124903724135 812
813 301.9123969972965 813
814 301.9123027826981 814
815 301.9122077687019 815
816 301.9121118600214 816
817 301.9120151485026 817
818 301.9119175482688 818
819 301.9118191209275 819
820 301.9117197880111 820
821 301.9116196231948 821
822 301.9115185598149 822
823 301.9114166853292 823
824 301.9113139119984 824
825 301.9112103400606 825
826 301.9111058681814 826
827 301.9110005870983 827
828 301.9108944262555 828
829 301.9107874662416 829
830 301.9106796260153 830
831 301.9105709864947 831
832 301.9104614582931 832
833 301.9103511309428 833
834 301.9102399051934 834
835 301.9101278743372 835
836 301.9100149351324 836
837 301.9099011781487 837
838 301.9097865148483 838
839 301.9096710370156 839
840 301.9095546347675 840
841 301.909437416301 841
842 301.9093192829728 842
843 301.9092003430559 843
844 301.9090804864953 844
845 301.908959821428 845
846 301.9088382293698 846
847 301.9087158272739 847
848 301.9085924888249 848
849 301.9084683249802 849
850 301.9083432174923 850
851 301.9082172822276 851
852 301.908090377623 852
853 301.9079626311292 853
854 301.9078339052913 854
855 301.90770432823 855
856 301.9075737610722 856
857 301.9074423246644 857
858 301.9073098800149 858
859 301.9071765537203 859
860 301.9070422128751 860
861 301.9069069955242 861
862 301.9067707362206 862
863 301.9066335772512 863
864 301.9064953739132 864
865 301.9063562711058 865
866 301.9062161070763 866
867 301.9060750340232 867
868 301.9059328755658 868
869 301.9057897926921 869
870 301.9056456271668 870
871 301.905500531483 871
872 301.905354350894 872
873 301.9052072509711 873
874 301.9050590461658 874
875 301.9049099009196 875
876 301.9047596399387 876
877 301.9046084545677 877
878 301.9044561478869 878
879 301.9043029160146 879
880 301.9041485451279 880
881 301.9039932201075 881
882 301.90383671152 882
883 301.9036792322447 883
884 301.9035205656138 884
885 301.9033608116594 885
886 301.9032000189247 886
887 301.9030382199801 887
888 301.9028752118715 888
889 301.902711098849 889
890 301.9025459225527 890
891 301.9023797134349 891
892 301.9022122765469 892
893 301.9020437010894 893
894 301.9018740514015 894
895 301.9017033518834 895
896 301.9015314003826 896
897 301.9013582972618 897
898 301.9011840935131 898
899 301.9010088719537 899
900 301.9008325058779 900
901 301.9006549220159 901
902 301.9004760746363 902
903 301.9002961786485 903
904 301.9001151099312 904
905 301.8999328155338 905
906 301.8997491772353 906
907 301.8995643278904 907
908 301.8993783493871 908
909 301.899191267684 909
910 301.8990028586686 910
911 301.8988132510023 911
912 301.8986224981338 912
913 301.8984306490754 913
914 301.8982374615516 914
915 301.8980430537782 915
916 301.8978474783661 916
917 301.8976508226307 917
918 301.8974529780049 918
919 301.8972538984815 919
920 301.8970534484769 920
921 301.8968517815205 921
922 301.8966489730359 922
923 301.8964450519302 923
924 301.896239807635 924
925 301.8960333721558 925
926 301.8958257971956 926
927 301.8956171973969 927
928 301.895407444023 928
929 301.8951964615289 929
930 301.8949841558656 930
931 301.8947706740698 931
932 301.8945560455132 932
933 301.8943403203252 933
934 301.8941233257171 934
935 301.8939051523853 935
936 301.8936858385077 936
937 301.8934655228151 937
938 301.8932440501836 938
939 301.8930213096164 939
940 301.8927972656361 940
941 301.8925722042641 941
942 301.8923459627973 942
943 301.8921184498635 943
944 301.8918895940282 944
945 301.8916595127736 945
946 301.8914282539641 946
947 301.8911958665597 947
948 301.8909621643647 948
949 301.8907272495361 949
950 301.8904911503479 950
951 301.8902539328169 951
952 301.8900153737371 952
953 301.8897755676243 953
954 301.8895345531822 954
955 301.889292491498 955
956 301.8890492048302 956
957 301.8888045577002 957
958 301.8885585155699 958
959 301.8883112036381 959
960 301.888062685778 960
961 301.8878130038125 961
962 301.8875619407078 962
963 301.8873096193466 963
964 301.8870560832427 964
965 301.8868015155281 965
966 301.886545726435 966
967 301.8862885467092 967
968 301.8860299909317 968
969 301.8857701707154 969
970 301.8855091173638 970
971 301.8852470373585 971
972 301.8849837546391 972
973 301.8847191152157 973
974 301.8844531251585 974
975 301.8841861235719 975
976 301.8839178914125 976
977 301.8836483124756 977
978 301.8833773711578 978
979 301.8831052156874 979
980 301.8828320716517 980
981 301.8825577296269 981
982 301.8822820555951 982
983 301.8820050012073 983
984 301.8817267150836 984
985 301.8814472309141 985
986 301.881166661324 986
987 301.8808847415667 987
988 301.8806016341513 988
989 301.8803173533113 989
990 301.88003210698 990
991 301.8797457032771 991
992 301.8794580081768 992
993 301.8791689751027 993
994 301.8788789770638 994
995 301.8785878148361 995
996 301.8782953950648 996
997 301.8780016228503 997
998 301.8777067128993 998
999 301.8774108747481 999
1000 301.8771139194932 1000
1001 301.8768157298945 1001
1002 301.8765161968637 1002
1003 301.8762155093349 1003
1004 301.8759137385507 1004
1005 301.8756109394735 1005
1006 301.8753068381617 1006
1007 301.8750016049858 1007
1008 301.874695314264 1008
1009 301.8743881548586 1009
1010 301.8740799063008 1010
1011 301.8737704221903 1011
1012 301.8734596925969 1012
1013 301.8731481043199 1013
1014 301.8728354286133 1014
1015 301.872521540424 1015
1016 301.8722064024108 1016
1017 301.8718904275613 1017
1018 301.8715733652701 1018
1019 301.8712550655767 1019
1020 301.8709354428971 1020
1021 301.8706146812809 1021
1022 301.8702928624269 1022
1023 301.8699701728682 1023
1024 301.8696463947568 1024
1025 301.8693213586529 1025
1026 301.8689950061439 1026
1027 301.868667513489 1027
1028 301.8683389241809 1028
1029 301.8680093188506 1029
1030 301.8676784319226 1030
1031 301.8673464123295 1031
1032 301.8670132943529 1032
1033 301.866679332799 1033
1034 301.8663442885214 1034
1035 301.866007996232 1035
1036 301.8656704158437 1036
1037 301.8653319570421 1037
1038 301.8649923962113 1038
1039 301.8646516223695 1039
1040 301.8643095709162 1040
1041 301.8639667141611 1041
1042 301.8636227885656 1042
1043 301.8632776363853 1043
1044 301.8629311948164 1044
1045 301.8625836554785 1045
1046 301.8622351009132 1046
1047 301.8618856165883 1047
1048 301.8615348545917 1048
1049 301.8611830061579 1049
1050 301.8608301610193 1050
1051 301.8604765297674 1051
1052 301.860121869294 1052
1053 301.859766024608 1053
1054 301.8594089777435 1054
1055 301.8590511610813 1055
1056 301.858692323999 1056
1057 301.8583323638456 1057
1058 301.8579711232504 1058
1059 301.8576089078636 1059
1060 301.8572459678466 1060
1061 301.856882063126 1061
1062 301.8565170779473 1062
1063 301.8561508289625 1063
1064 301.8557835723586 1064
1065 301.8554154184732 1065
1066 301.8550465559445 1066
1067 301.8546766222157 1067
1068 301.8543054607183 1068
1069 301.8539332976601 1069
1070 301.8535602180272 1070
1071 301.8531864353492 1071
1072 301.8528117152773 1072
1073 301.852435868896 1073
1074 301.852058769979 1074
1075 301.8516807227851 1075
1076 301.8513019648507 1076
1077 301.8509222041778 1077
1078 301.8505413326112 1078
1079 301.8501591973666 1079
1080 301.8497760383714 1080
1081 301.8493919692108 1081
1082 301.8490072364067 1082
1083 301.8486215719821 1083
1084 301.8482348325723 1084
1085 301.8478468722815 1085
1086 301.8474579955229 1086
1087 301.8470684766782 1087
1088 301.8466780482572 1088
1089 301.8462865602162 1089
1090 301.8458938419602 1090
1091 301.8455001686604 1091
1092 301.8451056285227 1092
1093 301.8447104799971 1093
1094 301.8443144515535 1094
1095 301.8439173819019 1095
1096 301.8435190950605 1096
1097 301.8431199144229 1097
1098 301.8427201092426 1098
1099 301.8423193822333 1099
1100 301.8419175842528 1100
1101 301.8415145302716 1101
1102 301.841110507291 1102
1103 301.8407056196967 1103
1104 301.8403001288161 1104
1105 301.8398937301547 1105
1106 301.839486199418 1106
1107 301.8390774716214 1107
1108 301.8386678441595 1108
1109 301.8382576068157 1109
1110 301.8378464756039 1110
1111 301.8374342779506 1111
1112 301.8370208504523 1112
1113 301.8366064597859 1113
1114 301.8361912223282 1114
1115 301.8357754091196 1115
1116 301.8353587289224 1116
1117 301.8349410036208 1117
1118 301.8345220735332 1118
1119 301.8341023188481 1119
1120 301.8336820282336 1120
1121 301.8332608820708 1121
1122 301.8328386851007 1122
1123 301.8324152774321 1123
1124 301.8319909433018 1124
1125 301.8315658032305 1125
1126 301.8311400981565 1126
1127 301.8307135111687 1127
1128 301.8302858588498 1128
1129 301.8298569668432 1129
1130 301.8294272170351 1130
1131 301.828996920266 1131
1132 301.8285657261845 1132
1133 301.8281334507298 1133
1134 301.8276999635123 1134
1135 301.8272655246775 1135
1136 301.8268303051279 1136
1137 301.8263945640011 1137
1138 301.8259579863488 1138
1139 301.8255203460554 1139
1140 301.825081529547 1140
1141 301.8246419465447 1141
1142 301.8242019012072 1142
1143 301.8237610571014 1143
1144 301.8233192144353 1144
1145 301.8228761939348 1145
1146 301.8224323007628 1146
1147 301.821987702281 1147
1148 301.8215426498447 1148
1149 301.8210968215434 1149
1150 301.8206499792215 1150
1151 301.8202020013896 1151
1152 301.819753277928 1152
1153 301.8193041374275 1153
1154 301.8188542708232 1154
1155 301.8184033976041 1155
1156 301.8179514292841 1156
1157 301.8174986659363 1157
1158 301.8170452085236 1158
1159 301.8165914259092 1159
1160 301.8161369265863 1160
1161 301.8156814332314 1161
1162 301.815224856865 1162
1163 301.8147675956354 1163
1164 301.8143099724816 1164
1165 301.8138516669702 1165
1166 301.8133923775881 1166
1167 301.812932003238 1167
1168 301.8124708249838 1168
1169 301.8120090228005 1169
1170 301.8115468951814 1170
1171 301.8110840696044 1171
1172 301.8106202677523 1172
1173 301.8101553870571 1173
1174 301.8096897445583 1174
1175 301.8092235071559 1175
1176 301.8087569514044 1176
1177 301.8082897258864 1177
1178 301.807821565103 1178
1179 301.8073523671891 1179
1180 301.8068825552112 1180
1181 301.8064124800575 1181
1182 301.8059417758649 1182
1183 301.8054702295254 1183
1184 301.8049976402974 1184
1185 301.8045243313987 1185
1186 301.8040505064101 1186
1187 301.8035764819412 1187
1188 301.8031018533229 1188
1189 301.8026264320617 1189
1190 301.8021500246531 1190
1191 301.8016730034512 1191
1192 301.8011954701345 1192
1193 301.8007177802398 1193
1194 301.8002395553058 1194
1195 301.7997605538446 1195
1196 301.799280659695 1196
1197 301.7988002543922 1197
1198 301.798319714736 1198
1199 301.7978386839183 1199
1200 301.7973569480942 1200
1201 301.796874313684 1201
1202 301.7963911303274 1202
1203 301.7959075504223 1203
1204 301.7954239215069 1204
1205 301.7949398488855 1205
1206 301.7944550757315 1206
1207 301.7939694759671 1207
1208 301.7934833742142 1208
1209 301.7929969376394 1209
1210 301.7925104720047 1210
1211 301.792023611848 1211
1212 301.7915361385588 1212
1213 301.7910478827055 1213
1214 301.7905592680842 1214
1215 301.7900706782724 1215
1216 301.7895817251184 1216
1217 301.7890921584196 1217
1218 301.7886018124121 1218
1219 301.7881109915031 1219
1220 301.7876198906081 1220
1221 301.7871288225716 1221
1222 301.786637374413 1222
1223 301.7861453227664 1223
1224 301.7856525418474 1224
1225 301.7851593888171 1225
1226 301.784666314609 1226
1227 301.7841728839359 1227
1228 301.7836788181096 1228
1229 301.7831839963922 1229
1230 301.7826887425626 1230
1231 301.7821931981369 1231
1232 301.7816977357229 1232
1233 301.7812019147079 1233
1234 301.7807055241541 1234
1235 301.7802083879665 1235
1236 301.7797108312488 1236
1237 301.7792130023822 1237
1238 301.7787152566477 1238
1239 301.7782171878181 1239
1240 301.7777185556443 1240
1241 301.7772191589304 1241
1242 301.7767193714605 1242
1243 301.7762193704838 1243
1244 301.7757194749259 1244
1245 301.775219277457 1245
1246 301.7747185865059 1246
1247 301.7742172173425 1247
1248 301.773715586818 1248
1249 301.7732141277401 1249
1250 301.7727124216035 1250
1251 301.7722101770789 1251
1252 301.771707261002 1252
1253 301.7712040261849 1253
1254 301.7707006376738 1254
1255 301.7701974492968 1255
1256 301.7696940555816 1256
1257 301.7691901517814 1257
1258 301.7686856377664 1258
1259 301.7681808351157 1259
1260 301.76767589503 1260
1261 301.7671709295955 1261
1262 301.7666654523344 1262
1263 301.7661597365823 1263
1264 301.7656538489615 1264
1265 301.7651482304604 1265
1266 301.7646422622794 1266
1267 301.7641357432574 1267
1268 301.7636290120938 1268
1269 301.7631221679401 1269
1270 301.7626156875778 1270
1271 301.762109145028 1271
1272 301.7616022425548 1272
1273 301.7610949236601 1273
1274 301.7605874920433 1274
1275 301.7600800436157 1275
1276 301.7595730031985 1276
1277 301.7590659193959 1277
1278 301.7585585137122 1278
1279 301.758050671389 1279
1280 301.7575427120871 1280
1281 301.7570347361079 1281
1282 301.756527176623 1282
1283 301.7560196020893 1283
1284 301.7555117718596 1284
1285 301.7550035391813 1285
1286 301.7544952989446 1286
1287 301.753987540571 1287
1288 301.7534798138269 1288
1289 301.7529718738103 1289
1290 301.7524635187787 1290
1291 301.7519551337683 1291
1292 301.7514468957162 1292
1293 301.750939163487 1293
1294 301.7504315061227 1294
1295 301.7499236387914 1295
1296 301.7494154329703 1296
1297 301.7489073253488 1297
1298 301.7483997770774 1298
1299 301.7478923125965 1299
1300 301.7473847419259 1300
1301 301.7468768491952 1301
1302 301.746369012812 1302
1303 301.7458614072174 1303
1304 301.7453543923586 1304
1305 301.7448473166367 1305
1306 301.7443399928741 1306
1307 301.7438327817091 1307
1308 301.7433258392078 1308
1309 301.7428195436607 1309
1310 301.7423134714986 1310
1311 301.7418073379826 1311
1312 301.7413010542123 1312
1313 301.7407950104335 1313
1314 301.7402897039904 1314
1315 301.7397846567295 1315
1316 301.7392795855469 1316
1317 301.7387743660747 1317
1318 301.7382694231881 1318
1319 301.7377652222386 1319
1320 301.7372613014119 1320
1321 301.7367573699303 1321
1322 301.7362533026048 1322
1323 301.7357494127025 1323
1324 301.735245895523 1324
1325 301.7347431250404 1325
1326 301.7342406445865 1326
1327 301.7337382225542 1327
1328 301.7332356428337 1328
1329 301.7327332958288 1329
1330 301.7322312890821 1330
1331 301.7317300098537 1331
1332 301.7312290229264 1332
1333 301.7307280482723 1333
1334 301.7302269533998 1334
1335 301.7297260997487 1335
1336 301.7292260176054 1336
1337 301.728726234025 1337
1338 301.7282264566144 1338
1339 301.7277265108375 1339
1340 301.7272267926178 1340
1341 301.7267274076929 1341
1342 301.7262287368615 1342
1343 301.725730349113 1343
1344 301.7252319436281 1344
1345 301.7247334128513 1345
1346 301.7242350824509 1346
1347 301.7237370975795 1347
1348 301.7232398561485 1348
1349 301.7227429331087 1349
1350 301.7222460499741 1350
1351 301.7217490397492 1351
1352 301.7212522760016 1352
1353 301.7207559656979 1353
1354 301.7202604179401 1354
1355 301.7197652387997 1355
1356 301.7192701636313 1356
1357 301.7187750243176 1357
1358 301.7182801953689 1358
1359 301.7177858682468 1359
1360 301.717292363172 1360
1361 301.7167992911064 1361
1362 301.716306416206 1362
1363 301.7158135405562 1363
1364 301.7153210396682 1364
1365 301.7148290960569 1365
1366 301.7143380561046 1366
1367 301.7138474912378 1367
1368 301.7133571683044 1368
1369 301.7128668433735 1369
1370 301.7123769291887 1370
1371 301.7118876404724 1371
1372 301.7113992596849 1372
1373 301.710911398317 1373
1374 301.710423821803 1374
1375 301.7099363253021 1375
1376 301.7094492504494 1376
1377 301.708962827149 1377
1378 301.7084773685376 1378
1379 301.7079924853902 1379
1380 301.7075078894679 1380
1381 301.707023479455 1381
1382 301.7065395451164 1382
1383 301.7060562986812 1383
1384 301.7055740572386 1384
1385 301.7050923885712 1385
1386 301.7046111056828 1386
1387 301.7041299712329 1387
1388 301.7036494068167 1388
1389 301.7031695068338 1389
1390 301.702690639162 1390
1391 301.7022124161145 1391
1392 301.7017346199807 1392
1393 301.7012570191005 1393
1394 301.7007799863989 1394
1395 301.7003036877757 1395
1396 301.6998284054469 1396
1397 301.6993537757958 1397
1398 301.6988795392858 1398
1399 301.6984055760445 1399
1400 301.69793221765 1400
1401 301.6974596374242 1401
1402 301.6969881715123 1402
1403 301.6965173978815 1403
1404 301.6960471462363 1404
1405 301.6955772205266 1405
1406 301.6951079665067 1406
1407 301.6946395300153 1407
1408 301.6941722195766 1408
1409 301.6937057013604 1409
1410 301.6932396583957 1410
1411 301.6927739816792 1411
1412 301.6923090103604 1412
1413 301.6918449150629 1413
1414 301.6913820001613 1414
1415 301.690919815578 1415
1416 301.6904581314552 1416
1417 301.6899968059751 1417
1418 301.6895362107727 1418
1419 301.6890765389272 1419
1420 301.6886180821451 1420
1421 301.6881604694696 1421
1422 301.6877034445249 1422
1423 301.687246882027 1423
1424 301.6867911148066 1424
1425 301.6863363244398 1425
1426 301.6858828057518 1426
1427 301.6854301897025 1427
1428 301.6849782075093 1428
1429 301.6845267308009 1429
1430 301.6840760967422 1430
1431 301.6836264842048 1431
1432 301.6831782055863 1432
1433 301.6827308815301 1433
1434 301.6822842438342 1434
1435 301.6818381732768 1435
1436 301.6813929976352 1436
1437 301.680948899126 1437
1438 301.6805061512302 1438
1439 301.680064385818 1439
1440 301.6796233779042 1440
1441 301.6791829517593 1441
1442 301.6787434296471 1442
1443 301.6783049920239 1443
1444 301.6778679556718 1444
1445 301.6774319817368 1445
1446 301.6769967835162 1446
1447 301.676562217056 1447
1448 301.6761286535473 1448
1449 301.6756962290879 1449
1450 301.675265226773 1450
1451 301.6748352935001 1451
1452 301.6744063354214 1452
1453 301.6739782252956 1453
1454 301.673550814671 1454
1455 301.6731245397337 1455
1456 301.6726997081933 1456
1457 301.6722759746377 1457
1458 301.6718530774866 1458
1459 301.6714308921494 1459
1460 301.6710097421119 1460
1461 301.6705897787263 1461
1462 301.6701712730859 1462
1463 301.669753869174 1463
1464 301.6693373004321 1464
1465 301.6689214583553 1465
1466 301.6685066503813 1466
1467 301.6680930175776 1467
1468 301.667680850115 1468
1469 301.6672697970828 1469
1470 301.6668596066977 1470
1471 301.6664501814976 1471
1472 301.666041823 1472
1473 301.6656346789274 1473
1474 301.6652290333768 1474
1475 301.6648245091517 1475
1476 301.6644209031876 1476
1477 301.6640180717486 1477
1478 301.6636163134247 1478
1479 301.6632157827964 1479
1480 301.6628167221481 1480
1481 301.6624188014521 1481
1482 301.6620219549433 1482
1483 301.6616260235055 1483
1484 301.6612308903844 1484
1485 301.6608368356338 1485
1486 301.6604440233532 1486
1487 301.6600526456407 1487
1488 301.6596624196556 1488
1489 301.6592731317712 1489
1490 301.658884663208 1490
1491 301.658497287729 1491
1492 301.658111150577 1492
1493 301.6577264636273 1493
1494 301.6573429471998 1494
1495 301.6569604022985 1495
1496 301.6565787161815 1496
1497 301.6561982761809 1497
1498 301.6558193355812 1498
1499 301.6554415909653 1499
1500 301.6550648505705 1500
1501 301.6546889824028 1501
1502 301.6543142851535 1502
1503 301.6539409182377 1503
1504 301.6535690964689 1504
1505 301.6531985395832 1505
1506 301.652829055338 1506
1507 301.6524605348306 1507
1508 301.6520932755092 1508
1509 301.6517273785485 1509
1510 301.6513630872979 1510
1511 301.6510001370472 1511
1512 301.650638345195 1512
1513 301.6502775886871 1513
1514 301.649918136387 1514
1515 301.6495601235302 1515
1516 301.6492037628982 1516
1517 301.648848793386 1517
1518 301.6484950450982 1518
1519 301.6481424033644 1519
1520 301.6477911368185 1520
1521 301.6474413765214 1521
1522 301.6470933320019 1522
1523 301.646746755483 1523
1524 301.6464014866681 1524
1525 301.6460574118968 1525
1526 301.6457147805343 1526
1527 301.6453737246196 1527
1528 301.6450344518971 1528
1529 301.6446967068575 1529
1530 301.6443603036928 1530
1531 301.6440251528363 1531
1532 301.6436915008898 1532
1533 301.6433594196139 1533
1534 301.6430291324104 1534
1535 301.6427003796574 1535
1536 301.6423730018147 1536
1537 301.6420468467091 1537
1538 301.6417221587855 1538
1539 301.6413989780249 1539
1540 301.6410773476385 1540
1541 301.6407575028534 1541
1542 301.6404391923496 1542
1543 301.6401222221211 1543
1544 301.6398065440006 1544
1545 301.6394923699108 1545
1546 301.6391797648735 1546
1547 301.6388689436131 1547
1548 301.6385596533343 1548
1549 301.6382517442085 1549
1550 301.6379451585821 1550
1551 301.6376400890027 1551
1552 301.6373367611545 1552
1553 301.6381027461811 1553
1554 301.6389019140803 1554
1555 301.6407329427672 1555
1556 301.6432675104469 1556
1557 301.6466457826854 1557
1558 301.6510450351535 1558
1559 301.6566635506807 1559
1560 301.6576529705894 1560
1561 301.6587390893129 1561
1562 301.6598246784064 1562
1563 301.6608958730724 1563
1564 301.6619564780838 1564
1565 301.6630057088673 1565
1566 301.6640434899356 1566
1567 301.6650703581748 1567
1568 301.6660865581077 1568
1569 301.6670924683893 1569
1570 301.6680878305121 1570
1571 301.6690725445432 1571
1572 301.6700480137599 1572
1573 301.6710129697395 1573
1574 301.6719651757878 1574
1575 301.6729066490841 1575
1576 301.6738378831533 1576
1577 301.6747592559689 1577
1578 301.6756708662674 1578
1579 301.6765726573469 1579
1580 301.6774649082889 1580
1581 301.6783478412701 1581
1582 301.6792215397155 1582
1583 301.6800862277199 1583
1584 301.6809421563526 1584
1585 301.6817892877448 1585
1586 301.682627624431 1586
1587 301.6834573768122 1587
1588 301.6842787553299 1588
1589 301.6850918190638 1589
1590 301.6858967151871 1590
1591 301.6866935099889 1591
1592 301.6874822343672 1592
1593 301.6882631898962 1593
1594 301.6890362501563 1594
1595 301.6898014912513 1595
1596 301.6905590483551 1596
1597 301.691308951901 1597
1598 301.6920512112644 1598
1599 301.6927858841137 1599
1600 301.6935130785139 1600
1601 301.6942327361814 1601
1602 301.694945073515 1602
1603 301.6956500988088 1603
1604 301.6963478015379 1604
1605 301.6970382911877 1605
1606 301.6977216820936 1606
1607 301.6983979515687 1607
1608 301.6990672179149 1608
1609 301.6997299837519 1609
1610 301.7003861908101 1610
1611 301.7010360760132 1611
1612 301.7016797405201 1612
1613 301.7023172743448 1613
1614 301.7029488362019 1614
1615 301.7035743971153 1615
1616 301.7041936866195 1616
1617 301.704807183277 1617
1618 301.7054149660165 1618
1619 301.7060172017175 1619
1620 301.7066137089908 1620
1621 301.7072046353244 1621
1622 301.707790112882 1622
1623 301.7083701841133 1623
1624 301.7089453246929 1624
1625 301.70951560069 1625
1626 301.7100811170924 1626
1627 301.7106421055977 1627
1628 301.7111987035721 1628
1629 301.7117509159106 1629
1630 301.7122988967014 1630
1631 301.7128428162321 1631
1632 301.713382769709 1632
1633 301.7139189870811 1633
1634 301.7144514915541 1634
1635 301.7149803324191 1635
1636 301.7155057648496 1636
1637 301.7160277506347 1637
1638 301.7165463573647 1638
1639 301.71706167873 1639
1640 301.7175737622705 1640
1641 301.7180826241595 1641
1642 301.718588343285 1642
1643 301.7190909736087 1643
1644 301.7195906130894 1644
1645 301.7200872769222 1645
1646 301.7205808506701 1646
1647 301.7210714734152 1647
1648 301.7215591284529 1648
1649 301.7220436836389 1649
1650 301.7225251075542 1650
1651 301.7230038786564 1651
1652 301.7234793267839 1652
1653 301.7239515729273 1653
1654 301.7244205542792 1654
1655 301.7248863889916 1655
1656 301.7253491579672 1656
1657 301.7258087401707 1657
1658 301.7262653440341 1658
1659 301.726719041934 1659
1660 301.7271697274769 1660
1661 301.727617513679 1661
1662 301.7280624555063 1662
1663 301.7285045055223 1663
1664 301.7289437374858 1664
1665 301.7293802860466 1665
1666 301.7298142009381 1666
1667 301.7302454122798 1667
1668 301.7306740838206 1668
1669 301.7311002599134 1669
1670 301.7315241121386 1670
1671 301.7319453857664 1671
1672 301.7323643805342 1672
1673 301.7327810915291 1673
1674 301.7331956587535 1674
1675 301.7336077885605 1675
1676 301.7340178235461 1676
1677 301.7344258115402 1677
1678 301.73483191651 1678
1679 301.7352358654625 1679
1680 301.7356378306949 1680
1681 301.7360380911517 1681
1682 301.7364364784083 1682
1683 301.7368331094157 1683
1684 301.73722793748 1684
1685 301.7376210525782 1685
1686 301.738012337358 1686
1687 301.7384019006989 1687
1688 301.7387897990995 1688
1689 301.7391759098679 1689
1690 301.7395601963794 1690
1691 301.739942822501 1691
1692 301.7403235710381 1692
1693 301.7407027388076 1693
1694 301.7410802170657 1694
1695 301.7414563345971 1695
1696 301.7418308622874 1696
1697 301.7422039870403 1697
1698 301.7425753626182 1698
1699 301.7429451072321 1699
1700 301.7433130387074 1700
1701 301.743679478096 1701
1702 301.7440444454487 1702
1703 301.7444078962824 1703
1704 301.7650132178382 1704
1705 301.7858625042122 1705
1706 301.8069472302198 1706
1707 301.8282581857589 1707
1708 301.8497863404125 1708
1709 301.8715231272103 1709
1710 301.8934602754858 1710
1711 301.915589736628 1711
1712 301.9379038923524 1712
1713 301.9603952635396 1713
1714 301.9830567893632 1714
1715 302.0058820241818 1715
1716 302.0288641025371 1716
1717 302.0519974325052 1717
1718 302.0752761633535 1718
1719 302.0986952185532 1719
1720 302.1222498003866 1720
1721 302.1459362277781 1721
1722 302.1697492221882 1722
1723 302.1936835628608 1723
1724 302.2177352047373 1724
1725 302.2418999061115 1725
1726 302.2661730163972 1726
1727 302.2905499118284 1727
1728 302.3150267647578 1728
1729 302.3395992798239 1729
1730 302.3642633351421 1730
1731 302.3890152445422 1731
1732 302.4138513637687 1732
1733 302.4387677009362 1733
1734 302.5314203606019 1734
1735 302.6238218991164 1735
1736 302.7159986427163 1736
1737 302.8079724562082 1737
1738 302.8997638840773 1738
1739 302.9913899996347 1739
1740 303.0828684749349 1740
1741 303.1742139544029 1741
1742 303.2654391955533 1742
1743 303.3565579622656 1743
1744 303.4475822041873 1744
1745 303.5385215319835 1745
1746 303.6293848819927 1746
1747 303.720180831933 1747
1748 303.8109169718389 1748
1749 303.9016002314725 1749
1750 303.9922379631108 1750
1751 304.0828361682005 1751
1752 304.1734013777304 1752
1753 304.2639391492612 1753
1754 304.3544548022969 1754
1755 304.4449527919285 1755
1756 304.5354379650909 1756
1757 304.6259147020147 1757
1758 304.7163857085708 1758
1759 304.806854144012 1759
1760 304.8973226489328 1760
1761 304.9877937247069 1761
1762 305.0782691417204 1762
1763 305.1687518169639 1763
1764 305.2592427899672 1764
1765 305.3497437380813 1765
1766 305.4402558923778 1766
1767 305.5307823062706 1767
1768 305.6213229875295 1768
1769 305.7118803033025 1769
1770 305.8024558834126 1770
1771 305.8930519813684 1771
1772 305.9836683635225 1772
1773 306.0743068028564 1773
1774 306.1649697093013 1774
1775 306.2556604590889 1775
1776 306.3463807304365 1776
1777 306.4371313167242 1777
1778 306.5279131817585 1778
1779 306.618726007495 1779
1780 306.7095710218689 1780
1781 306.8004480170893 1781
1782 306.8913579986092 1782
1783 306.9823009940916 1783
1784 307.0732780195812 1784
1785 307.1642902300901 1785
1786 307.2553389169093 1786
1787 307.3464252167498 1787
1788 307.4375506668928 1788
1789 307.5287174999159 1789
1790 307.6199276255805 1790
1791 307.7111817269127 1791
1792 307.802480902964 1792
1793 307.8938261825662 1793
1794 307.9852165804309 1794
1795 308.0766518499134 1795
1796 308.1681327239654 1796
1797 308.259657880513 1797
1798 308.3512254627335 1798
1799 308.4428366807256 1799
1800 308.5344919440598 1800
1801 308.6261914014874 1801
1802 308.7179350127954 1802
1803 308.8097238126893 1803
1804 308.9015590519804 1804
1805 308.9934428450974 1805
1806 309.085374698535 1806
1807 309.1773551770481 1807
1808 309.2693852219579 1808
1809 309.361463370301 1809
1810 309.4535891371604 1810
1811 309.5457630642275 1811
1812 309.6379873490072 1812
1813 309.730263292927 1813
1814 309.8225930123908 1814
1815 309.9149786153013 1815
1816 310.0074214810957 1816
1817 310.0999237060499 1817
1818 310.1924859684832 1818
1819 310.2851101303158 1819
1820 310.3777967324545 1820
1821 310.4705452953589 1821
1822 310.5633555341672 1822
1823 310.6562294371051 1823
1824 310.7491674963136 1824
1825 310.8421696024557 1825
1826 310.9352383415477 1826
1827 311.0283740236698 1827
1828 311.1215765494189 1828
1829 311.2148467674702 1829
1830 311.3081862602196 1830
1831 311.4015940175801 1831
1832 311.4950708038913 1832
1833 311.5886169021497 1833
1834 311.6822324704527 1834
1835 311.7759180594041 1835
1836 311.8696715741067 1836
1837 311.9634935842764 1837
1838 312.057384302434 1838
1839 312.1513409178468 1839
1840 312.2453646298728 1840
1841 312.3394553922245 1841
1842 312.4336116088506 1842
1843 312.5278333448306 1843
1844 312.6221220348968 1844
1845 312.7164793324121 1845
1846 312.8109077840296 1846
1847 312.9054089562568 1847
1848 312.9999883635385 1848
1849 313.0946457949324 1849
1850 313.1893832965131 1850
1851 313.284202006447 1851
1852 313.3791011309079 1852
1853 313.4740819474911 1853
1854 313.5691464117469 1854
1855 313.664291678871 1855
1856 313.7595185624448 1856
1857 313.8548275984666 1857
1858 313.9502181419606 1858
1859 314.0456924263203 1859
1860 314.1412533567953 1860
1861 314.2369000888569 1861
1862 314.3326341570589 1862
1863 314.4284549250287 1863
1864 314.5243621752757 1864
1865 314.6203495707152 1865
1866 314.716419648458 1866
1867 314.8125745618516 1867
1868 314.9088137822249 1868
1869 315.005137023086 1869
1870 315.1015441792984 1870
1871 315.1980346237663 1871
1872 315.2946099312991 1872
1873 315.3912707167794 1873
1874 315.4880182422412 1874
1875 315.5848556234518 1875
1876 315.6817848057406 1876
1877 315.7788089476699 1877
1878 315.875927524802 1878
1879 315.9731433327808 1879
1880 316.0704587025641 1880
1881 316.1678750858491 1881
1882 316.2653956933447 1882
1883 316.3630222309942 1883
1884 316.4607571884296 1884
1885 316.5586016446842 1885
1886 316.6565576556323 1886
1887 316.7546257769237 1887
1888 316.8528058240202 1888
1889 316.9510914732198 1889
1890 317.049485181402 1890
1891 317.1479884866059 1891
1892 317.2466036755832 1892
1893 317.3453320423045 1893
1894 317.4441729731338 1894
1895 317.5431278191262 1895
1896 317.6421942720236 1896
1897 317.7413746776843 1897
1898 317.8406738185943 1898
1899 317.9400945932833 1899
1900 318.0396401201276 1900
1901 318.1393122096276 1901
1902 318.239112982705 1902
1903 318.3390436833465 1903
1904 318.439105758456 1904
1905 318.53930265063 1905
1906 318.6396358906272 1906
1907 318.7401081103874 1907
1908 318.8407192764172 1908
1909 318.9414693865241 1909
1910 319.0423605726107 1910
1911 319.1433927595357 1911
1912 319.2445667793755 1912
1913 319.3458820220704 1913
1914 319.447339411093 1914
1915 319.5489405615974 1915
1916 319.6506885928642 1916
1917 319.7525859746253 1917
1918 319.8546354579195 1918
1919 319.9568404334808 1919
1920 319.9562259016016 1920
