"max"
"Time Step" "report-def-0 etc.."
("Time Step" "report-def-0" "flow-time")
0 298.1499999999999 0
1 298.217439176194 1
2 298.2860008008454 2
3 298.3555268462574 3
4 298.425872499758 4
5 298.4969238499232 5
6 298.5463724594514 6
7 298.5962480465236 7
8 298.6465174233638 8
9 298.6971308757516 9
10 298.7480495989907 10
11 298.7992442979043 11
12 298.8506848496699 12
13 298.9023447298826 13
14 298.9541971170502 14
15 299.0062205852881 15
16 299.0583960828577 16
17 299.1107063374822 17
18 299.1631360183074 18
19 299.2156714232151 19
20 299.2683003125142 20
21 299.3210120282413 21
22 299.3737966421525 22
23 299.4266453457261 23
24 299.4795504017866 24
25 299.532504924653 25
26 299.5855027923141 26
27 299.6385385675142 27
28 299.6916074268501 28
29 299.7447050970752 29
30 299.797827797885 30
31 299.850972190531 31
32 299.9041353316741 32
33 299.9573146319477 33
34 300.0105078187541 34
35 300.0637129028619 35
36 300.0776125099162 36
37 300.091531863683 37
38 300.1054703391536 38
39 300.1194267958909 39
40 300.1333999211072 40
41 300.147388817865 41
42 300.1613928254546 42
43 300.1754115411103 43
44 300.1894446790807 44
45 300.2034919633485 45
46 300.2175530965491 46
47 300.2316277529511 47
48 300.245715582649 48
49 300.2598162196745 49
50 300.2739293798126 50
51 300.2880547588339 51
52 300.302191765101 52
53 300.3163400491085 53
54 300.3304992733164 54
55 300.3446691138709 55
56 300.3588492616514 56
57 300.3730394228065 57
58 300.3872393189093 58
59 300.4014486868392 59
60 300.4156672784708 60
61 300.4298948602305 61
62 300.4441312125668 62
63 300.4583761293695 63
64 300.4726294173593 64
65 300.4868908954777 65
66 300.5011604197518 66
67 300.5154378050855 67
68 300.5297229033512 68
69 300.5440156149739 69
70 300.5583157943482 70
71 300.5726232974191 71
72 300.5869380119913 72
73 300.6012598342119 73
74 300.6155886735784 74
75 300.6299244327616 75
76 300.6442670284082 76
77 300.6586163833344 77
78 300.6729724261598 78
79 300.6873350909624 79
80 300.7017043169528 80
81 300.7160800481685 81
82 300.7304622331843 82
83 300.7448508248404 83
84 300.7592457799858 84
85 300.7736470592363 85
86 300.7880546267459 86
87 300.8024684499924 87
88 300.8168884995737 88
89 300.8313147490168 89
90 300.8457471745963 90
91 300.8601857551648 91
92 300.8746304719911 92
93 300.8890813086086 93
94 300.9035382506714 94
95 300.9180012858192 95
96 300.9324704035482 96
97 300.9469455950916 97
98 300.9614268533038 98
99 300.9759141725536 99
100 300.9904075486207 100
101 301.0049069786004 101
102 301.0194124608121 102
103 301.0339239947124 103
104 301.0484415808141 104
105 301.0629652206093 105
106 301.0774949164956 106
107 301.092030671708 107
108 301.1065724902533 108
109 301.1211203768487 109
110 301.1356743368628 110
111 301.1502343762613 111
112 301.1648005015541 112
113 301.1793727197463 113
114 301.1939510382916 114
115 301.208535465048 115
116 301.223126008236 116
117 301.2377226763989 117
118 301.2523254783662 118
119 301.2669344232175 119
120 301.2815495202494 120
121 301.2961707789443 121
122 301.3107982089398 122
123 301.3254318200011 123
124 301.3400716219942 124
125 301.3547176248607 125
126 301.3693698385936 126
127 301.3840282732156 127
128 301.3986929387572 128
129 301.413363845237 129
130 301.4280410026425 130
131 301.4427244209123 131
132 301.4574141099196 132
133 301.4721100794558 133
134 301.4868123392157 134
135 301.5015208987833 135
136 301.5162357676185 136
137 301.5309569550447 137
138 301.5456844702368 138
139 301.5604183222102 139
140 301.57515851981 140
141 301.5899050717015 141
142 301.6046579863609 142
143 301.6194172720667 143
144 301.6341829368912 144
145 301.6489549886932 145
146 301.6637334351106 146
147 301.678518283554 147
148 301.6933095412 148
149 301.7081072149857 149
150 301.7229113116031 150
151 301.737721837494 151
152 301.7525387988452 152
153 301.7673622015841 153
154 301.7821920513747 154
155 301.7970283536135 155
156 301.8118711134267 156
157 301.8267203356659 157
158 301.841576024906 158
159 301.8564381854421 159
160 301.8713068212867 160
161 301.8861819361679 161
162 301.9010635335272 162
163 301.9159516165176 163
164 301.9308461880015 164
165 301.9457472505497 165
166 301.9606548064396 166
167 301.9755688576548 167
168 301.9904894058827 168
169 302.0054164525149 169
170 302.0203499986457 170
171 302.0352900450719 171
172 302.0502365922919 172
173 302.0651896405053 173
174 302.0801491896131 174
175 302.095115239217 175
176 302.1100877886196 176
177 302.1250668368241 177
178 302.1400523825349 178
179 302.1550444241573 179
180 302.16226369863 180
181 302.1694677912165 181
182 302.1844854523044 182
183 302.1957041807649 183
184 302.2052683289952 184
185 302.2124114540087 185
186 302.2188948149705 186
187 302.2240957476131 187
188 302.2307423625078 188
189 302.2361705016963 189
190 302.2408707248819 190
191 302.247012029342 191
192 302.2523099116437 192
193 302.2580282042354 193
194 302.2632671919406 194
195 302.268590863147 195
196 302.2738178269361 196
197 302.2786458035195 197
198 302.283486270959 198
199 302.2884714509273 199
200 302.2933463627487 200
201 302.2979492381139 201
202 302.3022935241237 202
203 302.3063943025899 203
204 302.310267225007 204
205 302.3139281212404 205
206 302.3170607348417 206
207 302.320157005289 207
208 302.3231576118902 208
209 302.3260548022761 209
210 302.3288498773401 210
211 302.3315465203149 211
212 302.3341496475029 212
213 302.3366646403592 213
214 302.3390969784964 214
215 302.3414520692633 215
216 302.343735061802 216
217 302.3459509127905 217
218 302.3481042149778 218
219 302.3501992787947 219
220 302.3522401210657 220
221 302.3542304547213 221
222 302.3561737346948 222
223 302.3580731534953 223
224 302.3599316870982 224
225 302.3617520658779 225
226 302.3635368286415 226
227 302.3652883225346 227
228 302.3670087211611 228
229 302.36870003609 229
230 302.3703641434954 230
231 302.3720027724245 231
232 302.3736175230746 232
233 302.375209874606 233
234 302.3767811933881 234
235 302.3783327489805 235
236 302.3798657338367 236
237 302.3813812456023 237
238 302.3828803176029 238
239 302.3843639106346 239
240 302.3858329237872 240
241 302.3872881844696 241
242 302.3887304673825 242
243 302.3901604971989 243
244 302.3915789376854 244
245 302.3929864133761 245
246 302.3943834923398 246
247 302.3957706939645 247
248 302.3971484616094 248
249 302.3985171931786 249
250 302.3998772425093 250
251 302.4012289206454 251
252 302.4025725561369 252
253 302.4039085033587 253
254 302.4052371138608 254
255 302.4065587185413 255
256 302.4078736115176 256
257 302.4091820639183 257
258 302.4104843295721 258
259 302.4117806413315 259
260 302.4130712084262 260
261 302.4143752570506 261
262 302.4157878241064 262
263 302.4171945647236 263
264 302.4185956914842 264
265 302.4199914532365 265
266 302.4213820969119 266
267 302.4227678879207 267
268 302.4241490038133 268
269 302.4255256553711 269
270 302.4268981836249 270
271 302.4282666723205 271
272 302.4296313552202 272
273 302.4309923991375 273
274 302.432349976245 274
275 302.4337042831052 275
276 302.4350615644609 276
277 302.4364158260079 277
278 302.4377671835688 278
279 302.4391157744571 279
280 302.4404616090665 280
281 302.4418048732464 281
282 302.4431455837035 282
283 302.4444838465494 283
284 302.4458196484151 284
285 302.4471530762144 285
286 302.448484246968 286
287 302.4498133181655 287
288 302.4511401251772 288
289 302.4524648313656 289
290 302.45378715123 290
291 302.455106991113 291
292 302.4564247457624 292
293 302.4577398792399 293
294 302.4590521658976 294
295 302.4603617555763 295
296 302.4616689722964 296
297 302.46297336381 297
298 302.4642751966755 298
299 302.4655745345091 299
300 302.4668714006407 300
301 302.4681661635084 301
302 302.4694589089311 302
303 302.4707500915312 303
304 302.4720395060464 304
305 302.4733273247631 305
306 302.4746131980604 306
307 302.475897818138 307
308 302.477180934627 308
309 302.4784616152223 309
310 302.4797407591889 310
311 302.4810183226247 311
312 302.482293848592 312
313 302.4835674242088 313
314 302.4848388455773 314
315 302.4861074397007 315
316 302.4873731648516 316
317 302.4886360976272 317
318 302.4898956124539 318
319 302.4911524702733 319
320 302.4924066916862 320
321 302.4936586060801 321
322 302.4949083180589 322
323 302.4961555824465 323
324 302.4974005654551 324
325 302.498643426525 325
326 302.4998840879065 326
327 302.5011224571605 327
328 302.5023587925617 328
329 302.5035925823175 329
330 302.5048238598272 330
331 302.5060527122988 331
332 302.5072789691323 332
333 302.5085026643613 333
334 302.5097236736089 334
335 302.5109419434687 335
336 302.5121574992256 336
337 302.5133700259091 337
338 302.5145796166764 338
339 302.515786165686 339
340 302.5169897874608 340
341 302.5181905167541 341
342 302.5193882994313 342
343 302.5205833383966 343
344 302.5217758494185 344
345 302.5229659397115 345
346 302.5241537166464 346
347 302.5253393831829 347
348 302.5265230469574 348
349 302.527704748177 349
350 302.5288846406828 350
351 302.530063068385 351
352 302.5312398572461 352
353 302.5324151661922 353
354 302.5335891570701 354
355 302.5347618699359 355
356 302.5359332666037 356
357 302.5371031603625 357
358 302.5382714348387 358
359 302.5394377604714 359
360 302.5406019575236 360
361 302.5417639398477 361
362 302.5429236209661 362
363 302.5440809214665 363
364 302.5452359232515 364
365 302.5463886596501 365
366 302.5475392515119 366
367 302.548687789499 367
368 302.5498342674579 368
369 302.5509787582534 369
370 302.5521214192279 370
371 302.5532625123292 371
372 302.5544022828051 372
373 302.5555408268216 373
374 302.5566783180128 374
375 302.5578150151715 375
376 302.5589507656285 376
377 302.5600858250142 377
378 302.5612203239744 378
379 302.5623541997201 379
380 302.5634874346143 380
381 302.5646198163158 381
382 302.5657513138266 382
383 302.5668818572032 383
384 302.5680114250714 384
385 302.569139935434 385
386 302.5702675235859 386
387 302.5713943377335 387
388 302.5725203402185 388
389 302.5736455889197 389
390 302.5747698317633 390
391 302.5758931579824 391
392 302.5770155742003 392
393 302.5781368470162 393
394 302.5792568657222 394
395 302.580375863697 395
396 302.5814935277282 396
397 302.582609583395 397
398 302.5837236234691 398
399 302.5848359337656 399
400 302.5859467484788 400
401 302.5870560917226 401
402 302.5881647733727 402
403 302.5892722874598 403
404 302.5903790312581 404
405 302.5914854326552 405
406 302.5925920909431 406
407 302.5936988933315 407
408 302.5948062615228 408
409 302.5959145509521 409
410 302.5970237857783 410
411 302.5981341209225 411
412 302.5992453534946 412
413 302.6003574339833 413
414 302.6014702611179 414
415 302.602583588959 415
416 302.603697423589 416
417 302.6048116163464 417
418 302.6059262941749 418
419 302.6070413304132 419
420 302.6081566370645 420
421 302.6092720802081 421
422 302.6103875755442 422
423 302.6115029592007 423
424 302.6126181081544 424
425 302.6137328577203 425
426 302.614847043455 426
427 302.6159606172195 427
428 302.6170733362352 428
429 302.6181853664678 429
430 302.6192967563358 430
431 302.6204074847375 431
432 302.6215175806846 432
433 302.6226268531893 433
434 302.6237353085074 434
435 302.6248429348283 435
436 302.6259495780772 436
437 302.6270552172359 437
438 302.6281596826519 438
439 302.6292624543863 439
440 302.6303636505498 440
441 302.6314632129482 441
442 302.6325610798729 442
443 302.6336572494228 443
444 302.6347515835059 444
445 302.6358442022723 445
446 302.6369351818189 446
447 302.6380243156538 447
448 302.6391115199988 448
449 302.6401967266692 449
450 302.6412797591087 450
451 302.6423607079763 451
452 302.6434393024193 452
453 302.6445155370105 453
454 302.6455893919915 454
455 302.6466605813026 455
456 302.6477291530483 456
457 302.6487953373573 457
458 302.6498590656637 458
459 302.6509204129798 459
460 302.6519795635521 460
461 302.6530364337835 461
462 302.6540910256093 462
463 302.6551433650609 463
464 302.6561934857202 464
465 302.6572414479078 465
466 302.6582872373681 466
467 302.6593309808618 467
468 302.6603728519497 468
469 302.6614129788578 469
470 302.662451508465 470
471 302.6634886297562 471
472 302.6645244407308 472
473 302.6655592618727 473
474 302.6665934737804 474
475 302.6676268757182 475
476 302.6686596433381 476
477 302.6696918238393 477
478 302.6707232315255 478
479 302.6717537539099 479
480 302.6727832477762 480
481 302.6738112439378 481
482 302.6748374992167 482
483 302.6758614582205 483
484 302.6768828490989 484
485 302.6779017099901 485
486 302.6789182073905 486
487 302.6799322304375 487
488 302.6809439394424 488
489 302.6819536822857 489
490 302.6829615016472 490
491 302.6839680765918 491
492 302.6849731310521 492
493 302.6859768455201 493
494 302.686979283121 494
495 302.687980484256 495
496 302.6889805424744 496
497 302.6899794879405 497
498 302.69097734534 498
499 302.6919740857875 499
500 302.6929697975034 500
501 302.6939644448103 501
502 302.6949579978464 502
503 302.695950400417 503
504 302.6969418183982 504
505 302.6979322598551 505
506 302.6989217782024 506
507 302.6999103526472 507
508 302.7008980525353 508
509 302.7018848982337 509
510 302.7028709387206 510
511 302.7038561297742 511
512 302.7048403634859 512
513 302.7058236341175 513
514 302.7068060949186 514
515 302.7077876971624 515
516 302.7087683907473 516
517 302.7097484402526 517
518 302.7107278394166 518
519 302.7117066856677 519
520 302.7126849177342 520
521 302.7136625846409 521
522 302.7146395636086 522
523 302.7156158034658 523
524 302.7165912400025 524
525 302.717565686316 525
526 302.7185390336188 526
527 302.7195112249691 527
528 302.7204822012274 528
529 302.7214518946611 529
530 302.7224202827662 530
531 302.7233873703031 531
532 302.7243532178413 532
533 302.7253177975151 533
534 302.7262811413411 534
535 302.727243294698 535
536 302.7282043149228 536
537 302.7291642823436 537
538 302.7301232507102 538
539 302.7310815017671 539
540 302.7320388609859 540
541 302.7329954345575 541
542 302.7339513173835 542
543 302.7349066904566 543
544 302.7358616967924 544
545 302.7368165092852 545
546 302.7377712298489 546
547 302.7387260311177 547
548 302.7396810804701 548
549 302.740636475693 549
550 302.7415924014416 550
551 302.742548792329 551
552 302.7435056916348 552
553 302.7444632074658 553
554 302.745421388581 554
555 302.7463802815654 555
556 302.7473398466056 556
557 302.7483003184544 557
558 302.7492615463339 558
559 302.750223547588 559
560 302.7511864073435 560
561 302.7521501268247 561
562 302.7531146322028 562
563 302.7540798172525 563
564 302.755045437292 564
565 302.7560115007349 565
566 302.7569778008797 566
567 302.7579441673045 567
568 302.7589106263329 568
569 302.7598769120689 569
570 302.7608428603301 570
571 302.7618085073086 571
572 302.7627738651555 572
573 302.7637388329871 573
574 302.7647031580929 574
575 302.7656667541067 575
576 302.7666296965763 576
577 302.7675915111888 577
578 302.7685521206175 578
579 302.7695113018307 579
580 302.7704686729421 580
581 302.7714240672051 581
582 302.7723770821993 582
583 302.773327420269 583
584 302.7742747021739 584
585 302.7752187279435 585
586 302.7761590210384 586
587 302.7770951760085 587
588 302.7780268947085 588
589 302.7789539187075 589
590 302.7798756959999 590
591 302.7807922283299 591
592 302.7817034945933 592
593 302.7826092563357 593
594 302.7835092832768 594
595 302.784403740649 595
596 302.7852928821952 596
597 302.7861768896277 597
598 302.7870559104024 598
599 302.7879301253473 599
600 302.788799468585 600
601 302.7896639792356 601
602 302.7905235764367 602
603 302.7913781220426 603
604 302.7922273635231 604
605 302.7930713366237 605
606 302.7939100293752 606
607 302.7947433744557 607
608 302.7955714232777 608
609 302.7963942447348 609
610 302.797211914945 610
611 302.7980244895272 611
612 302.7988321563153 612
613 302.7996350929824 613
614 302.8004334308849 614
615 302.8012273921594 615
616 302.8020171753167 616
617 302.802802995198 617
618 302.8035850943675 618
619 302.8043635597521 619
620 302.8051387585208 620
621 302.8059110223597 621
622 302.8066805293041 622
623 302.8074476003997 623
624 302.8082124273601 624
625 302.8089751260384 625
626 302.8097358694377 626
627 302.810494702458 627
628 302.8112517218908 628
629 302.8120068908988 629
630 302.8127602914712 630
631 302.813511932893 631
632 302.8142618220506 632
633 302.8150101129246 633
634 302.8157568557719 634
635 302.8165020672362 635
636 302.8172456963932 636
637 302.8179876795361 637
638 302.8187282109953 638
639 302.8194671829731 639
640 302.8202045115508 640
641 302.8209402078659 641
642 302.8216741752724 642
643 302.8224062823088 643
644 302.8231364800732 644
645 302.8238646926225 645
646 302.8245908561211 646
647 302.8253147605205 647
648 302.8260363614008 648
649 302.8267555632073 649
650 302.8274722807321 650
651 302.8281864217897 651
652 302.8288978662711 652
653 302.8296065663126 653
654 302.8303125387125 654
655 302.831015742739 655
656 302.8317162482021 656
657 302.8324140484905 657
658 302.8331091469307 658
659 302.8338016231965 659
660 302.8344914471192 660
661 302.8351786890068 661
662 302.8358633095493 662
663 302.8365454538574 663
664 302.8372250020616 664
665 302.8379019071465 665
666 302.8385759282904 666
667 302.8392472586246 667
668 302.8399160993085 668
669 302.8405822366469 669
670 302.8412455636863 670
671 302.8419060362828 671
672 302.842563887283 672
673 302.8432189377879 673
674 302.8438709292126 674
675 302.8445197491536 675
676 302.8451655164667 676
677 302.8458086937715 677
678 302.8464485637935 678
679 302.8470850292692 679
680 302.8477185319465 680
681 302.8483494331413 681
682 302.848977979053 682
683 302.8496042786404 683
684 302.8502289242925 684
685 302.8508514389298 685
686 302.8514730170149 686
687 302.85209401372 687
688 302.8527141701405 688
689 302.8533337152717 689
690 302.8539524573931 690
691 302.8545703958018 691
692 302.8551876416076 692
693 302.8558041105599 693
694 302.8564200288434 694
695 302.8570358726173 695
696 302.8576520206843 696
697 302.8582689152952 697
698 302.8588868443629 698
699 302.8595060185999 699
700 302.8601267187918 700
701 302.8607490178001 701
702 302.861372913101 702
703 302.8619985041411 703
704 302.8626257420827 704
705 302.8632546990158 705
706 302.8638853405396 706
707 302.8645176371313 707
708 302.8651515964796 708
709 302.8657873535746 709
710 302.8664248176625 710
711 302.8670639309487 711
712 302.8677047116143 712
713 302.8683471195805 713
714 302.8689909298255 714
715 302.8696359494248 715
716 302.8702821394423 716
717 302.8709294876523 717
718 302.8715780204104 718
719 302.8722275792634 719
720 302.8728782662635 720
721 302.8735298598826 721
722 302.8741824047751 722
723 302.8748359054671 723
724 302.875490170076 724
725 302.8761450899166 725
726 302.8768005063284 726
727 302.877456265834 727
728 302.8781121798253 728
729 302.8787681913145 729
730 302.8794242193243 730
731 302.880080053632 731
732 302.8807356573063 732
733 302.8813908641169 733
734 302.8820456158552 734
735 302.8826998759534 735
736 302.8833536364218 736
737 302.884006855538 737
738 302.8846596887948 738
739 302.8853120139268 739
740 302.8859641491087 740
741 302.8866160360719 741
742 302.8872679097432 742
743 302.8879198830097 743
744 302.8885719552142 744
745 302.8892239777673 745
746 302.8898759118676 746
747 302.8905277972245 747
748 302.8911790114215 748
749 302.8918297536441 749
750 302.8924799146674 750
751 302.8931295249093 751
752 302.8937784254659 752
753 302.8944264225411 753
754 302.8950734941164 754
755 302.8957195664072 755
756 302.8963645782347 756
757 302.8970083869253 757
758 302.8976510810176 758
759 302.8982926600629 759
760 302.8989332043193 760
761 302.8995722431545 761
762 302.9002099412875 762
763 302.9008458409657 763
764 302.9014796872013 764
765 302.9021112186865 765
766 302.9027400386323 766
767 302.903365837012 767
768 302.9039884141935 768
769 302.9046073695805 769
770 302.9052223627058 770
771 302.9058332740938 771
772 302.9064397666315 772
773 302.9070417844294 773
774 302.9076391502547 774
775 302.9082316882901 775
776 302.9088192636793 776
777 302.9094018758813 777
778 302.9099791907691 778
779 302.9105514535424 779
780 302.9111184732284 780
781 302.9116803446364 781
782 302.9122369725734 782
783 302.9127884289999 783
784 302.9133345763273 784
785 302.9138751421169 785
786 302.9144100625311 786
787 302.9149394050757 787
788 302.9154630091529 788
789 302.9159808235597 789
790 302.916493165231 790
791 302.9169999140895 791
792 302.91750168098 792
793 302.9179983706437 793
794 302.9184901931528 794
795 302.9189773007801 795
796 302.9194600803216 796
797 302.919938516199 797
798 302.9204128837706 798
799 302.9208835137326 799
800 302.9213505406585 800
801 302.9218142617931 801
802 302.9222749155817 802
803 302.9227328652308 803
804 302.9231886768538 804
805 302.9236421179338 805
806 302.9240934576501 806
807 302.9245430095796 807
808 302.9249912097804 808
809 302.9254380053579 809
810 302.9258832977221 810
811 302.9263266428238 811
812 302.926769125046 812
813 302.927210566147 813
814 302.9276506184286 814
815 302.9280879582603 815
816 302.9285224145249 816
817 302.9289543623548 817
818 302.9293823770723 818
819 302.9298061723189 819
820 302.9302257119424 820
821 302.9306413307727 821
822 302.931053282399 822
823 302.9314618305939 823
824 302.9318674752405 824
825 302.932270675655 825
826 302.9326717380007 826
827 302.933071276082 827
828 302.9334697514484 828
829 302.9338675257146 829
830 302.934264871787 830
831 302.9346619969622 831
832 302.9350590293384 832
833 302.9354560036039 833
834 302.935852952952 834
835 302.9362498386739 835
836 302.9366465643012 836
837 302.9370431108606 837
838 302.9374394207849 838
839 302.9378353625244 839
840 302.9382309312432 840
841 302.9386260464755 841
842 302.9390206086247 842
843 302.9394145532647 843
844 302.9398078196522 844
845 302.9402004495287 845
846 302.9405922325267 846
847 302.9409831011269 847
848 302.9413729637135 848
849 302.9417617942696 849
850 302.9421495642738 850
851 302.9425362633058 851
852 302.942921746901 852
853 302.9433060825157 853
854 302.9436892499085 854
855 302.9440712538097 855
856 302.9444521131587 856
857 302.9448318823022 857
858 302.9452105944833 858
859 302.9455883073873 859
860 302.945964953064 860
861 302.9463406913553 861
862 302.9467154183627 862
863 302.9470891654964 863
864 302.9474619772418 864
865 302.9478338887012 865
866 302.948204904203 866
867 302.9485751926172 867
868 302.9489445514935 868
869 302.9493131055789 869
870 302.9496807610822 870
871 302.9500476431983 871
872 302.9504136955497 872
873 302.950778890036 873
874 302.9511430360434 874
875 302.9515060709849 875
876 302.9518678468836 876
877 302.9522281756675 877
878 302.9525870607251 878
879 302.9529443863673 879
880 302.9532999968429 880
881 302.9536540385409 881
882 302.9540060139718 882
883 302.9543558388398 883
884 302.9547085808345 884
885 302.9550569174437 885
886 302.9553983884146 886
887 302.9557376945199 887
888 302.956079498783 888
889 302.956415977859 889
890 302.956744568492 890
891 302.9570707484277 891
892 302.9573991925945 892
893 302.9577220775799 893
894 302.9580369226915 894
895 302.9583489052246 895
896 302.9586625333641 896
897 302.9589704842621 897
898 302.9592702569528 898
899 302.9595716435085 899
900 302.9598675048492 900
901 302.9601551643269 901
902 302.9604391002904 902
903 302.9607233054339 903
904 302.9610017771524 904
905 302.9612720246228 905
906 302.9615419853322 906
907 302.9618065047812 907
908 302.9620630352449 908
909 302.9623152191426 909
910 302.9625664289636 910
911 302.9628122618379 911
912 302.9630505099622 912
913 302.9632840197949 913
914 302.9635160293813 914
915 302.9637428313679 915
916 302.9639620926601 916
917 302.964179193762 917
918 302.9643917131526 918
919 302.9645972866488 919
920 302.964800396903 920
921 302.9649993705171 921
922 302.9651918741479 922
923 302.9653796260183 923
924 302.9655656936231 924
925 302.9657478772211 925
926 302.9659240991412 926
927 302.9660977915589 927
928 302.966268079155 928
929 302.9664327856426 929
930 302.9665946800429 930
931 302.9667533345116 931
932 302.9669069065516 932
933 302.9670560533982 933
934 302.9672028546472 934
935 302.9673463934801 935
936 302.9674851841677 936
937 302.9676203741231 937
938 302.9677525764515 938
939 302.9678803170964 939
940 302.9680035859553 940
941 302.9681238404093 941
942 302.9682410883981 942
943 302.9683543007861 943
944 302.9684632218712 944
945 302.9685694998253 945
946 302.9686719652128 946
947 302.9687699259745 947
948 302.9688643548336 948
949 302.9689559760229 949
950 302.9690439152375 950
951 302.9691272269692 951
952 302.9692065315577 952
953 302.9692829302764 953
954 302.9693557169496 954
955 302.9694230031463 955
956 302.9694875716711 956
957 302.9695485505925 957
958 302.969603768386 958
959 302.9696563946873 959
960 302.9697055655069 960
961 302.9697497716191 961
962 302.9697895364026 962
963 302.9698267525982 963
964 302.9698606613834 964
965 302.9698887144312 965
966 302.9699144564406 966
967 302.969936871617 967
968 302.969953044408 968
969 302.9699669219494 969
970 302.9699775696044 970
971 302.9699817302221 971
972 302.9699837669339 972
973 302.9699828121213 973
974 302.9699767201953 974
975 302.969965465912 975
976 302.9699521495245 976
977 302.9699362640642 977
978 302.9699134960623 978
979 302.9698908005037 979
980 302.969860807575 980
981 302.969829430146 981
982 302.9697960495536 982
983 302.9697556764829 983
984 302.9697141600928 984
985 302.9696710884468 985
986 302.969623420118 986
987 302.9695702886931 987
988 302.969516142677 988
989 302.9694610392112 989
990 302.9693988459355 990
991 302.9693360296018 991
992 302.9692724993881 992
993 302.9692047168298 993
994 302.9691313629018 994
995 302.9690574468403 995
996 302.9689833213497 996
997 302.9689020615766 997
998 302.9688232087181 998
999 302.9687370062786 999
1000 302.9686505696129 1000
1001 302.9685642532598 1001
1002 302.9684709781357 1002
1003 302.9683774906592 1003
1004 302.9682843358906 1004
1005 302.9681875111268 1005
1006 302.9680852611787 1006
1007 302.9679828253805 1007
1008 302.9678809712797 1008
1009 302.9677725120631 1009
1010 302.9676639259408 1010
1011 302.9675559017286 1011
1012 302.9674445664158 1012
1013 302.9673280455927 1013
1014 302.9672113944442 1014
1015 302.9670954353152 1015
1016 302.9669764032224 1016
1017 302.9668525107708 1017
1018 302.9667285575707 1018
1019 302.9666053708923 1019
1020 302.9664764930573 1020
1021 302.966347567739 1021
1022 302.9662192905377 1022
1023 302.9660855391559 1023
1024 302.9659516606555 1024
1025 302.9658182743746 1025
1026 302.9656795803646 1026
1027 302.9655406409096 1027
1028 302.9654020065136 1028
1029 302.9652605459924 1029
1030 302.9651146479878 1030
1031 302.9649681387422 1031
1032 302.9648217692394 1032
1033 302.9646700046622 1033
1034 302.9645176496688 1034
1035 302.9643653575735 1035
1036 302.9642100790498 1036
1037 302.9640505725014 1037
1038 302.9638905918307 1038
1039 302.963730762146 1039
1040 302.963568219803 1040
1041 302.9634018650106 1041
1042 302.9632351618223 1042
1043 302.9630686095849 1043
1044 302.9628975706963 1044
1045 302.9627262375282 1045
1046 302.9625550013853 1046
1047 302.9623813311095 1047
1048 302.9622041542154 1048
1049 302.9620266380922 1049
1050 302.9618493805298 1050
1051 302.9616677767222 1051
1052 302.9614858434376 1052
1053 302.9613040148046 1053
1054 302.9611197556872 1054
1055 302.9609317847385 1055
1056 302.9607433912987 1056
1057 302.9605551721832 1057
1058 302.9603625071605 1058
1059 302.9601710230287 1059
1060 302.9599753784004 1060
1061 302.9597793365099 1061
1062 302.9595834407372 1062
1063 302.9593836756047 1063
1064 302.9591834955237 1064
1065 302.958983549405 1065
1066 302.9587801450424 1066
1067 302.9585778501257 1067
1068 302.958372287623 1068
1069 302.9581664095998 1069
1070 302.9579609132179 1070
1071 302.9577526107324 1071
1072 302.9575439738048 1072
1073 302.9573357973047 1073
1074 302.9571252744991 1074
1075 302.9569156026701 1075
1076 302.9567041175178 1076
1077 302.9564924470216 1077
1078 302.9562816819072 1078
1079 302.9560698272596 1079
1080 302.9558580662127 1080
1081 302.9556476491153 1081
1082 302.9554367651044 1082
1083 302.9552261072812 1083
1084 302.9550171669854 1084
1085 302.9548083819224 1085
1086 302.9546009607427 1086
1087 302.9543939779064 1087
1088 302.9541871448358 1088
1089 302.9539826101571 1089
1090 302.9537788321392 1090
1091 302.9535752630514 1091
1092 302.9533743617334 1092
1093 302.9531743072271 1093
1094 302.9529742544945 1094
1095 302.9527767726618 1095
1096 302.9525800412218 1096
1097 302.9523838840571 1097
1098 302.9521884056992 1098
1099 302.9519916177962 1099
1100 302.951796220638 1100
1101 302.9515992889677 1101
1102 302.9513994128927 1102
1103 302.9512001033222 1103
1104 302.9509958756987 1104
1105 302.9507873973837 1105
1106 302.9505787301286 1106
1107 302.9503631972433 1107
1108 302.9501472871917 1108
1109 302.9499248046942 1109
1110 302.9497000458862 1110
1111 302.9494757356466 1111
1112 302.9492472412726 1112
1113 302.9490177081262 1113
1114 302.948788086038 1114
1115 302.9485565337729 1115
1116 302.9483235488092 1116
1117 302.9480886920088 1117
1118 302.9478525059781 1118
1119 302.9476130812706 1119
1120 302.9473720959121 1120
1121 302.9471285173129 1121
1122 302.9468813543791 1122
1123 302.9466310349914 1123
1124 302.9463775462047 1124
1125 302.9461197107674 1125
1126 302.945858168453 1126
1127 302.9455962467915 1127
1128 302.9453372885719 1128
1129 302.9450750497621 1129
1130 302.9448072494177 1130
1131 302.9445364403177 1131
1132 302.9442614676472 1132
1133 302.9439794285282 1133
1134 302.9436955731269 1134
1135 302.9434074973694 1135
1136 302.9431118323109 1136
1137 302.9428152594609 1137
1138 302.9425143029136 1138
1139 302.942205442845 1139
1140 302.9418959132116 1140
1141 302.9415785098081 1141
1142 302.9412603405124 1142
1143 302.9409374509779 1143
1144 302.9406062148256 1144
1145 302.940274666869 1145
1146 302.9399383345625 1146
1147 302.9395939257154 1147
1148 302.9392493507597 1148
1149 302.9389001613746 1149
1150 302.9385431518753 1150
1151 302.938186177443 1151
1152 302.937821640716 1152
1153 302.9374571175427 1153
1154 302.9370882627379 1154
1155 302.9367123973742 1155
1156 302.9363368212214 1156
1157 302.9359571049933 1157
1158 302.9355710318699 1158
1159 302.9351852735625 1159
1160 302.9347956450268 1160
1161 302.9344001901459 1161
1162 302.9340050722942 1162
1163 302.9336041049085 1163
1164 302.9332034521598 1164
1165 302.9327993122164 1165
1166 302.9323900704088 1166
1167 302.931981235896 1167
1168 302.9315690112965 1168
1169 302.9311523404766 1169
1170 302.9307358644091 1170
1171 302.9303161722383 1171
1172 302.9298926497738 1172
1173 302.9294690925691 1173
1174 302.9290425121301 1174
1175 302.9286127636985 1175
1176 302.9281826642027 1176
1177 302.9277496719385 1177
1178 302.9273139828545 1178
1179 302.9268776031386 1179
1180 302.9264379867359 1180
1181 302.9259977081352 1181
1182 302.9255547449771 1182
1183 302.9251096968449 1183
1184 302.9246637158013 1184
1185 302.9242151892602 1185
1186 302.9237648639567 1186
1187 302.9233137287148 1187
1188 302.9228601319487 1188
1189 302.9224048223782 1189
1190 302.9219486814959 1190
1191 302.9214901229182 1191
1192 302.921030200036 1192
1193 302.9205692221386 1193
1194 302.9201059221004 1194
1195 302.9196416844588 1195
1196 302.9191759760964 1196
1197 302.91870864387 1197
1198 302.9182401187285 1198
1199 302.9177695306103 1199
1200 302.9172984645468 1200
1201 302.9168260792541 1201
1202 302.9163518046336 1202
1203 302.9158773121296 1203
1204 302.9154014977718 1204
1205 302.9149239176353 1205
1206 302.914446342812 1206
1207 302.9139674062754 1207
1208 302.9134868776878 1208
1209 302.9130067095242 1209
1210 302.9125253116386 1210
1211 302.9120426065158 1211
1212 302.9115606536735 1212
1213 302.9110773940183 1213
1214 302.9105940392522 1214
1215 302.9101098909704 1215
1216 302.9096247107225 1216
1217 302.9091405440882 1217
1218 302.9086553282735 1218
1219 302.9081692187638 1219
1220 302.9076842811408 1220
1221 302.9071981693791 1221
1222 302.9067111655776 1222
1223 302.9062251833967 1223
1224 302.9057379181643 1224
1225 302.9052507285079 1225
1226 302.9047625079516 1226
1227 302.9042732661312 1227
1228 302.9037846058289 1228
1229 302.9032944282225 1229
1230 302.9028031160128 1230
1231 302.9023123380257 1231
1232 302.901819652679 1232
1233 302.9013257718658 1233
1234 302.9008320578544 1234
1235 302.9003360680502 1235
1236 302.8998386983977 1236
1237 302.8993413343093 1237
1238 302.8988411710028 1238
1239 302.8983395758546 1239
1240 302.897837912125 1240
1241 302.8973330316781 1241
1242 302.8968267240489 1242
1243 302.8963202173512 1243
1244 302.8958108330156 1244
1245 302.8953001628906 1245
1246 302.8947893033672 1246
1247 302.8942759966125 1247
1248 302.8937624214356 1248
1249 302.893250699537 1249
1250 302.8927413940368 1250
1251 302.892231939777 1251
1252 302.8917209496286 1252
1253 302.8912093019474 1253
1254 302.8906975583015 1254
1255 302.8901843393903 1255
1256 302.8896705739447 1256
1257 302.8891568405412 1257
1258 302.8886416489211 1258
1259 302.8881260335945 1259
1260 302.8876105824575 1260
1261 302.8870945696199 1261
1262 302.8865772782777 1262
1263 302.8860596408052 1263
1264 302.8855422792858 1264
1265 302.885023618782 1265
1266 302.8845054006371 1266
1267 302.8839857995042 1267
1268 302.8834658247823 1268
1269 302.8829461270207 1269
1270 302.8824251287141 1270
1271 302.8819037732216 1271
1272 302.8813827071937 1272
1273 302.8808603251703 1273
1274 302.880337566765 1274
1275 302.8798150993725 1275
1276 302.879291426807 1276
1277 302.8787673739354 1277
1278 302.8782436352215 1278
1279 302.8777187057815 1279
1280 302.877193422639 1280
1281 302.8766684833963 1281
1282 302.8761425253528 1282
1283 302.8756162748601 1283
1284 302.8750904045196 1284
1285 302.8745636717206 1285
1286 302.8740373684957 1286
1287 302.8735103734876 1287
1288 302.8729832773315 1288
1289 302.8724567212711 1289
1290 302.8719295581885 1290
1291 302.8714023692895 1291
1292 302.8708757624563 1292
1293 302.8703487559548 1293
1294 302.8698218127854 1294
1295 302.8692955163532 1295
1296 302.8687689310057 1296
1297 302.8682429659694 1297
1298 302.867716910839 1298
1299 302.8671910667765 1299
1300 302.8666660254207 1300
1301 302.8661410288391 1301
1302 302.8656163739342 1302
1303 302.8650926639737 1303
1304 302.8645693208985 1304
1305 302.86404678309 1305
1306 302.8635248384031 1306
1307 302.8630035030956 1307
1308 302.862483312623 1308
1309 302.8619640716287 1309
1310 302.861445617643 1310
1311 302.8609284090663 1311
1312 302.8604124836593 1312
1313 302.8599011502141 1313
1314 302.8593970552012 1314
1315 302.858894774823 1315
1316 302.8583971542001 1316
1317 302.8578979614476 1317
1318 302.8574036822867 1318
1319 302.856907823459 1319
1320 302.8564138519276 1320
1321 302.8559254504033 1321
1322 302.8554345811079 1322
1323 302.8549456254417 1323
1324 302.8544621456298 1324
1325 302.8539761500558 1325
1326 302.8534919327326 1326
1327 302.8530129216945 1327
1328 302.85253109016 1328
1329 302.8520507268821 1329
1330 302.8515751314832 1330
1331 302.8510967300397 1331
1332 302.8506195301124 1332
1333 302.8501463447969 1333
1334 302.8496704029576 1334
1335 302.849197667161 1335
1336 302.8487225227839 1336
1337 302.8482480482436 1337
1338 302.8477760137407 1338
1339 302.8473015393712 1339
1340 302.8468273621622 1340
1341 302.846354510804 1341
1342 302.8458796026387 1342
1343 302.845404662919 1343
1344 302.8449298756154 1344
1345 302.844453569491 1345
1346 302.8439769654485 1346
1347 302.8434996885169 1347
1348 302.8430212590725 1348
1349 302.8425422822659 1349
1350 302.8420618259937 1350
1351 302.8415804967592 1351
1352 302.8410983834642 1352
1353 302.8406141771134 1353
1354 302.8401294151458 1354
1355 302.8396437517758 1355
1356 302.8391556267542 1356
1357 302.8386670873239 1357
1358 302.8381775492863 1358
1359 302.8376854765755 1359
1360 302.8371932284598 1360
1361 302.8366999826322 1361
1362 302.8362041616767 1362
1363 302.83570826275 1363
1364 302.8352113569825 1364
1365 302.8347118691288 1365
1366 302.8342126188282 1366
1367 302.8337123447786 1367
1368 302.8332099358698 1368
1369 302.8327074073889 1369
1370 302.8322038899515 1370
1371 302.831698782002 1371
1372 302.8311935200787 1372
1373 302.8306875866651 1373
1374 302.8301804905141 1374
1375 302.8296736158495 1375
1376 302.8291664541765 1376
1377 302.8286588211145 1377
1378 302.8281517753266 1378
1379 302.827644971428 1379
1380 302.8271382919654 1380
1381 302.8266322842292 1381
1382 302.8261265969992 1382
1383 302.8256215339682 1383
1384 302.825116341726 1384
1385 302.8246112307574 1385
1386 302.8241068613427 1386
1387 302.823601671265 1387
1388 302.8230963993833 1388
1389 302.8225920586762 1389
1390 302.8220867896716 1390
1391 302.8215814481059 1391
1392 302.8210771584453 1392
1393 302.8205718726988 1393
1394 302.8200665530752 1394
1395 302.8195623302805 1395
1396 302.8190574335147 1396
1397 302.81855263933 1397
1398 302.818048853136 1398
1399 302.8175445745449 1399
1400 302.8170404163345 1400
1401 302.816537118705 1401
1402 302.816033384052 1402
1403 302.8155297389285 1403
1404 302.8150268660565 1404
1405 302.8145233992484 1405
1406 302.8140199412584 1406
1407 302.8135170880544 1407
1408 302.8130137744621 1408
1409 302.8125105056699 1409
1410 302.8120076818157 1410
1411 302.8115044238123 1411
1412 302.8110012009143 1412
1413 302.8104981242461 1413
1414 302.8099948653394 1414
1415 302.809491564699 1415
1416 302.8089881565629 1416
1417 302.8084845899296 1417
1418 302.8079808876082 1418
1419 302.8074769794764 1419
1420 302.8069729044827 1420
1421 302.8064687712802 1421
1422 302.8059643261297 1422
1423 302.8054598074862 1423
1424 302.8049552721037 1424
1425 302.8044504457453 1425
1426 302.8039456587557 1426
1427 302.8034409675093 1427
1428 302.8029360974846 1428
1429 302.8024312495405 1429
1430 302.8019265546392 1430
1431 302.8014219612925 1431
1432 302.8009174609192 1432
1433 302.8004133169857 1433
1434 302.7999094723358 1434
1435 302.7994058184976 1435
1436 302.7989026709164 1436
1437 302.7984002385562 1437
1438 302.7978980527016 1438
1439 302.7973965646521 1439
1440 302.7968962776455 1440
1441 302.7963960700888 1441
1442 302.795896734566 1442
1443 302.795399065605 1443
1444 302.7949013197828 1444
1445 302.7944045374655 1445
1446 302.7939097577325 1446
1447 302.7934144960063 1447
1448 302.7929202933738 1448
1449 302.7924283492418 1449
1450 302.7919358890755 1450
1451 302.7914446607101 1451
1452 302.7909546034915 1452
1453 302.7904669908255 1453
1454 302.7899789338409 1454
1455 302.7894935654162 1455
1456 302.7890078341422 1456
1457 302.7885235031766 1457
1458 302.7880415176179 1458
1459 302.7875590777343 1459
1460 302.7870779628655 1460
1461 302.7865988551605 1461
1462 302.7861193763445 1462
1463 302.7856411216953 1463
1464 302.7851646769872 1464
1465 302.7846878308646 1465
1466 302.7842121816192 1466
1467 302.7837380622427 1467
1468 302.7832637234507 1468
1469 302.7827905144769 1469
1470 302.782318674102 1470
1471 302.7818464497061 1471
1472 302.781375172767 1472
1473 302.7809048164028 1473
1474 302.7804341011931 1474
1475 302.7799640585495 1475
1476 302.779494342257 1476
1477 302.7790243200736 1477
1478 302.7785545845465 1478
1479 302.778084497573 1479
1480 302.7776143956184 1480
1481 302.7771443862948 1481
1482 302.7766739322255 1482
1483 302.7762025534877 1483
1484 302.7757313471477 1484
1485 302.7752599560292 1485
1486 302.7747870591558 1486
1487 302.7743147223239 1487
1488 302.7738420936379 1488
1489 302.7733675518754 1489
1490 302.7728939731704 1490
1491 302.7724200831094 1491
1492 302.7719440997784 1492
1493 302.7714695315444 1493
1494 302.7709946439773 1494
1495 302.7705176984526 1495
1496 302.7700422606345 1496
1497 302.7695650504745 1497
1498 302.7690892399705 1498
1499 302.7686131875905 1499
1500 302.7681354962685 1500
1501 302.7676591956842 1501
1502 302.7671827911902 1502
1503 302.7667053533536 1503
1504 302.7662293663228 1504
1505 302.7657536095484 1505
1506 302.7652775276545 1506
1507 302.7648028605064 1507
1508 302.7643288294427 1508
1509 302.7638553514933 1509
1510 302.7633831909417 1510
1511 302.7629120770984 1511
1512 302.7624423989046 1512
1513 302.7619739356893 1513
1514 302.7615069271672 1514
1515 302.7610422163934 1515
1516 302.7605785913435 1516
1517 302.7601168187212 1517
1518 302.7596583328191 1518
1519 302.7592006939482 1519
1520 302.7587453289858 1520
1521 302.758294036979 1521
1522 302.7578435604107 1522
1523 302.7573958818687 1523
1524 302.7569530668065 1524
1525 302.7565109645266 1525
1526 302.7560718900646 1526
1527 302.7556380626846 1527
1528 302.7552050798931 1528
1529 302.7547755226382 1529
1530 302.7543517708137 1530
1531 302.7539282459312 1531
1532 302.7535079651443 1532
1533 302.7530935292172 1533
1534 302.7526784951679 1534
1535 302.7522660956124 1535
1536 302.7518587843177 1536
1537 302.7514508047174 1537
1538 302.7510450682066 1538
1539 302.7506416422594 1539
1540 302.7502414437322 1540
1541 302.7498415087643 1541
1542 302.7494435910569 1542
1543 302.749048385298 1543
1544 302.7486535210719 1544
1545 302.7482603636086 1545
1546 302.7478692418961 1546
1547 302.7474829250989 1547
1548 302.7470998163183 1548
1549 302.7467179969882 1549
1550 302.7463383635164 1550
1551 302.7459591920005 1551
1552 302.7455804992456 1552
1553 302.7453717785745 1553
1554 302.745231270828 1554
1555 302.7453952365706 1555
1556 302.7455714938197 1556
1557 302.7456640556415 1557
1558 302.7455352424683 1558
1559 302.7452475547814 1559
1560 302.7390573833937 1560
1561 302.7328229834185 1561
1562 302.7267249437323 1562
1563 302.7212365886666 1563
1564 302.7159675113244 1564
1565 302.7109399858523 1565
1566 302.7061632809308 1566
1567 302.7016328300608 1567
1568 302.6975313577764 1568
1569 302.693754953393 1569
1570 302.6901620591002 1570
1571 302.686732455799 1571
1572 302.6834131860366 1572
1573 302.6802194992054 1573
1574 302.6775070660451 1574
1575 302.6748572929772 1575
1576 302.6722269896152 1576
1577 302.6696169829497 1577
1578 302.667024805885 1578
1579 302.6644476180603 1579
1580 302.6618836071231 1580
1581 302.6593320744241 1581
1582 302.6567910636336 1582
1583 302.6542595001791 1583
1584 302.6517354255876 1584
1585 302.6492174677985 1585
1586 302.6467041136531 1586
1587 302.644195102383 1587
1588 302.6416906276496 1588
1589 302.6391912420438 1589
1590 302.6366969561334 1590
1591 302.6343458152029 1591
1592 302.6324006442382 1592
1593 302.6304587436134 1593
1594 302.6285205291488 1594
1595 302.6265852364695 1595
1596 302.6247114699357 1596
1597 302.6230182421601 1597
1598 302.62132470788 1598
1599 302.6196301819026 1599
1600 302.6179345321253 1600
1601 302.6170569471699 1601
1602 302.6170043521454 1602
1603 302.6169505222331 1603
1604 302.6168936212815 1604
1605 302.6168471804933 1605
1606 302.6168313673626 1606
1607 302.6167969117386 1607
1608 302.6167430748359 1608
1609 302.6166689156074 1609
1610 302.6165736583959 1610
1611 302.6164567565886 1611
1612 302.6163229496314 1612
1613 302.6161710907724 1613
1614 302.6159955263582 1614
1615 302.6157954804362 1615
1616 302.6155918575701 1616
1617 302.6154253121307 1617
1618 302.6152424147733 1618
1619 302.61504248111 1619
1620 302.614824801326 1620
1621 302.6145887420146 1621
1622 302.6143335880355 1622
1623 302.6140587653553 1623
1624 302.6137636509446 1624
1625 302.6134477787334 1625
1626 302.6131105734551 1626
1627 302.6127519443225 1627
1628 302.6123717126154 1628
1629 302.6121096838834 1629
1630 302.6119435272494 1630
1631 302.6117617846145 1631
1632 302.6115643234431 1632
1633 302.6113511556678 1633
1634 302.6111221958785 1634
1635 302.6108775047304 1635
1636 302.610617225497 1636
1637 302.610341480314 1637
1638 302.6102529883862 1638
1639 302.6101786846405 1639
1640 302.6100923573427 1640
1641 302.6100023955695 1641
1642 302.6098997458877 1642
1643 302.6097846227451 1643
1644 302.6096574083695 1644
1645 302.609518457095 1645
1646 302.6093681707162 1646
1647 302.6092797002918 1647
1648 302.6092868507103 1648
1649 302.6092841222116 1649
1650 302.6092716531286 1650
1651 302.6092499108194 1651
1652 302.6092189705153 1652
1653 302.6091796692522 1653
1654 302.6091435477034 1654
1655 302.609099529563 1655
1656 302.6090479921315 1656
1657 302.6090244879098 1657
1658 302.6091039764719 1658
1659 302.6091759255582 1659
1660 302.6092402953785 1660
1661 302.6092970620869 1661
1662 302.6093461912738 1662
1663 302.6093876217109 1663
1664 302.6094213720053 1664
1665 302.6094472942476 1665
1666 302.609465193411 1666
1667 302.6094750454976 1667
1668 302.6094877051002 1668
1669 302.6095263166622 1669
1670 302.60958228211 1670
1671 302.6096282025468 1671
1672 302.6096640017666 1672
1673 302.6096895034352 1673
1674 302.6097044250815 1674
1675 302.6097085827492 1675
1676 302.6097018242918 1676
1677 302.6096840520604 1677
1678 302.6096550419338 1678
1679 302.6096144566844 1679
1680 302.6095622000501 1680
1681 302.609498019077 1681
1682 302.6094216907881 1682
1683 302.6093329388375 1683
1684 302.6092316415932 1684
1685 302.6091176147688 1685
1686 302.6089906955003 1686
1687 302.6088506092855 1687
1688 302.6086973392455 1688
1689 302.6085306464437 1689
1690 302.6083504253979 1690
1691 302.6081565326707 1691
1692 302.6079489714388 1692
1693 302.6077275070935 1693
1694 302.6074961165049 1694
1695 302.6072583939422 1695
1696 302.6070064805662 1696
1697 302.6067402366121 1697
1698 302.6064596254959 1698
1699 302.6061643845937 1699
1700 302.6058543474231 1700
1701 302.6055293889073 1701
1702 302.6051911828811 1702
1703 302.6048383120275 1703
1704 302.6245861183649 1704
1705 302.6445606780458 1705
1706 302.6647514295983 1706
1707 302.6851504602226 1707
1708 302.7057488938995 1708
1709 302.7265375673095 1709
1710 302.7475079453638 1710
1711 302.7686516759755 1711
1712 302.7899610019431 1712
1713 302.8114284804037 1713
1714 302.8330467031892 1714
1715 302.8548085492589 1715
1716 302.8767070802443 1716
1717 302.8987351941142 1717
1718 302.9208862480817 1718
1719 302.9431535176501 1719
1720 302.9655306361609 1720
1721 302.9880123201445 1721
1722 303.0105945410383 1722
1723 303.0332741093699 1723
1724 303.0560475810897 1724
1725 303.078911893669 1725
1726 303.1018639299987 1726
1727 303.1249006909977 1727
1728 303.1480189343681 1728
1729 303.1712152408485 1729
1730 303.1944860838173 1730
1731 303.2178277855725 1731
1732 303.2412368729642 1732
1733 303.2647099731478 1733
1734 303.3556396262835 1734
1735 303.4462974881033 1735
1736 303.5367097122992 1736
1737 303.6269050605529 1737
1738 303.7169072943955 1738
1739 303.8067351731049 1739
1740 303.8964067719049 1740
1741 303.9859380635239 1741
1742 304.0753435171183 1742
1743 304.1646374613558 1743
1744 304.2538358560098 1744
1745 304.3429519229404 1745
1746 304.4323054747584 1746
1747 304.5229607704676 1747
1748 304.6135652396422 1748
1749 304.7041251758936 1749
1750 304.7946466803114 1750
1751 304.8851352891497 1751
1752 304.9755961124079 1752
1753 305.066033850169 1753
1754 305.1564527453865 1754
1755 305.2468566892738 1755
1756 305.337253088559 1756
1757 305.4276539483346 1757
1758 305.518050065807 1758
1759 305.6084441361575 1759
1760 305.6988384143265 1760
1761 305.7892351701301 1761
1762 305.8796366377616 1762
1763 305.9700502153906 1763
1764 306.0604808940644 1764
1765 306.1509213098418 1765
1766 306.2413728557799 1766
1767 306.3318366714693 1767
1768 306.4223137095049 1768
1769 306.5128047860911 1769
1770 306.6033109223072 1770
1771 306.6938328852079 1771
1772 306.7843718078759 1772
1773 306.8749286356023 1773
1774 306.9655044885428 1774
1775 307.0561009683843 1775
1776 307.1467195000295 1776
1777 307.2373614769299 1777
1778 307.3280281959955 1778
1779 307.4187209209541 1779
1780 307.5094406655012 1780
1781 307.6001882654742 1781
1782 307.6909643195991 1782
1783 307.7817690539953 1783
1784 307.8726026690889 1784
1785 307.9634652621881 1785
1786 308.0543566608089 1786
1787 308.145276718005 1787
1788 308.2362251810243 1788
1789 308.3272022992218 1789
1790 308.4182081553158 1790
1791 308.5092433171024 1791
1792 308.6003085069636 1792
1793 308.6914043969925 1793
1794 308.7825322846435 1794
1795 308.8736934214294 1795
1796 308.9648888510231 1796
1797 309.0561202212447 1797
1798 309.1473877660095 1798
1799 309.2387388200317 1799
1800 309.3302425138717 1800
1801 309.4218488422038 1801
1802 309.5135166858732 1802
1803 309.6052338134867 1803
1804 309.6970003944338 1804
1805 309.7888165937873 1805
1806 309.8806826588666 1806
1807 309.9725987418058 1807
1808 310.0645646475244 1808
1809 310.1565808031114 1809
1810 310.248647351029 1810
1811 310.3407647339728 1811
1812 310.4329331947758 1812
1813 310.5251531880437 1813
1814 310.6174246991051 1814
1815 310.7097484292735 1815
1816 310.802124237904 1816
1817 310.8945538254516 1817
1818 310.9870396989025 1818
1819 311.07957816803 1819
1820 311.1721693938037 1820
1821 311.2648136695544 1821
1822 311.3575105310439 1822
1823 311.4502599993383 1823
1824 311.5430625291647 1824
1825 311.6359181708988 1825
1826 311.72882693406 1826
1827 311.821788689159 1827
1828 311.9148033066142 1828
1829 312.0078706219679 1829
1830 312.1009905597792 1830
1831 312.1941629565573 1831
1832 312.2873876340579 1832
1833 312.3806644528095 1833
1834 312.4739931265212 1834
1835 312.5673734928877 1835
1836 312.6608062845385 1836
1837 312.7543078080733 1837
1838 312.8478606255458 1838
1839 312.9414644706164 1839
1840 313.0351191055842 1840
1841 313.1288242864458 1841
1842 313.2225795923313 1842
1843 313.3163845463947 1843
1844 313.4102385632347 1844
1845 313.5041410655908 1845
1846 313.5980914297512 1846
1847 313.6920890463612 1847
1848 313.7861334383973 1848
1849 313.8802242060386 1849
1850 313.9743607738879 1850
1851 314.0685426881387 1851
1852 314.1627696160087 1852
1853 314.2570413494087 1853
1854 314.3513579348907 1854
1855 314.4457193472178 1855
1856 314.5401254677817 1856
1857 314.6345764824772 1857
1858 314.7290726693045 1858
1859 314.8236337509304 1859
1860 314.9182594231804 1860
1861 315.0129333366552 1861
1862 315.1076559974313 1862
1863 315.2024279483086 1863
1864 315.2972499212084 1864
1865 315.3921225454533 1865
1866 315.4870466649762 1866
1867 315.58202316761 1867
1868 315.6770530363636 1868
1869 315.7721371143707 1869
1870 315.8672761600093 1870
1871 315.9624709093072 1871
1872 316.057721973444 1872
1873 316.1530299830182 1873
1874 316.2495060467721 1874
1875 316.3465433575504 1875
1876 316.4436607500584 1876
1877 316.540858380193 1877
1878 316.638136280301 1878
1879 316.7354948855187 1879
1880 316.8329341505483 1880
1881 316.9304543032092 1881
1882 317.0280557434839 1882
1883 317.1257387397144 1883
1884 317.2235035870902 1884
1885 317.3213505340351 1885
1886 317.4192798616265 1886
1887 317.5172919085129 1887
1888 317.6153870608878 1888
1889 317.7135657406864 1889
1890 317.8118353372122 1890
1891 317.9101894768511 1891
1892 318.0086283584814 1892
1893 318.1071529473601 1893
1894 318.2057811545333 1894
1895 318.3045287215674 1895
1896 318.4033955724665 1896
1897 318.5023820345138 1897
1898 318.6014888520839 1898
1899 318.700716944023 1899
1900 318.8000670770268 1900
1901 318.8995687141736 1901
1902 318.9992177201621 1902
1903 319.0989914814904 1903
1904 319.198890454639 1904
1905 319.2989152763695 1905
1906 319.3990665668983 1906
1907 319.4993449564695 1907
1908 319.5997513067328 1908
1909 319.7002863355391 1909
1910 319.8009510049897 1910
1911 319.9017461263909 1911
1912 320.0026726268656 1912
1913 320.1037314782137 1913
1914 320.2049234296003 1914
1915 320.3062492296565 1915
1916 320.4077093429972 1916
1917 320.5093041337898 1917
1918 320.6110338971634 1918
1919 320.7128988978246 1919
1920 320.7117903043509 1920
