"min-rfile"
"Time Step" "min etc.."
("Time Step" "min" "flow-time")
0 298.1499999999999 0
1 298.2172430188569 1
2 298.2855239439858 2
3 298.3547373736758 3
4 298.4247595135063 4
5 298.4954772288553 5
6 298.5446543442891 6
7 298.5942859559425 7
8 298.6443085583811 8
9 298.6946766481043 9
10 298.7453515899733 10
11 298.7962993750666 11
12 298.8474897544074 12
13 298.8988957279681 13
14 298.9504931643781 14
15 299.0022604865745 15
16 299.0541784003847 16
17 299.106229655731 17
18 299.1583988346201 18
19 299.210672162004 19
20 299.2630373365658 20
21 299.315483379084 21
22 299.3680004964127 22
23 299.4205799594009 23
24 299.473213993288 24
25 299.5258956792861 25
26 299.5786188661981 26
27 299.6313780910495 27
28 299.684168507814 28
29 299.7369858234087 29
30 299.78982624022 30
31 299.8426864044937 31
32 299.8955633599949 32
33 299.9484545063984 33
34 300.0013575619301 34
35 300.0542705298251 35
36 300.0679874546709 36
37 300.0817669006435 37
38 300.0955766110752 38
39 300.1094083444924 39
40 300.1232586957548 40
41 300.1371257803611 41
42 300.1510083384961 42
43 300.164905423931 43
44 300.1788162738468 44
45 300.1927402452624 45
46 300.2066767800936 46
47 300.220625384201 47
48 300.2345856139274 48
49 300.2485570669107 49
50 300.2625393754623 50
51 300.2765322015675 51
52 300.2905352329699 52
53 300.3045481800186 53
54 300.3185707730867 54
55 300.3326027604296 55
56 300.3466439063941 56
57 300.3606939899133 57
58 300.374752803233 58
59 300.3888201508296 59
60 300.4028958484844 60
61 300.4169797224862 61
62 300.431071608939 62
63 300.4451713531551 63
64 300.4592788091188 64
65 300.4733938390062 65
66 300.487516312753 66
67 300.5016461076598 67
68 300.5157831080294 68
69 300.5299272048304 69
70 300.5440782953831 70
71 300.5582362830638 71
72 300.5724010770256 72
73 300.5865725919329 73
74 300.6007507477091 74
75 300.6149354692944 75
76 300.6291266864144 76
77 300.6433243333582 77
78 300.657528348765 78
79 300.6717386754188 79
80 300.6859552600515 80
81 300.7001780531526 81
82 300.7144070087874 82
83 300.7286420844212 83
84 300.74288324075 84
85 300.7571304415391 85
86 300.7713836534661 86
87 300.7856428459725 87
88 300.799907991119 88
89 300.8141790634479 89
90 300.8284560398506 90
91 300.8427388994414 91
92 300.8570276234356 92
93 300.8713221950328 93
94 300.8856225993066 94
95 300.8999288230972 95
96 300.9142408549097 96
97 300.9285586848172 97
98 300.9428823043672 98
99 300.9572117064928 99
100 300.9715468854284 100
101 300.9858878366277 101
102 301.0002345566874 102
103 301.0145870432727 103
104 301.0289452950478 104
105 301.0433093116081 105
106 301.0576790934169 106
107 301.0720546417443 107
108 301.086435958609 108
109 301.1008230467238 109
110 301.1152159094424 110
111 301.12961455071 111
112 301.1440189750149 112
113 301.1584291873442 113
114 301.1728451931397 114
115 301.1872669982581 115
116 301.2016946089311 116
117 301.2161280317289 117
118 301.2305672735252 118
119 301.2450123414631 119
120 301.2594632429242 120
121 301.2739199854978 121
122 301.2883825769526 122
123 301.3028510252099 123
124 301.317325338317 124
125 301.3318055244233 125
126 301.3462915917571 126
127 301.3607835486035 127
128 301.3752814032835 128
129 301.3897851641343 129
130 301.4042948394904 130
131 301.4188104376665 131
132 301.4333319669396 132
133 301.447859435534 133
134 301.4623928516058 134
135 301.4769322232291 135
136 301.4914775583817 136
137 301.5060288649336 137
138 301.5205861506335 138
139 301.5351494230986 139
140 301.5497186898033 140
141 301.5642939580692 141
142 301.5788752350557 142
143 301.5934625277507 143
144 301.6080558429623 144
145 301.6226551873106 145
146 301.6372605672207 146
147 301.6518719889147 147
148 301.6664894584061 148
149 301.681112981493 149
150 301.695742563752 150
151 301.7103782105333 151
152 301.7250199269552 152
153 301.7396677178994 153
154 301.7543215880065 154
155 301.7689815416718 155
156 301.7836475830414 156
157 301.7983197160086 157
158 301.8129979442103 158
159 301.8276822710245 159
160 301.8423726995666 160
161 301.8570692326876 161
162 301.8717718729706 162
163 301.8864806227295 163
164 301.9011954840065 164
165 301.9159164585702 165
166 301.9306435479143 166
167 301.9453767532553 167
168 301.960116075532 168
169 301.9748615154036 169
170 301.989613073249 170
171 302.0043707491654 171
172 302.0191345429683 172
173 302.0339044541897 173
174 302.0486804820786 174
175 302.0634626255996 175
176 302.0782508834333 176
177 302.0930452539753 177
178 302.1078457353364 178
179 302.122652325343 179
180 302.1297060228275 180
181 302.1367448111984 181
182 302.0748922724295 182
183 302.0292520297918 183
184 301.9955361147876 184
185 301.9685499891925 185
186 301.9456260505463 186
187 301.925741942333 187
188 301.9078518096608 188
189 301.8914612014198 189
190 301.8782404774933 190
191 301.8643828234678 191
192 301.8527166538548 192
193 301.841882273202 193
194 301.8317041456185 194
195 301.8220782249336 195
196 301.812928631108 196
197 301.804195862856 197
198 301.795830899979 198
199 301.7877931906771 199
200 301.7800481153774 200
201 301.772566072861 201
202 301.7653219804988 202
203 301.7582941307726 203
204 301.751462524368 204
205 301.7448100211143 205
206 301.738444860897 206
207 301.7322247688081 207
208 301.7261306951569 208
209 301.7201513303841 209
210 301.7142742531371 210
211 301.7084950034425 211
212 301.7028045829339 212
213 301.6972006319851 213
214 301.6916756483566 214
215 301.6862279647686 215
216 301.6808514461526 216
217 301.6755447867139 217
218 301.67030280237 218
219 301.6651244552007 219
220 301.6600051838902 220
221 301.6549442528 221
222 301.6499376236102 222
223 301.6449848461475 223
224 301.6400822273952 224
225 301.6352296667712 225
226 301.6304238223101 226
227 301.6256648732038 227
228 301.620949861944 228
229 301.6162793887705 229
230 301.6116507119172 230
231 301.607064359992 231
232 301.6025178748374 232
233 301.5980116512722 233
234 301.5935430173643 234
235 301.5891122466096 235
236 301.5847167726081 236
237 301.5803568714296 237
238 301.5760302139568 238
239 301.571736991074 239
240 301.5674750048237 240
241 301.5632443585849 241
242 301.5590429832141 242
243 301.5548709771754 243
244 301.5507266179047 244
245 301.5466100667973 245
246 301.5425198603153 246
247 301.5384561846292 247
248 301.5344177534212 248
249 301.5304047810329 249
250 301.5264161201334 250
251 301.522452075646 251
252 301.5185116388888 252
253 301.5145951773568 253
254 301.5107017616407 254
255 301.5068317645614 255
256 301.5029843105348 256
257 301.4991597778705 257
258 301.4953573305557 258
259 301.4915773318185 259
260 301.4878189651427 260
261 301.4840825908705 261
262 301.4803674233477 262
263 301.476673803081 263
264 301.4730009564901 264
265 301.4693492203851 265
266 301.4657178526031 266
267 301.4621071962251 267
268 301.4585164906299 268
269 301.4549460746805 269
270 301.4513952051947 270
271 301.4478642372945 271
272 301.4443524538694 272
273 301.440860203411 273
274 301.4373867728912 274
275 301.4339324956019 275
276 301.4304966677352 276
277 301.4270796353532 277
278 301.4236807134371 278
279 301.4203002465475 279
280 301.4169375598651 280
281 301.413592998188 281
282 301.4102658952265 282
283 301.4069566012901 283
284 301.4036644716663 284
285 301.400389842433 285
286 301.3971320672755 286
287 301.3938915039519 287
288 301.3906675200278 288
289 301.3874604695223 289
290 301.3842697278088 290
291 301.3810956510651 291
292 301.377937628117 292
293 301.3747960099959 293
294 301.371670183368 294
295 301.3685605103777 295
296 301.3654663880801 296
297 301.3623881735729 297
298 301.3593252658267 298
299 301.3562780233107 299
300 301.3532458529603 300
301 301.3502291186354 301
302 301.3472272336784 302
303 301.3442405680293 303
304 301.3412685362791 304
305 301.3383115080272 305
306 301.3353689030698 306
307 301.3324410901647 307
308 301.329527506697 308
309 301.3266285099712 309
310 301.3237435142868 310
311 301.320872890353 311
312 301.3180160700779 312
313 301.3151734347634 313
314 301.312344420889 314
315 301.309529404901 315
316 301.3067278196178 316
317 301.3039400418881 317
318 301.301165527149 318
319 301.2984046637509 319
320 301.295656906429 320
321 301.2929226421404 321
322 301.2902013041811 322
323 301.2874932646371 323
324 301.2847979866577 324
325 301.2821158644122 325
326 301.2794463446676 326
327 301.2767898062876 327
328 301.2741456921483 328
329 301.2715143977755 329
330 301.2688953827299 330
331 301.2662890370191 331
332 301.2636948181276 332
333 301.261113127504 333
334 301.2585434205332 334
335 301.2559861035045 335
336 301.2534406343588 336
337 301.2509074131622 337
338 301.2483858965984 338
339 301.2458764928082 339
340 301.2433786529898 340
341 301.2408927840023 341
342 301.2384183464753 342
343 301.2359557469067 343
344 301.2335044489904 344
345 301.2310648661788 345
346 301.2286364576914 346
347 301.226219640465 347
348 301.2238138753458 348
349 301.2214195829125 349
350 301.2190362208492 350
351 301.2166642066264 351
352 301.2143029997917 352
353 301.211953024592 353
354 301.2096137391848 354
355 301.2072855668384 355
356 301.2049679513714 356
357 301.2026613173105 357
358 301.2003651322676 358
359 301.1980798263079 359
360 301.1958048581732 360
361 301.1935406688336 361
362 301.1912867149557 362
363 301.1890434161465 363
364 301.1868102161284 364
365 301.1845875543427 365
366 301.1823748998698 366
367 301.1801726909133 367
368 301.1779803851178 368
369 301.1757984300339 369
370 301.1736262842588 370
371 301.1714643913003 371
372 301.1693122151838 372
373 301.1671701936047 373
374 301.1650377917308 374
375 301.1629154539799 375
376 301.1608026365685 376
377 301.1586997826344 377
378 301.1566063550206 378
379 301.1545228021486 379
380 301.1524485891138 380
381 301.1503841595106 381
382 301.1483289685371 382
383 301.14628346431 383
384 301.1442471076293 384
385 301.1422203447221 385
386 301.1402026400298 386
387 301.1381944407042 387
388 301.1361951964544 388
389 301.134205355978 389
390 301.1322243800149 390
391 301.1302527246691 391
392 301.1282898553821 392
393 301.1263362253293 393
394 301.1243912997857 394
395 301.1224555325163 395
396 301.1205283894472 396
397 301.1186103266169 397
398 301.1167008072151 398
399 301.1148002861165 399
400 301.1129082292169 400
401 301.1110250913375 401
402 301.1091503352802 402
403 301.1072844163699 403
404 301.1054267989615 404
405 301.1035779366858 405
406 301.1017372924363 406
407 301.0999053198371 407
408 301.0980814831182 408
409 301.0962662395338 409
410 301.0944590579943 410
411 301.0926603979307 411
412 301.0908697326416 412
413 301.0890875178385 413
414 301.0873132190891 414
415 301.0855472925268 415
416 301.0837892115149 416
417 301.082039430182 417
418 301.0802974109407 418
419 301.0785636110199 419
420 301.0768375050508 420
421 301.0751195454403 421
422 301.0734092054652 422
423 301.0717069377089 423
424 301.0700122090175 424
425 301.0683254768277 425
426 301.0666462191312 426
427 301.0649748945144 427
428 301.0633109761725 428
429 301.0616549217729 429
430 301.0600062052682 430
431 301.05836528347 431
432 301.0567316287319 432
433 301.0551056990308 433
434 301.0534869687017 434
435 301.0518758963077 435
436 301.0502719507174 436
437 301.0486755918679 437
438 301.0470862941733 438
439 301.0455045133529 439
440 301.0439297209771 440
441 301.0423623736425 441
442 301.0408019437783 442
443 301.0392488956413 443
444 301.0377027082658 444
445 301.0361638455414 445
446 301.0346317863436 446
447 301.0331069928427 447
448 301.0315889405645 448
449 301.0300780909116 449
450 301.0285739190307 450
451 301.0270768905352 451
452 301.0255864804994 452
453 301.0241031497784 453
454 301.0226263741823 454
455 301.0211566060237 455
456 301.0196933174462 456
457 301.018236967326 457
458 301.0167870325239 458
459 301.0153439808046 459
460 301.0139072804284 460
461 301.01247739437 461
462 301.0110538051055 462
463 301.0096369785372 463
464 301.0082263856859 464
465 301.0068224841255 465
466 301.0054247541892 466
467 301.0040336602099 467
468 301.0026486762026 468
469 301.0012702716215 469
470 300.999897920927 470
471 300.9985320917974 471
472 300.9971722599896 472
473 300.9958188930057 473
474 300.9944714635271 474
475 300.9931304381543 475
476 300.991795298631 476
477 300.9904665103594 477
478 300.9891435526517 478
479 300.9878268927781 479
480 300.9865160048469 480
481 300.9852113508271 481
482 300.9839124098115 482
483 300.9826196485856 483
484 300.9813325484661 484
485 300.98005157797 485
486 300.9787762149725 486
487 300.9775069249514 487
488 300.9762431861128 488
489 300.9749854639182 489
490 300.9737332402576 490
491 300.9724869800202 491
492 300.9712461605552 492
493 300.9700112482733 493
494 300.9687817184023 494
495 300.9675580359257 495
496 300.9663396794471 496
497 300.9651271105437 497
498 300.9639198119551 498
499 300.9627182527792 499
500 300.961521914842 500
501 300.9603312678273 501
502 300.9591457947251 502
503 300.9579659601392 503
504 300.9567912439508 504
505 300.9556221153609 505
506 300.9544580502314 506
507 300.9532995108432 507
508 300.95214598206 508
509 300.950997928729 509
510 300.9498548261915 510
511 300.9487171480986 511
512 300.9475843808746 512
513 300.9464569930437 513
514 300.9453344694204 514
515 300.9442172779889 515
516 300.9431048961512 516
517 300.9419977930296 517
518 300.9408954496893 518
519 300.9397983387931 519
520 300.9387059476288 520
521 300.9376187419652 521
522 300.9365361968456 522
523 300.9354587815016 523
524 300.9343859782626 524
525 300.9333182594053 525
526 300.9322551067931 526
527 300.9311969935006 527
528 300.9301434005969 528
529 300.9290947997416 529
530 300.9280506706678 530
531 300.9270114860594 531
532 300.9259767290116 532
533 300.9249468715306 533
534 300.9239213963712 534
535 300.9229007745716 535
536 300.9218844844487 536
537 300.9208729962542 537
538 300.9198657906571 538
539 300.9188633401777 539
540 300.9178651260027 540
541 300.9168716192861 541
542 300.9158823015982 542
543 300.9148976490408 543
544 300.9139171450563 544
545 300.9129412582901 545
546 300.9119694770038 546
547 300.9110022759423 547
548 300.9100391321128 548
549 300.9090805170899 549
550 300.9081259065263 550
551 300.9071757664335 551
552 300.9062295779525 552
553 300.9052878101245 553
554 300.9043499477385 554
555 300.9034164723381 555
556 300.9024868652529 556
557 300.901561600046 557
558 300.9006401648492 558
559 300.89972304234 559
560 300.8988097079043 560
561 300.8979006301296 561
562 300.896995284976 562
563 300.8960941536444 563
564 300.8951913116159 564
565 300.8942917417431 565
566 300.893396147802 566
567 300.8925045074475 567
568 300.8916168013121 568
569 300.8907330144867 569
570 300.8898531205321 570
571 300.8889770852044 571
572 300.8881048875747 572
573 300.8872365088807 573
574 300.8863719222351 574
575 300.8855111126497 575
576 300.8846540518751 576
577 300.883800728609 577
578 300.8829511120505 578
579 300.8821051909661 579
580 300.8812629335814 580
581 300.8804243269097 581
582 300.8795893408426 582
583 300.8787579651334 583
584 300.8779301582099 584
585 300.8771059193037 585
586 300.8762852108382 586
587 300.8754680181385 587
588 300.8746543114594 588
589 300.8738440949436 589
590 300.8730373218698 590
591 300.8722339994359 591
592 300.8714340811421 592
593 300.8706375615483 593
594 300.8698443862928 594
595 300.8690545704984 595
596 300.8682680855127 596
597 300.8674849291106 597
598 300.86670505567 598
599 300.8659284625249 599
600 300.8651551036548 600
601 300.8643849861552 601
602 300.8636180636065 602
603 300.8628543349151 603
604 300.862093760745 604
605 300.8613363520096 605
606 300.8605820590389 606
607 300.8598308803953 607
608 300.8590827741377 608
609 300.8583377536883 609
610 300.8575957706294 610
611 300.8568568293501 611
612 300.8561208846308 612
613 300.8553879471255 613
614 300.8546579712589 614
615 300.8539309702924 615
616 300.853206889675 616
617 300.8524857460061 617
618 300.8517674906619 618
619 300.8510521363955 619
620 300.8503396349134 620
621 300.8496300006206 621
622 300.8489231805324 622
623 300.848219190684 623
624 300.847517983263 624
625 300.8468195696313 625
626 300.8461238979639 626
627 300.8454309826628 627
628 300.8447407738312 628
629 300.8440532853523 629
630 300.8433684674952 630
631 300.8426863330295 631
632 300.8420068351782 632
633 300.841329982358 633
634 300.8406557333851 634
635 300.8399840984377 635
636 300.8393150296612 636
637 300.838648540704 637
638 300.8379845890742 638
639 300.8373231798599 639
640 300.8366642671382 640
641 300.8360078575553 641
642 300.8353539132059 642
643 300.8347024455189 643
644 300.834053414176 644
645 300.8334068200371 645
646 300.8327626280321 646
647 300.832120843105 647
648 300.8314814291147 648
649 300.8308443874836 649
650 300.8302096845071 650
651 300.8295773225844 651
652 300.8289472705025 652
653 300.8283195264348 653
654 300.8276940610825 654
655 300.827070871518 655
656 300.8264499279279 656
657 300.8258312267563 657
658 300.8252147414891 658
659 300.8246004671242 659
660 300.8239883785055 660
661 300.8233784691788 661
662 300.8227707122182 662
663 300.8221651015621 663
664 300.8215616117551 664
665 300.8209602385991 665
666 300.820360962694 666
667 300.8197637745374 667
668 300.8191686482229 668
669 300.8185755779604 669
670 300.8179845420544 670
671 300.8173955317344 671
672 300.8168085270382 672
673 300.8162235194414 673
674 300.815640484398 674
675 300.8150594083879 675
676 300.8144802739673 676
677 300.8139030735509 677
678 300.8133277954635 678
679 300.8127544228561 679
680 300.8121829413558 680
681 300.8116133353611 681
682 300.8110455934945 682
683 300.8104796974386 683
684 300.8099156413946 684
685 300.8093533995241 685
686 300.808792970802 686
687 300.8082343283779 687
688 300.8076774779612 688
689 300.8071223858555 689
690 300.8065690573476 690
691 300.8060174603697 691
692 300.8054676052082 692
693 300.8049194556778 693
694 300.8043730204651 694
695 300.8038282604677 695
696 300.8032851864369 696
697 300.8027437593185 697
698 300.8022039927691 698
699 300.8016658468703 699
700 300.8011293329234 700
701 300.8005944100522 701
702 300.8000610940128 702
703 300.7995293459046 703
704 300.7989991798715 704
705 300.7984705608788 705
706 300.7979434974962 706
707 300.7974179551989 707
708 300.7968939434348 708
709 300.7963714273025 709
710 300.7958504192188 710
711 300.7953308815589 711
712 300.794812829629 712
713 300.7942962208519 713
714 300.7937810740723 714
715 300.7932673453346 715
716 300.7927550566375 716
717 300.7922441615288 717
718 300.7917346859669 718
719 300.791226576617 719
720 300.7907198650865 720
721 300.7902144936741 721
722 300.7897104987509 722
723 300.7892078213694 723
724 300.7887065018386 724
725 300.7882064773074 725
726 300.7877077902846 726
727 300.7872103712642 727
728 300.786714269722 728
729 300.7862194231867 729
730 300.7857258674906 730
731 300.7852335334727 731
732 300.7847424702706 732
733 300.7842525988341 733
734 300.7837639509073 734
735 300.7832764502248 735
736 300.7827901450247 736
737 300.7823049538027 737
738 300.7818209338052 738
739 300.7813380124687 739
740 300.780856239767 740
741 300.7803755467868 741
742 300.779895986076 742
743 300.7794174785584 743
744 300.7789400716913 744
745 300.7784637091393 745
746 300.7779884246913 746
747 300.7775141513013 747
748 300.7770409463999 748
749 300.776568739973 749
750 300.7760975695114 750
751 300.7756273612601 751
752 300.7751581605928 752
753 300.774689903126 753
754 300.7742226381704 754
755 300.7737562856113 755
756 300.7732908965006 756
757 300.772826397137 757
758 300.7723628343785 758
759 300.771900138195 759
760 300.7714383595154 760
761 300.770977422289 761
762 300.7705173799947 762
763 300.7700581578319 763
764 300.769599809539 764
765 300.7691422605687 765
766 300.7686855689951 766
767 300.7682296617325 767
768 300.7677745949791 768
769 300.7673202941434 769
770 300.7668668146466 770
771 300.7664140822812 771
772 300.7659621507062 772
773 300.7655109436671 773
774 300.7650605260198 774
775 300.7646108217971 775
776 300.7641618826764 776
777 300.7637136333423 777
778 300.7632661369267 778
779 300.762819317217 779
780 300.762373234213 780
781 300.7619278040775 781
782 300.7614830995715 782
783 300.7610390360316 783
784 300.7605956776685 784
785 300.7601529351918 785
786 300.7597108794022 786
787 300.759269425303 787
788 300.7588286528849 788
789 300.7583884622754 789
790 300.7579489455435 790
791 300.7575099947059 791
792 300.7570717038475 792
793 300.7566339620322 793
794 300.7561968704629 794
795 300.7557603159734 795
796 300.7553243995688 796
797 300.7548890011292 797
798 300.7544542241287 798
799 300.7540199471085 799
800 300.7535862894292 800
801 300.7531531144508 801
802 300.7527205531956 802
803 300.7522884563247 803
804 300.751856958849 804
805 300.751425912346 805
806 300.7509954539162 806
807 300.7505654320445 807
808 300.7501359988359 808
809 300.7497069773133 809
810 300.7492785342373 810
811 300.7488504913883 811
812 300.7484230131554 812
813 300.7479959109884 813
814 300.7475693781724 814
815 300.7471432018074 815
816 300.7467175894539 816
817 300.7462923047483 817
818 300.74586758683 818
819 300.7454431763895 819
820 300.7450193256723 820
821 300.7445957653977 821
822 300.7441727547851 822
823 300.7437500219596 823
824 300.7433278239284 824
825 300.7429058871791 825
826 300.7424844881501 826
827 300.7420633196595 827
828 300.7416426718901 828
829 300.7412222537072 829
830 300.7408023560503 830
831 300.7403826632604 831
832 300.7399634828967 832
833 300.7395444981552 833
834 300.7391260115874 834
835 300.7387077035556 835
836 300.7382899020989 836
837 300.7378722422849 837
838 300.7374550889494 838
839 300.7370380698654 839
840 300.7366215503442 840
841 300.7362051298445 841
842 300.7357892125204 842
843 300.735373395263 843
844 300.7349580601599 844
845 300.7345428057943 845
846 300.7341280488268 846
847 300.7337133420793 847
848 300.7332991231808 848
849 300.7328849284257 849
850 300.7324712491762 850
851 300.7320575735103 851
852 300.7316443973302 852
853 300.7312311993769 853
854 300.7308185354721 854
855 300.7304057922561 855
856 300.7299935976365 856
857 300.7295812919206 857
858 300.7291695395541 858
859 300.7287576475172 859
860 300.7283463373865 860
861 300.7279348616952 861
862 300.727523944522 862
863 300.7271128321608 863
864 300.7267022966701 864
865 300.7262915609599 865
866 300.7258813959673 866
867 300.7254709903978 867
868 300.7250611768371 868
869 300.7246510808765 869
870 300.724241595929 870
871 300.7238318141065 871
872 300.7234226474328 872
873 300.7230131748274 873
874 300.7226042947181 874
875 300.7221950670946 875
876 300.7217864560244 876
877 300.721377504313 877
878 300.7209691561255 878
879 300.7205604321078 879
880 300.7201523224878 880
881 300.7197438097593 881
882 300.7193359360039 882
883 300.7189276122521 883
884 300.7185214315496 884
885 300.7181156101458 885
886 300.7177092634527 886
887 300.7173023030684 887
888 300.7168959075995 888
889 300.7164896823474 889
890 300.7160830526543 890
891 300.7156758845685 891
892 300.7152692644259 892
893 300.7148630731176 893
894 300.7144566369001 894
895 300.7140495987675 895
896 300.7136429833016 896
897 300.7132368392542 897
898 300.7128305014742 898
899 300.7124251864465 899
900 300.7120184619155 900
901 300.711609489771 901
902 300.7112006037331 902
903 300.7107945670382 903
904 300.7103889812935 904
905 300.7099814671427 905
906 300.7095758590823 906
907 300.7091714388833 907
908 300.7087662233865 908
909 300.7083600702412 909
910 300.7079542097796 910
911 300.7075483482819 911
912 300.7071419121896 912
913 300.7067348177577 913
914 300.7063283926269 914
915 300.7059225147026 915
916 300.7055162154163 916
917 300.7051107889165 917
918 300.7047038306545 918
919 300.7042946674448 919
920 300.7038876435217 920
921 300.703482366364 921
922 300.703076521276 922
923 300.7026699476851 923
924 300.7022636225577 924
925 300.7018574327361 925
926 300.7014506793716 926
927 300.7010444897198 927
928 300.7006367511205 928
929 300.7002267436053 929
930 300.6998190147746 930
931 300.6994131870327 931
932 300.6990067044511 932
933 300.6985992960738 933
934 300.6981921132414 934
935 300.6977851407971 935
936 300.6973775543819 936
937 300.6969703506475 937
938 300.6965614962222 938
939 300.6961503910537 939
940 300.6957395384069 940
941 300.6953314523836 941
942 300.6949235636191 942
943 300.6945137307749 943
944 300.6941059070075 944
945 300.6936994059279 945
946 300.6932918734126 946
947 300.6928828982016 947
948 300.6924741370456 948
949 300.6920654508873 949
950 300.6916559337408 950
951 300.6912452360284 951
952 300.6908351818478 952
953 300.690425819041 953
954 300.6900159874433 954
955 300.6896066038302 955
956 300.6891952213197 956
957 300.6887815632762 957
958 300.6883703128964 958
959 300.6879611438376 959
960 300.6875513898525 960
961 300.6871404199265 961
962 300.6867295394608 962
963 300.686318914165 963
964 300.6859076730043 964
965 300.6854964339601 965
966 300.6850831177371 966
967 300.684667399256 967
968 300.6842542931547 968
969 300.6838435265279 969
970 300.6834321022409 970
971 300.6830208389307 971
972 300.6826071706285 972
973 300.6821906513849 973
974 300.6817745744041 974
975 300.6813612117172 975
976 300.6809478225573 976
977 300.6805325037588 977
978 300.6801194438975 978
979 300.6797055315729 979
980 300.6792929853201 980
981 300.6788790615027 981
982 300.67846161249 982
983 300.6780465369987 983
984 300.6776332891494 984
985 300.6772191418786 985
986 300.6768033850292 986
987 300.6763874030228 987
988 300.6759715849421 988
989 300.6755553442675 989
990 300.6751390071779 990
991 300.6747204186424 991
992 300.6742994583104 992
993 300.6738789754153 993
994 300.6734612934328 994
995 300.6730437059081 995
996 300.6726241712532 996
997 300.672206888047 997
998 300.6717886340931 998
999 300.6713721906859 999
1000 300.6709541306312 1000
1001 300.6705322949997 1001
1002 300.6701129486298 1002
1003 300.6696955471832 1003
1004 300.6692773455575 1004
1005 300.6688573345336 1005
1006 300.6684368509553 1006
1007 300.6680165154499 1007
1008 300.6675960181864 1008
1009 300.6671752570487 1009
1010 300.6667517654712 1010
1011 300.6663255820716 1011
1012 300.6659003524984 1012
1013 300.665478060191 1013
1014 300.6650556829368 1014
1015 300.6646314893093 1015
1016 300.6642075621907 1016
1017 300.6637855973426 1017
1018 300.6633628683318 1018
1019 300.6629377085148 1019
1020 300.6625149180016 1020
1021 300.662093908238 1021
1022 300.6616719035557 1022
1023 300.6612494077835 1023
1024 300.6608233039567 1024
1025 300.6603936930018 1025
1026 300.6599672836844 1026
1027 300.6595440691567 1027
1028 300.659120120023 1028
1029 300.6586942080801 1029
1030 300.6582679615305 1030
1031 300.657842090188 1031
1032 300.6574156175135 1032
1033 300.6569886408728 1033
1034 300.6565589340219 1034
1035 300.6561265645683 1035
1036 300.6556952524307 1036
1037 300.6552670840976 1037
1038 300.6548388202081 1038
1039 300.6544086614672 1039
1040 300.6539787128783 1040
1041 300.6535508186158 1041
1042 300.6531220418046 1042
1043 300.6526907942915 1043
1044 300.652262234754 1044
1045 300.6518354410211 1045
1046 300.651407507396 1046
1047 300.6509774233642 1047
1048 300.6505463476813 1048
1049 300.6501156040887 1049
1050 300.6496847855573 1050
1051 300.649253609761 1051
1052 300.6488192567006 1052
1053 300.6483819617656 1053
1054 300.6479458973142 1054
1055 300.6475130561616 1055
1056 300.6470800691423 1056
1057 300.6466451717426 1057
1058 300.6462132344457 1058
1059 300.6457804517824 1059
1060 300.6453491382319 1060
1061 300.6449156319051 1061
1062 300.6444781022266 1062
1063 300.6440433514814 1063
1064 300.643611055149 1064
1065 300.6431780164104 1065
1066 300.64274435679 1066
1067 300.6423061770614 1067
1068 300.6418681915883 1068
1069 300.641432927846 1069
1070 300.6409983163112 1070
1071 300.6405620735435 1071
1072 300.640122135948 1072
1073 300.6396789725006 1073
1074 300.6392399548011 1074
1075 300.6388022312958 1075
1076 300.6383664601009 1076
1077 300.6379280865237 1077
1078 300.6374858842965 1078
1079 300.6370471632468 1079
1080 300.6366113786536 1080
1081 300.6361746106448 1081
1082 300.6357367768215 1082
1083 300.6352947581724 1083
1084 300.6348491512348 1084
1085 300.6344077631113 1085
1086 300.6339677776403 1086
1087 300.633529556556 1087
1088 300.6330884385546 1088
1089 300.6326436033585 1089
1090 300.6322026748312 1090
1091 300.6317647717513 1091
1092 300.6313257126017 1092
1093 300.6308852364248 1093
1094 300.6304402509244 1094
1095 300.6299917021396 1095
1096 300.6295477562186 1096
1097 300.6291055668655 1097
1098 300.6286648847993 1098
1099 300.6282210896972 1099
1100 300.6277736285573 1100
1101 300.6273302182022 1101
1102 300.6268901241954 1102
1103 300.6264488695822 1103
1104 300.6260058963231 1104
1105 300.6255582571943 1105
1106 300.6251070994621 1106
1107 300.6246607993767 1107
1108 300.6242164664731 1108
1109 300.6237734967983 1109
1110 300.6233272466006 1110
1111 300.6228773234268 1111
1112 300.6224317079319 1112
1113 300.6219896243206 1113
1114 300.6215463548493 1114
1115 300.6211012434843 1115
1116 300.6206511656374 1116
1117 300.6201974880541 1117
1118 300.6197489903217 1118
1119 300.6193027841958 1119
1120 300.6188578653452 1120
1121 300.6184095376869 1121
1122 300.6179575296943 1122
1123 300.617509869427 1123
1124 300.6170659745837 1124
1125 300.6166208916127 1125
1126 300.6161737035058 1126
1127 300.6157213926511 1127
1128 300.6152654832436 1128
1129 300.6148149554431 1129
1130 300.6143669128384 1130
1131 300.613920169037 1131
1132 300.6134698396481 1132
1133 300.6130157676619 1133
1134 300.612566251736 1134
1135 300.6121207428125 1135
1136 300.6116740664236 1136
1137 300.6112252757778 1137
1138 300.6107710415531 1138
1139 300.6103130608323 1139
1140 300.6098607774859 1140
1141 300.6094113811154 1141
1142 300.6089632405316 1142
1143 300.6085113685432 1143
1144 300.6080557580495 1144
1145 300.6076047424605 1145
1146 300.6071579493534 1146
1147 300.6067099934288 1147
1148 300.6062596697433 1148
1149 300.6058037299032 1149
1150 300.605344044369 1150
1151 300.604890204756 1151
1152 300.6044394909168 1152
1153 300.6039900501558 1153
1154 300.6035366589201 1154
1155 300.6030794537434 1155
1156 300.6026270997215 1156
1157 300.6021792243188 1157
1158 300.6017301786037 1158
1159 300.6012787256212 1159
1160 300.6008213340531 1160
1161 300.6003600319266 1161
1162 300.5999049136916 1162
1163 300.5994532879082 1163
1164 300.5990029293939 1164
1165 300.5985484603087 1165
1166 300.598090176788 1166
1167 300.5976368230963 1167
1168 300.5971881915036 1168
1169 300.5967384034339 1169
1170 300.5962859531709 1170
1171 300.5958273762477 1171
1172 300.5953648583899 1172
1173 300.5949086436584 1173
1174 300.5944592467794 1174
1175 300.5940089707496 1175
1176 300.5935558923609 1176
1177 300.5930971629173 1177
1178 300.5926349535706 1178
1179 300.5921791499081 1179
1180 300.5917266821098 1180
1181 300.5912752986869 1181
1182 300.5908197827779 1182
1183 300.5903604951856 1183
1184 300.5899064787737 1184
1185 300.5894574114091 1185
1186 300.5890071237361 1186
1187 300.5885540928043 1187
1188 300.5880947325211 1188
1189 300.5876313861422 1189
1190 300.5871746937539 1190
1191 300.5867251561407 1191
1192 300.5862748691262 1192
1193 300.5858214612458 1193
1194 300.5853622336238 1194
1195 300.5848994880204 1195
1196 300.5844433370572 1196
1197 300.5839910296133 1197
1198 300.5835398098187 1198
1199 300.5830843480726 1199
1200 300.5826251427303 1200
1201 300.5821712353894 1201
1202 300.5817224452798 1202
1203 300.5812724548983 1203
1204 300.5808195952862 1204
1205 300.5803604797475 1205
1206 300.5798974837938 1206
1207 300.5794411084363 1207
1208 300.5789919199599 1208
1209 300.5785419153801 1209
1210 300.5780889239095 1210
1211 300.5776301421879 1211
1212 300.5771678954614 1212
1213 300.5767123508306 1213
1214 300.5762604735486 1214
1215 300.5758097252901 1215
1216 300.5753547367775 1216
1217 300.5748960244945 1217
1218 300.5744428610004 1218
1219 300.573994959916 1219
1220 300.5735458890924 1220
1221 300.5730939384354 1221
1222 300.5726355046782 1222
1223 300.5721730967013 1223
1224 300.5717176198864 1224
1225 300.5712665316426 1225
1226 300.5708168073467 1226
1227 300.5703626069946 1227
1228 300.5699046336455 1228
1229 300.5694522283851 1229
1230 300.5690053283225 1230
1231 300.5685573707273 1231
1232 300.5681063485102 1232
1233 300.5676486781156 1233
1234 300.5671869513869 1234
1235 300.5667321811086 1235
1236 300.566285294433 1236
1237 300.5658379043593 1237
1238 300.5653873609602 1238
1239 300.5649306421216 1239
1240 300.5644703413742 1240
1241 300.5640171498638 1241
1242 300.5635714784447 1242
1243 300.5631250356533 1243
1244 300.5626753577225 1244
1245 300.5622197022597 1245
1246 300.5617606534267 1246
1247 300.5613087344491 1247
1248 300.560860929254 1248
1249 300.5604142479345 1249
1250 300.5599631708392 1250
1251 300.5595084458771 1251
1252 300.5590596305963 1252
1253 300.5586165152738 1253
1254 300.5581723180435 1254
1255 300.5577249768023 1255
1256 300.5572708487654 1256
1257 300.5568127709885 1257
1258 300.5563620340529 1258
1259 300.5559194665411 1259
1260 300.5554765237992 1260
1261 300.5550290474974 1261
1262 300.5545802150709 1262
1263 300.5541333967279 1263
1264 300.5536874192683 1264
1265 300.5532396441491 1265
1266 300.5527860963721 1266
1267 300.5523349315328 1267
1268 300.551889937846 1268
1269 300.5514479532164 1269
1270 300.5510026386156 1270
1271 300.5505511536063 1271
1272 300.5500958326848 1272
1273 300.5496473374239 1273
1274 300.5492075934075 1274
1275 300.5487683811584 1275
1276 300.5483263875137 1276
1277 300.5478778783255 1277
1278 300.5474255065341 1278
1279 300.5469802961164 1279
1280 300.5465432640533 1280
1281 300.5461058445906 1281
1282 300.5456652958762 1282
1283 300.5452185942765 1283
1284 300.5447682951068 1284
1285 300.5443253227726 1285
1286 300.5438869431844 1286
1287 300.5434498625625 1287
1288 300.5430084657183 1288
1289 300.5425632735815 1289
1290 300.5421242942429 1290
1291 300.5416917022031 1291
1292 300.5412579365029 1292
1293 300.5408202917154 1293
1294 300.5403760521008 1294
1295 300.5399281037481 1295
1296 300.5394876845436 1296
1297 300.5390525976348 1297
1298 300.5386190122493 1298
1299 300.5381813529567 1299
1300 300.5377400441094 1300
1301 300.537304707329 1301
1302 300.5368755787312 1302
1303 300.5364456404674 1303
1304 300.5360124720632 1304
1305 300.535573042881 1305
1306 300.5351344932912 1306
1307 300.5347018100773 1307
1308 300.5342723479231 1308
1309 300.5338396618695 1309
1310 300.5334010698144 1310
1311 300.5329591043876 1311
1312 300.5325243200801 1312
1313 300.5320950868809 1313
1314 300.5316682393885 1314
1315 300.5312375985713 1315
1316 300.5308032242432 1316
1317 300.5303745466693 1317
1318 300.5299485637034 1318
1319 300.5295246984138 1319
1320 300.5290963456169 1320
1321 300.52866326407 1321
1322 300.5282357814399 1322
1323 300.5278145837689 1323
1324 300.5273935051196 1324
1325 300.5269699746706 1325
1326 300.5265393555006 1326
1327 300.5261042059548 1327
1328 300.5256762700321 1328
1329 300.5252573614475 1329
1330 300.5248392637604 1330
1331 300.5244183662172 1331
1332 300.5239909141086 1332
1333 300.5235597079352 1333
1334 300.52313591483 1334
1335 300.5227173999098 1335
1336 300.5223009302524 1336
1337 300.5218800430913 1337
1338 300.5214555026059 1338
1339 300.5210370652514 1339
1340 300.5206250120024 1340
1341 300.5202124430859 1341
1342 300.5197966322592 1342
1343 300.5193739079992 1343
1344 300.518947410183 1344
1345 300.5185286229163 1345
1346 300.5181188741821 1346
1347 300.5177092416566 1347
1348 300.5172962467012 1348
1349 300.5168769240656 1349
1350 300.516454468701 1350
1351 300.5160398941192 1351
1352 300.5156339525811 1352
1353 300.5152278325272 1353
1354 300.5148182214601 1354
1355 300.5144025001539 1355
1356 300.5139838731279 1356
1357 300.5135731695314 1357
1358 300.5131709893863 1358
1359 300.512768536254 1359
1360 300.512362542968 1360
1361 300.5119505504988 1361
1362 300.5115358488804 1362
1363 300.5111290958661 1363
1364 300.5107307758656 1364
1365 300.5103321487481 1365
1366 300.509930001619 1366
1367 300.5095219637593 1367
1368 300.509111324895 1368
1369 300.5087086083206 1369
1370 300.5083142478347 1370
1371 300.5079195970751 1371
1372 300.5075214381715 1372
1373 300.5071174663315 1373
1374 300.506710980552 1374
1375 300.5063124283591 1375
1376 300.505922160987 1376
1377 300.5055316010404 1377
1378 300.5051375787768 1378
1379 300.5047378289597 1379
1380 300.5043356205128 1380
1381 300.5039413390001 1381
1382 300.503555298948 1382
1383 300.5031689884829 1383
1384 300.502779271036 1384
1385 300.5023838912439 1385
1386 300.5019861613065 1386
1387 300.5015963164248 1387
1388 300.5012146899967 1388
1389 300.5008327979776 1389
1390 300.5004475399402 1390
1391 300.500056721443 1391
1392 300.4996636269874 1392
1393 300.4992783845893 1393
1394 300.4989012912322 1394
1395 300.4985239942554 1395
1396 300.4981433839042 1396
1397 300.4977572849799 1397
1398 300.497368953867 1398
1399 300.4969884564311 1399
1400 300.4966160700329 1400
1401 300.4962435097781 1401
1402 300.4958677118616 1402
1403 300.4954864962692 1403
1404 300.4951031252656 1404
1405 300.4947275618004 1405
1406 300.494360060595 1406
1407 300.4939923983359 1407
1408 300.4936215304867 1408
1409 300.4932453592359 1409
1410 300.4928670751429 1410
1411 300.4924965495331 1411
1412 300.4921340446775 1412
1413 300.4917714351687 1413
1414 300.4914056991778 1414
1415 300.4910347052671 1415
1416 300.4906616683151 1416
1417 300.4902963620697 1417
1418 300.4899390260294 1418
1419 300.4895816241474 1419
1420 300.4892211532165 1420
1421 300.4888555288499 1421
1422 300.4884879191788 1422
1423 300.4881279965688 1423
1424 300.4877759973151 1424
1425 300.487423970351 1425
1426 300.4870689341096 1426
1427 300.4867088313439 1427
1428 300.486346811676 1428
1429 300.4859924452524 1429
1430 300.4856459582192 1430
1431 300.4852994813969 1431
1432 300.4849500514152 1432
1433 300.484595643996 1433
1434 300.4842393935615 1434
1435 300.4838907629166 1435
1436 300.4835499663664 1436
1437 300.4832092179926 1437
1438 300.4828655700467 1438
1439 300.4825170301694 1439
1440 300.4821667368147 1440
1441 300.4818240333675 1441
1442 300.4814890949039 1442
1443 300.4811542099475 1443
1444 300.4808164702984 1444
1445 300.4804739415411 1445
1446 300.4801297146491 1446
1447 300.4797930314986 1447
1448 300.4794641035412 1448
1449 300.4791352802652 1449
1450 300.4788036455769 1450
1451 300.478467288099 1451
1452 300.478130490417 1452
1453 300.4777958454663 1453
1454 300.4774695392506 1454
1455 300.4771460484103 1455
1456 300.4768241435431 1456
1457 300.4764988930872 1457
1458 300.4761715823063 1458
1459 300.4758504827284 1459
1460 300.4755351756109 1460
1461 300.4752193489175 1461
1462 300.4749007796062 1462
1463 300.4745776169333 1463
1464 300.4742528733554 1464
1465 300.4739354029019 1465
1466 300.473625164881 1466
1467 300.4733150251065 1467
1468 300.4730027047623 1468
1469 300.4726863841421 1469
1470 300.4723686965831 1470
1471 300.4720580334191 1471
1472 300.4717544826865 1472
1473 300.4714511275728 1473
1474 300.4711456814692 1474
1475 300.4708362991759 1475
1476 300.4705256398533 1476
1477 300.4702219728092 1477
1478 300.4699253080455 1478
1479 300.4696288274847 1479
1480 300.4693302676766 1480
1481 300.4690278823749 1481
1482 300.4687253880041 1482
1483 300.4684249309367 1483
1484 300.4681321363604 1484
1485 300.4678448177128 1485
1486 300.4675577679166 1486
1487 300.4672681907617 1487
1488 300.4669750438662 1488
1489 300.4666808495759 1489
1490 300.4663933935777 1490
1491 300.4661122995674 1491
1492 300.465831575188 1492
1493 300.4655490578812 1493
1494 300.4652632451242 1494
1495 300.4649765370268 1495
1496 300.4646963280186 1496
1497 300.4644202237129 1497
1498 300.4641453557197 1498
1499 300.4638684008789 1499
1500 300.4635901840809 1500
1501 300.4633174020691 1501
1502 300.4630498148119 1502
1503 300.4627825285663 1503
1504 300.4625135583025 1504
1505 300.4622413489964 1505
1506 300.4619682084023 1506
1507 300.4617012508127 1507
1508 300.4614404919431 1508
1509 300.4611803546364 1509
1510 300.4609190861572 1510
1511 300.4606550769893 1511
1512 300.4603903788822 1512
1513 300.4601316234125 1513
1514 300.4598786341661 1514
1515 300.4596263062221 1515
1516 300.4593730304684 1516
1517 300.459117279116 1517
1518 300.4588609193329 1518
1519 300.4586102443502 1519
1520 300.4583651052365 1520
1521 300.4581207164076 1521
1522 300.4578755277716 1522
1523 300.4576279546582 1523
1524 300.4573798333368 1524
1525 300.4571373021519 1525
1526 300.4569002176594 1526
1527 300.4566638848106 1527
1528 300.4564267747488 1528
1529 300.4561873507198 1529
1530 300.4559474698254 1530
1531 300.4557131666323 1531
1532 300.4554842691847 1532
1533 300.4552561354822 1533
1534 300.4550271920102 1534
1535 300.4547959992831 1535
1536 300.4545644805547 1536
1537 300.4543385311013 1537
1538 300.4541179577108 1538
1539 300.4538994949299 1539
1540 300.4536800407396 1540
1541 300.4534588676773 1541
1542 300.4532359444673 1542
1543 300.4530135605873 1543
1544 300.4527977283435 1544
1545 300.4525872224959 1545
1546 300.4523776760812 1546
1547 300.4521673830014 1547
1548 300.4519553324438 1548
1549 300.4517432446947 1549
1550 300.4515364597193 1550
1551 300.4513347474604 1551
1552 300.4511339156437 1552
1553 300.4515605253628 1553
1554 300.4516547749475 1554
1555 300.4526934648701 1555
1556 300.4540095925232 1556
1557 300.4556861060702 1557
1558 300.4593762327702 1558
1559 300.4681006435092 1559
1560 300.4976174136281 1560
1561 300.5175722306555 1561
1562 300.5348579477977 1562
1563 300.5477660833549 1563
1564 300.5593003337555 1564
1565 300.5695088459415 1565
1566 300.5784924718905 1566
1567 300.5864553064418 1567
1568 300.5935616309439 1568
1569 300.5999502469379 1569
1570 300.6057359272352 1570
1571 300.6110156877588 1571
1572 300.6159419489596 1572
1573 300.6204696437019 1573
1574 300.6240335055932 1574
1575 300.6274184047696 1575
1576 300.630657306988 1576
1577 300.6337703833279 1577
1578 300.6367752821241 1578
1579 300.6396831901624 1579
1580 300.6425027688534 1580
1581 300.6452436175203 1581
1582 300.6479109750876 1582
1583 300.6505095280089 1583
1584 300.6530449598621 1584
1585 300.6555227249031 1585
1586 300.6579476099171 1586
1587 300.6603217424814 1587
1588 300.6626467658399 1588
1589 300.664925310294 1589
1590 300.6671610995662 1590
1591 300.6693606336148 1591
1592 300.6715267745018 1592
1593 300.6736611718662 1593
1594 300.6757655939047 1594
1595 300.6778416763763 1595
1596 300.679891020582 1596
1597 300.6819159535672 1597
1598 300.6839174305153 1598
1599 300.6858987452118 1599
1600 300.6878601938273 1600
1601 300.6898026493481 1601
1602 300.6917258671619 1602
1603 300.6936302507046 1603
1604 300.6955169058298 1604
1605 300.6973875207153 1605
1606 300.6992250671979 1606
1607 300.7010080545246 1607
1608 300.7025091120662 1608
1609 300.7034260456786 1609
1610 300.7043237246154 1610
1611 300.7052048529084 1611
1612 300.706067693952 1612
1613 300.7069116052344 1613
1614 300.7077378125977 1614
1615 300.7085448386841 1615
1616 300.7093318822218 1616
1617 300.710100174929 1617
1618 300.7108497581098 1618
1619 300.7115794588859 1619
1620 300.7122891568325 1620
1621 300.7129782397134 1621
1622 300.7136480278531 1622
1623 300.7142976232524 1623
1624 300.7149294158731 1624
1625 300.7155443082123 1625
1626 300.7161421628734 1626
1627 300.7167244335955 1627
1628 300.7172918579595 1628
1629 300.7178451379942 1629
1630 300.7183847375792 1630
1631 300.7188378086078 1631
1632 300.7192665162727 1632
1633 300.7196818393928 1633
1634 300.7200847398607 1634
1635 300.7204752163074 1635
1636 300.7208528516016 1636
1637 300.7212187014837 1637
1638 300.7215731279067 1638
1639 300.7219169477598 1639
1640 300.7222501475181 1640
1641 300.722573722784 1641
1642 300.7228881677784 1642
1643 300.7231933412826 1643
1644 300.7234897581 1644
1645 300.72377786001 1645
1646 300.7240579945993 1646
1647 300.7243308262046 1647
1648 300.7245972078572 1648
1649 300.7248567745987 1649
1650 300.7251130475015 1650
1651 300.7253691702304 1651
1652 300.7255629094635 1652
1653 300.7257590497155 1653
1654 300.7259566488621 1654
1655 300.7261554268979 1655
1656 300.7263550578912 1656
1657 300.7265560596952 1657
1658 300.7267583352156 1658
1659 300.7269620645827 1659
1660 300.7271673987551 1660
1661 300.7273746816176 1661
1662 300.7275850165515 1662
1663 300.7277983433673 1663
1664 300.7280152291842 1664
1665 300.7282358987293 1665
1666 300.7284609556102 1666
1667 300.7286913482038 1667
1668 300.7289275667791 1668
1669 300.7291705666744 1669
1670 300.7294213284918 1670
1671 300.7296793778798 1671
1672 300.7299454157727 1672
1673 300.7302192520909 1673
1674 300.7305004548889 1674
1675 300.7307896035309 1675
1676 300.7310870081041 1676
1677 300.7313923727817 1677
1678 300.7317060534197 1678
1679 300.7320279958467 1679
1680 300.7323574292178 1680
1681 300.7326939950122 1681
1682 300.7330376803872 1682
1683 300.733387782642 1683
1684 300.7337443289623 1684
1685 300.7341071673917 1685
1686 300.7344757610031 1686
1687 300.7348503178074 1687
1688 300.7352306182156 1688
1689 300.7356159678901 1689
1690 300.7360059701087 1690
1691 300.7364009195208 1691
1692 300.7368005519192 1692
1693 300.7372052520703 1693
1694 300.737614811559 1694
1695 300.7380298561176 1695
1696 300.7384500794105 1696
1697 300.7388751423533 1697
1698 300.7393047089059 1698
1699 300.7397389073842 1699
1700 300.7401775855207 1700
1701 300.7406205468409 1701
1702 300.7410349862976 1702
1703 300.7414366178034 1703
1704 300.7622140175496 1704
1705 300.7832138168006 1705
1706 300.8044419851789 1706
1707 300.8258937316752 1707
1708 300.8475625763417 1708
1709 300.8694419155173 1709
1710 300.8915245191439 1710
1711 300.9138024681282 1711
1712 300.9362689512758 1712
1713 300.9589173001239 1713
1714 300.9817425318431 1714
1715 301.0047394645424 1715
1716 301.0279024386573 1716
1717 301.0512260164332 1717
1718 301.0747041934694 1718
1719 301.0983336869559 1719
1720 301.1221112406943 1720
1721 301.1460366504767 1721
1722 301.1700953613171 1722
1723 301.1942747651057 1723
1724 301.2185702938608 1724
1725 301.2429764565876 1725
1726 301.2674859343249 1726
1727 301.292089940995 1727
1728 301.3167837360334 1728
1729 301.3415636646063 1729
1730 301.366426978348 1730
1731 301.3913696126154 1731
1732 301.4163891726529 1732
1733 301.4414844273753 1733
1734 301.5344935357942 1734
1735 301.6271374821363 1735
1736 301.7194976257127 1736
1737 301.811638660877 1737
1738 301.9035959466337 1738
1739 301.9953975918326 1739
1740 302.0870627435802 1740
1741 302.1786044477332 1741
1742 302.2700337279335 1742
1743 302.3613471915193 1743
1744 302.452525134887 1744
1745 302.5435764459335 1745
1746 302.6345129372434 1746
1747 302.7253407491049 1747
1748 302.8160619765937 1748
1749 302.9066752166664 1749
1750 302.9971844234205 1750
1751 303.0875960799327 1751
1752 303.1779198609773 1752
1753 303.2681670005655 1753
1754 303.3583506438002 1754
1755 303.448484832178 1755
1756 303.5385880363949 1756
1757 303.6286724051122 1757
1758 303.7187440723566 1758
1759 303.8088083805747 1759
1760 303.8988763899008 1760
1761 303.9889511809559 1761
1762 304.0790352880234 1762
1763 304.1691326611489 1763
1764 304.2592477239431 1764
1765 304.3493807624131 1765
1766 304.4395351818083 1766
1767 304.5297124890556 1767
1768 304.6199136143138 1768
1769 304.7101430545484 1769
1770 304.800407373716 1770
1771 304.8907163413414 1771
1772 304.9810612874073 1772
1773 305.0714289118825 1773
1774 305.161813950899 1774
1775 305.2522179605705 1775
1776 305.342628647262 1776
1777 305.43303771385 1777
1778 305.5234449053445 1778
1779 305.6138394332898 1779
1780 305.7042175392669 1780
1781 305.794592468412 1781
1782 305.8849753037683 1782
1783 305.9753717388639 1783
1784 306.0657866258403 1784
1785 306.156229694521 1785
1786 306.2467070886662 1786
1787 306.337226616998 1787
1788 306.427794220393 1788
1789 306.5184158583684 1789
1790 306.6090940228045 1790
1791 306.6998267518856 1791
1792 306.7906157090599 1792
1793 306.8814597726802 1793
1794 306.9723568445531 1794
1795 307.0633037209121 1795
1796 307.1543017947541 1796
1797 307.245347599324 1797
1798 307.3364435112454 1798
1799 307.4275913155004 1799
1800 307.5187902772708 1800
1801 307.6100453242198 1801
1802 307.7013629965106 1802
1803 307.7927480054696 1803
1804 307.8842008459828 1804
1805 307.9757133698881 1805
1806 308.067283688852 1806
1807 308.1588988254089 1807
1808 308.2505303582039 1808
1809 308.3422124130103 1809
1810 308.4339459642051 1810
1811 308.5257269600493 1811
1812 308.6175501538755 1812
1813 308.7094127048168 1813
1814 308.8013215000527 1814
1815 308.8932779244356 1815
1816 308.9852811461615 1816
1817 309.0773311840561 1817
1818 309.1694302186136 1818
1819 309.2615779946788 1819
1820 309.3537742217718 1820
1821 309.4460248322503 1821
1822 309.538338429018 1822
1823 309.6307170660465 1823
1824 309.7231596618021 1824
1825 309.8156682478463 1825
1826 309.9082448858651 1826
1827 310.0008911984336 1827
1828 310.093619505579 1828
1829 310.1864312856262 1829
1830 310.2793227738762 1830
1831 310.372292098266 1831
1832 310.465341982109 1832
1833 310.5584751365768 1833
1834 310.6516888046953 1834
1835 310.7449830279111 1835
1836 310.8383546144411 1836
1837 310.9317963355449 1837
1838 311.0252950905727 1838
1839 311.1188397535008 1839
1840 311.2124388815523 1840
1841 311.3060954838211 1841
1842 311.3998144251255 1842
1843 311.4936055455627 1843
1844 311.5874792344143 1844
1845 311.6814510561773 1845
1846 311.7755526005194 1846
1847 311.8698157805223 1847
1848 311.9642446460538 1848
1849 312.0588080612255 1849
1850 312.1534756276065 1850
1851 312.2482383269527 1851
1852 312.3430935672008 1852
1853 312.4380307504091 1853
1854 312.5330324459096 1854
1855 312.6280728781119 1855
1856 312.7231467172679 1856
1857 312.818257516151 1857
1858 312.9134116654043 1858
1859 313.0086210945451 1859
1860 313.1038923757144 1860
1861 313.1992257518266 1861
1862 313.2946308061788 1862
1863 313.3901210102571 1863
1864 313.4857371243357 1864
1865 313.581481933982 1865
1866 313.6773399873941 1866
1867 313.7733157230643 1867
1868 313.8694124680066 1868
1869 313.9656346280035 1869
1870 314.0619805935401 1870
1871 314.158442347284 1871
1872 314.2550183268105 1872
1873 314.3516987699179 1873
1874 314.448476067874 1874
1875 314.5453559068387 1875
1876 314.6423321233719 1876
1877 314.7394047739989 1877
1878 314.8365717119256 1878
1879 314.9338345924986 1879
1880 315.0311956654606 1880
1881 315.1286576906164 1881
1882 315.2262283144105 1882
1883 315.3239061236698 1883
1884 315.4216912062686 1884
1885 315.5195844680572 1885
1886 315.6175841607067 1886
1887 315.71568772246 1887
1888 315.813889627316 1888
1889 315.9121742294365 1889
1890 316.0105375738029 1890
1891 316.1089872797297 1891
1892 316.2075245584996 1892
1893 316.3061465634279 1893
1894 316.4048450095476 1894
1895 316.5036168265965 1895
1896 316.6024681674737 1896
1897 316.7014339412044 1897
1898 316.7995827347336 1898
1899 316.8847360698541 1899
1900 316.9700685148654 1900
1901 317.0555187517839 1901
1902 317.1412327347948 1902
1903 317.2271740974128 1903
1904 317.3134482431785 1904
1905 317.399861654302 1905
1906 317.4864360986035 1906
1907 317.5730382380086 1907
1908 317.6596330110469 1908
1909 317.7459878546862 1909
1910 317.831488899272 1910
1911 317.9163922317188 1911
1912 318.0010525580213 1912
1913 318.0849892191653 1913
1914 318.1681423609003 1914
1915 318.2514320241651 1915
1916 318.3352114891861 1916
1917 318.4195737111716 1917
1918 318.5048523982692 1918
1919 318.591137940009 1919
1920 318.5774051320559 1920
