"max-rfile"
"Time Step" "max etc.."
("Time Step" "max" "flow-time")
0 298.1500000000005 0
1 298.2148764646238 1
2 298.27975377712 2
3 298.3444657055338 3
4 298.409675649144 4
5 298.4754142966081 5
6 298.5202397404971 6
7 298.5654872046827 7
8 298.6109572523382 8
9 298.65658987641 9
10 298.70234011048 10
11 298.7481709427366 11
12 298.7940498331375 12
13 298.839947182595 13
14 298.8858364730294 14
15 298.9316939388967 15
16 298.9774986077617 16
17 299.023232148278 17
18 299.0688785312834 18
19 299.1144238637197 19
20 299.1598560620578 20
21 299.205164564885 21
22 299.250340151885 22
23 299.2953748143028 23
24 299.3402615958393 24
25 299.3849942101677 25
26 299.4295672276647 26
27 299.4739760562014 27
28 299.5182165582643 28
29 299.5622851857494 29
30 299.6061789032667 30
31 299.6498952482556 31
32 299.6934321805903 32
33 299.7367878037591 33
34 299.7799606906312 34
35 299.8229496793664 35
36 299.8276517894012 36
37 299.8328252035911 37
38 299.8381770998793 38
39 299.8436918702575 39
40 299.8492540339601 40
41 299.8548478845969 41
42 299.860450512418 42
43 299.8660498580773 43
44 299.8716353224851 44
45 299.877200915887 45
46 299.8827428947181 46
47 299.8882596943615 47
48 299.8937510049532 48
49 299.899217301304 49
50 299.9046593702842 50
51 299.9100780697266 51
52 299.915474191081 52
53 299.9208484136441 53
54 299.9262013089706 54
55 299.9315333570791 55
56 299.9368449736374 56
57 299.9421365269698 57
58 299.9474083500849 58
59 299.9526607502346 59
60 299.9578940217727 60
61 299.9631084117699 61
62 299.968304142064 62
63 299.9734814722165 63
64 299.9786405958229 64
65 299.9837817072343 65
66 299.9889049919616 66
67 299.9940106248526 67
68 299.9990987708746 68
69 300.0041695872741 69
70 300.0092232220704 70
71 300.0142598169041 71
72 300.0192795052784 72
73 300.0242824155389 73
74 300.0292686690846 74
75 300.0342383817284 75
76 300.0391916651923 76
77 300.0441286282829 77
78 300.0490493736523 78
79 300.0539540007539 79
80 300.05884260438 80
81 300.0637152769033 81
82 300.0685721067616 82
83 300.0734131802851 83
84 300.0782385803295 84
85 300.083048387866 85
86 300.0878426808165 86
87 300.0926215355327 87
88 300.0973850257059 88
89 300.1021332237058 89
90 300.1068661995711 90
91 300.1115840222346 91
92 300.1162867586683 92
93 300.120974474968 93
94 300.1256472356129 94
95 300.1303051044525 95
96 300.1349481440427 96
97 300.1395764165107 97
98 300.144189983006 98
99 300.148788904442 99
100 300.1533732409456 100
101 300.1579430525266 101
102 300.1624983985792 102
103 300.1670393385262 103
104 300.1715659313134 104
105 300.1760782360014 105
106 300.1805763113252 106
107 300.1850602162136 107
108 300.1895300093781 108
109 300.1939857497777 109
110 300.1984275106469 110
111 300.2028553415404 111
112 300.2072692977916 112
113 300.2116694382671 113
114 300.2160558216931 114
115 300.2204285074586 115
116 300.2247875549965 116
117 300.2291330240607 117
118 300.2334649744579 118
119 300.2377834662475 119
120 300.2420885595775 120
121 300.2463803148372 121
122 300.2506587925069 122
123 300.2549240532796 123
124 300.2591761579227 124
125 300.2634151673843 125
126 300.2676411426621 126
127 300.2718541449012 127
128 300.2760542352772 128
129 300.2802414750946 129
130 300.2844159256705 130
131 300.2885776484189 131
132 300.2927267047392 132
133 300.2968631560991 133
134 300.3009870639239 134
135 300.3050984896743 135
136 300.3091974947462 136
137 300.3132841405332 137
138 300.3173584883419 138
139 300.3214205994462 139
140 300.3254705350088 140
141 300.3295083561258 141
142 300.3335341237536 142
143 300.3375478987604 143
144 300.3415497418524 144
145 300.3455397136207 145
146 300.3495178744686 146
147 300.3534842846555 147
148 300.3574390042315 148
149 300.3613820930786 149
150 300.3653136108426 150
151 300.3692336169653 151
152 300.3731421706412 152
153 300.3770393308394 153
154 300.3809251562578 154
155 300.3847997053581 155
156 300.3886630363116 156
157 300.3925152070271 157
158 300.3963562751067 158
159 300.4001862978689 159
160 300.404005332307 160
161 300.4078134351179 161
162 300.4116106626634 162
163 300.4153970709881 163
164 300.4191727157908 164
165 300.4229376524381 165
166 300.4266919359366 166
167 300.430435620947 167
168 300.4341687617619 168
169 300.4378914123175 169
170 300.4416036261724 170
171 300.4453054565159 171
172 300.4489969561488 172
173 300.4526781774949 173
174 300.4563491725748 174
175 300.4600099930318 175
176 300.463660690101 176
177 300.4673013146278 177
178 300.4709319170472 178
179 300.4745525473926 179
180 300.4705378608591 180
181 300.4665993262068 181
182 300.4626890885939 182
183 300.4588036165088 183
184 300.4549332440219 184
185 300.4510747222632 185
186 300.4472246576997 186
187 300.4433815229896 187
188 300.4395443910674 188
189 300.4357131049063 189
190 300.4318878812282 190
191 300.4280692010976 191
192 300.4242576440327 192
193 300.4204538155781 193
194 300.4166582962475 194
195 300.4128716258539 195
196 300.4090942996335 196
197 300.4053267724735 197
198 300.4015694642428 198
199 300.3978227649209 199
200 300.3940870385462 200
201 300.3903626262348 201
202 300.3866498484316 202
203 300.3829490066886 203
204 300.3792603850789 204
205 300.375584251371 205
206 300.3719208580221 206
207 300.3682704430964 207
208 300.3646332309389 208
209 300.3610094329165 209
210 300.3573992480092 210
211 300.3538028633816 211
212 300.3502204548802 212
213 300.3466521875397 213
214 300.3430982160651 214
215 300.3395586852834 215
216 300.3360337305529 216
217 300.3325234781757 217
218 300.3290280458154 218
219 300.3255475428943 219
220 300.3220820709573 220
221 300.3186317240109 221
222 300.3151965888534 222
223 300.3117767454107 223
224 300.308372267047 224
225 300.3049832208555 225
226 300.3016096679294 226
227 300.2982516636197 227
228 300.2949092577964 228
229 300.2915824950999 229
230 300.2882714151456 230
231 300.2849760527595 231
232 300.2816964381944 232
233 300.2784325973394 233
234 300.2751845519257 234
235 300.2719523197172 235
236 300.2687359147035 236
237 300.2655353472718 237
238 300.2623506243893 238
239 300.2591817497679 239
240 300.2560287240251 240
241 300.2528915448323 241
242 300.2497702070781 242
243 300.2466647029895 243
244 300.2435750222604 244
245 300.240501152177 245
246 300.2374430777327 246
247 300.2344007817509 247
248 300.231374244994 248
249 300.228363446269 249
250 300.2253683625258 250
251 300.2223889689473 251
252 300.2194252390427 252
253 300.2164771447349 253
254 300.2135446564376 254
255 300.2106277431225 255
256 300.2077263724004 256
257 300.2048405105821 257
258 300.2019701227441 258
259 300.1991151727881 259
260 300.1962756235062 260
261 300.193451436638 261
262 300.1906425729281 262
263 300.1878489921783 263
264 300.185070653295 264
265 300.1823075143325 265
266 300.1795595325315 266
267 300.176826664371 267
268 300.1741088656068 268
269 300.1714060913131 269
270 300.1687182959143 270
271 300.1660454332259 271
272 300.1633874564786 272
273 300.1607443183559 273
274 300.1581159710174 274
275 300.1555023661342 275
276 300.1529034549129 276
277 300.1503191881226 277
278 300.1477495161186 278
279 300.1451943888667 279
280 300.1426537559639 280
281 300.140127566664 281
282 300.1376157698938 282
283 300.1351183142782 283
284 300.1326351481532 284
285 300.1301662195908 285
286 300.1277114764062 286
287 300.1252708661822 287
288 300.1228443362849 288
289 300.1204318338725 289
290 300.1180333059208 290
291 300.1156486992298 291
292 300.1132779604374 292
293 300.1109210360368 293
294 300.1085778723771 294
295 300.106248415685 295
296 300.1039326120714 296
297 300.1016304075415 297
298 300.0993417480094 298
299 300.0970665793086 299
300 300.094804847198 300
301 300.0925564973639 301
302 300.0903214754317 302
303 300.0880997269825 303
304 300.0858911975558 304
305 300.0836958326564 305
306 300.0815135777597 306
307 300.0793443783241 307
308 300.0771881797945 308
309 300.0750449276109 309
310 300.0729145672129 310
311 300.0707970440459 311
312 300.0686923035634 312
313 300.0666002912354 313
314 300.0645209525529 314
315 300.0624542330301 315
316 300.0604000782158 316
317 300.0583584336929 317
318 300.0563292450855 318
319 300.0543124580626 319
320 300.0523080183465 320
321 300.0503158717077 321
322 300.0483359639766 322
323 300.046368241043 323
324 300.0444126488587 324
325 300.0424691334443 325
326 300.0405376408909 326
327 300.03861811736 327
328 300.0367105090911 328
329 300.0348147624023 329
330 300.0329308236989 330
331 300.0310586394747 331
332 300.0291981563062 332
333 300.0273493208551 333
334 300.025512079876 334
335 300.0236863802138 335
336 300.0218721688107 336
337 300.0200693927067 337
338 300.0182779990436 338
339 300.0164979350643 339
340 300.0147291481172 340
341 300.0129715856579 341
342 300.0112251952502 342
343 300.0094899245698 343
344 300.0077657214026 344
345 300.0060525336459 345
346 300.0043503093136 346
347 300.0026589965352 347
348 300.0009785435531 348
349 299.9993088987327 349
350 299.9976500105585 350
351 299.9960018276347 351
352 299.9943642986889 352
353 299.9927373725724 353
354 299.9911209982635 354
355 299.9895151248592 355
356 299.9879197015866 356
357 299.9863346777989 357
358 299.9847600029775 358
359 299.983195626734 359
360 299.9816414988126 360
361 299.9800975690877 361
362 299.9785637875671 362
363 299.9770401043898 363
364 299.975526469829 364
365 299.9740228342908 365
366 299.9725291483161 366
367 299.9710453625806 367
368 299.9695714278963 368
369 299.9681072952106 369
370 299.9666529156106 370
371 299.9652082403194 371
372 299.9637732207015 372
373 299.962347808256 373
374 299.9609319546256 374
375 299.9595256115896 375
376 299.958128731068 376
377 299.9567412651189 377
378 299.9553631659455 378
379 299.9539943858887 379
380 299.952634877432 380
381 299.9512845932011 381
382 299.949943485964 382
383 299.9486115086278 383
384 299.9472886142487 384
385 299.9459747560225 385
386 299.9446698872914 386
387 299.9433739615354 387
388 299.9420869323814 388
389 299.9408087535973 389
390 299.9395393790971 390
391 299.9382787629369 391
392 299.9370268593196 392
393 299.9357836225902 393
394 299.934549007239 394
395 299.933322967903 395
396 299.9321054593608 396
397 299.9308964365393 397
398 299.9296958545069 398
399 299.9285036684801 399
400 299.927319833818 400
401 299.926144306028 401
402 299.9249770407628 402
403 299.9238179938251 403
404 299.9226671211565 404
405 299.9215243788441 405
406 299.9203897231189 406
407 299.9192631103577 407
408 299.9181444970831 408
409 299.9170338399645 409
410 299.9159310958174 410
411 299.9148362216001 411
412 299.9137491744124 412
413 299.9126699115041 413
414 299.9115983902665 414
415 299.9105345682371 415
416 299.9094784031 416
417 299.9084298526829 417
418 299.9073888749581 418
419 299.9063554280436 419
420 299.9053294702008 420
421 299.9043109598363 421
422 299.9032998555003 422
423 299.9022961158885 423
424 299.9012996998401 424
425 299.9003105663383 425
426 299.8993286745109 426
427 299.8983539836276 427
428 299.8973864531042 428
429 299.8964260424978 429
430 299.8954727115106 430
431 299.8945264199872 431
432 299.893587127915 432
433 299.8926547954244 433
434 299.8917293827889 434
435 299.8908108504236 435
436 299.8898991588867 436
437 299.8889942688811 437
438 299.8880961412492 438
439 299.8872047369752 439
440 299.8863200171849 440
441 299.8854419431422 441
442 299.884570476257 442
443 299.8837055780768 443
444 299.8828472102916 444
445 299.8819953347331 445
446 299.881149913372 446
447 299.8803109083174 447
448 299.8794782818226 448
449 299.8786519962769 449
450 299.8778320142123 450
451 299.8770182982964 451
452 299.8762108113395 452
453 299.8754095162887 453
454 299.8746143762311 454
455 299.8738253543911 455
456 299.8730424141318 456
457 299.8722655189547 457
458 299.8714946324988 458
459 299.8707297185401 459
460 299.869970740991 460
461 299.8692176639044 461
462 299.868470451465 462
463 299.8677290679974 463
464 299.8669934779618 464
465 299.8662636459532 465
466 299.8655395367035 466
467 299.8648211150795 467
468 299.8641083460832 468
469 299.8634011948522 469
470 299.8626996266582 470
471 299.862003606906 471
472 299.8613131011383 472
473 299.8606280750278 473
474 299.8599484943823 474
475 299.8592743251438 475
476 299.8586055333868 476
477 299.8579420853179 477
478 299.857283947276 478
479 299.8566310857354 479
480 299.8559834672973 480
481 299.8553410586998 481
482 299.8547038268074 482
483 299.8540717386213 483
484 299.8534447612677 484
485 299.8528228620076 485
486 299.8522060082318 486
487 299.8515941674593 487
488 299.8509873073399 488
489 299.8503853956529 489
490 299.8497884003067 490
491 299.8491962893382 491
492 299.8486090309144 492
493 299.848026593329 493
494 299.8474489450043 494
495 299.8468760544897 495
496 299.8463078904626 496
497 299.8457444217282 497
498 299.8451856172167 498
499 299.8446314459858 499
500 299.8440818772211 500
501 299.8435368802319 501
502 299.842996424453 502
503 299.8424604794475 503
504 299.8419290149006 504
505 299.8414020006221 505
506 299.8408794065513 506
507 299.8403612027446 507
508 299.8398473593861 508
509 299.8393378467849 509
510 299.8388326353709 510
511 299.8383316956964 511
512 299.837834998439 512
513 299.8373425143969 513
514 299.8368542144908 514
515 299.8363700697643 515
516 299.8358900513793 516
517 299.8354141306223 517
518 299.8349422789016 518
519 299.8344744677412 519
520 299.8340106687895 520
521 299.8335508538136 521
522 299.8330949946995 522
523 299.8326430634552 523
524 299.8321950322038 524
525 299.8317508731905 525
526 299.8313105587761 526
527 299.8308740614432 527
528 299.8304413537893 528
529 299.8300124085294 529
530 299.8295871984982 530
531 299.8291656966452 531
532 299.8287478760375 532
533 299.828333709859 533
534 299.8279231714078 534
535 299.8275162340998 535
536 299.8271128714646 536
537 299.8267130571479 537
538 299.8263167649092 538
539 299.8259239686251 539
540 299.8255346422831 540
541 299.8251487599858 541
542 299.8247662959495 542
543 299.8243872245056 543
544 299.824011520095 544
545 299.8236391572728 545
546 299.823270110709 546
547 299.8229043551818 547
548 299.8225418655829 548
549 299.8221826169163 549
550 299.8218265842942 550
551 299.8214737429436 551
552 299.8211240681989 552
553 299.8207775355062 553
554 299.8204341204217 554
555 299.8200937986102 555
556 299.819756545847 556
557 299.8194223380152 557
558 299.8190911511066 558
559 299.8187629612234 559
560 299.8184377445742 560
561 299.8181154774749 561
562 299.8177961363511 562
563 299.8174796977335 563
564 299.8171661382606 564
565 299.8168554346784 565
566 299.816547563837 566
567 299.8162425026944 567
568 299.8159402283133 568
569 299.8156407178623 569
570 299.8153439486148 570
571 299.8150498979492 571
572 299.8147585433484 572
573 299.8144698623992 573
574 299.8141838327928 574
575 299.8139004323238 575
576 299.8136196388896 576
577 299.8133414304906 577
578 299.8130657852304 578
579 299.8127926813153 579
580 299.8125220970534 580
581 299.8122540108536 581
582 299.8119884012279 582
583 299.8117252467885 583
584 299.8114645262472 584
585 299.811206218421 585
586 299.8109503022219 586
587 299.8106967566653 587
588 299.810445560864 588
589 299.8101966940329 589
590 299.8099501354841 590
591 299.8097058646293 591
592 299.8094638609771 592
593 299.8092241041379 593
594 299.8089865738164 594
595 299.8087512498165 595
596 299.8085181120398 596
597 299.8082871404856 597
598 299.8080583152475 598
599 299.8078316165183 599
600 299.8076070245848 600
601 299.8073845198316 601
602 299.8071640827371 602
603 299.8069456938765 603
604 299.8067293339206 604
605 299.8065149836319 605
606 299.8063026238717 606
607 299.8060922355914 607
608 299.8058837998382 608
609 299.8056772977533 609
610 299.8054727105708 610
611 299.8052700196179 611
612 299.8050692063133 612
613 299.8048702521705 613
614 299.8046731387936 614
615 299.8044778478776 615
616 299.804284361213 616
617 299.8040926606776 617
618 299.8039027282409 618
619 299.8037145459662 619
620 299.8035280960034 620
621 299.8033433605947 621
622 299.8031603220719 622
623 299.8029789628557 623
624 299.8027992654584 624
625 299.8026212124777 625
626 299.8024447866038 626
627 299.8022699706141 627
628 299.8020967473711 628
629 299.801925099833 629
630 299.801755011036 630
631 299.801586464111 631
632 299.8014194422732 632
633 299.8012539288258 633
634 299.8010899071548 634
635 299.8009273607401 635
636 299.8007662731394 636
637 299.8006066280023 637
638 299.8004484090591 638
639 299.8002916001294 639
640 299.8001361851152 640
641 299.7999821480046 641
642 299.7998294728692 642
643 299.7996781438657 643
644 299.7995281452319 644
645 299.7993794612939 645
646 299.799232076457 646
647 299.7990859752115 647
648 299.7989411421301 648
649 299.7987975618683 649
650 299.7986552191626 650
651 299.7985140988339 651
652 299.7983741857821 652
653 299.7982354649914 653
654 299.7980979215239 654
655 299.7979615405255 655
656 299.7978263072212 656
657 299.7976922069167 657
658 299.7975592249987 658
659 299.7974273469321 659
660 299.7972965582645 660
661 299.7971668446188 661
662 299.7970381917002 662
663 299.7969105852912 663
664 299.7967840112526 664
665 299.796658455526 665
666 299.7965339041272 666
667 299.796410343153 667
668 299.7962877587766 668
669 299.7961661372495 669
670 299.796045464897 670
671 299.7959257281249 671
672 299.7958069134144 672
673 299.7956890073221 673
674 299.7955719964813 674
675 299.7954558676018 675
676 299.7953406074675 676
677 299.795226202938 677
678 299.7951126409483 678
679 299.794999908509 679
680 299.7948879927026 680
681 299.7947768806886 681
682 299.7946665596992 682
683 299.7945570170411 683
684 299.7944482400933 684
685 299.79434021631 685
686 299.7942329332171 686
687 299.7941263784122 687
688 299.7940205395681 688
689 299.7939154044287 689
690 299.7938109608096 690
691 299.7937071965977 691
692 299.7936040997532 692
693 299.7935016583064 693
694 299.7933998603592 694
695 299.7932986940827 695
696 299.7931981477215 696
697 299.7930982095892 697
698 299.7929988680679 698
699 299.7929001116124 699
700 299.7928019287458 700
701 299.79270430806 701
702 299.7926072382173 702
703 299.7925107079479 703
704 299.7924147060526 704
705 299.7923192213972 705
706 299.7922242429195 706
707 299.7921297596228 707
708 299.7920357605789 708
709 299.7919422349271 709
710 299.7918491718763 710
711 299.7917565606979 711
712 299.7916643907337 712
713 299.7915726513907 713
714 299.7914813321433 714
715 299.7913904225298 715
716 299.7912999121579 716
717 299.791209790698 717
718 299.7911200478864 718
719 299.7910306735267 719
720 299.7909416574844 720
721 299.7908529896931 721
722 299.7907646601485 722
723 299.7906766589117 723
724 299.790588976108 724
725 299.7905016019242 725
726 299.7904145266161 726
727 299.7903277404976 727
728 299.7902412339476 728
729 299.7901549974095 729
730 299.7900690213876 730
731 299.7899832964501 731
732 299.7898978132256 732
733 299.7898125624079 733
734 299.7897275347496 734
735 299.7896427210663 735
736 299.7895581122353 736
737 299.7894736991955 737
738 299.7893894729452 738
739 299.7893054245458 739
740 299.7892215451171 740
741 299.7891378258396 741
742 299.7890542579571 742
743 299.7889708327689 743
744 299.7888875416362 744
745 299.7888043759798 745
746 299.7887213272803 746
747 299.7886383870759 747
748 299.7885555469647 748
749 299.788472798604 749
750 299.7883901337086 750
751 299.7883075440513 751
752 299.7882250214649 752
753 299.7881425578388 753
754 299.7880601451197 754
755 299.7879777753122 755
756 299.7878954404781 756
757 299.7878131327348 757
758 299.7877308442593 758
759 299.7876485672823 759
760 299.7875662940943 760
761 299.7874840170381 761
762 299.7874017285166 762
763 299.7873194209852 763
764 299.7872370869558 764
765 299.7871547189967 765
766 299.7870723097313 766
767 299.786989851836 767
768 299.7869073380453 768
769 299.7868247611456 769
770 299.7867421139783 770
771 299.7866593894401 771
772 299.7865765804809 772
773 299.7864936801036 773
774 299.7864106813672 774
775 299.7863275773811 775
776 299.7862443613106 776
777 299.7861610263713 777
778 299.7860775658348 778
779 299.7859939730228 779
780 299.7859102413114 780
781 299.7858263641263 781
782 299.7857423349482 782
783 299.7856581473089 783
784 299.7855737947907 784
785 299.7854892710283 785
786 299.7854045697076 786
787 299.7853196845647 787
788 299.78523460939 788
789 299.7851493380198 789
790 299.7850638643439 790
791 299.7849781823032 791
792 299.7848922858855 792
793 299.7848061691322 793
794 299.7847198261325 794
795 299.7846332510253 795
796 299.7845464380009 796
797 299.7844593812957 797
798 299.7843720751977 798
799 299.7842845140422 799
800 299.7841966922148 800
801 299.7841086041479 801
802 299.7840202443239 802
803 299.7839316072722 803
804 299.7838426875699 804
805 299.7837534798436 805
806 299.7836639787663 806
807 299.783574179059 807
808 299.7834840754887 808
809 299.783393662871 809
810 299.7833029360688 810
811 299.7832118899885 811
812 299.783120519588 812
813 299.7830288198674 813
814 299.7829367858754 814
815 299.7828444127052 815
816 299.7827516954981 816
817 299.7826586294383 817
818 299.7825652097571 818
819 299.7824714317306 819
820 299.7823772906819 820
821 299.7822827819768 821
822 299.7821879010264 822
823 299.7820926432865 823
824 299.7819970042586 824
825 299.7819009794875 825
826 299.7818045645625 826
827 299.781707755117 827
828 299.7816105468267 828
829 299.7815129354121 829
830 299.7814149166389 830
831 299.7813164863137 831
832 299.7812176402869 832
833 299.7811183744518 833
834 299.7810186847452 834
835 299.7809185671464 835
836 299.7808180176762 836
837 299.7807170323987 837
838 299.7806156074202 838
839 299.7805137388882 839
840 299.7804114229933 840
841 299.7803086559666 841
842 299.7802054340812 842
843 299.7801017536518 843
844 299.7799976110335 844
845 299.7798930026231 845
846 299.779787924859 846
847 299.7796823742175 847
848 299.7795763472201 848
849 299.779469840424 849
850 299.7793628504304 850
851 299.7792553738767 851
852 299.7791474074439 852
853 299.7790389478511 853
854 299.778929991857 854
855 299.7788205362598 855
856 299.7787105778972 856
857 299.7786001136458 857
858 299.7784891404226 858
859 299.7783776551808 859
860 299.7782656549152 860
861 299.7781531366564 861
862 299.7780400974762 862
863 299.7779265344814 863
864 299.7778124448191 864
865 299.7776978256749 865
866 299.7775826742704 866
867 299.7774669878655 867
868 299.7773507637581 868
869 299.7772339992827 869
870 299.7771166918111 870
871 299.7769988387529 871
872 299.7768804375536 872
873 299.7767614856962 873
874 299.7766419806998 874
875 299.7765219201204 875
876 299.7764013015502 876
877 299.7762801226165 877
878 299.7761583809836 878
879 299.7760360743521 879
880 299.7759132004587 880
881 299.7757897570736 881
882 299.7756657420039 882
883 299.7755411530923 883
884 299.7754159882149 884
885 299.7752902452843 885
886 299.7751639222492 886
887 299.7750370170896 887
888 299.7749095278231 888
889 299.7747814525009 889
890 299.7746527892076 890
891 299.7745235360624 891
892 299.7743936912189 892
893 299.7742632528655 893
894 299.7741322192221 894
895 299.7740005885439 895
896 299.7738683591189 896
897 299.7737355292692 897
898 299.7736020973484 898
899 299.7734680617456 899
900 299.7733334208812 900
901 299.7731981732082 901
902 299.7730623172127 902
903 299.7729258514148 903
904 299.7727887743632 904
905 299.7726510846446 905
906 299.7725127808711 906
907 299.7723738616931 907
908 299.7722343257873 908
909 299.772094171867 909
910 299.7719533986739 910
911 299.7718120049813 911
912 299.7716699895964 912
913 299.7715273513548 913
914 299.7713840891246 914
915 299.7712402018045 915
916 299.7710956883238 916
917 299.7709505476431 917
918 299.7708047787519 918
919 299.7706583806735 919
920 299.7705113524576 920
921 299.7703636931858 921
922 299.7702154019714 922
923 299.770066477954 923
924 299.7699169203068 924
925 299.7697667282297 925
926 299.769615900953 926
927 299.7694644377382 927
928 299.769312337873 928
929 299.7691596006765 929
930 299.7690062254962 930
931 299.7688522117094 931
932 299.7686975587199 932
933 299.7685422659616 933
934 299.768386332897 934
935 299.7682297590181 935
936 299.7680725438436 936
937 299.7679146869197 937
938 299.7677561878227 938
939 299.7675970461558 939
940 299.7674372615501 940
941 299.7672768336639 941
942 299.7671157621845 942
943 299.7669540468251 943
944 299.7667916873277 944
945 299.7666286834605 945
946 299.7664650350173 946
947 299.7663007418233 947
948 299.7661358037259 948
949 299.7659702206021 949
950 299.7658039923551 950
951 299.7656371189124 951
952 299.7654696002318 952
953 299.765301436293 953
954 299.7651326271063 954
955 299.7649631727049 955
956 299.7647930731488 956
957 299.7646223285235 957
958 299.7644509389415 958
959 299.7642789045403 959
960 299.7641062254815 960
961 299.763932901954 961
962 299.7637589341708 962
963 299.7635843223703 963
964 299.7634090668154 964
965 299.7632331677965 965
966 299.7630566256245 966
967 299.762879440639 967
968 299.7627016132027 968
969 299.7625231437004 969
970 299.762344032546 970
971 299.7621642801734 971
972 299.7619838870429 972
973 299.7618028536385 973
974 299.7616211804674 974
975 299.7614388680619 975
976 299.7612559169773 976
977 299.7610723277909 977
978 299.7608881011069 978
979 299.7607032375498 979
980 299.7605177377692 980
981 299.7603316024367 981
982 299.7601448322483 982
983 299.759957427922 983
984 299.7597693901989 984
985 299.7595807198422 985
986 299.7593914176393 986
987 299.7592014843986 987
988 299.7590109209518 988
989 299.7588197281518 989
990 299.758627906876 990
991 299.7584354580214 991
992 299.7582423825086 992
993 299.7580486812805 993
994 299.7578543552999 994
995 299.7576594055527 995
996 299.757463833046 996
997 299.7572676388082 997
998 299.7570708238898 998
999 299.7568733893632 999
1000 299.7566753363196 1000
1001 299.7564766658735 1001
1002 299.7562773791592 1002
1003 299.756077477333 1003
1004 299.755876961571 1004
1005 299.75567583307 1005
1006 299.7554740930486 1006
1007 299.7552717427439 1007
1008 299.7550687834165 1008
1009 299.754865216344 1009
1010 299.7546610428255 1010
1011 299.7544562641817 1011
1012 299.7542508817502 1012
1013 299.7540448968925 1013
1014 299.7538383109858 1014
1015 299.7536311254294 1015
1016 299.7534233416426 1016
1017 299.753214961063 1017
1018 299.7530059851479 1018
1019 299.7527964153737 1019
1020 299.7525862532379 1020
1021 299.7523755002549 1021
1022 299.7521641579588 1022
1023 299.751952227903 1023
1024 299.7517397116606 1024
1025 299.7515266108217 1025
1026 299.7513129269954 1026
1027 299.7510986618112 1027
1028 299.7508838169149 1028
1029 299.7506683939729 1029
1030 299.7504523946673 1030
1031 299.7502358207001 1031
1032 299.7500186737915 1032
1033 299.7498009556792 1033
1034 299.749582668119 1034
1035 299.7493638128854 1035
1036 299.7491443917691 1036
1037 299.7489244065792 1037
1038 299.7487038591428 1038
1039 299.7484827513044 1039
1040 299.7482610849246 1040
1041 299.7480388618838 1041
1042 299.7478160840776 1042
1043 299.7475927534196 1043
1044 299.7473688718391 1044
1045 299.7471444412849 1045
1046 299.7469194637216 1046
1047 299.7466939411289 1047
1048 299.7464678755061 1048
1049 299.7462412688654 1049
1050 299.7460141232398 1050
1051 299.7457864406764 1051
1052 299.7455582232379 1052
1053 299.7453294730055 1053
1054 299.7451001920754 1054
1055 299.744870382559 1055
1056 299.7446400465855 1056
1057 299.7444091862995 1057
1058 299.7441778038599 1058
1059 299.7439459014432 1059
1060 299.7437134812406 1060
1061 299.7434805454604 1061
1062 299.7432470963249 1062
1063 299.7430131360711 1063
1064 299.7427786669529 1064
1065 299.7425436912401 1065
1066 299.7423082112149 1066
1067 299.7420722291782 1067
1068 299.741835747443 1068
1069 299.7415987683373 1069
1070 299.741361294207 1070
1071 299.741123327409 1071
1072 299.7408848703164 1072
1073 299.7406459253186 1073
1074 299.7404064948168 1074
1075 299.7401665812275 1075
1076 299.7399261869822 1076
1077 299.7396853145269 1077
1078 299.7394439663211 1078
1079 299.7392021448379 1079
1080 299.738959852566 1080
1081 299.7387170920067 1081
1082 299.7384738656754 1082
1083 299.7382301761015 1083
1084 299.7379860258296 1084
1085 299.7377414174143 1085
1086 299.7374963534277 1086
1087 299.7372508364531 1087
1088 299.7370048690876 1088
1089 299.7367584539429 1089
1090 299.7365115936414 1090
1091 299.7362642908213 1091
1092 299.7360165481329 1092
1093 299.7357683682381 1093
1094 299.735519753815 1094
1095 299.7352707075511 1095
1096 299.7350212321492 1096
1097 299.7347713303241 1097
1098 299.7345210048014 1098
1099 299.7342702583223 1099
1100 299.7340190936384 1100
1101 299.7337675135161 1101
1102 299.733515520731 1102
1103 299.7332631180719 1103
1104 299.7330103083422 1104
1105 299.7327570943541 1105
1106 299.7325034789337 1106
1107 299.7322494649195 1107
1108 299.7319950551601 1108
1109 299.7317402525175 1109
1110 299.7314850598639 1110
1111 299.7312294800867 1111
1112 299.73097351608 1112
1113 299.7307171707524 1113
1114 299.7304604470246 1114
1115 299.7302033478267 1115
1116 299.7299458761009 1116
1117 299.729688034801 1117
1118 299.7294298268907 1118
1119 299.7291712553474 1119
1120 299.7289123231569 1120
1121 299.7286530333175 1121
1122 299.7283933888385 1122
1123 299.7281333927381 1123
1124 299.7278730480479 1124
1125 299.7276123578081 1125
1126 299.7273513250705 1126
1127 299.7270899528979 1127
1128 299.726828244363 1128
1129 299.7265662025475 1129
1130 299.7263038305465 1130
1131 299.7260411314633 1131
1132 299.7257781084111 1132
1133 299.7255147645147 1133
1134 299.7252511029088 1134
1135 299.7249871267352 1135
1136 299.7247228391513 1136
1137 299.7244582433187 1137
1138 299.7241933424121 1138
1139 299.7239281396147 1139
1140 299.7236626381194 1140
1141 299.7233968411295 1141
1142 299.7231307518585 1142
1143 299.7228643735257 1143
1144 299.7225977093639 1144
1145 299.7223307626126 1145
1146 299.7220635365221 1146
1147 299.7217960343522 1147
1148 299.7215282593699 1148
1149 299.721260214853 1149
1150 299.7209919040873 1150
1151 299.7207233303691 1151
1152 299.7204544970007 1152
1153 299.7201854072963 1153
1154 299.7199160645763 1154
1155 299.7196464721732 1155
1156 299.7193766334241 1156
1157 299.7191065516766 1157
1158 299.7188362302869 1158
1159 299.7185656726197 1159
1160 299.718294882048 1160
1161 299.7180238619527 1161
1162 299.7177526157234 1162
1163 299.7174811467561 1163
1164 299.7172094584584 1164
1165 299.7169375542427 1165
1166 299.7166654375318 1166
1167 299.7163931117552 1167
1168 299.7161205803499 1168
1169 299.7158478467615 1169
1170 299.7155749144421 1170
1171 299.7153017868542 1171
1172 299.7150284674654 1172
1173 299.7147549597505 1173
1174 299.7144812671954 1174
1175 299.7142073932898 1175
1176 299.7139333415314 1176
1177 299.7136591154258 1177
1178 299.713384718487 1178
1179 299.713110154234 1179
1180 299.7128354261949 1180
1181 299.7125605379046 1181
1182 299.7122854929028 1182
1183 299.7120102947383 1183
1184 299.7117349469665 1184
1185 299.7114594531499 1185
1186 299.7111838168569 1186
1187 299.710908041664 1187
1188 299.7106321311514 1188
1189 299.7103560889104 1189
1190 299.7100799185352 1190
1191 299.7098036236279 1191
1192 299.7095272077965 1192
1193 299.7092506746565 1193
1194 299.708974027829 1194
1195 299.7086972709406 1195
1196 299.708420407626 1196
1197 299.708143441524 1197
1198 299.7078663762811 1198
1199 299.707589215549 1199
1200 299.7073119629859 1200
1201 299.7070346222539 1201
1202 299.7067571970248 1202
1203 299.7064796909734 1203
1204 299.7062021077807 1204
1205 299.7059244511343 1205
1206 299.7056467247268 1206
1207 299.7053689322557 1207
1208 299.7050910774251 1208
1209 299.7048131639452 1209
1210 299.7045351955283 1210
1211 299.7042571758976 1211
1212 299.7039791087762 1212
1213 299.7037009978953 1213
1214 299.7034228469922 1214
1215 299.7031446598056 1215
1216 299.7028664400831 1216
1217 299.7025881915765 1217
1218 299.7023099180402 1218
1219 299.7020316232367 1219
1220 299.7017533109325 1220
1221 299.7014749848966 1221
1222 299.7011966489057 1222
1223 299.7009183067418 1223
1224 299.7006399621873 1224
1225 299.7003616190339 1225
1226 299.7000832810753 1226
1227 299.6998049521098 1227
1228 299.6995266359413 1228
1229 299.6992483363769 1229
1230 299.6989700572304 1230
1231 299.6986918023159 1231
1232 299.6984135754558 1232
1233 299.6981353804745 1233
1234 299.6978572212012 1234
1235 299.6975791014682 1235
1236 299.6973010251149 1236
1237 299.6970229959801 1237
1238 299.69674501791 1238
1239 299.6964670947544 1239
1240 299.6961892303653 1240
1241 299.6959114286003 1241
1242 299.6956336933192 1242
1243 299.6953560283869 1243
1244 299.6950784376708 1244
1245 299.6948009250432 1245
1246 299.6945234943785 1246
1247 299.694246149556 1247
1248 299.6939688944571 1248
1249 299.693691732968 1249
1250 299.6934146689765 1250
1251 299.6931377063757 1251
1252 299.6928608490614 1252
1253 299.6925841009311 1253
1254 299.6923074658874 1254
1255 299.692030947835 1255
1256 299.6917545506827 1256
1257 299.6914782783406 1257
1258 299.6912021347231 1258
1259 299.6909261237477 1259
1260 299.6906502493329 1260
1261 299.6903745154025 1261
1262 299.6900989258821 1262
1263 299.6898234846993 1263
1264 299.6895481957857 1264
1265 299.6892730630747 1265
1266 299.6889980905019 1266
1267 299.6887232820063 1267
1268 299.6884486415303 1268
1269 299.6881741730155 1269
1270 299.6878998804099 1270
1271 299.6876257676609 1271
1272 299.6873518387209 1272
1273 299.6870780975401 1273
1274 299.6868045480762 1274
1275 299.686531194286 1275
1276 299.6862580401298 1276
1277 299.685985089568 1277
1278 299.6857123465655 1278
1279 299.6854398150878 1279
1280 299.6851674991029 1280
1281 299.68489540258 1281
1282 299.6846235294918 1282
1283 299.6843518838097 1283
1284 299.6840804695107 1284
1285 299.6838092905718 1285
1286 299.6835383509704 1286
1287 299.6832676546867 1287
1288 299.6829972057038 1288
1289 299.6827270080045 1289
1290 299.6824570655744 1290
1291 299.6821873823985 1291
1292 299.6819179624657 1292
1293 299.6816488097649 1293
1294 299.6813799282868 1294
1295 299.6811113220235 1295
1296 299.6808429949689 1296
1297 299.6805749511156 1297
1298 299.6803071944603 1298
1299 299.6800397289998 1299
1300 299.6797725587311 1300
1301 299.6795056876539 1301
1302 299.6792391197671 1302
1303 299.6789728590727 1303
1304 299.6787069095722 1304
1305 299.6784412752667 1305
1306 299.6781759601611 1306
1307 299.6779109682599 1307
1308 299.6776463035671 1308
1309 299.6773819700886 1309
1310 299.677117971831 1310
1311 299.6768543128011 1311
1312 299.6765909970069 1312
1313 299.676328028457 1313
1314 299.6760654111585 1314
1315 299.675803149122 1315
1316 299.6755412463555 1316
1317 299.6752797068709 1317
1318 299.6750185346773 1318
1319 299.6747577337853 1319
1320 299.6744973082064 1320
1321 299.674237261951 1321
1322 299.6739775990312 1322
1323 299.6737183234574 1323
1324 299.6734594392421 1324
1325 299.6732009503962 1325
1326 299.6729428609311 1326
1327 299.6726851748596 1327
1328 299.6724278961923 1328
1329 299.6721710289414 1329
1330 299.671914577117 1330
1331 299.6716585447322 1331
1332 299.671402935796 1332
1333 299.6711477543205 1333
1334 299.6708930043156 1334
1335 299.6706386897916 1335
1336 299.6703848147586 1336
1337 299.6701313832255 1337
1338 299.6698783992013 1338
1339 299.669625866694 1339
1340 299.6693737897132 1340
1341 299.6691221722647 1341
1342 299.6688710183568 1342
1343 299.6686203319947 1343
1344 299.6683701171832 1344
1345 299.6681203779285 1345
1346 299.6678711182341 1346
1347 299.6676223421038 1347
1348 299.6673740535402 1348
1349 299.6671262565442 1349
1350 299.6668789551175 1350
1351 299.6666321532596 1351
1352 299.6663858549693 1352
1353 299.6661400642448 1353
1354 299.6658947850823 1354
1355 299.6656500214789 1355
1356 299.6654057774288 1356
1357 299.6651620569255 1357
1358 299.6649188639611 1358
1359 299.6646762025276 1359
1360 299.6644340766138 1360
1361 299.6641924902106 1361
1362 299.6639514473032 1362
1363 299.6637109518792 1363
1364 299.6634710079221 1364
1365 299.6632316194155 1365
1366 299.6629927903415 1366
1367 299.6627545246805 1367
1368 299.6625168264103 1368
1369 299.6622796995094 1369
1370 299.6620431479525 1370
1371 299.6618071757145 1371
1372 299.6615717867666 1372
1373 299.6613369850798 1373
1374 299.6611027746244 1374
1375 299.6608691593654 1375
1376 299.6606361432689 1376
1377 299.6604037302989 1377
1378 299.6601719244164 1378
1379 299.6599407295821 1379
1380 299.6597101497529 1380
1381 299.6594801888847 1381
1382 299.6592508509311 1382
1383 299.6590221398453 1383
1384 299.658794059575 1384
1385 299.6585666140691 1385
1386 299.6583398072725 1386
1387 299.6581136431296 1387
1388 299.6578881255797 1388
1389 299.6576632585639 1389
1390 299.657439046017 1390
1391 299.657215491874 1391
1392 299.656992600067 1392
1393 299.6567703745255 1393
1394 299.6565488191754 1394
1395 299.6563279379442 1395
1396 299.6561077347524 1396
1397 299.6558882135203 1397
1398 299.655669378165 1398
1399 299.6554512326019 1399
1400 299.6552337807431 1400
1401 299.6550170264971 1401
1402 299.654800973772 1402
1403 299.6545856264715 1403
1404 299.6543709884968 1404
1405 299.6541570637474 1405
1406 299.6539438561198 1406
1407 299.6537313695056 1407
1408 299.6535196077958 1408
1409 299.6533085748785 1409
1410 299.653098274638 1410
1411 299.6528887109553 1411
1412 299.6526798877094 1412
1413 299.6524718087777 1413
1414 299.6522644780297 1414
1415 299.652057899338 1415
1416 299.6518520765673 1416
1417 299.6516470135822 1417
1418 299.6514427142425 1418
1419 299.651239182406 1419
1420 299.6510364219247 1420
1421 299.6508344366522 1421
1422 299.6506332304331 1422
1423 299.6504328071138 1423
1424 299.6502331705342 1424
1425 299.6500343245313 1425
1426 299.6498362729403 1426
1427 299.6496390195916 1427
1428 299.649442568312 1428
1429 299.6492469229256 1429
1430 299.649052087253 1430
1431 299.6488580651104 1431
1432 299.6486648603122 1432
1433 299.6484724766673 1433
1434 299.6482809179807 1434
1435 299.6480901880566 1435
1436 299.6479002906939 1436
1437 299.6477112296852 1437
1438 299.6475230088251 1438
1439 299.6473356318988 1439
1440 299.6471491026911 1440
1441 299.6469634249821 1441
1442 299.6467786025487 1442
1443 299.6465946391606 1443
1444 299.6464115385891 1444
1445 299.6462293045976 1445
1446 299.6460479409459 1446
1447 299.6458674513926 1447
1448 299.6456878396884 1448
1449 299.6455091095827 1449
1450 299.6453312648202 1450
1451 299.645154309141 1451
1452 299.6449782462822 1452
1453 299.6448030799753 1453
1454 299.6446288139479 1454
1455 299.644455451925 1455
1456 299.6442829976257 1456
1457 299.6441114547655 1457
1458 299.6439408270557 1458
1459 299.643771118203 1459
1460 299.6436023319092 1460
1461 299.6434344718742 1461
1462 299.6432675417915 1462
1463 299.6431015453497 1463
1464 299.6429364862337 1464
1465 299.6427723681251 1465
1466 299.6426091946999 1466
1467 299.6424469696288 1467
1468 299.6422856965797 1468
1469 299.6421253792134 1469
1470 299.6419660211915 1470
1471 299.6418076261647 1471
1472 299.6416501977819 1472
1473 299.6414937396871 1473
1474 299.6413382555201 1474
1475 299.6411837489161 1475
1476 299.6410302235054 1476
1477 299.640877682911 1477
1478 299.6407261307554 1478
1479 299.6405755706538 1479
1480 299.6404260062159 1480
1481 299.6402774410487 1481
1482 299.6401298787546 1482
1483 299.6399833229274 1483
1484 299.6398377771595 1484
1485 299.6396932450367 1485
1486 299.639549730142 1486
1487 299.6394072360499 1487
1488 299.6392657663318 1488
1489 299.6391253245557 1489
1490 299.6389859142805 1490
1491 299.6388475390656 1491
1492 299.6387102024583 1492
1493 299.6385739080068 1493
1494 299.6384386592522 1494
1495 299.638304459728 1495
1496 299.6381713129662 1496
1497 299.6380392224913 1497
1498 299.6379081918232 1498
1499 299.6377782244775 1499
1500 299.6376493239616 1500
1501 299.6375214937808 1501
1502 299.6373947374339 1502
1503 299.6372690584134 1503
1504 299.6371444602073 1504
1505 299.6370209462988 1505
1506 299.636898520164 1506
1507 299.636777185275 1507
1508 299.6366569450971 1508
1509 299.6365378030924 1509
1510 299.6364197627148 1510
1511 299.6363028274141 1511
1512 299.6361870006343 1512
1513 299.6360722858135 1513
1514 299.6359586863848 1514
1515 299.6358462057754 1515
1516 299.6357348474065 1516
1517 299.635624614693 1517
1518 299.6355155110469 1518
1519 299.6354075398713 1519
1520 299.6353007045652 1520
1521 299.635195008522 1521
1522 299.6350904551272 1522
1523 299.6349870477634 1523
1524 299.6348847898053 1524
1525 299.6347836846231 1525
1526 299.6346837355804 1526
1527 299.6345849460347 1527
1528 299.6344873193384 1528
1529 299.6343908588377 1529
1530 299.6342955678716 1530
1531 299.6342014497743 1531
1532 299.6341085078753 1532
1533 299.6340167454956 1533
1534 299.6339261659511 1534
1535 299.6338367725526 1535
1536 299.6337485686026 1536
1537 299.6336615574009 1537
1538 299.6335757422369 1538
1539 299.6334911263982 1539
1540 299.6334077131632 1540
1541 299.6333255058057 1541
1542 299.6332445075925 1542
1543 299.6331647217841 1543
1544 299.6330861516356 1544
1545 299.6330088003953 1545
1546 299.6329326713043 1546
1547 299.6328577676002 1547
1548 299.6327840925115 1548
1549 299.6327116492609 1549
1550 299.6326404410668 1550
1551 299.6325704711383 1551
1552 299.6325017426802 1552
1553 299.6324342588894 1553
1554 299.6323680229576 1554
1555 299.63230303807 1555
1556 299.632239307405 1556
1557 299.6321768341332 1557
1558 299.6321156214211 1558
1559 299.6320556724272 1559
1560 299.6262007721674 1560
1561 299.6204144728213 1561
1562 299.6146600715122 1562
1563 299.6089345785994 1563
1564 299.6032303596745 1564
1565 299.5975446748653 1565
1566 299.5918746905753 1566
1567 299.5862190066784 1567
1568 299.580576692756 1568
1569 299.5749474160892 1569
1570 299.5693311397746 1570
1571 299.5637280386916 1571
1572 299.5581383728883 1572
1573 299.5525624320852 1573
1574 299.5470004964553 1574
1575 299.541452824263 1575
1576 299.5359196485402 1576
1577 299.5304011798755 1577
1578 299.5248976101291 1578
1579 299.5194091159676 1579
1580 299.5139358615156 1580
1581 299.508478000308 1581
1582 299.5030356766751 1582
1583 299.4976090267999 1583
1584 299.4921981794926 1584
1585 299.4868032568147 1585
1586 299.4814243746017 1586
1587 299.4760616428194 1587
1588 299.4707151658679 1588
1589 299.4653850428684 1589
1590 299.4600713679061 1590
1591 299.4547742302343 1591
1592 299.4494937144804 1592
1593 299.4442299008318 1593
1594 299.4389828652098 1594
1595 299.4337526794018 1595
1596 299.4285394112204 1596
1597 299.4233431246565 1597
1598 299.4181638800143 1598
1599 299.4130017340507 1599
1600 299.4078567401041 1600
1601 299.4027289482195 1601
1602 299.3976184052764 1602
1603 299.3925251550969 1603
1604 299.3874492385551 1604
1605 299.382390693666 1605
1606 299.3773495556813 1606
1607 299.3723258571763 1607
1608 299.3673196281475 1608
1609 299.3623308961011 1609
1610 299.3573596861391 1610
1611 299.3524060210303 1611
1612 299.3474699212903 1612
1613 299.3425514052553 1613
1614 299.3376504891551 1614
1615 299.3327671871913 1615
1616 299.3279015116036 1616
1617 299.3230534727389 1617
1618 299.3182230791281 1618
1619 299.3134103375675 1619
1620 299.3086152531486 1620
1621 299.3038378293151 1621
1622 299.2990780679249 1622
1623 299.2943359693052 1623
1624 299.2896115323134 1624
1625 299.2849047543932 1625
1626 299.2802156316148 1626
1627 299.2755441587224 1627
1628 299.2708903291817 1628
1629 299.2662541352193 1629
1630 299.2616355678592 1630
1631 299.2570346169645 1631
1632 299.2524512712646 1632
1633 299.247885518393 1633
1634 299.2433373449247 1634
1635 299.2388067364178 1635
1636 299.2342936774467 1636
1637 299.2297981516207 1637
1638 299.2253201416012 1638
1639 299.2208596291323 1639
1640 299.2164165950699 1640
1641 299.2119910194048 1641
1642 299.2075828812849 1642
1643 299.2031921590407 1643
1644 299.1988188301999 1644
1645 299.194462871517 1645
1646 299.1901242589868 1646
1647 299.1858029678692 1647
1648 299.181498972704 1648
1649 299.1772122473319 1649
1650 299.172942764912 1650
1651 299.1686904979338 1651
1652 299.1644554182434 1652
1653 299.160237497054 1653
1654 299.1560367049674 1654
1655 299.1518530119765 1655
1656 299.1476863874846 1656
1657 299.1435368003192 1657
1658 299.1394042187449 1658
1659 299.1352886104801 1659
1660 299.1311899427105 1660
1661 299.1271081820997 1661
1662 299.123043294807 1662
1663 299.1189952464924 1663
1664 299.1149640023315 1664
1665 299.1109495270282 1665
1666 299.1069517848225 1666
1667 299.1029707395081 1667
1668 299.0990063544407 1668
1669 299.0950585925471 1669
1670 299.091127416335 1670
1671 299.0872127879064 1671
1672 299.0833146689633 1672
1673 299.079433020822 1673
1674 299.0755678044218 1674
1675 299.0717189803316 1675
1676 299.0678865087592 1676
1677 299.0640703495628 1677
1678 299.0602704622617 1678
1679 299.0564868060529 1679
1680 299.0527193398043 1680
1681 299.0489680220629 1681
1682 299.0452328110716 1682
1683 299.0415136647733 1683
1684 299.0378105408246 1684
1685 299.0341233965971 1685
1686 299.0304521891914 1686
1687 299.0267968754364 1687
1688 299.0231574119032 1688
1689 299.0195337549097 1689
1690 299.0159258605327 1690
1691 299.0123336846132 1691
1692 299.0087571827632 1692
1693 299.0051963103711 1693
1694 299.0016510226102 1694
1695 298.9981212744499 1695
1696 298.9946070206511 1696
1697 298.9911082157793 1697
1698 298.9876248142099 1698
1699 298.9841567701372 1699
1700 298.980704037579 1700
1701 298.9772665703808 1701
1702 298.9738443222297 1702
1703 298.9704372466502 1703
1704 298.9870292699287 1704
1705 299.003639979145 1705
1706 299.0202633207583 1706
1707 299.0369933190645 1707
1708 299.0538007735287 1708
1709 299.0707223652 1709
1710 299.087738116867 1710
1711 299.1048506110141 1711
1712 299.1220585197814 1712
1713 299.139358591059 1713
1714 299.1567465738368 1714
1715 299.1742177327949 1715
1716 299.1917671108063 1716
1717 299.2093896421368 1717
1718 299.2270801979308 1718
1719 299.2448336154566 1719
1720 299.2626447325254 1720
1721 299.2805084286264 1721
1722 299.2984196660877 1722
1723 299.3163735251328 1723
1724 299.3343652303896 1724
1725 299.352390167742 1725
1726 299.3704438936303 1726
1727 299.3885221387834 1727
1728 299.4066208086519 1728
1729 299.4247359808313 1729
1730 299.4428639010961 1730
1731 299.4610009788284 1731
1732 299.4791437813414 1732
1733 299.4972890283224 1733
1734 299.5817072596239 1734
1735 299.6648825059746 1735
1736 299.7471209845574 1736
1737 299.8285852585689 1737
1738 299.9093822788898 1738
1739 299.9895880880698 1739
1740 300.0692583542628 1740
1741 300.1484341077859 1741
1742 300.2271455428864 1742
1743 300.3054148590261 1743
1744 300.3832584841067 1744
1745 300.4606887824781 1745
1746 300.537715322723 1746
1747 300.6143457723238 1747
1748 300.6905865028763 1748
1749 300.7664429942153 1749
1750 300.8419200976479 1750
1751 300.9170222058913 1751
1752 300.9917533641708 1752
1753 301.0661173446669 1753
1754 301.140117696941 1754
1755 301.2137577872649 1755
1756 301.2870408312209 1756
1757 301.3599699168556 1757
1758 301.4325480262882 1758
1759 301.5047780548492 1759
1760 301.5766628225999 1760
1761 301.6482050863533 1761
1762 301.7194075463674 1762
1763 301.7902728526298 1763
1764 301.8608036115195 1764
1765 301.9310023904431 1765
1766 302.0008717212411 1766
1767 302.0704141029898 1767
1768 302.1396320057937 1768
1769 302.2085278722332 1769
1770 302.2771041201144 1770
1771 302.3453631427457 1771
1772 302.4133073090902 1772
1773 302.4809391647979 1773
1774 302.5482617439656 1774
1775 302.615278306357 1775
1776 302.6819921992218 1776
1777 302.7484068037949 1777
1778 302.8145254932658 1778
1779 302.8803516145011 1779
1780 302.9458884718467 1780
1781 303.0111393179346 1781
1782 303.0761073461153 1782
1783 303.1407956982649 1783
1784 303.2052074453713 1784
1785 303.2693455932854 1785
1786 303.3332130871557 1786
1787 303.3968128000448 1787
1788 303.4601475471973 1788
1789 303.5232200779471 1789
1790 303.5860330741037 1790
1791 303.6485891704974 1791
1792 303.7108909286907 1792
1793 303.7729408631842 1793
1794 303.8347414363689 1794
1795 303.8962950474004 1795
1796 303.9576040487972 1796
1797 304.0186707595177 1797
1798 304.0794974380129 1798
1799 304.1400862913705 1799
1800 304.20043950391 1800
1801 304.2605592197847 1801
1802 304.3204475351155 1802
1803 304.3801065041069 1803
1804 304.4395381499692 1804
1805 304.4987444845235 1805
1806 304.5577274727497 1806
1807 304.6164890444788 1807
1808 304.6750310984367 1808
1809 304.7333555043471 1809
1810 304.7914641300163 1810
1811 304.8493588097311 1811
1812 304.907041345625 1812
1813 304.9645135146741 1813
1814 305.0217770686291 1814
1815 305.0788337394691 1815
1816 305.1356852484155 1816
1817 305.1923333074413 1817
1818 305.2487795952691 1818
1819 305.3050257744767 1819
1820 305.3610734841181 1820
1821 305.4169243440401 1821
1822 305.4725799568003 1822
1823 305.5280419125721 1823
1824 305.5833117982824 1824
1825 305.6383911842722 1825
1826 305.6932816172885 1826
1827 305.7479846305369 1827
1828 305.8025017436502 1828
1829 305.8568344584905 1829
1830 305.9109842614632 1830
1831 305.9649526310576 1831
1832 306.0187410386421 1832
1833 306.0723509393031 1833
1834 306.1257837694538 1834
1835 306.1790409537671 1835
1836 306.2321239079913 1836
1837 306.2850340418408 1837
1838 306.3377727507406 1838
1839 306.3903414173666 1839
1840 306.4427414105515 1840
1841 306.4949740881005 1841
1842 306.5470408002172 1842
1843 306.5989428868689 1843
1844 306.6506816762996 1844
1845 306.702258486442 1845
1846 306.7536746262944 1846
1847 306.8049313941403 1847
1848 306.856030080454 1848
1849 306.9069719659282 1849
1850 306.9577583205468 1850
1851 307.0083904048973 1851
1852 307.0588694701319 1852
1853 307.1091967577372 1853
1854 307.1593734994685 1854
1855 307.2094009185522 1855
1856 307.2592802291928 1856
1857 307.3090126353612 1857
1858 307.3585993317008 1858
1859 307.4080415039884 1859
1860 307.4573403293649 1860
1861 307.5064969765472 1861
1862 307.5555126058983 1862
1863 307.6043883696061 1863
1864 307.6531254118411 1864
1865 307.7017248688566 1865
1866 307.7501878691662 1866
1867 307.7985155336497 1867
1868 307.8467089756703 1868
1869 307.8947693011869 1869
1870 307.9426976088539 1870
1871 307.9904949901605 1871
1872 308.0381625295576 1872
1873 308.0857013045661 1873
1874 308.1331123858797 1874
1875 308.1803968374491 1875
1876 308.2275557165819 1876
1877 308.2745900740405 1877
1878 308.3215009541335 1878
1879 308.3682893948268 1879
1880 308.4149564278624 1880
1881 308.4615030788607 1881
1882 308.5079303674203 1882
1883 308.554239307212 1883
1884 308.6004309060801 1884
1885 308.6465061661397 1885
1886 308.6924660838907 1886
1887 308.7383116503178 1887
1888 308.7840438509989 1888
1889 308.8296636662029 1889
1890 308.8751720709885 1890
1891 308.9205700353136 1891
1892 308.965858524144 1892
1893 309.0110384975637 1893
1894 309.0561109108867 1894
1895 309.1010767147697 1895
1896 309.1459368553375 1896
1897 309.1906922742946 1897
1898 309.2353439090392 1898
1899 309.2798926927828 1899
1900 309.3243395546687 1900
1901 309.3686854198829 1901
1902 309.4129312097915 1902
1903 309.4570778420572 1903
1904 309.5011262307625 1904
1905 309.5450772865364 1905
1906 309.5889319166882 1906
1907 309.6326910253352 1907
1908 309.6763555135347 1908
1909 309.7199262794206 1909
1910 309.7634042183401 1910
1911 309.8067902229949 1911
1912 309.8500851835902 1912
1913 309.8932899879761 1913
1914 309.9364055217924 1914
1915 309.9794326686261 1915
1916 310.0223723101566 1916
1917 310.0652253263155 1917
1918 310.1079925954393 1918
1919 310.1506749944408 1919
1920 310.0925945848143 1920
