"min-rfile"
"Time Step" "min etc.."
("Time Step" "min" "flow-time")
0 298.1499999999978 0
1 298.2146538285256 1
2 298.2794131740491 2
3 298.3443003254462 3
4 298.4091433407295 4
5 298.4738422078984 5
6 298.5169118244686 6
7 298.5600212826014 7
8 298.6030656936228 8
9 298.6460166393579 9
10 298.6888408094012 10
11 298.7315114131468 11
12 298.7740064360308 12
13 298.8163072760129 13
14 298.858398162992 14
15 298.9002656812026 15
16 298.9418984566874 16
17 298.983286881028 17
18 299.0244229100795 18
19 299.0652999283395 19
20 299.1059124175525 20
21 299.1462559698186 21
22 299.1863271182349 22
23 299.2261232187959 23
24 299.2656423512104 24
25 299.3048832286239 25
26 299.3438451211169 26
27 299.3825277826371 27
28 299.4209313904597 28
29 299.4590564865474 29
30 299.4969039365238 30
31 299.534474881089 31
32 299.5717706978762 32
33 299.6087929662621 33
34 299.6455434396859 34
35 299.6820240182727 35
36 299.6801815558072 36
37 299.6788575766127 37
38 299.677808508262 38
39 299.6771275765005 39
40 299.6766383629851 40
41 299.6763175810588 41
42 299.6761463514979 42
43 299.6761112798873 43
44 299.6762003332001 44
45 299.6764031840222 45
46 299.6767105487481 46
47 299.6771141346406 47
48 299.6776064356848 48
49 299.6781806511889 49
50 299.6788305828201 50
51 299.6795505643991 51
52 299.6803354037819 52
53 299.6811803299974 53
54 299.6820809503498 54
55 299.6830332137399 55
56 299.6840333776972 56
57 299.6850779798295 57
58 299.6861638138217 58
59 299.6872879062182 59
60 299.6884474964662 60
61 299.6896400199881 61
62 299.6908630919357 62
63 299.6921144927624 63
64 299.6933921555843 64
65 299.6946941542272 65
66 299.6960186927774 66
67 299.6973640958615 67
68 299.6987287998203 68
69 299.7001113447279 69
70 299.7015103669872 70
71 299.7029245925635 71
72 299.7043528308159 72
73 299.7057939687564 73
74 299.7072469658022 74
75 299.7087108489192 75
76 299.7101847081158 76
77 299.7116676923192 77
78 299.7131590054934 78
79 299.7146579030796 79
80 299.7161636886721 80
81 299.7176757109418 81
82 299.7191933607573 82
83 299.7207160685202 83
84 299.7222433016634 84
85 299.7237745623386 85
86 299.7253093852327 86
87 299.7268473355493 87
88 299.7283880071043 88
89 299.7299310205648 89
90 299.7314760217765 90
91 299.7330226802156 91
92 299.7345706875365 92
93 299.7361197562013 93
94 299.7376696182018 94
95 299.7392200238651 95
96 299.7407707407236 96
97 299.742321552457 97
98 299.743872257906 98
99 299.7454226701369 99
100 299.7469726155698 100
101 299.7485219331524 101
102 299.7500704735969 102
103 299.7516180986443 103
104 299.7531646803921 104
105 299.7547101006471 105
106 299.7562542503221 106
107 299.7577970288753 107
108 299.7593383437713 108
109 299.7608781099847 109
110 299.7624162495227 110
111 299.7639526909871 111
112 299.7654873691579 112
113 299.767020224593 113
114 299.7685512032686 114
115 299.7700802562256 115
116 299.7716073392458 116
117 299.7731324125431 117
118 299.7746554404765 118
119 299.7761763912735 119
120 299.7776952367785 120
121 299.779211952209 121
122 299.7807265159335 122
123 299.782238909252 123
124 299.7837491161982 124
125 299.7852571233548 125
126 299.7867629196682 126
127 299.7882664962922 127
128 299.7897678464163 128
129 299.791266965137 129
130 299.7927638493007 130
131 299.7942584973847 131
132 299.7957509093713 132
133 299.7972410866321 133
134 299.7987290318176 134
135 299.8002147487636 135
136 299.8016982423814 136
137 299.803179518584 137
138 299.8046585841872 138
139 299.8061354468426 139
140 299.8076101149527 140
141 299.8090825976079 141
142 299.8105529045191 142
143 299.8120210459539 143
144 299.8134870326835 144
145 299.8149508759208 145
146 299.8164125872815 146
147 299.8178721787233 147
148 299.8193296625087 148
149 299.8207850511647 149
150 299.82223835744 150
151 299.8236895942672 151
152 299.8251387747317 152
153 299.8265859120408 153
154 299.8280310194874 154
155 299.829474110431 155
156 299.8309151982645 156
157 299.8323542963915 157
158 299.8337914182054 158
159 299.8352265770664 159
160 299.836659786283 160
161 299.8380910590924 161
162 299.839520408647 162
163 299.8409478479913 163
164 299.8423733900539 164
165 299.8437970476327 165
166 299.8452188333806 166
167 299.8466387597933 167
168 299.8480568391998 168
169 299.8494730837555 169
170 299.850887505425 170
171 299.8523001159846 171
172 299.8537109270059 172
173 299.8551199498507 173
174 299.8565271956659 174
175 299.8579326753815 175
176 299.8593363996969 176
177 299.8607383790809 177
178 299.8621386237715 178
179 299.8635371437625 179
180 299.857302201588 180
181 299.851194136889 181
182 299.8451661299857 182
183 299.8392153802837 183
184 299.8333336037671 184
185 299.8275174191851 185
186 299.8217632127369 186
187 299.8160683782949 187
188 299.810430567103 188
189 299.8048477966501 189
190 299.7993183033882 190
191 299.7938405234529 191
192 299.7884130470433 192
193 299.7830345998729 193
194 299.7777040210849 194
195 299.7724202477935 195
196 299.7671823027983 196
197 299.7619892836917 197
198 299.7568403541848 198
199 299.7517347376228 199
200 299.7466717097283 200
201 299.741650592978 201
202 299.7366707523361 202
203 299.7317315909343 203
204 299.7268325461273 204
205 299.7219730864541 205
206 299.7171527086227 206
207 299.7123709349645 207
208 299.7076273111633 208
209 299.7029214041094 209
210 299.6982528001403 210
211 299.693621103332 211
212 299.6890259340104 212
213 299.6844669274228 213
214 299.6799437325021 214
215 299.6754560107706 215
216 299.671003435337 216
217 299.6665856899957 217
218 299.6622024683951 218
219 299.6578534732904 219
220 299.6535384158553 220
221 299.6492570150623 221
222 299.6450089971053 222
223 299.6407940948831 223
224 299.636612047517 224
225 299.6324625999162 225
226 299.6283455023734 226
227 299.6242605101968 227
228 299.6202073833726 228
229 299.616185886253 229
230 299.6121957872673 230
231 299.6082368586635 231
232 299.6043088762644 232
233 299.6004116192441 233
234 299.5965448699209 234
235 299.5927084135756 235
236 299.5889020382676 236
237 299.5851255346824 237
238 299.5813786959796 238
239 299.5776613176567 239
240 299.5739731974247 240
241 299.5703141350903 241
242 299.5666839324556 242
243 299.5630823932067 243
244 299.5595093228402 244
245 299.5559645285635 245
246 299.5524478192295 246
247 299.5489590052602 247
248 299.5454978985826 248
249 299.5420643125709 249
250 299.5386580619862 250
251 299.5352789629321 251
252 299.5319268328056 252
253 299.5286014902515 253
254 299.5253027551297 254
255 299.5220304484719 255
256 299.5187843924509 256
257 299.515564410355 257
258 299.5123703265554 258
259 299.5092019664809 259
260 299.5060591565965 260
261 299.5029417243809 261
262 299.4998494983088 262
263 299.4967823078316 263
264 299.4937399833606 264
265 299.4907223562564 265
266 299.4877292588091 266
267 299.4847605242314 267
268 299.4818159866493 268
269 299.4788954810814 269
270 299.4759988434426 270
271 299.4731259105288 271
272 299.4702765200106 272
273 299.4674505104263 273
274 299.4646477211764 274
275 299.4618679925185 275
276 299.4591111655624 276
277 299.4563770822606 277
278 299.4536655854135 278
279 299.4509765186564 279
280 299.4483097264621 280
281 299.4456650541367 281
282 299.443042347813 282
283 299.4404414544524 283
284 299.4378622218406 284
285 299.4353044985868 285
286 299.4327681341202 286
287 299.4302529786864 287
288 299.4277588833504 288
289 299.4252856999934 289
290 299.4228332813067 290
291 299.4204014807958 291
292 299.4179901527764 292
293 299.415599152373 293
294 299.4132283355204 294
295 299.4108775589582 295
296 299.4085466802284 296
297 299.4062355576824 297
298 299.4039440504692 298
299 299.4016720185415 299
300 299.3994193226526 300
301 299.3971858243503 301
302 299.3949713859852 302
303 299.3927758706973 303
304 299.3905991424263 304
305 299.3884410658985 305
306 299.3863015066374 306
307 299.3841803309498 307
308 299.3820774059345 308
309 299.3799925994737 309
310 299.3779257802345 310
311 299.3758768176648 311
312 299.373845581996 312
313 299.3718319442316 313
314 299.3698357761604 314
315 299.3678569503349 315
316 299.3658953400865 316
317 299.3639508195171 317
318 299.3620232634904 318
319 299.3601125476414 319
320 299.358218548365 320
321 299.3563411428175 321
322 299.3544802089125 322
323 299.3526356253203 323
324 299.3508072714633 324
325 299.3489950275151 325
326 299.3471987743974 326
327 299.3454183937763 327
328 299.3436537680589 328
329 299.3419047803968 329
330 299.3401713146718 330
331 299.3384532555032 331
332 299.3367504882408 332
333 299.3350628989613 333
334 299.3333903744676 334
335 299.3317328022819 335
336 299.3300900706502 336
337 299.3284620685291 337
338 299.3268486855912 338
339 299.3252498122173 339
340 299.323665339494 340
341 299.3220951592122 341
342 299.3205391638628 342
343 299.3189972466305 343
344 299.3174693013974 344
345 299.3159552227327 345
346 299.3144549058918 346
347 299.3129682468189 347
348 299.3114951421292 348
349 299.3100354891214 349
350 299.3085891857645 350
351 299.3071561306992 351
352 299.3057362232288 352
353 299.3043293633236 353
354 299.3029354516111 354
355 299.3015543893739 355
356 299.3001860785493 356
357 299.2988304217206 357
358 299.2974873221215 358
359 299.2961566836227 359
360 299.2948384107349 360
361 299.293532408605 361
362 299.2922385830094 362
363 299.2909568403525 363
364 299.2896870876677 364
365 299.2884292326011 365
366 299.2871831834235 366
367 299.2859488490154 367
368 299.2847261388694 368
369 299.2835149630843 369
370 299.282315232361 370
371 299.2811268580029 371
372 299.2799497519097 372
373 299.2787838265676 373
374 299.2776289950625 374
375 299.2764851710562 375
376 299.2753522687988 376
377 299.2742302031165 377
378 299.2731188894132 378
379 299.2720182436616 379
380 299.2709281824048 380
381 299.2698486227511 381
382 299.2687794823686 382
383 299.2677206794861 383
384 299.2666721328831 384
385 299.2656337618944 385
386 299.2646054864005 386
387 299.2635872268273 387
388 299.2625789041401 388
389 299.2615804398434 389
390 299.2605917559766 390
391 299.2596127751073 391
392 299.2586434203338 392
393 299.2576836152769 393
394 299.2567332840813 394
395 299.2557923514044 395
396 299.254860742421 396
397 299.253938382818 397
398 299.2530251987883 398
399 299.2521211170321 399
400 299.2512260647476 400
401 299.2503399696338 401
402 299.249462759884 402
403 299.2485943641832 403
404 299.2477347117045 404
405 299.2468837321092 405
406 299.246041355539 406
407 299.2452075126134 407
408 299.2443821344314 408
409 299.2435651525637 409
410 299.2427564990516 410
411 299.2419561064021 411
412 299.241163907587 412
413 299.2403798360391 413
414 299.2396038256471 414
415 299.238835810758 415
416 299.2380757261695 416
417 299.2373235071252 417
418 299.23657908932 418
419 299.2358424088876 419
420 299.2351134024045 420
421 299.2343920068836 421
422 299.2336781597706 422
423 299.2329717989452 423
424 299.2322728627174 424
425 299.2315812898167 425
426 299.2308970194012 426
427 299.230219991048 427
428 299.2295501447512 428
429 299.2288874209185 429
430 299.2282317603725 430
431 299.227583104342 431
432 299.2269413944642 432
433 299.2263065727767 433
434 299.2256785817251 434
435 299.2250573641463 435
436 299.2244428632766 436
437 299.2238350227464 437
438 299.2232337865732 438
439 299.2226390991645 439
440 299.222050905313 440
441 299.2214691501961 441
442 299.2208937793657 442
443 299.2203247387583 443
444 299.2197619746814 444
445 299.2192054338159 445
446 299.2186550632114 446
447 299.2181108102906 447
448 299.2175726228361 448
449 299.2170404489939 449
450 299.2165142372717 450
451 299.2159939365358 451
452 299.2154794960071 452
453 299.2149708652573 453
454 299.2144679942135 454
455 299.2139708331489 455
456 299.2134793326813 456
457 299.2129934437744 457
458 299.2125131177348 458
459 299.2120383062024 459
460 299.2115689611607 460
461 299.2111050349245 461
462 299.2106464801415 462
463 299.2101932497893 463
464 299.2097452971742 464
465 299.2093025759278 465
466 299.2088650400046 466
467 299.208432643683 467
468 299.2080053415572 468
469 299.2075830885398 469
470 299.2071658398596 470
471 299.2067535510575 471
472 299.206346177985 472
473 299.2059436768017 473
474 299.2055460039746 474
475 299.2051531162755 475
476 299.2047649707787 476
477 299.2043815248551 477
478 299.2040027361821 478
479 299.2036285627259 479
480 299.2032589627505 480
481 299.2028938948121 481
482 299.2025333177572 482
483 299.2021771907204 483
484 299.2018254731246 484
485 299.2014781246754 485
486 299.2011351053609 486
487 299.2007963754548 487
488 299.200461895501 488
489 299.2001316263295 489
490 299.1998055290409 490
491 299.1994835650077 491
492 299.1991656958797 492
493 299.1988518835709 493
494 299.198542090266 494
495 299.1982362784154 495
496 299.1979344107332 496
497 299.1976364501977 497
498 299.1973423600463 498
499 299.1970521037755 499
500 299.1967656451409 500
501 299.1964829481527 501
502 299.1962039770729 502
503 299.1959286964208 503
504 299.1956570709606 504
505 299.1953890657095 505
506 299.1951246459303 506
507 299.1948637771303 507
508 299.1946064250635 508
509 299.1943525557219 509
510 299.1941021353426 510
511 299.1938551303986 511
512 299.1936115076025 512
513 299.1933712339003 513
514 299.1931342764756 514
515 299.1929006027405 515
516 299.1926701803424 516
517 299.1924429771549 517
518 299.1922189612819 518
519 299.1919981010527 519
520 299.1917803650234 520
521 299.1915657219704 521
522 299.1913541408948 522
523 299.1911455910169 523
524 299.1909400417778 524
525 299.1907374628342 525
526 299.19053782406 526
527 299.1903410955438 527
528 299.1901472475864 528
529 299.1899562507031 529
530 299.1897680756168 530
531 299.1895826932591 531
532 299.1894000747752 532
533 299.1892201915082 533
534 299.1890430150137 534
535 299.1888685170427 535
536 299.1886966695569 536
537 299.1885274447141 537
538 299.1883608148711 538
539 299.1881967525874 539
540 299.1880352306119 540
541 299.1878762218972 541
542 299.1877196995851 542
543 299.1875656370118 543
544 299.1874140077064 544
545 299.187264785384 545
546 299.1871179439561 546
547 299.186973457517 547
548 299.1868313003463 548
549 299.1866914469155 549
550 299.1865538718721 550
551 299.1864185500546 551
552 299.1862854564785 552
553 299.1861545663397 553
554 299.186025855017 554
555 299.1858992980628 555
556 299.1857748712117 556
557 299.1856525503682 557
558 299.1855323116173 558
559 299.1854141312144 559
560 299.1852979855858 560
561 299.1851838513331 561
562 299.1850717052257 562
563 299.1849615242029 563
564 299.1848532853697 564
565 299.1847469660004 565
566 299.1846425435355 566
567 299.1845399955758 567
568 299.1844392998914 568
569 299.1843404344096 569
570 299.1842433772244 570
571 299.1841481065836 571
572 299.1840546009006 572
573 299.1839628387424 573
574 299.1838727988365 574
575 299.1837844600653 575
576 299.1836978014642 576
577 299.1836128022267 577
578 299.1835294416941 578
579 299.1834476993671 579
580 299.1833675548901 580
581 299.1832889880621 581
582 299.1832119788309 582
583 299.1831365072908 583
584 299.1830625536821 584
585 299.1829900983957 585
586 299.1829191219649 586
587 299.1828496050661 587
588 299.1827815285216 588
589 299.1827148732952 589
590 299.182649620492 590
591 299.1825857513581 591
592 299.1825232472786 592
593 299.1824620897769 593
594 299.1824022605156 594
595 299.1823437412939 595
596 299.1822865140463 596
597 299.1822305608445 597
598 299.1821758638903 598
599 299.1821224055225 599
600 299.1820701682115 600
601 299.18201913456 601
602 299.1819692873001 602
603 299.1819206092958 603
604 299.1818730835366 604
605 299.1818266931445 605
606 299.1817814213668 606
607 299.1817372515773 607
608 299.1816941672761 608
609 299.1816521520892 609
610 299.1816111897642 610
611 299.1815712641763 611
612 299.1815323593175 612
613 299.1814944593066 613
614 299.1814575483816 614
615 299.1814216108998 615
616 299.1813866313389 616
617 299.1813525942958 617
618 299.1813194844834 618
619 299.1812872867344 619
620 299.1812559859954 620
621 299.1812255673305 621
622 299.1811960159155 622
623 299.1811673170456 623
624 299.1811394561249 624
625 299.1811124186718 625
626 299.1810861903172 626
627 299.1810607568001 627
628 299.1810361039764 628
629 299.1810122178046 629
630 299.1809890843577 630
631 299.1809666898131 631
632 299.1809450204592 632
633 299.1809240626885 633
634 299.1809038030022 634
635 299.1808842280061 635
636 299.1808653244111 636
637 299.1808470790316 637
638 299.1808294787866 638
639 299.1808125106965 639
640 299.180796161888 640
641 299.1807804195842 641
642 299.180765271113 642
643 299.1807507039005 643
644 299.1807367054727 644
645 299.1807232634566 645
646 299.1807103655752 646
647 299.1806979996501 647
648 299.1806861536006 648
649 299.1806748154428 649
650 299.1806639732879 650
651 299.1806536153408 651
652 299.1806437299055 652
653 299.1806343053765 653
654 299.1806253302424 654
655 299.1806167930867 655
656 299.1806086825815 656
657 299.1806009874942 657
658 299.1805936966812 658
659 299.180586799091 659
660 299.1805802837619 660
661 299.1805741398194 661
662 299.1805683564809 662
663 299.1805629230491 663
664 299.1805578289175 664
665 299.180553063565 665
666 299.1805486165564 666
667 299.1805444775449 667
668 299.1805406362677 668
669 299.1805370825462 669
670 299.1805338062879 670
671 299.1805307974851 671
672 299.1805280462081 672
673 299.1805255426169 673
674 299.1805232769522 674
675 299.1805212395295 675
676 299.180519420757 676
677 299.180517811115 677
678 299.1805164011669 678
679 299.1805151815572 679
680 299.1805141430084 680
681 299.1805132763207 681
682 299.1805125723743 682
683 299.1805120221238 683
684 299.1805116166098 684
685 299.1805113469388 685
686 299.1805112042986 686
687 299.1805111799541 687
688 299.1805112652453 688
689 299.1805114515829 689
690 299.1805117304579 690
691 299.1805120934313 691
692 299.1805125321379 692
693 299.1805130382879 693
694 299.1805136036609 694
695 299.1805142201105 695
696 299.1805148795632 696
697 299.1805155740142 697
698 299.1805162955286 698
699 299.180517036246 699
700 299.1805177883737 700
701 299.1805185441874 701
702 299.1805192960324 702
703 299.1805200363226 703
704 299.1805207575405 704
705 299.180521452237 705
706 299.1805221130285 706
707 299.1805227325998 707
708 299.1805233037018 708
709 299.1805238191498 709
710 299.1805242718277 710
711 299.180524654682 711
712 299.1805249607251 712
713 299.1805251830359 713
714 299.1805253147529 714
715 299.1805253490804 715
716 299.1805252792877 716
717 299.1805250987045 717
718 299.1805248007252 718
719 299.180524378802 719
720 299.1805238264546 720
721 299.180523137259 721
722 299.1805223048538 722
723 299.1805213229401 723
724 299.1805201852764 724
725 299.1805188856825 725
726 299.1805174180372 726
727 299.1805157762775 727
728 299.1805139544012 728
729 299.1805119464627 729
730 299.1805097465741 730
731 299.1805073489061 731
732 299.1805047476864 732
733 299.1805019371997 733
734 299.1804989117864 734
735 299.1804956658455 735
736 299.1804921938268 736
737 299.1804884902406 737
738 299.1804845496528 738
739 299.1804803666788 739
740 299.1804759359933 740
741 299.1804712523212 741
742 299.1804663104473 742
743 299.1804611052025 743
744 299.1804556314769 744
745 299.1804498842075 745
746 299.1804438583911 746
747 299.1804375490705 747
748 299.1804309513427 748
749 299.1804240603571 749
750 299.1804168713123 750
751 299.1804093794611 751
752 299.1804015801006 752
753 299.180393468585 753
754 299.1803850403164 754
755 299.1803762907438 755
756 299.1803672153698 756
757 299.1803578097416 757
758 299.1803480694588 758
759 299.1803379901677 759
760 299.1803275675636 760
761 299.1803167973899 761
762 299.1803056754342 762
763 299.1802941975376 763
764 299.180282359582 764
765 299.1802701575002 765
766 299.1802575872683 766
767 299.1802446449119 767
768 299.1802313265002 768
769 299.1802176281498 769
770 299.1802035460183 770
771 299.1801890763127 771
772 299.1801742152847 772
773 299.180158959228 773
774 299.1801433044809 774
775 299.1801272474287 775
776 299.1801107844952 776
777 299.1800939121536 777
778 299.1800766269143 778
779 299.1800589253339 779
780 299.180040804012 780
781 299.1800222595898 781
782 299.1800032887506 782
783 299.1799838882177 783
784 299.1799640547591 784
785 299.1799437851822 785
786 299.1799230763373 786
787 299.1799019251123 787
788 299.1798803284379 788
789 299.1798582832856 789
790 299.1798357866671 790
791 299.1798128356304 791
792 299.179789427269 792
793 299.1797655587101 793
794 299.1797412271241 794
795 299.1797164297176 795
796 299.1796911637377 796
797 299.1796654264687 797
798 299.1796392152343 798
799 299.1796125273948 799
800 299.1795853603483 800
801 299.179557711533 801
802 299.1795295784204 802
803 299.1795009585219 803
804 299.179471849383 804
805 299.1794422485922 805
806 299.1794121537646 806
807 299.1793815625601 807
808 299.1793504726677 808
809 299.179318881819 809
810 299.1792867877774 810
811 299.1792541883404 811
812 299.179221081342 812
813 299.1791874646527 813
814 299.1791533361734 814
815 299.1791186938435 815
816 299.179083535636 816
817 299.1790478595552 817
818 299.1790116636435 818
819 299.1789749459736 819
820 299.1789377046519 820
821 299.1788999378208 821
822 299.1788616436511 822
823 299.1788228203507 823
824 299.1787834661573 824
825 299.1787435793451 825
826 299.1787031582116 826
827 299.1786622010979 827
828 299.1786207063693 828
829 299.178578672426 829
830 299.1785360976962 830
831 299.1784929806429 831
832 299.1784493197586 832
833 299.1784051135684 833
834 299.1783603606251 834
835 299.1783150595135 835
836 299.1782692088497 836
837 299.1782228072798 837
838 299.1781758534777 838
839 299.1781283461485 839
840 299.1780802840283 840
841 299.178031665882 841
842 299.1779824905001 842
843 299.1779327567083 843
844 299.1778824633553 844
845 299.1778316093241 845
846 299.1777801935219 846
847 299.1777282148863 847
848 299.1776756723821 848
849 299.1776225650036 849
850 299.177568891771 850
851 299.1775146517346 851
852 299.1774598439712 852
853 299.1774044675826 853
854 299.1773485217021 854
855 299.177292005486 855
856 299.1772349181215 856
857 299.1771772588184 857
858 299.1771190268174 858
859 299.1770602213809 859
860 299.1770008418014 860
861 299.1769408873942 861
862 299.1768803575043 862
863 299.1768192515013 863
864 299.1767575687758 864
865 299.1766953087515 865
866 299.1766324708707 866
867 299.1765690546063 867
868 299.1765050594518 868
869 299.1764404849275 869
870 299.1763753305793 870
871 299.1763095959751 871
872 299.1762432807105 872
873 299.1761763844029 873
874 299.1761089066937 874
875 299.1760408472495 875
876 299.1759722057609 876
877 299.1759029819398 877
878 299.175833175527 878
879 299.1757627862785 879
880 299.1756918139818 880
881 299.1756202584416 881
882 299.1755481194884 882
883 299.1754753969758 883
884 299.1754020907787 884
885 299.1753282007941 885
886 299.1752537269431 886
887 299.1751786691694 887
888 299.1751030274365 888
889 299.1750268017308 889
890 299.1749499920634 890
891 299.1748725984618 891
892 299.1747946209792 892
893 299.1747160596898 893
894 299.1746369146875 894
895 299.1745571860897 895
896 299.1744768740326 896
897 299.1743959786732 897
898 299.1743145001944 898
899 299.1742324387913 899
900 299.1741497946874 900
901 299.1740665681218 901
902 299.173982759356 902
903 299.1738983686728 903
904 299.173813396372 904
905 299.1737278427739 905
906 299.1736417082212 906
907 299.1735549930767 907
908 299.1734676977165 908
909 299.1733798225446 909
910 299.1732913679789 910
911 299.1732023344574 911
912 299.1731127224388 912
913 299.1730225323981 913
914 299.1729317648337 914
915 299.1728404202577 915
916 299.1727484992058 916
917 299.172656002226 917
918 299.1725629298915 918
919 299.1724692827891 919
920 299.1723750615264 920
921 299.1722802667275 921
922 299.1721848990346 922
923 299.1720889591089 923
924 299.1719924476291 924
925 299.1718953652904 925
926 299.1717977128059 926
927 299.1716994909086 927
928 299.171600700344 928
929 299.1715013418801 929
930 299.1714014162994 930
931 299.1713009243998 931
932 299.1711998669985 932
933 299.17109824493 933
934 299.1709960590427 934
935 299.1708933102045 935
936 299.1707899992976 936
937 299.1706861272226 937
938 299.1705816948951 938
939 299.1704767032459 939
940 299.1703711532244 940
941 299.1702650457936 941
942 299.1701583819342 942
943 299.1700511626415 943
944 299.1699433889276 944
945 299.1698350618196 945
946 299.1697261823581 946
947 299.1696167516026 947
948 299.1695067706269 948
949 299.1693962405185 949
950 299.1692851623799 950
951 299.1691735373308 951
952 299.1690613665045 952
953 299.1689486510493 953
954 299.1688353921281 954
955 299.1687215909183 955
956 299.1686072486129 956
957 299.1684923664178 957
958 299.168376945552 958
959 299.1682609872539 959
960 299.1681444927721 960
961 299.1680274633678 961
962 299.1679099003207 962
963 299.1677918049226 963
964 299.167673178478 964
965 299.1675540223054 965
966 299.1674343377385 966
967 299.167314126121 967
968 299.1671933888151 968
969 299.1670721271933 969
970 299.16695034264 970
971 299.166828036558 971
972 299.1667052103566 972
973 299.1665818654645 973
974 299.1664580033179 974
975 299.1663336253693 975
976 299.1662087330834 976
977 299.1660833279357 977
978 299.165957411417 978
979 299.1658309850304 979
980 299.1657040502889 980
981 299.1655766087202 981
982 299.1654486618638 982
983 299.1653202112706 983
984 299.1651912585052 984
985 299.1650618051428 985
986 299.1649318527713 986
987 299.1648014029902 987
988 299.1646704574107 988
989 299.1645390176556 989
990 299.164407085362 990
991 299.1642746621754 991
992 299.1641417497525 992
993 299.1640083497629 993
994 299.1638744638884 994
995 299.1637400938204 995
996 299.1636052412628 996
997 299.1634699079301 997
998 299.1633340955469 998
999 299.1631978058508 999
1000 299.1630610405882 1000
1001 299.1629238015182 1001
1002 299.1627860904093 1002
1003 299.1626479090405 1003
1004 299.1625092592038 1004
1005 299.162370142699 1005
1006 299.1622305613383 1006
1007 299.1620905169422 1007
1008 299.1619500113437 1008
1009 299.1618090463861 1009
1010 299.1616676239199 1010
1011 299.1615257458095 1011
1012 299.1613834139262 1012
1013 299.1612406301542 1013
1014 299.1610973963863 1014
1015 299.1609537145237 1015
1016 299.1608095864784 1016
1017 299.1606650141764 1017
1018 299.1605199995444 1018
1019 299.1603745445255 1019
1020 299.1602286510723 1020
1021 299.1600823211432 1021
1022 299.1599355567073 1022
1023 299.1597883597452 1023
1024 299.1596407322434 1024
1025 299.159492676202 1025
1026 299.1593441936245 1026
1027 299.1591952865282 1027
1028 299.1590459569383 1028
1029 299.1588962068856 1029
1030 299.1587460384147 1030
1031 299.1585954535769 1031
1032 299.1584444544322 1032
1033 299.1582930430457 1033
1034 299.1581412214999 1034
1035 299.1579889918775 1035
1036 299.157836356272 1036
1037 299.1576833167886 1037
1038 299.1575298755376 1038
1039 299.1573760346369 1039
1040 299.1572217962161 1040
1041 299.1570671624098 1041
1042 299.156912135361 1042
1043 299.1567567172236 1043
1044 299.1566009101567 1044
1045 299.156444716329 1045
1046 299.1562881379148 1046
1047 299.156131177098 1047
1048 299.1559738360722 1048
1049 299.1558161170349 1049
1050 299.1556580221918 1050
1051 299.1554995537588 1051
1052 299.1553407139576 1052
1053 299.1551815050178 1053
1054 299.1550219291765 1054
1055 299.1548619886768 1055
1056 299.1547016857709 1056
1057 299.154541022718 1057
1058 299.1543800017827 1058
1059 299.1542186252385 1059
1060 299.1540568953666 1060
1061 299.1538948144562 1061
1062 299.1537323847966 1062
1063 299.1535696086918 1063
1064 299.1534064884495 1064
1065 299.1532430263851 1065
1066 299.1530792248191 1066
1067 299.1529150860817 1067
1068 299.1527506125047 1068
1069 299.1525858064335 1069
1070 299.1524206702125 1070
1071 299.1522552061992 1071
1072 299.1520894167535 1072
1073 299.1519233042438 1073
1074 299.151756871042 1074
1075 299.1515901195298 1075
1076 299.1514230520925 1076
1077 299.1512556711236 1077
1078 299.151087979022 1078
1079 299.1509199781903 1079
1080 299.1507516710422 1080
1081 299.1505830599926 1081
1082 299.1504141474652 1082
1083 299.1502449358876 1083
1084 299.1500754276948 1084
1085 299.1499056253265 1085
1086 299.1497355312295 1086
1087 299.1495651478549 1087
1088 299.1493944776591 1088
1089 299.1492235231082 1089
1090 299.1490522866659 1090
1091 299.1488807708101 1091
1092 299.1487089780175 1092
1093 299.1485369107747 1093
1094 299.1483645715704 1094
1095 299.1481919629009 1095
1096 299.1480190872658 1096
1097 299.1478459471728 1097
1098 299.1476725451308 1098
1099 299.1474988836566 1099
1100 299.1473249652725 1100
1101 299.1471507925017 1101
1102 299.1469763678801 1102
1103 299.1468016939423 1103
1104 299.1466267732257 1104
1105 299.1464516082794 1105
1106 299.1462762016528 1106
1107 299.146100555904 1107
1108 299.1459246735888 1108
1109 299.1457485572744 1109
1110 299.1455722095299 1110
1111 299.1453956329292 1111
1112 299.1452188300507 1112
1113 299.1450418034779 1113
1114 299.1448645557965 1114
1115 299.1446870896006 1115
1116 299.1445094074847 1116
1117 299.1443315120495 1117
1118 299.1441534059004 1118
1119 299.1439750916452 1119
1120 299.1437965718977 1120
1121 299.1436178492747 1121
1122 299.1434389263977 1122
1123 299.1432598058934 1123
1124 299.1430804903894 1124
1125 299.1429009825195 1125
1126 299.1427212849228 1126
1127 299.1425414002368 1127
1128 299.1423613311098 1128
1129 299.1421810801894 1129
1130 299.142000650128 1130
1131 299.1418200435821 1131
1132 299.1416392632128 1132
1133 299.1414583116823 1133
1134 299.1412771916586 1134
1135 299.1410959058115 1135
1136 299.1409144568156 1136
1137 299.1407328473497 1137
1138 299.1405510800947 1138
1139 299.1403691577348 1139
1140 299.1401870829601 1140
1141 299.1400048584574 1141
1142 299.1398224869256 1142
1143 299.1396399710614 1143
1144 299.1394573135643 1144
1145 299.1392745171402 1145
1146 299.1390915844956 1146
1147 299.1389085183424 1147
1148 299.1387253213919 1148
1149 299.1385419963634 1149
1150 299.1383585459743 1150
1151 299.1381749729467 1151
1152 299.1379912800076 1152
1153 299.1378074698841 1153
1154 299.137623545308 1154
1155 299.1374395090132 1155
1156 299.1372553637342 1156
1157 299.1370711122145 1157
1158 299.1368867571914 1158
1159 299.1367023014128 1159
1160 299.1365177476252 1160
1161 299.1363330985782 1161
1162 299.1361483570235 1162
1163 299.135963525716 1163
1164 299.1357786074144 1164
1165 299.1355936048784 1165
1166 299.1354085208674 1166
1167 299.1352233581483 1167
1168 299.1350381194893 1168
1169 299.1348528076556 1169
1170 299.1346674254219 1170
1171 299.1344819755598 1171
1172 299.1342964608464 1172
1173 299.1341108840583 1173
1174 299.1339252479768 1174
1175 299.1337395553829 1175
1176 299.1335538090614 1176
1177 299.133368011799 1177
1178 299.1331821663832 1178
1179 299.1329962756035 1179
1180 299.1328103422524 1180
1181 299.132624369124 1181
1182 299.1324383590136 1182
1183 299.1322523147199 1183
1184 299.1320662390407 1184
1185 299.1318801347768 1185
1186 299.131694004733 1186
1187 299.1315078517125 1187
1188 299.1313216785192 1188
1189 299.131135487965 1189
1190 299.1309492828568 1190
1191 299.1307630660051 1191
1192 299.1305768402227 1192
1193 299.1303906083248 1193
1194 299.1302043731248 1194
1195 299.1300181374389 1195
1196 299.1298319040884 1196
1197 299.1296456758884 1197
1198 299.1294594556633 1198
1199 299.1292732462326 1199
1200 299.1290870504213 1200
1201 299.1289008710529 1201
1202 299.1287147109535 1202
1203 299.1285285729514 1203
1204 299.1283424598721 1204
1205 299.1281563745454 1205
1206 299.1279703198022 1206
1207 299.1277842984753 1207
1208 299.1275983133942 1208
1209 299.1274123673932 1209
1210 299.1272264633071 1210
1211 299.1270406039698 1211
1212 299.1268547922182 1212
1213 299.1266690308894 1213
1214 299.1264833228213 1214
1215 299.1262976708527 1215
1216 299.1261120778212 1216
1217 299.1259265465688 1217
1218 299.1257410799347 1218
1219 299.125555680762 1219
1220 299.1253703518913 1220
1221 299.1251850961668 1221
1222 299.1249999164299 1222
1223 299.124814815527 1223
1224 299.1246297963024 1224
1225 299.1244448615989 1225
1226 299.1242600142621 1226
1227 299.124075257141 1227
1228 299.1238905930797 1228
1229 299.1237060249266 1229
1230 299.1235215555267 1230
1231 299.1233371877281 1231
1232 299.1231529243798 1232
1233 299.1229687683285 1233
1234 299.1227847224243 1234
1235 299.1226007895148 1235
1236 299.1224169724487 1236
1237 299.1222332740741 1237
1238 299.1220496972429 1238
1239 299.1218662448021 1239
1240 299.1216829196021 1240
1241 299.1214997244916 1241
1242 299.1213166623212 1242
1243 299.1211337359405 1243
1244 299.1209509481973 1244
1245 299.1207683019426 1245
1246 299.1205858000247 1246
1247 299.1204034452938 1247
1248 299.1202212406002 1248
1249 299.1200391887908 1249
1250 299.1198572927162 1250
1251 299.1196755552239 1251
1252 299.1194939791626 1252
1253 299.1193125673819 1253
1254 299.1191313227287 1254
1255 299.1189502480498 1255
1256 299.1187693461957 1256
1257 299.1185886200104 1257
1258 299.1184080723407 1258
1259 299.1182277060345 1259
1260 299.1180475239371 1260
1261 299.1178675288934 1261
1262 299.1176877237472 1262
1263 299.1175081113465 1263
1264 299.1173286945325 1264
1265 299.1171494761484 1265
1266 299.1169704590381 1266
1267 299.1167916460427 1267
1268 299.1166130400057 1268
1269 299.1164346437661 1269
1270 299.1162564601644 1270
1271 299.1160784920409 1271
1272 299.1159007422342 1272
1273 299.1157232135821 1273
1274 299.1155459089215 1274
1275 299.1153688310898 1275
1276 299.1151919829227 1276
1277 299.1150153672552 1277
1278 299.1148389869203 1278
1279 299.1146628447512 1279
1280 299.1144869435818 1280
1281 299.1143112862406 1281
1282 299.1141358755597 1282
1283 299.1139607143685 1283
1284 299.1137858054954 1284
1285 299.1136111517674 1285
1286 299.1134367560092 1286
1287 299.1132626210501 1287
1288 299.1130887497098 1288
1289 299.1129151448129 1289
1290 299.1127418091828 1290
1291 299.1125687456371 1291
1292 299.1123959569978 1292
1293 299.1122234460807 1293
1294 299.1120512157058 1294
1295 299.1118792686866 1295
1296 299.1117076078387 1296
1297 299.1115362359744 1297
1298 299.1113651559064 1298
1299 299.1111943704442 1299
1300 299.1110238823993 1300
1301 299.1108536945772 1301
1302 299.1106838097841 1302
1303 299.1105142308261 1303
1304 299.1103449605055 1304
1305 299.1101760016261 1305
1306 299.1100073569874 1306
1307 299.1098390293868 1307
1308 299.1096710216261 1308
1309 299.1095033364953 1309
1310 299.1093359767933 1310
1311 299.1091689453099 1311
1312 299.1090022448381 1312
1313 299.108835878166 1313
1314 299.1086698480821 1314
1315 299.1085041573735 1315
1316 299.1083388088229 1316
1317 299.1081738052127 1317
1318 299.1080091493233 1318
1319 299.1078448439353 1319
1320 299.1076808918261 1320
1321 299.1075172957707 1321
1322 299.1073540585425 1322
1323 299.1071911829137 1323
1324 299.1070286716529 1324
1325 299.1068665275303 1325
1326 299.1067047533099 1326
1327 299.1065433517568 1327
1328 299.1063823256325 1328
1329 299.1062216776998 1329
1330 299.1060614107142 1330
1331 299.1059015274326 1331
1332 299.1057420306082 1332
1333 299.1055829229959 1333
1334 299.1054242073434 1334
1335 299.105265886399 1335
1336 299.1051079629097 1336
1337 299.1049504396171 1337
1338 299.104793319265 1338
1339 299.1046366045913 1339
1340 299.1044802983344 1340
1341 299.1043244032279 1341
1342 299.1041689220054 1342
1343 299.104013857397 1343
1344 299.1038592121307 1344
1345 299.1037049889341 1345
1346 299.103551190528 1346
1347 299.1033978196354 1347
1348 299.1032448789756 1348
1349 299.1030923712654 1349
1350 299.1029402992173 1350
1351 299.1027886655447 1351
1352 299.1026374729562 1352
1353 299.1024867241592 1353
1354 299.1023364218574 1354
1355 299.1021865687536 1355
1356 299.1020371675467 1356
1357 299.1018882209353 1357
1358 299.1017397316115 1358
1359 299.1015917022698 1359
1360 299.1014441355974 1360
1361 299.1012970342815 1361
1362 299.101150401007 1362
1363 299.1010042384555 1363
1364 299.1008585493038 1364
1365 299.1007133362328 1365
1366 299.100568601911 1366
1367 299.1004243490145 1367
1368 299.1002805802059 1368
1369 299.1001372981544 1369
1370 299.0999945055222 1370
1371 299.0998522049668 1371
1372 299.0997103991492 1372
1373 299.0995690907204 1373
1374 299.0994282823352 1374
1375 299.0992879766403 1375
1376 299.0991481762821 1376
1377 299.0990088839036 1377
1378 299.0988701021448 1378
1379 299.0987318336429 1379
1380 299.0985940810338 1380
1381 299.0984568469465 1381
1382 299.0983201340105 1382
1383 299.0981839448519 1383
1384 299.0980482820926 1384
1385 299.0979131483523 1385
1386 299.0977785462468 1386
1387 299.0976444783916 1387
1388 299.0975109473953 1388
1389 299.0973779558646 1389
1390 299.0972455064063 1390
1391 299.0971136016192 1391
1392 299.0969822441032 1392
1393 299.0968514364523 1393
1394 299.0967211812592 1394
1395 299.0965914811113 1395
1396 299.0964623385941 1396
1397 299.0963337562901 1397
1398 299.0962057367806 1398
1399 299.0960782826373 1399
1400 299.0959513964357 1400
1401 299.0958250807441 1401
1402 299.0956993381301 1402
1403 299.0955741711546 1403
1404 299.0954495823781 1404
1405 299.0953255743546 1405
1406 299.0952021496399 1406
1407 299.095079310783 1407
1408 299.0949570603274 1408
1409 299.0948354008195 1409
1410 299.0947143347959 1410
1411 299.0945938647939 1411
1412 299.0944739933448 1412
1413 299.0943547229789 1413
1414 299.094236056221 1414
1415 299.0941179955932 1415
1416 299.0940005436154 1416
1417 299.0938837028007 1417
1418 299.0937674756622 1418
1419 299.093651864708 1419
1420 299.0935368724412 1420
1421 299.0934225013646 1421
1422 299.0933087539732 1422
1423 299.093195632764 1423
1424 299.0930831402246 1424
1425 299.0929712788426 1425
1426 299.0928600511006 1426
1427 299.0927494594793 1427
1428 299.0926395064521 1428
1429 299.0925301944919 1429
1430 299.0924215260678 1430
1431 299.0923135036445 1431
1432 299.0922061296812 1432
1433 299.0920994066354 1433
1434 299.0919933369606 1434
1435 299.0918879231083 1435
1436 299.0917831675224 1436
1437 299.0916790726453 1437
1438 299.0915756409154 1438
1439 299.0914728747663 1439
1440 299.0913707766297 1440
1441 299.0912693489323 1441
1442 299.0911685940969 1442
1443 299.0910685145413 1443
1444 299.0909691126822 1444
1445 299.09087039093 1445
1446 299.090772351693 1446
1447 299.0906749973736 1447
1448 299.0905783303717 1448
1449 299.0904823530821 1449
1450 299.0903870678977 1450
1451 299.0902924772041 1451
1452 299.0901985833879 1452
1453 299.090105388826 1453
1454 299.0900128958947 1454
1455 299.0899211069649 1455
1456 299.0898300244074 1456
1457 299.0897396505804 1457
1458 299.0896499878475 1458
1459 299.0895610385619 1459
1460 299.0894728050762 1460
1461 299.0893852897357 1461
1462 299.0892984948847 1462
1463 299.089212422861 1463
1464 299.0891270760004 1464
1465 299.0890424566327 1465
1466 299.0889585670836 1466
1467 299.0888754096771 1467
1468 299.08879298673 1468
1469 299.088711300556 1469
1470 299.0886303534646 1470
1471 299.0885501477622 1471
1472 299.0884706857481 1472
1473 299.0883919697208 1473
1474 299.0883140019722 1474
1475 299.0882367847908 1475
1476 299.0881603204593 1476
1477 299.0880846112578 1477
1478 299.0880096594635 1478
1479 299.0879354673469 1479
1480 299.0878620371719 1480
1481 299.0877893712037 1481
1482 299.0877174717 1482
1483 299.0876463409129 1483
1484 299.0875759810932 1484
1485 299.0875063944841 1485
1486 299.0874375833268 1486
1487 299.0873695498581 1487
1488 299.0873022963082 1488
1489 299.0872358249054 1489
1490 299.0871701378714 1490
1491 299.0871052374249 1491
1492 299.0870411257788 1492
1493 299.0869778051438 1493
1494 299.0869152777226 1494
1495 299.0868535457178 1495
1496 299.086792611323 1496
1497 299.0867324767307 1497
1498 299.0866731441264 1498
1499 299.0866146156928 1499
1500 299.0865568936073 1500
1501 299.086499980042 1501
1502 299.0864438771669 1502
1503 299.0863885871431 1503
1504 299.086334112132 1504
1505 299.086280454288 1505
1506 299.0862276157602 1506
1507 299.0861755986934 1507
1508 299.0861244052277 1508
1509 299.086074037501 1509
1510 299.0860244976436 1510
1511 299.0859757877805 1511
1512 299.0859279100357 1512
1513 299.0858808665251 1513
1514 299.0858346593619 1514
1515 299.0857892906523 1515
1516 299.0857447625018 1516
1517 299.0857010770047 1517
1518 299.0856582362579 1518
1519 299.0856162423503 1519
1520 299.0855750973631 1520
1521 299.0855348033754 1521
1522 299.0854953624644 1522
1523 299.0854567766979 1523
1524 299.0854190481405 1524
1525 299.0853821788513 1525
1526 299.0853461708876 1526
1527 299.0853110262972 1527
1528 299.0852767471268 1528
1529 299.085243335417 1529
1530 299.0852107932018 1530
1531 299.085179122514 1531
1532 299.0851483253778 1532
1533 299.0851184038145 1533
1534 299.0850893598404 1534
1535 299.0850611954671 1535
1536 299.0850339126978 1536
1537 299.0850075135372 1537
1538 299.0849819999812 1538
1539 299.0849573740194 1539
1540 299.0849336376381 1540
1541 299.0849107928199 1541
1542 299.0848888415404 1542
1543 299.084867785772 1543
1544 299.0848476274792 1544
1545 299.084828368625 1545
1546 299.0848100111643 1546
1547 299.0847925570498 1547
1548 299.0847760082259 1548
1549 299.0847603666362 1549
1550 299.0847456342141 1550
1551 299.0847318128938 1551
1552 299.0847189045978 1552
1553 299.08470691125 1553
1554 299.084695834763 1554
1555 299.084685677051 1555
1556 299.0846764400168 1556
1557 299.0846681255628 1557
1558 299.0846607355841 1558
1559 299.0846542719705 1559
1560 299.0788356468094 1560
1561 299.073117822026 1561
1562 299.0674649201361 1562
1563 299.0618745321148 1563
1564 299.0563401012643 1564
1565 299.0508588137501 1565
1566 299.0454276956993 1566
1567 299.0400445534981 1567
1568 299.0347074034447 1568
1569 299.0294145533164 1569
1570 299.0241644894746 1570
1571 299.0189558620485 1571
1572 299.0137874493557 1572
1573 299.0086581431316 1573
1574 299.003566931929 1574
1575 298.9985128878572 1575
1576 298.9934951573611 1576
1577 298.9885129523105 1577
1578 298.9835655427374 1578
1579 298.9786522517888 1579
1580 298.9737724497148 1580
1581 298.9689255490804 1581
1582 298.9641110012321 1582
1583 298.9593282927422 1583
1584 298.9545769419432 1584
1585 298.9498564963815 1585
1586 298.9451665301995 1586
1587 298.9405066419203 1587
1588 298.9358764524505 1588
1589 298.9312756031729 1589
1590 298.9267037543859 1590
1591 298.9221605837516 1591
1592 298.9176457849476 1592
1593 298.9131590664439 1593
1594 298.9087001503582 1594
1595 298.9042687714327 1595
1596 298.8998646760888 1596
1597 298.8954876215637 1597
1598 298.8911373751172 1598
1599 298.8868137132987 1599
1600 298.8825164212804 1600
1601 298.8782452922392 1601
1602 298.874000126781 1602
1603 298.8697807324183 1603
1604 298.8655869230849 1604
1605 298.8614185186821 1605
1606 298.8572753446649 1606
1607 298.8531572316529 1607
1608 298.8490640150758 1608
1609 298.8449955348368 1609
1610 298.8409516350087 1610
1611 298.8369321635472 1611
1612 298.8329369720203 1612
1613 298.8289659153681 1613
1614 298.8250188516676 1614
1615 298.8210956419188 1615
1616 298.8171961498535 1616
1617 298.8133202417373 1617
1618 298.8094677862113 1618
1619 298.8056386541229 1619
1620 298.8018327183792 1620
1621 298.7980498538074 1621
1622 298.794289937031 1622
1623 298.7905528463399 1623
1624 298.7868384615899 1624
1625 298.7831466640887 1625
1626 298.7794773365052 1626
1627 298.7758303627782 1627
1628 298.772205628033 1628
1629 298.7686030185039 1629
1630 298.7650224214583 1630
1631 298.7614637251379 1631
1632 298.7579268186894 1632
1633 298.7544115921073 1633
1634 298.7509179361846 1634
1635 298.7474457424623 1635
1636 298.7439949031796 1636
1637 298.740565311237 1637
1638 298.7371568601504 1638
1639 298.7337694440232 1639
1640 298.7304029575089 1640
1641 298.7270572957747 1641
1642 298.7237323544841 1642
1643 298.720428029762 1643
1644 298.7171442181793 1644
1645 298.7138808167195 1645
1646 298.710637722768 1646
1647 298.7074148340916 1647
1648 298.7042120488218 1648
1649 298.7010292654358 1649
1650 298.6978663827481 1650
1651 298.6947232998951 1651
1652 298.6915999163267 1652
1653 298.6884961317905 1653
1654 298.6854118463298 1654
1655 298.6823469602703 1655
1656 298.679301374213 1656
1657 298.676274989034 1657
1658 298.6732677058703 1658
1659 298.6702794261222 1659
1660 298.6673100514453 1660
1661 298.6643594837481 1661
1662 298.6614276251894 1662
1663 298.6585143781737 1663
1664 298.655619645354 1664
1665 298.6527433296257 1665
1666 298.6498853341278 1666
1667 298.6470455622419 1667
1668 298.6442239175945 1668
1669 298.6414203040479 1669
1670 298.6386346257155 1670
1671 298.6358667869486 1671
1672 298.6331166923437 1672
1673 298.6303842467439 1673
1674 298.6276693552384 1674
1675 298.6249719231641 1675
1676 298.6222918561086 1676
1677 298.6196290599097 1677
1678 298.6169834406595 1678
1679 298.614354904704 1679
1680 298.61174335865 1680
1681 298.6091487093599 1681
1682 298.606570863963 1682
1683 298.6040097298488 1683
1684 298.6014652146733 1684
1685 298.5989372263658 1685
1686 298.5964256731248 1686
1687 298.5939304634222 1687
1688 298.591451506008 1688
1689 298.5889887099132 1689
1690 298.586541984444 1690
1691 298.5841112391992 1691
1692 298.581696384058 1692
1693 298.5792973291929 1693
1694 298.5769139850676 1694
1695 298.5745462624389 1695
1696 298.5721940723614 1696
1697 298.5698573261881 1697
1698 298.5675359355732 1698
1699 298.5652298124788 1699
1700 298.5629388691684 1700
1701 298.5606630182157 1701
1702 298.5584021725061 1702
1703 298.5561562452388 1703
1704 298.5738897520197 1704
1705 298.5916019954079 1705
1706 298.6091878041966 1706
1707 298.6268085575666 1707
1708 298.6443473131165 1708
1709 298.661918146443 1709
1710 298.6794680442428 1710
1711 298.6969977661827 1711
1712 298.7145068333151 1712
1713 298.7319943661279 1713
1714 298.7494591571403 1714
1715 298.7668997383514 1715
1716 298.7843144439435 1716
1717 298.8017014659717 1717
1718 298.8190588984269 1718
1719 298.8363847721812 1719
1720 298.8536770825572 1720
1721 298.8709338111632 1721
1722 298.8881529431974 1722
1723 298.9053324813689 1723
1724 298.9224704567486 1724
1725 298.939564937622 1725
1726 298.9566140363716 1726
1727 298.9736159147038 1727
1728 298.9905687877717 1728
1729 299.0074709273269 1729
1730 299.0243206639726 1730
1731 299.0411163886654 1731
1732 299.0578565536972 1732
1733 299.0745396732386 1733
1734 299.157449880009 1734
1735 299.238847375001 1735
1736 299.3189693903009 1736
1737 299.3979331835622 1737
1738 299.4758188519892 1738
1739 299.5526892563562 1739
1740 299.6285971654574 1740
1741 299.7035884324362 1741
1742 299.7777036715179 1742
1743 299.8509792825643 1743
1744 299.9234481507438 1744
1745 299.995140164658 1745
1746 300.0660826219507 1746
1747 300.136300556768 1747
1748 300.205817010627 1748
1749 300.2746532602233 1749
1750 300.3428290119082 1750
1751 300.4103625689764 1751
1752 300.4772709764865 1752
1753 300.5435701472057 1753
1754 300.6092749724613 1754
1755 300.6743994190845 1755
1756 300.7389566155342 1756
1757 300.8029589280323 1757
1758 300.8664180277698 1758
1759 300.9293449513877 1759
1760 300.9917501551568 1760
1761 301.0536435631947 1761
1762 301.1150346109017 1762
1763 301.1759322842836 1763
1764 301.2363451552928 1764
1765 301.2962814138533 1765
1766 301.3557488967302 1766
1767 301.4147551138271 1767
1768 301.473307272078 1768
1769 301.5314122971129 1769
1770 301.5890768530797 1770
1771 301.6463073608819 1771
1772 301.703110014667 1772
1773 301.7594907969086 1773
1774 301.8154554922688 1774
1775 301.8710097005026 1775
1776 301.926158848071 1776
1777 301.9809081988609 1777
1778 302.0352628640794 1778
1779 302.0892280861976 1779
1780 302.1428093150002 1780
1781 302.1960119989859 1781
1782 302.2488415272771 1782
1783 302.3013031998083 1783
1784 302.3534022116955 1784
1785 302.4051436428416 1785
1786 302.4565324524067 1786
1787 302.5075734907335 1787
1788 302.5582714810129 1788
1789 302.6086310337125 1789
1790 302.6586566433015 1790
1791 302.7083526977248 1791
1792 302.7577234690305 1792
1793 302.8067731408535 1793
1794 302.8555057815823 1794
1795 302.9039253684881 1795
1796 302.9520357978014 1796
1797 302.9998408600569 1797
1798 303.0473442631662 1798
1799 303.0945496517246 1799
1800 303.1414605747422 1800
1801 303.18808050456 1801
1802 303.2344128446271 1802
1803 303.2804609422333 1803
1804 303.3262280677488 1804
1805 303.3717174240235 1805
1806 303.4169321515313 1806
1807 303.4618753396523 1807
1808 303.5065500287792 1808
1809 303.5509591995315 1809
1810 303.5951057767149 1810
1811 303.6389926293991 1811
1812 303.682622581102 1812
1813 303.7259984167712 1813
1814 303.7691228832277 1814
1815 303.8119986833441 1815
1816 303.854628474151 1816
1817 303.8970148692854 1817
1818 303.9391604389849 1818
1819 303.98106771863 1819
1820 304.0227392096847 1820
1821 304.0641773913476 1821
1822 304.1053847086015 1822
1823 304.1463635727543 1823
1824 304.1871163594792 1824
1825 304.2276454161491 1825
1826 304.267953054627 1826
1827 304.3080415570121 1827
1828 304.347913175241 1828
1829 304.3875701355711 1829
1830 304.4270146482477 1830
1831 304.4662489041622 1831
1832 304.5052750667116 1832
1833 304.5440952716845 1833
1834 304.5827116314093 1834
1835 304.6211262290348 1835
1836 304.6593411267822 1836
1837 304.6973583645057 1837
1838 304.7351799585446 1838
1839 304.7728079014645 1839
1840 304.8102441666406 1840
1841 304.8474907048522 1841
1842 304.8845494521777 1842
1843 304.9214223329695 1843
1844 304.9581112534394 1844
1845 304.9946180995447 1845
1846 305.0309447400812 1846
1847 305.0670930206508 1847
1848 305.1030647676026 1848
1849 305.1388617878278 1849
1850 305.174485868093 1850
1851 305.2099387811739 1851
1852 305.2452222805233 1852
1853 305.2803381011019 1853
1854 305.3152879604609 1854
1855 305.3500735592377 1855
1856 305.3846965854726 1856
1857 305.4191587120816 1857
1858 305.4534615967655 1858
1859 305.4876068928606 1859
1860 305.5215962365687 1860
1861 305.5554312474852 1861
1862 305.5891135326067 1862
1863 305.6226446797295 1863
1864 305.6560262648014 1864
1865 305.6892598494093 1865
1866 305.7223469799151 1866
1867 305.7552891858921 1867
1868 305.7880879818612 1868
1869 305.820744869303 1869
1870 305.8532613361687 1870
1871 305.8856388592988 1871
1872 305.9178789025616 1872
1873 305.9499829125054 1873
1874 305.9819523247891 1874
1875 306.0137885637824 1875
1876 306.0454930393874 1876
1877 306.077067149557 1877
1878 306.1085122816817 1878
1879 306.1398298117518 1879
1880 306.1710211043905 1880
1881 306.2020875194524 1881
1882 306.233030406717 1882
1883 306.2638511036171 1883
1884 306.2945509377299 1884
1885 306.3251312224971 1885
1886 306.3555932647188 1886
1887 306.3859383559128 1887
1888 306.4161677778662 1888
1889 306.4462828044083 1889
1890 306.4762846959295 1890
1891 306.5061747061142 1891
1892 306.535954076253 1892
1893 306.5656240361981 1893
1894 306.5951858060301 1894
1895 306.6246405961847 1895
1896 306.6539896071291 1896
1897 306.6832340330224 1897
1898 306.7123750567097 1898
1899 306.7414138548946 1899
1900 306.7703515931303 1900
1901 306.7991894316457 1901
1902 306.8279285217249 1902
1903 306.8565700063752 1903
1904 306.8851150203012 1904
1905 306.9135646920444 1905
1906 306.9419201415378 1906
1907 306.9701824800189 1907
1908 306.9983528118619 1908
1909 307.0264322374827 1909
1910 307.0544218464674 1910
1911 307.0823227222542 1911
1912 307.1101359437062 1912
1913 307.1378625857139 1913
1914 307.1655037206507 1914
1915 307.1930604131446 1915
1916 307.2205337212792 1916
1917 307.2479247046703 1917
1918 307.2752344105099 1918
1919 307.3024638797445 1919
1920 307.2284876198834 1920
